[FEMU] Err: femu.c : femu_class_init(), to inhoinno 
[FEMU] Err: femu.c : femu_realize(), to inhoinno 
[FEMU] Err: femu.c : nvme_init_pci(), to inhoinno 
[FEMU] Err: femu.c : nvme_init_ctrl(), to inhoinno 
[FEMU] Err: femu.c : nvme_init_namespaces(), to inhoinno 
[FEMU] Err: femu.c : nvme_register_extensions(), to inhoinno 
[FEMU] Err: zns.c : nvme_register_znsssd(), to inhoinno 
[FEMU] Err: zns.c : zns_init(), to inhoinno 
[FEMU] Err: zns.c : zns_init_zone_geometry(), to inhoinno 
[FEMU] Err: zns.c : zns_init_zone_identify(), to inhoinno 
[FEMU] Err: zns.c : zns_init_zoned_state(), to inhoinno 
[FEMU] Err: zns.c : znsssd_init(), to inhoinno 
[FEMU] Err: zns.c : znsssd_init(), channel allocated, to inhoinno 
[FEMU] Err: zns.c : znsssd_init(), before thread creat, to inhoinno 
[FEMU] Err:  *zns_thread, channel allocated to inhoinno 
c[?7l[2J[0mSeaBIOS (version rel-1.14.0-0-g155821a1990b-prebuilt.qemu.org[FEMU] Err: zns.c : zns_start_ctrl(), to inhoinno 
)


iPXE (http://ipxe.org) 00:03.0 CA00 PCI2.10 PnP PMM+BFF8F0F0+BFEEF0F0 CA00
Press Ctrl-B to configure iPXE (PCI 00:03.0)...                                                                               


Booting from Hard Disk...
[H[J[1;1H[?25l[m[H[J[1;1H[2;30HGNU GRUB  version 2.04

[m[4;2H+----------------------------------------------------------------------------+[5;2H|[5;79H|[6;2H|[6;79H|[7;2H|[7;79H|[8;2H|[8;79H|[9;2H|[9;79H|[10;2H|[10;79H|[11;2H|[11;79H|[12;2H|[12;79H|[13;2H|[13;79H|[14;2H|[14;79H|[15;2H|[15;79H|[16;2H|[16;79H|[17;2H+----------------------------------------------------------------------------+[m[18;2H[19;2H[m     Use the ^ and v keys to select which entry is highlighted.          
      Press enter to boot the selected OS, `e' to edit the commands       
      before booting or `c' for a command-line.                           [5;80H [7m[5;3H*Ubuntu                                                                     [m[5;78H[m[m[6;3H Advanced options for Ubuntu                                                [m[6;78H[m[m[7;3H                                                                            [m[7;78H[m[m[8;3H                                                                            [m[8;78H[m[m[9;3H                                                                            [m[9;78H[m[m[10;3H                                                                            [m[10;78H[m[m[11;3H                                                                            [m[11;78H[m[m[12;3H                                                                            [m[12;78H[m[m[13;3H                                                                            [m[13;78H[m[m[14;3H                                                                            [m[14;78H[m[m[15;3H                                                                            [m[15;78H[m[m[16;3H                                                                            [m[16;78H[m[16;80H [5;78H[22;1H   The highlighted entry will be executed automatically in 30s.                [5;78H[22;1H   The highlighted entry will be executed automatically in 29s.                [5;78H[22;1H                                                                               [23;1H                                                                               [5;78H[?25h[H[J[1;1H[H[J[1;1H[    0.000000] Linux version 5.10.0-051000-generic (kernel@kathleen) (gcc (Ubuntu 10.2.0-13ubuntu1) 10.2.0, GNU ld (GNU Binutils for Ubuntu) 2.35.1) #202012132330 SMP Sun Dec 13 23:33:36 UTC 2020
[    0.000000] Command line: BOOT_IMAGE=/vmlinuz-5.10.0-051000-generic root=/dev/mapper/ubuntu--vg-ubuntu--lv ro ip=dhcp console=ttyS0, 38400 console=tty console=ttyS0 maybe-ubiquity
[    0.000000] KERNEL supported cpus:
[    0.000000]   Intel GenuineIntel
[    0.000000]   AMD AuthenticAMD
[    0.000000]   Hygon HygonGenuine
[    0.000000]   Centaur CentaurHauls
[    0.000000]   zhaoxin   Shanghai  
[    0.000000] x86/fpu: Supporting XSAVE feature 0x001: 'x87 floating point registers'
[    0.000000] x86/fpu: Supporting XSAVE feature 0x002: 'SSE registers'
[    0.000000] x86/fpu: Supporting XSAVE feature 0x004: 'AVX registers'
[    0.000000] x86/fpu: Supporting XSAVE feature 0x008: 'MPX bounds registers'
[    0.000000] x86/fpu: Supporting XSAVE feature 0x010: 'MPX CSR'
[    0.000000] x86/fpu: Supporting XSAVE feature 0x200: 'Protection Keys User registers'
[    0.000000] x86/fpu: xstate_offset[2]:  576, xstate_sizes[2]:  256
[    0.000000] x86/fpu: xstate_offset[3]:  832, xstate_sizes[3]:   64
[    0.000000] x86/fpu: xstate_offset[4]:  896, xstate_sizes[4]:   64
[    0.000000] x86/fpu: xstate_offset[9]:  960, xstate_sizes[9]:    8
[    0.000000] x86/fpu: Enabled xstate features 0x21f, context size is 968 bytes, using 'compacted' format.
[    0.000000] BIOS-provided physical RAM map:
[    0.000000] BIOS-e820: [mem 0x0000000000000000-0x000000000009fbff] usable
[    0.000000] BIOS-e820: [mem 0x000000000009fc00-0x000000000009ffff] reserved
[    0.000000] BIOS-e820: [mem 0x00000000000f0000-0x00000000000fffff] reserved
[    0.000000] BIOS-e820: [mem 0x0000000000100000-0x00000000bffd4fff] usable
[    0.000000] BIOS-e820: [mem 0x00000000bffd5000-0x00000000bfffffff] reserved
[    0.000000] BIOS-e820: [mem 0x00000000feffc000-0x00000000feffffff] reserved
[    0.000000] BIOS-e820: [mem 0x00000000fffc0000-0x00000000ffffffff] reserved
[    0.000000] BIOS-e820: [mem 0x0000000100000000-0x000000013fffffff] usable
[    0.000000] NX (Execute Disable) protection: active
[    0.000000] SMBIOS 2.8 present.
[    0.000000] DMI: QEMU Standard PC (i440FX + PIIX, 1996), BIOS rel-1.14.0-0-g155821a1990b-prebuilt.qemu.org 04/01/2014
[    0.000000] Hypervisor detected: KVM
[    0.000000] kvm-clock: Using msrs 4b564d01 and 4b564d00
[    0.000000] kvm-clock: cpu 0, msr 129001001, primary cpu clock
[    0.000000] kvm-clock: using sched offset of 3190562498 cycles
[    0.000004] clocksource: kvm-clock: mask: 0xffffffffffffffff max_cycles: 0x1cd42e4dffb, max_idle_ns: 881590591483 ns
[    0.000008] tsc: Detected 3792.034 MHz processor
[    0.000615] last_pfn = 0x140000 max_arch_pfn = 0x400000000
[    0.000648] x86/PAT: Configuration [0-7]: WB  WC  UC- UC  WB  WP  UC- WT  
[    0.000656] last_pfn = 0xbffd5 max_arch_pfn = 0x400000000
[    0.005858] found SMP MP-table at [mem 0x000f5a60-0x000f5a6f]
[    0.005938] check: Scanning 1 areas for low memory corruption
[    0.005963] Using GB pages for direct mapping
[    0.006070] RAMDISK: [mem 0x2d769000-0x32babfff]
[    0.006086] ACPI: Early table checksum verification disabled
[    0.006096] ACPI: RSDP 0x00000000000F5A20 000014 (v00 BOCHS )
[    0.006099] ACPI: RSDT 0x00000000BFFE13A7 000034 (v01 BOCHS  BXPCRSDT 00000001 BXPC 00000001)
[    0.006103] ACPI: FACP 0x00000000BFFE1243 000074 (v01 BOCHS  BXPCFACP 00000001 BXPC 00000001)
[    0.006108] ACPI: DSDT 0x00000000BFFDFD80 0014C3 (v01 BOCHS  BXPCDSDT 00000001 BXPC 00000001)
[    0.006110] ACPI: FACS 0x00000000BFFDFD40 000040
[    0.006113] ACPI: APIC 0x00000000BFFE12B7 000090 (v01 BOCHS  BXPCAPIC 00000001 BXPC 00000001)
[    0.006115] ACPI: HPET 0x00000000BFFE1347 000038 (v01 BOCHS  BXPCHPET 00000001 BXPC 00000001)
[    0.006118] ACPI: WAET 0x00000000BFFE137F 000028 (v01 BOCHS  BXPCWAET 00000001 BXPC 00000001)
[    0.006259] No NUMA configuration found
[    0.006260] Faking a node at [mem 0x0000000000000000-0x000000013fffffff]
[    0.006269] NODE_DATA(0) allocated [mem 0x13ffd6000-0x13fffffff]
[    0.006594] Zone ranges:
[    0.006595]   DMA      [mem 0x0000000000001000-0x0000000000ffffff]
[    0.006596]   DMA32    [mem 0x0000000001000000-0x00000000ffffffff]
[    0.006597]   Normal   [mem 0x0000000100000000-0x000000013fffffff]
[    0.006598]   Device   empty
[    0.006599] Movable zone start for each node
[    0.006601] Early memory node ranges
[    0.006601]   node   0: [mem 0x0000000000001000-0x000000000009efff]
[    0.006602]   node   0: [mem 0x0000000000100000-0x00000000bffd4fff]
[    0.006603]   node   0: [mem 0x0000000100000000-0x000000013fffffff]
[    0.006866] Zeroed struct page in unavailable ranges: 141 pages
[    0.006867] Initmem setup node 0 [mem 0x0000000000001000-0x000000013fffffff]
[    0.013521] ACPI: PM-Timer IO Port: 0x608
[    0.013539] ACPI: LAPIC_NMI (acpi_id[0xff] dfl dfl lint[0x1])
[    0.013563] IOAPIC[0]: apic_id 0, version 17, address 0xfec00000, GSI 0-23
[    0.013566] ACPI: INT_SRC_OVR (bus 0 bus_irq 0 global_irq 2 dfl dfl)
[    0.013567] ACPI: INT_SRC_OVR (bus 0 bus_irq 5 global_irq 5 high level)
[    0.013568] ACPI: INT_SRC_OVR (bus 0 bus_irq 9 global_irq 9 high level)
[    0.013573] ACPI: INT_SRC_OVR (bus 0 bus_irq 10 global_irq 10 high level)
[    0.013573] ACPI: INT_SRC_OVR (bus 0 bus_irq 11 global_irq 11 high level)
[    0.013578] Using ACPI (MADT) for SMP configuration information
[    0.013579] ACPI: HPET id: 0x8086a201 base: 0xfed00000
[    0.013582] TSC deadline timer available
[    0.013584] smpboot: Allowing 4 CPUs, 0 hotplug CPUs
[    0.013591] kvm-guest: KVM setup pv remote TLB flush
[    0.013597] kvm-guest: setup PV sched yield
[    0.013605] PM: hibernation: Registered nosave memory: [mem 0x00000000-0x00000fff]
[    0.013606] PM: hibernation: Registered nosave memory: [mem 0x0009f000-0x0009ffff]
[    0.013607] PM: hibernation: Registered nosave memory: [mem 0x000a0000-0x000effff]
[    0.013608] PM: hibernation: Registered nosave memory: [mem 0x000f0000-0x000fffff]
[    0.013608] PM: hibernation: Registered nosave memory: [mem 0xbffd5000-0xbfffffff]
[    0.013609] PM: hibernation: Registered nosave memory: [mem 0xc0000000-0xfeffbfff]
[    0.013610] PM: hibernation: Registered nosave memory: [mem 0xfeffc000-0xfeffffff]
[    0.013610] PM: hibernation: Registered nosave memory: [mem 0xff000000-0xfffbffff]
[    0.013611] PM: hibernation: Registered nosave memory: [mem 0xfffc0000-0xffffffff]
[    0.013612] [mem 0xc0000000-0xfeffbfff] available for PCI devices
[    0.013613] Booting paravirtualized kernel on KVM
[    0.013615] clocksource: refined-jiffies: mask: 0xffffffff max_cycles: 0xffffffff, max_idle_ns: 7645519600211568 ns
[    0.013621] setup_percpu: NR_CPUS:8192 nr_cpumask_bits:4 nr_cpu_ids:4 nr_node_ids:1
[    0.013848] percpu: Embedded 56 pages/cpu s192512 r8192 d28672 u524288
[    0.013872] kvm-guest: KVM setup async PF for cpu 0
[    0.013875] kvm-guest: stealtime: cpu 0, msr 13bc2e080
[    0.013879] kvm-guest: PV spinlocks enabled
[    0.013881] PV qspinlock hash table entries: 256 (order: 0, 4096 bytes, linear)
[    0.013885] Built 1 zonelists, mobility grouping on.  Total pages: 1032030
[    0.013886] Policy zone: Normal
[    0.013887] Kernel command line: BOOT_IMAGE=/vmlinuz-5.10.0-051000-generic root=/dev/mapper/ubuntu--vg-ubuntu--lv ro ip=dhcp console=ttyS0, 38400 console=tty console=ttyS0 maybe-ubiquity
[    0.014269] Dentry cache hash table entries: 524288 (order: 10, 4194304 bytes, linear)
[    0.014428] Inode-cache hash table entries: 262144 (order: 9, 2097152 bytes, linear)
[    0.014474] mem auto-init: stack:off, heap alloc:on, heap free:off
[    0.024199] Memory: 3927380K/4193740K available (16393K kernel code, 3480K rwdata, 8984K rodata, 2664K init, 5996K bss, 266100K reserved, 0K cma-reserved)
[    0.024211] random: get_random_u64 called from kmem_cache_open+0x29/0x220 with crng_init=0
[    0.024268] SLUB: HWalign=64, Order=0-3, MinObjects=0, CPUs=4, Nodes=1
[    0.024284] ftrace: allocating 50596 entries in 198 pages
[    0.036421] ftrace: allocated 198 pages with 4 groups
[    0.036611] rcu: Hierarchical RCU implementation.
[    0.036612] rcu: 	RCU restricting CPUs from NR_CPUS=8192 to nr_cpu_ids=4.
[    0.036613] 	Rude variant of Tasks RCU enabled.
[    0.036613] 	Tracing variant of Tasks RCU enabled.
[    0.036614] rcu: RCU calculated value of scheduler-enlistment delay is 25 jiffies.
[    0.036615] rcu: Adjusting geometry for rcu_fanout_leaf=16, nr_cpu_ids=4
[    0.038714] NR_IRQS: 524544, nr_irqs: 456, preallocated irqs: 16
[    0.038870] random: crng done (trusting CPU's manufacturer)
[    0.045524] Console: colour VGA+ 80x25
[    0.062072] printk: console [tty0] enabled
[    0.135458] printk: console [ttyS0] enabled
[    0.136021] ACPI: Core revision 20200925
[    0.136613] clocksource: hpet: mask: 0xffffffff max_cycles: 0xffffffff, max_idle_ns: 19112604467 ns
[    0.137774] APIC: Switch to symmetric I/O mode setup
[    0.138508] x2apic enabled
[    0.139004] Switched APIC routing to physical x2apic.
[    0.139631] kvm-guest: setup PV IPIs
[    0.140659] ..TIMER: vector=0x30 apic1=0 pin1=2 apic2=-1 pin2=-1
[    0.141394] clocksource: tsc-early: mask: 0xffffffffffffffff max_cycles: 0x6d51e514936, max_idle_ns: 881590614020 ns
[    0.142650] Calibrating delay loop (skipped) preset value.. 7584.06 BogoMIPS (lpj=15168136)
[    0.143656] pid_max: default: 32768 minimum: 301
[    0.144244] LSM: Security Framework initializing
[    0.144819] Yama: becoming mindful.
[    0.145416] AppArmor: AppArmor initialized
[    0.146673] Mount-cache hash table entries: 8192 (order: 4, 65536 bytes, linear)
[    0.147573] Mountpoint-cache hash table entries: 8192 (order: 4, 65536 bytes, linear)
[    0.148702] x86/cpu: User Mode Instruction Prevention (UMIP) activated
[    0.149514] Last level iTLB entries: 4KB 0, 2MB 0, 4MB 0
[    0.150161] Last level dTLB entries: 4KB 0, 2MB 0, 4MB 0, 1GB 0
[    0.150653] Spectre V1 : Mitigation: usercopy/swapgs barriers and __user pointer sanitization
[    0.151679] Spectre V2 : Mitigation: Enhanced IBRS
[    0.152241] Spectre V2 : Spectre v2 / SpectreRSB mitigation: Filling RSB on context switch
[    0.153196] Spectre V2 : mitigation: Enabling conditional Indirect Branch Prediction Barrier
[    0.154184] Speculative Store Bypass: Mitigation: Speculative Store Bypass disabled via prctl and seccomp
[    0.154815] Freeing SMP alternatives memory: 40K
[    0.156532] smpboot: CPU0: Intel(R) Core(TM) i7-10700K CPU @ 3.80GHz (family: 0x6, model: 0xa5, stepping: 0x5)
[    0.157741] Performance Events: Skylake events, full-width counters, Intel PMU driver.
[    0.158648] ... version:                2
[    0.158648] ... bit width:              48
[    0.158648] ... generic registers:      4
[    0.158648] ... value mask:             0000ffffffffffff
[    0.158651] ... max period:             00007fffffffffff
[    0.159279] ... fixed-purpose events:   3
[    0.159751] ... event mask:             000000070000000f
[    0.160437] rcu: Hierarchical SRCU implementation.
[    0.161293] smp: Bringing up secondary CPUs ...
[    0.161869] x86: Booting SMP configuration:
[    0.162373] .... node  #0, CPUs:      #1
[    0.099806] kvm-clock: cpu 1, msr 129001041, secondary cpu clock
[    0.099806] smpboot: CPU 1 Converting physical 0 to logical die 1
[    0.166663] kvm-guest: KVM setup async PF for cpu 1
[    0.170648] kvm-guest: stealtime: cpu 1, msr 13bcae080
[    0.170727]  #2
[    0.099806] kvm-clock: cpu 2, msr 129001081, secondary cpu clock
[    0.099806] smpboot: CPU 2 Converting physical 0 to logical die 2
[    0.174665] kvm-guest: KVM setup async PF for cpu 2
[    0.175118] kvm-guest: stealtime: cpu 2, msr 13bd2e080
[    0.175606]  #3
[    0.099806] kvm-clock: cpu 3, msr 1290010c1, secondary cpu clock
[    0.099806] smpboot: CPU 3 Converting physical 0 to logical die 3
[    0.178662] kvm-guest: KVM setup async PF for cpu 3
[    0.179143] kvm-guest: stealtime: cpu 3, msr 13bdae080
[    0.179640] smp: Brought up 1 node, 4 CPUs
[    0.179640] smpboot: Max logical packages: 4
[    0.179699] smpboot: Total of 4 processors activated (30336.27 BogoMIPS)
[    0.180723] devtmpfs: initialized
[    0.180723] x86/mm: Memory block size: 128MB
[    0.182871] clocksource: jiffies: mask: 0xffffffff max_cycles: 0xffffffff, max_idle_ns: 7645041785100000 ns
[    0.183780] futex hash table entries: 1024 (order: 4, 65536 bytes, linear)
[    0.184611] pinctrl core: initialized pinctrl subsystem
[    0.185293] PM: RTC time: 15:18:37, date: 2022-03-04
[    0.185979] NET: Registered protocol family 16
[    0.186737] DMA: preallocated 512 KiB GFP_KERNEL pool for atomic allocations
[    0.187688] DMA: preallocated 512 KiB GFP_KERNEL|GFP_DMA pool for atomic allocations
[    0.188746] DMA: preallocated 512 KiB GFP_KERNEL|GFP_DMA32 pool for atomic allocations
[    0.189679] audit: initializing netlink subsys (disabled)
[    0.190328] audit: type=2000 audit(1646407118.204:1): state=initialized audit_enabled=0 res=1
[    0.190328] thermal_sys: Registered thermal governor 'fair_share'
[    0.190651] thermal_sys: Registered thermal governor 'bang_bang'
[    0.191361] thermal_sys: Registered thermal governor 'step_wise'
[    0.192057] thermal_sys: Registered thermal governor 'user_space'
[    0.192751] thermal_sys: Registered thermal governor 'power_allocator'
[    0.193455] EISA bus registered
[    0.194604] cpuidle: using governor ladder
[    0.194656] cpuidle: using governor menu
[    0.195196] ACPI: bus type PCI registered
[    0.195686] acpiphp: ACPI Hot Plug PCI Controller Driver version: 0.5
[    0.196488] PCI: Using configuration type 1 for base access
[    0.197907] HugeTLB registered 1.00 GiB page size, pre-allocated 0 pages
[    0.198653] HugeTLB registered 2.00 MiB page size, pre-allocated 0 pages
[    0.199455] ACPI: Added _OSI(Module Device)
[    0.199455] ACPI: Added _OSI(Processor Device)
[    0.199752] ACPI: Added _OSI(3.0 _SCP Extensions)
[    0.200318] ACPI: Added _OSI(Processor Aggregator Device)
[    0.202652] ACPI: Added _OSI(Linux-Dell-Video)
[    0.203192] ACPI: Added _OSI(Linux-Lenovo-NV-HDMI-Audio)
[    0.203817] ACPI: Added _OSI(Linux-HPI-Hybrid-Graphics)
[    0.204974] ACPI: 1 ACPI AML tables successfully acquired and loaded
[    0.206324] ACPI: Interpreter enabled
[    0.206660] ACPI: (supports S0 S3 S4 S5)
[    0.207144] ACPI: Using IOAPIC for interrupt routing
[    0.207744] PCI: Using host bridge windows from ACPI; if necessary, use "pci=nocrs" and report a bug
[    0.208872] ACPI: Enabled 2 GPEs in block 00 to 0F
[    0.211030] ACPI: PCI Root Bridge [PCI0] (domain 0000 [bus 00-ff])
[    0.211755] acpi PNP0A03:00: _OSC: OS supports [ASPM ClockPM Segments MSI HPX-Type3]
[    0.212669] acpi PNP0A03:00: fail to add MMCONFIG information, can't access extended PCI configuration space under this bridge.
[    0.214119] acpiphp: Slot [3] registered
[    0.214610] acpiphp: Slot [4] registered
[    0.214668] acpiphp: Slot [5] registered
[    0.215154] acpiphp: Slot [6] registered
[    0.215643] acpiphp: Slot [7] registered
[    0.216135] acpiphp: Slot [8] registered
[    0.216630] acpiphp: Slot [9] registered
[    0.217127] acpiphp: Slot [10] registered
[    0.217629] acpiphp: Slot [11] registered
[    0.218129] acpiphp: Slot [12] registered
[    0.218635] acpiphp: Slot [13] registered
[    0.218668] acpiphp: Slot [14] registered
[    0.219168] acpiphp: Slot [15] registered
[    0.219673] acpiphp: Slot [16] registered
[    0.220175] acpiphp: Slot [17] registered
[    0.220677] acpiphp: Slot [18] registered
[    0.221183] acpiphp: Slot [19] registered
[    0.221683] acpiphp: Slot [20] registered
[    0.222185] acpiphp: Slot [21] registered
[    0.222662] acpiphp: Slot [22] registered
[    0.223165] acpiphp: Slot [23] registered
[    0.223670] acpiphp: Slot [24] registered
[    0.224172] acpiphp: Slot [25] registered
[    0.224674] acpiphp: Slot [26] registered
[    0.225176] acpiphp: Slot [27] registered
[    0.225680] acpiphp: Slot [28] registered
[    0.226177] acpiphp: Slot [29] registered
[    0.226662] acpiphp: Slot [30] registered
[    0.227165] acpiphp: Slot [31] registered
[    0.227668] PCI host bridge to bus 0000:00
[    0.228165] pci_bus 0000:00: root bus resource [io  0x0000-0x0cf7 window]
[    0.228932] pci_bus 0000:00: root bus resource [io  0x0d00-0xffff window]
[    0.229704] pci_bus 0000:00: root bus resource [mem 0x000a0000-0x000bffff window]
[    0.230573] pci_bus 0000:00: root bus resource [mem 0xc0000000-0xfebfffff window]
[    0.230651] pci_bus 0000:00: root bus resource [mem 0x140000000-0x1bfffffff window]
[    0.231557] pci_bus 0000:00: root bus resource [bus 00-ff]
[    0.232213] pci 0000:00:00.0: [8086:1237] type 00 class 0x060000
[    0.233271] pci 0000:00:01.0: [8086:7000] type 00 class 0x060100
[    0.234259] pci 0000:00:01.1: [8086:7010] type 00 class 0x010180
[    0.235997] pci 0000:00:01.1: reg 0x20: [io  0xc060-0xc06f]
[    0.237229] pci 0000:00:01.1: legacy IDE quirk: reg 0x10: [io  0x01f0-0x01f7]
[    0.238043] pci 0000:00:01.1: legacy IDE quirk: reg 0x14: [io  0x03f6]
[    0.238652] pci 0000:00:01.1: legacy IDE quirk: reg 0x18: [io  0x0170-0x0177]
[    0.239465] pci 0000:00:01.1: legacy IDE quirk: reg 0x1c: [io  0x0376]
[    0.240319] pci 0000:00:01.3: [8086:7113] type 00 class 0x068000
[    0.241218] pci 0000:00:01.3: quirk: [io  0x0600-0x063f] claimed by PIIX4 ACPI
[    0.242067] pci 0000:00:01.3: quirk: [io  0x0700-0x070f] claimed by PIIX4 SMB
[    0.242912] pci 0000:00:02.0: [1234:1111] type 00 class 0x030000
[    0.245989] pci 0000:00:02.0: reg 0x10: [mem 0xfd000000-0xfdffffff pref]
[    0.247619] pci 0000:00:02.0: reg 0x18: [mem 0xfebd2000-0xfebd2fff]
[    0.250665] pci 0000:00:02.0: reg 0x30: [mem 0xfebc0000-0xfebcffff pref]
[    0.251847] pci 0000:00:03.0: [1af4:1000] type 00 class 0x020000
[    0.253344] pci 0000:00:03.0: reg 0x10: [io  0xc040-0xc05f]
[    0.254651] pci 0000:00:03.0: reg 0x14: [mem 0xfebd3000-0xfebd3fff]
[    0.257796] pci 0000:00:03.0: reg 0x20: [mem 0xfe000000-0xfe003fff 64bit pref]
[    0.258923] pci 0000:00:03.0: reg 0x30: [mem 0xfeb80000-0xfebbffff pref]
[    0.260179] pci 0000:00:04.0: [1af4:1004] type 00 class 0x010000
[    0.261566] pci 0000:00:04.0: reg 0x10: [io  0xc000-0xc03f]
[    0.262651] pci 0000:00:04.0: reg 0x14: [mem 0xfebd4000-0xfebd4fff]
[    0.265377] pci 0000:00:04.0: reg 0x20: [mem 0xfe004000-0xfe007fff 64bit pref]
[    0.267696] pci 0000:00:05.0: [8086:5845] type 00 class 0x010802
[    0.268779] pci 0000:00:05.0: reg 0x10: [mem 0xfebd0000-0xfebd1fff 64bit]
[    0.270602] pci 0000:00:05.0: reg 0x20: [mem 0xfebd5000-0xfebd5fff]
[    0.275593] ACPI: PCI Interrupt Link [LNKA] (IRQs 5 *10 11)
[    0.276726] ACPI: PCI Interrupt Link [LNKB] (IRQs 5 *10 11)
[    0.277427] ACPI: PCI Interrupt Link [LNKC] (IRQs 5 10 *11)
[    0.278141] ACPI: PCI Interrupt Link [LNKD] (IRQs 5 10 *11)
[    0.278686] ACPI: PCI Interrupt Link [LNKS] (IRQs *9)
[    0.279609] iommu: Default domain type: Translated 
[    0.279609] pci 0000:00:02.0: vgaarb: setting as boot VGA device
[    0.279609] pci 0000:00:02.0: vgaarb: VGA device added: decodes=io+mem,owns=io+mem,locks=none
[    0.280282] pci 0000:00:02.0: vgaarb: bridge control possible
[    0.282683] vgaarb: loaded
[    0.283207] SCSI subsystem initialized
[    0.283688] ACPI: bus type USB registered
[    0.283688] usbcore: registered new interface driver usbfs
[    0.283844] usbcore: registered new interface driver hub
[    0.284477] usbcore: registered new device driver usb
[    0.285120] pps_core: LinuxPPS API ver. 1 registered
[    0.286651] pps_core: Software ver. 5.3.6 - Copyright 2005-2007 Rodolfo Giometti <giometti@linux.it>
[    0.287668] PTP clock support registered
[    0.288147] EDAC MC: Ver: 3.0.0
[    0.288147] NetLabel: Initializing
[    0.288147] NetLabel:  domain hash size = 128
[    0.288147] NetLabel:  protocols = UNLABELED CIPSOv4 CALIPSO
[    0.288365] NetLabel:  unlabeled traffic allowed by default
[    0.290667] PCI: Using ACPI for IRQ routing
[    0.291246] hpet0: at MMIO 0xfed00000, IRQs 2, 8, 0
[    0.291799] hpet0: 3 comparators, 64-bit 100.000000 MHz counter
[    0.295690] clocksource: Switched to clocksource kvm-clock
[    0.303137] VFS: Disk quotas dquot_6.6.0
[    0.303629] VFS: Dquot-cache hash table entries: 512 (order 0, 4096 bytes)
[    0.304474] AppArmor: AppArmor Filesystem Enabled
[    0.305054] pnp: PnP ACPI init
[    0.305685] pnp: PnP ACPI: found 6 devices
[    0.311559] clocksource: acpi_pm: mask: 0xffffff max_cycles: 0xffffff, max_idle_ns: 2085701024 ns
[    0.312617] NET: Registered protocol family 2
[    0.313286] tcp_listen_portaddr_hash hash table entries: 2048 (order: 3, 32768 bytes, linear)
[    0.314418] TCP established hash table entries: 32768 (order: 6, 262144 bytes, linear)
[    0.315365] TCP bind hash table entries: 32768 (order: 7, 524288 bytes, linear)
[    0.316226] TCP: Hash tables configured (established 32768 bind 32768)
[    0.316986] MPTCP token hash table entries: 4096 (order: 4, 98304 bytes, linear)
[    0.317833] UDP hash table entries: 2048 (order: 4, 65536 bytes, linear)
[    0.318591] UDP-Lite hash table entries: 2048 (order: 4, 65536 bytes, linear)
[    0.319441] NET: Registered protocol family 1
[    0.319974] NET: Registered protocol family 44
[    0.320518] pci_bus 0000:00: resource 4 [io  0x0000-0x0cf7 window]
[    0.321232] pci_bus 0000:00: resource 5 [io  0x0d00-0xffff window]
[    0.321945] pci_bus 0000:00: resource 6 [mem 0x000a0000-0x000bffff window]
[    0.322735] pci_bus 0000:00: resource 7 [mem 0xc0000000-0xfebfffff window]
[    0.323514] pci_bus 0000:00: resource 8 [mem 0x140000000-0x1bfffffff window]
[    0.328945] pci 0000:00:01.0: PIIX3: Enabling Passive Release
[    0.329609] pci 0000:00:00.0: Limiting direct PCI/PCI transfers
[    0.330267] pci 0000:00:01.0: Activating ISA DMA hang workarounds
[    0.330983] pci 0000:00:02.0: Video device with shadowed ROM at [mem 0x000c0000-0x000dffff]
[    0.331949] PCI: CLS 0 bytes, default 64
[    0.332465] Trying to unpack rootfs image as initramfs...
[    0.452161] Freeing initrd memory: 86284K
[    0.452648] PCI-DMA: Using software bounce buffering for IO (SWIOTLB)
[    0.453203] software IO TLB: mapped [mem 0x00000000bbfd5000-0x00000000bffd5000] (64MB)
[    0.453899] clocksource: tsc: mask: 0xffffffffffffffff max_cycles: 0x6d51e514936, max_idle_ns: 881590614020 ns
[    0.454746] check: Scanning for low memory corruption every 60 seconds
[    0.455554] Initialise system trusted keyrings
[    0.455949] Key type blacklist registered
[    0.456340] workingset: timestamp_bits=36 max_order=20 bucket_order=0
[    0.457443] zbud: loaded
[    0.457835] squashfs: version 4.0 (2009/01/31) Phillip Lougher
[    0.458416] fuse: init (API version 7.32)
[    0.458880] integrity: Platform Keyring initialized
[    0.464252] Key type asymmetric registered
[    0.464610] Asymmetric key parser 'x509' registered
[    0.465022] Block layer SCSI generic (bsg) driver version 0.4 loaded (major 243)
[    0.465672] io scheduler mq-deadline registered
[    0.466177] shpchp: Standard Hot Plug PCI Controller Driver version: 0.4
[    0.466810] input: Power Button as /devices/LNXSYSTM:00/LNXPWRBN:00/input/input0
[    0.467441] ACPI: Power Button [PWRF]
[    0.485372] PCI Interrupt Link [LNKC] enabled at IRQ 11
[    0.503694] PCI Interrupt Link [LNKD] enabled at IRQ 10
[    0.504627] Serial: 8250/16550 driver, 32 ports, IRQ sharing enabled
[    0.526948] 00:04: ttyS0 at I/O 0x3f8 (irq = 4, base_baud = 115200) is a 16550A
[    0.528481] Linux agpgart interface v0.103
[    0.529895] loop: module loaded
[    0.530717] scsi host0: ata_piix
[    0.531100] scsi host1: ata_piix
[    0.531412] ata1: PATA max MWDMA2 cmd 0x1f0 ctl 0x3f6 bmdma 0xc060 irq 14
[    0.531952] ata2: PATA max MWDMA2 cmd 0x170 ctl 0x376 bmdma 0xc068 irq 15
[    0.532580] libphy: Fixed MDIO Bus: probed
[    0.532997] tun: Universal TUN/TAP device driver, 1.6
[    0.533442] PPP generic driver version 2.4.2
[    0.533854] VFIO - User Level meta-driver version: 0.3
[    0.534332] ehci_hcd: USB 2.0 'Enhanced' Host Controller (EHCI) Driver
[    0.534851] ehci-pci: EHCI PCI platform driver
[    0.535228] ehci-platform: EHCI generic platform driver
[    0.535657] ohci_hcd: USB 1.1 'Open' Host Controller (OHCI) Driver
[    0.536154] ohci-pci: OHCI PCI platform driver
[    0.536528] ohci-platform: OHCI generic platform driver
[    0.536995] uhci_hcd: USB Universal Host Controller Interface driver
[    0.537536] i8042: PNP: PS/2 Controller [PNP0303:KBD,PNP0f13:MOU] at 0x60,0x64 irq 1,12
[    0.538599] serio: i8042 KBD port at 0x60,0x64 irq 1
[    0.539014] serio: i8042 AUX port at 0x60,0x64 irq 12
[    0.539500] mousedev: PS/2 mouse device common for all mice
[    0.540057] rtc_cmos 00:05: RTC can wake from S4
[    0.540670] input: AT Translated Set 2 keyboard as /devices/platform/i8042/serio0/input/input1
[    0.541543] rtc_cmos 00:05: registered as rtc0
[    0.541960] rtc_cmos 00:05: setting system clock to 2022-03-04T15:18:38 UTC (1646407118)
[    0.542633] rtc_cmos 00:05: alarms up to one day, y3k, 242 bytes nvram, hpet irqs
[    0.543256] i2c /dev entries driver
[    0.543590] device-mapper: uevent: version 1.0.3
[    0.544016] device-mapper: ioctl: 4.43.0-ioctl (2020-10-01) initialised: dm-devel@redhat.com
[    0.544712] platform eisa.0: Probing EISA bus 0
[    0.545092] platform eisa.0: EISA: Cannot allocate resource for mainboard
[    0.545621] platform eisa.0: Cannot allocate resource for EISA slot 1
[    0.546135] platform eisa.0: Cannot allocate resource for EISA slot 2
[    0.546646] platform eisa.0: Cannot allocate resource for EISA slot 3
[    0.547154] platform eisa.0: Cannot allocate resource for EISA slot 4
[    0.547666] platform eisa.0: Cannot allocate resource for EISA slot 5
[    0.548176] platform eisa.0: Cannot allocate resource for EISA slot 6
[    0.548686] platform eisa.0: Cannot allocate resource for EISA slot 7
[    0.549199] platform eisa.0: Cannot allocate resource for EISA slot 8
[    0.549714] platform eisa.0: EISA: Detected 0 cards
[    0.550124] intel_pstate: CPU model not supported
[    0.550576] ledtrig-cpu: registered to indicate activity on CPUs
[    0.551121] intel_pmc_core intel_pmc_core.0:  initialized
[    0.551591] drop_monitor: Initializing network drop monitor service
[    0.552172] NET: Registered protocol family 10
[    0.556193] Segment Routing with IPv6
[    0.556556] NET: Registered protocol family 17
[    0.556975] Key type dns_resolver registered
[    0.557602] IPI shorthand broadcast: enabled
[    0.557977] sched_clock: Marking stable (461756480, 95806275)->(622706258, -65143503)
[    0.558674] registered taskstats version 1
[    0.559028] Loading compiled-in X.509 certificates
[    0.559857] Loaded X.509 cert 'Build time autogenerated kernel key: 5296574db5a9a84d509e62c03d1666703cc22ca1'
[    0.560663] zswap: loaded using pool lzo/zbud
[    0.561130] Key type ._fscrypt registered
[    0.561483] Key type .fscrypt registered
[    0.561832] Key type fscrypt-provisioning registered
[    0.563666] Key type encrypted registered
[    0.564017] AppArmor: AppArmor sha1 policy hashing enabled
[    0.564479] ima: No TPM chip found, activating TPM-bypass!
[    0.564933] ima: Allocated hash algorithm: sha1
[    0.565319] ima: No architecture policies found
[    0.565703] evm: Initialising EVM extended attributes:
[    0.566132] evm: security.selinux
[    0.566426] evm: security.SMACK64
[    0.566725] evm: security.SMACK64EXEC
[    0.567041] evm: security.SMACK64TRANSMUTE
[    0.567386] evm: security.SMACK64MMAP
[    0.567710] evm: security.apparmor
[    0.568014] evm: security.ima
[    0.568288] evm: security.capability
[    0.568606] evm: HMAC attrs: 0x1
[    0.569055] PM:   Magic number: 14:143:335
[    0.569425] tty tty56: hash matches
[    0.569867] RAS: Correctable Errors collector initialized.
[    0.694944] Freeing unused decrypted memory: 2036K
[    0.699031] Freeing unused kernel image (initmem) memory: 2664K
[    0.699521] Write protecting the kernel read-only data: 28672k
[    0.700695] Freeing unused kernel image (text/rodata gap) memory: 2036K
[    0.701344] Freeing unused kernel image (rodata/data gap) memory: 1256K
[    0.709342] x86/mm: Checked W+X mappings: passed, no W+X pages found.
[    0.709882] Run /init as init process
Loading, please wait...
Starting version 245.4-4ubuntu3.15
[    0.740185] piix4_smbus 0000:00:01.3: SMBus Host Controller at 0x700, revision 0
[    0.745184] scsi host2: Virtio SCSI HBA
[    0.746273] scsi 2:0:0:0: Direct-Access     QEMU     QEMU HARDDISK    2.5+ PQ: 0 ANSI: 5
[    0.749998] Floppy drive(s): fd0 is 2.88M AMI BIOS
[    0.753408] bochs-drm 0000:00:02.0: vgaarb: deactivate vga console
[    0.754387] scsi 2:0:0:0: Attached scsi generic sg0 type 0
[    0.754434] sd 2:0:0:0: Power-on or device reset occurred
[    0.754533] sd 2:0:0:0: [sda] 167772160 512-byte logical blocks: (85.9 GB/80.0 GiB)
[    0.754546] sd 2:0:0:0: [sda] Write Protect is off
[    0.754570] sd 2:0:0:0: [sda] Write cache: enabled, read cache: enabled, doesn't support DPO or FUA
[    0.759755] cryptd: max_cpu_qlen set to 1000
[    0.759766] Console: switching to colour dummy device 80x25
[    0.760078]  sda: sda1 sda2 sda3
[    0.760481] [drm] Found bochs VGA, ID 0xb0c0.
[    0.761119] nvme nvme0: pci function 0000:00:05.0
[    0.761469] [drm] Framebuffer size 16384 kB @ 0xfd000000, mmio @ 0xfebd2000.
[    0.762184] sd 2:0:0:0: [sda] Attached SCSI disk
[    0.765178] AVX2 version of gcm_enc/dec engaged.
[    0.765178] AES CTR mode by8 optimization enabled
[    0.766893] FDC 0 is a S82078B
[    0.768722] [TTM] Zone  kernel: Available graphics memory: 2010978 KiB
[    0.768723] [TTM] Initializing pool allocator
[    0.768725] [TTM] Initializing DMA pool allocator
[    0.769323] [drm] Found EDID data blob.
[    0.770083] [drm] Initialized bochs-drm 1.0.0 20130925 for 0000:00:02.0 on minor 0
[    0.773395] fbcon: bochs-drmdrmfb (fb0) is primary device
[    0.773660] input: VirtualPS/2 VMware VMMouse as /devices/platform/i8042/serio1/input/input4
[    0.773800] input: VirtualPS/2 VMware VMMouse as /devices/platform/i8042/serio1/input/input3
[    0.774818] Console: switching to colour frame buffer device 128x48
[    0.779789] virtio_net virtio0 ens3: renamed from eth0
[    0.780364] bochs-drm 0000:00:02.0: [drm] fb0: bochs-drmdrmfb frame buffer device
[    0.784398] PCI Interrupt Link [LNKA] enabled at IRQ 10
[FEMU] Err: zns.c : zns_start_ctrl(), to inhoinno 
[    0.786088] nvme nvme0: 4/0/0 default/read/poll queues
[FEMU] Err: /femu/nvme-io.c : nvme_io_cmd(), to inhoinno 
[FEMU] Err: zns.c : zns_io_cmd(), to inhoinno 
[FEMU] Err: /femu/nvme-io.c : nvme_io_cmd(), to inhoinno 
[FEMU] Err: zns.c : zns_io_cmd(), to inhoinno 
[FEMU] Err: zns.c : zns_read(), to inhoinno 
[FEMU] Err: zns.c : zns_get_zone_by_slba(), to inhoinno 
[FEMU] Err: zns.c : zns_check_zone_read(), to inhoinno 
[FEMU] Err: zns.c : zns_check_zone_state_for_read(), to inhoinno 
[FEMU] Err: dram.c : backend_rw(), to inhoinno 
[FEMU] Err: /femu/nvme-io.c : nvme_io_cmd(), to inhoinno 
[FEMU] Err: zns.c : zns_io_cmd(), to inhoinno 
[FEMU] Err: zns.c : zns_read(), to inhoinno 
[FEMU] Err: zns.c : zns_get_zone_by_slba(), to inhoinno 
[FEMU] Err: zns.c : zns_check_zone_read(), to inhoinno 
[FEMU] Err: zns.c : zns_check_zone_state_for_read(), to inhoinno 
[FEMU] Err: dram.c : backend_rw(), to inhoinno 
[FEMU] Err: /femu/nvme-io.c : nvme_io_cmd(), to inhoinno 
[FEMU] Err: zns.c : zns_io_cmd(), to inhoinno 
[FEMU] Err: zns.c : zns_read(), to inhoinno 
[FEMU] Err: zns.c : zns_get_zone_by_slba(), to inhoinno 
[FEMU] Err: zns.c : zns_check_zone_read(), to inhoinno 
[FEMU] Err: zns.c : zns_check_zone_state_for_read(), to inhoinno 
[FEMU] Err: dram.c : backend_rw(), to inhoinno 
[FEMU] Err: /femu/nvme-io.c : nvme_io_cmd(), to inhoinno 
[FEMU] Err: zns.c : zns_io_cmd(), to inhoinno 
[FEMU] Err: zns.c : zns_read(), to inhoinno 
[FEMU] Err: zns.c : zns_get_zone_by_slba(), to inhoinno 
[FEMU] Err: zns.c : zns_check_zone_read(), to inhoinno 
[FEMU] Err: zns.c : zns_check_zone_state_for_read(), to inhoinno 
[FEMU] Err: dram.c : backend_rw(), to inhoinno 
[FEMU] Err: /femu/nvme-io.c : nvme_io_cmd(), to inhoinno 
[FEMU] Err: zns.c : zns_io_cmd(), to inhoinno 
[FEMU] Err: zns.c : zns_read(), to inhoinno 
[FEMU] Err: zns.c : zns_get_zone_by_slba(), to inhoinno 
[FEMU] Err: zns.c : zns_check_zone_read(), to inhoinno 
[FEMU] Err: zns.c : zns_check_zone_state_for_read(), to inhoinno 
[FEMU] Err: dram.c : backend_rw(), to inhoinno 
[FEMU] Err: /femu/nvme-io.c : nvme_io_cmd(), to inhoinno 
[FEMU] Err: zns.c : zns_io_cmd(), to inhoinno 
[FEMU] Err: zns.c : zns_read(), to inhoinno 
[FEMU] Err: zns.c : zns_get_zone_by_slba(), to inhoinno 
[FEMU] Err: zns.c : zns_check_zone_read(), to inhoinno 
[FEMU] Err: zns.c : zns_check_zone_state_for_read(), to inhoinno 
[FEMU] Err: dram.c : backend_rw(), to inhoinno 
[FEMU] Err: /femu/nvme-io.c : nvme_io_cmd(), to inhoinno 
[FEMU] Err: zns.c : zns_io_cmd(), to inhoinno 
[FEMU] Err: zns.c : zns_read(), to inhoinno 
[FEMU] Err: zns.c : zns_get_zone_by_slba(), to inhoinno 
[FEMU] Err: zns.c : zns_check_zone_read(), to inhoinno 
[FEMU] Err: zns.c : zns_check_zone_state_for_read(), to inhoinno 
[FEMU] Err: dram.c : backend_rw(), to inhoinno 
[FEMU] Err: /femu/nvme-io.c : nvme_io_cmd(), to inhoinno 
[FEMU] Err: zns.c : zns_io_cmd(), to inhoinno 
[FEMU] Err: zns.c : zns_read(), to inhoinno 
[FEMU] Err: zns.c : zns_get_zone_by_slba(), to inhoinno 
[FEMU] Err: zns.c : zns_check_zone_read(), to inhoinno 
[FEMU] Err: zns.c : zns_check_zone_state_for_read(), to inhoinno 
[FEMU] Err: dram.c : backend_rw(), to inhoinno 
[FEMU] Err: /femu/nvme-io.c : nvme_io_cmd(), to inhoinno 
[FEMU] Err: zns.c : zns_io_cmd(), to inhoinno 
[FEMU] Err: zns.c : zns_read(), to inhoinno 
[FEMU] Err: zns.c : zns_get_zone_by_slba(), to inhoinno 
[FEMU] Err: zns.c : zns_check_zone_read(), to inhoinno 
[FEMU] Err: zns.c : zns_check_zone_state_for_read(), to inhoinno 
[FEMU] Err: dram.c : backend_rw(), to inhoinno 
[FEMU] Err: /femu/nvme-io.c : nvme_io_cmd(), to inhoinno 
[FEMU] Err: zns.c : zns_io_cmd(), to inhoinno 
[FEMU] Err: zns.c : zns_read(), to inhoinno 
[FEMU] Err: zns.c : zns_get_zone_by_slba(), to inhoinno 
[FEMU] Err: zns.c : zns_check_zone_read(), to inhoinno 
[FEMU] Err: zns.c : zns_check_zone_state_for_read(), to inhoinno 
[FEMU] Err: dram.c : backend_rw(), to inhoinno 
[FEMU] Err: /femu/nvme-io.c : nvme_io_cmd(), to inhoinno 
[FEMU] Err: zns.c : zns_io_cmd(), to inhoinno 
[FEMU] Err: zns.c : zns_read(), to inhoinno 
[FEMU] Err: zns.c : zns_get_zone_by_slba(), to inhoinno 
[FEMU] Err: zns.c : zns_check_zone_read(), to inhoinno 
[FEMU] Err: zns.c : zns_check_zone_state_for_read(), to inhoinno 
[FEMU] Err: dram.c : backend_rw(), to inhoinno 
[FEMU] Err: /femu/nvme-io.c : nvme_io_cmd(), to inhoinno 
[FEMU] Err: zns.c : zns_io_cmd(), to inhoinno 
[FEMU] Err: zns.c : zns_read(), to inhoinno 
[FEMU] Err: zns.c : zns_get_zone_by_slba(), to inhoinno 
[FEMU] Err: zns.c : zns_check_zone_read(), to inhoinno 
[FEMU] Err: zns.c : zns_check_zone_state_for_read(), to inhoinno 
[FEMU] Err: dram.c : backend_rw(), to inhoinno 
[FEMU] Err: /femu/nvme-io.c : nvme_io_cmd(), to inhoinno 
[FEMU] Err: zns.c : zns_io_cmd(), to inhoinno 
[FEMU] Err: zns.c : zns_read(), to inhoinno 
[FEMU] Err: zns.c : zns_get_zone_by_slba(), to inhoinno 
[FEMU] Err: zns.c : zns_check_zone_read(), to inhoinno 
[FEMU] Err: zns.c : zns_check_zone_state_for_read(), to inhoinno 
[FEMU] Err: dram.c : backend_rw(), to inhoinno 
[FEMU] Err: /femu/nvme-io.c : nvme_io_cmd(), to inhoinno 
[FEMU] Err: zns.c : zns_io_cmd(), to inhoinno 
[FEMU] Err: zns.c : zns_read(), to inhoinno 
[FEMU] Err: zns.c : zns_get_zone_by_slba(), to inhoinno 
[FEMU] Err: zns.c : zns_check_zone_read(), to inhoinno 
[FEMU] Err: zns.c : zns_check_zone_state_for_read(), to inhoinno 
[FEMU] Err: dram.c : backend_rw(), to inhoinno 
[FEMU] Err: /femu/nvme-io.c : nvme_io_cmd(), to inhoinno 
[FEMU] Err: zns.c : zns_io_cmd(), to inhoinno 
[FEMU] Err: zns.c : zns_read(), to inhoinno 
[FEMU] Err: zns.c : zns_get_zone_by_slba(), to inhoinno 
[FEMU] Err: zns.c : zns_check_zone_read(), to inhoinno 
[FEMU] Err: zns.c : zns_check_zone_state_for_read(), to inhoinno 
[FEMU] Err: dram.c : backend_rw(), to inhoinno 
[FEMU] Err: /femu/nvme-io.c : nvme_io_cmd(), to inhoinno 
[FEMU] Err: zns.c : zns_io_cmd(), to inhoinno 
[FEMU] Err: zns.c : zns_read(), to inhoinno 
[FEMU] Err: zns.c : zns_get_zone_by_slba(), to inhoinno 
[FEMU] Err: zns.c : zns_check_zone_read(), to inhoinno 
[FEMU] Err: zns.c : zns_check_zone_state_for_read(), to inhoinno 
[FEMU] Err: dram.c : backend_rw(), to inhoinno 
[FEMU] Err: /femu/nvme-io.c : nvme_io_cmd(), to inhoinno 
[FEMU] Err: zns.c : zns_io_cmd(), to inhoinno 
[FEMU] Err: zns.c : zns_read(), to inhoinno 
[FEMU] Err: zns.c : zns_get_zone_by_slba(), to inhoinno 
[FEMU] Err: zns.c : zns_check_zone_read(), to inhoinno 
[FEMU] Err: zns.c : zns_check_zone_state_for_read(), to inhoinno 
[FEMU] Err: dram.c : backend_rw(), to inhoinno 
[FEMU] Err: /femu/nvme-io.c : nvme_io_cmd(), to inhoinno 
[FEMU] Err: zns.c : zns_io_cmd(), to inhoinno 
[FEMU] Err: zns.c : zns_read(), to inhoinno 
[FEMU] Err: zns.c : zns_get_zone_by_slba(), to inhoinno 
[FEMU] Err: zns.c : zns_check_zone_read(), to inhoinno 
[FEMU] Err: zns.c : zns_check_zone_state_for_read(), to inhoinno 
[FEMU] Err: dram.c : backend_rw(), to inhoinno 
[FEMU] Err: /femu/nvme-io.c : nvme_io_cmd(), to inhoinno 
[FEMU] Err: zns.c : zns_io_cmd(), to inhoinno 
[FEMU] Err: zns.c : zns_read(), to inhoinno 
[FEMU] Err: zns.c : zns_get_zone_by_slba(), to inhoinno 
[FEMU] Err: zns.c : zns_check_zone_read(), to inhoinno 
[FEMU] Err: zns.c : zns_check_zone_state_for_read(), to inhoinno 
[FEMU] Err: dram.c : backend_rw(), to inhoinno 
[FEMU] Err: /femu/nvme-io.c : nvme_io_cmd(), to inhoinno 
[FEMU] Err: zns.c : zns_io_cmd(), to inhoinno 
[FEMU] Err: zns.c : zns_read(), to inhoinno 
[FEMU] Err: zns.c : zns_get_zone_by_slba(), to inhoinno 
[FEMU] Err: zns.c : zns_check_zone_read(), to inhoinno 
[FEMU] Err: zns.c : zns_check_zone_state_for_read(), to inhoinno 
[FEMU] Err: dram.c : backend_rw(), to inhoinno 
[FEMU] Err: /femu/nvme-io.c : nvme_io_cmd(), to inhoinno 
[FEMU] Err: zns.c : zns_io_cmd(), to inhoinno 
[FEMU] Err: zns.c : zns_read(), to inhoinno 
[FEMU] Err: zns.c : zns_get_zone_by_slba(), to inhoinno 
[FEMU] Err: zns.c : zns_check_zone_read(), to inhoinno 
[FEMU] Err: zns.c : zns_check_zone_state_for_read(), to inhoinno 
[FEMU] Err: dram.c : backend_rw(), to inhoinno 
[FEMU] Err: /femu/nvme-io.c : nvme_io_cmd(), to inhoinno 
[FEMU] Err: zns.c : zns_io_cmd(), to inhoinno 
[FEMU] Err: zns.c : zns_read(), to inhoinno 
[FEMU] Err: zns.c : zns_get_zone_by_slba(), to inhoinno 
[FEMU] Err: zns.c : zns_check_zone_read(), to inhoinno 
[FEMU] Err: zns.c : zns_check_zone_state_for_read(), to inhoinno 
[FEMU] Err: dram.c : backend_rw(), to inhoinno 
[FEMU] Err: /femu/nvme-io.c : nvme_io_cmd(), to inhoinno 
[FEMU] Err: zns.c : zns_io_cmd(), to inhoinno 
[FEMU] Err: zns.c : zns_read(), to inhoinno 
[FEMU] Err: zns.c : zns_get_zone_by_slba(), to inhoinno 
[FEMU] Err: zns.c : zns_check_zone_read(), to inhoinno 
[FEMU] Err: zns.c : zns_check_zone_state_for_read(), to inhoinno 
[FEMU] Err: dram.c : backend_rw(), to inhoinno 
[FEMU] Err: /femu/nvme-io.c : nvme_io_cmd(), to inhoinno 
[FEMU] Err: zns.c : zns_io_cmd(), to inhoinno 
[FEMU] Err: zns.c : zns_read(), to inhoinno 
[FEMU] Err: zns.c : zns_get_zone_by_slba(), to inhoinno 
[FEMU] Err: zns.c : zns_check_zone_read(), to inhoinno 
[FEMU] Err: zns.c : zns_check_zone_state_for_read(), to inhoinno 
[FEMU] Err: dram.c : backend_rw(), to inhoinno 
[FEMU] Err: /femu/nvme-io.c : nvme_io_cmd(), to inhoinno 
[FEMU] Err: zns.c : zns_io_cmd(), to inhoinno 
[FEMU] Err: zns.c : zns_read(), to inhoinno 
[FEMU] Err: zns.c : zns_get_zone_by_slba(), to inhoinno 
[FEMU] Err: zns.c : zns_check_zone_read(), to inhoinno 
[FEMU] Err: zns.c : zns_check_zone_state_for_read(), to inhoinno 
[FEMU] Err: dram.c : backend_rw(), to inhoinno 
[FEMU] Err: /femu/nvme-io.c : nvme_io_cmd(), to inhoinno 
[FEMU] Err: zns.c : zns_io_cmd(), to inhoinno 
[FEMU] Err: zns.c : zns_read(), to inhoinno 
[FEMU] Err: zns.c : zns_get_zone_by_slba(), to inhoinno 
[FEMU] Err: zns.c : zns_check_zone_read(), to inhoinno 
[FEMU] Err: zns.c : zns_check_zone_state_for_read(), to inhoinno 
[FEMU] Err: dram.c : backend_rw(), to inhoinno 
[FEMU] Err: /femu/nvme-io.c : nvme_io_cmd(), to inhoinno 
[FEMU] Err: zns.c : zns_io_cmd(), to inhoinno 
[FEMU] Err: zns.c : zns_read(), to inhoinno 
[FEMU] Err: zns.c : zns_get_zone_by_slba(), to inhoinno 
[FEMU] Err: zns.c : zns_check_zone_read(), to inhoinno 
[FEMU] Err: zns.c : zns_check_zone_state_for_read(), to inhoinno 
[FEMU] Err: dram.c : backend_rw(), to inhoinno 
[FEMU] Err: /femu/nvme-io.c : nvme_io_cmd(), to inhoinno 
[FEMU] Err: zns.c : zns_io_cmd(), to inhoinno 
[FEMU] Err: zns.c : zns_read(), to inhoinno 
[FEMU] Err: zns.c : zns_get_zone_by_slba(), to inhoinno 
[FEMU] Err: zns.c : zns_check_zone_read(), to inhoinno 
[FEMU] Err: zns.c : zns_check_zone_state_for_read(), to inhoinno 
[FEMU] Err: dram.c : backend_rw(), to inhoinno 
[FEMU] Err: /femu/nvme-io.c : nvme_io_cmd(), to inhoinno 
[FEMU] Err: zns.c : zns_io_cmd(), to inhoinno 
[FEMU] Err: zns.c : zns_read(), to inhoinno 
[FEMU] Err: zns.c : zns_get_zone_by_slba(), to inhoinno 
[FEMU] Err: zns.c : zns_check_zone_read(), to inhoinno 
[FEMU] Err: zns.c : zns_check_zone_state_for_read(), to inhoinno 
[FEMU] Err: dram.c : backend_rw(), to inhoinno 
[FEMU] Err: /femu/nvme-io.c : nvme_io_cmd(), to inhoinno 
[FEMU] Err: zns.c : zns_io_cmd(), to inhoinno 
[FEMU] Err: zns.c : zns_read(), to inhoinno 
[FEMU] Err: zns.c : zns_get_zone_by_slba(), to inhoinno 
[FEMU] Err: zns.c : zns_check_zone_read(), to inhoinno 
[FEMU] Err: zns.c : zns_check_zone_state_for_read(), to inhoinno 
[FEMU] Err: dram.c : backend_rw(), to inhoinno 
[FEMU] Err: /femu/nvme-io.c : nvme_io_cmd(), to inhoinno 
[FEMU] Err: zns.c : zns_io_cmd(), to inhoinno 
[FEMU] Err: zns.c : zns_read(), to inhoinno 
[FEMU] Err: zns.c : zns_get_zone_by_slba(), to inhoinno 
[FEMU] Err: zns.c : zns_check_zone_read(), to inhoinno 
[FEMU] Err: zns.c : zns_check_zone_state_for_read(), to inhoinno 
[FEMU] Err: dram.c : backend_rw(), to inhoinno 
[FEMU] Err: /femu/nvme-io.c : nvme_io_cmd(), to inhoinno 
[FEMU] Err: zns.c : zns_io_cmd(), to inhoinno 
[FEMU] Err: zns.c : zns_read(), to inhoinno 
[FEMU] Err: zns.c : zns_get_zone_by_slba(), to inhoinno 
[FEMU] Err: zns.c : zns_check_zone_read(), to inhoinno 
[FEMU] Err: zns.c : zns_check_zone_state_for_read(), to inhoinno 
[FEMU] Err: dram.c : backend_rw(), to inhoinno 
[FEMU] Err: /femu/nvme-io.c : nvme_io_cmd(), to inhoinno 
[FEMU] Err: zns.c : zns_io_cmd(), to inhoinno 
[FEMU] Err: zns.c : zns_read(), to inhoinno 
[FEMU] Err: zns.c : zns_get_zone_by_slba(), to inhoinno 
[FEMU] Err: zns.c : zns_check_zone_read(), to inhoinno 
[FEMU] Err: zns.c : zns_check_zone_state_for_read(), to inhoinno 
[FEMU] Err: dram.c : backend_rw(), to inhoinno 
[FEMU] Err: /femu/nvme-io.c : nvme_io_cmd(), to inhoinno 
[FEMU] Err: zns.c : zns_io_cmd(), to inhoinno 
[FEMU] Err: zns.c : zns_read(), to inhoinno 
[FEMU] Err: zns.c : zns_get_zone_by_slba(), to inhoinno 
[FEMU] Err: zns.c : zns_check_zone_read(), to inhoinno 
[FEMU] Err: zns.c : zns_check_zone_state_for_read(), to inhoinno 
[FEMU] Err: dram.c : backend_rw(), to inhoinno 
[FEMU] Err: /femu/nvme-io.c : nvme_io_cmd(), to inhoinno 
[FEMU] Err: zns.c : zns_io_cmd(), to inhoinno 
[FEMU] Err: zns.c : zns_read(), to inhoinno 
[FEMU] Err: zns.c : zns_get_zone_by_slba(), to inhoinno 
[FEMU] Err: zns.c : zns_check_zone_read(), to inhoinno 
[FEMU] Err: zns.c : zns_check_zone_state_for_read(), to inhoinno 
[FEMU] Err: dram.c : backend_rw(), to inhoinno 
[FEMU] Err: /femu/nvme-io.c : nvme_io_cmd(), to inhoinno 
[FEMU] Err: zns.c : zns_io_cmd(), to inhoinno 
[FEMU] Err: zns.c : zns_read(), to inhoinno 
[FEMU] Err: zns.c : zns_get_zone_by_slba(), to inhoinno 
[FEMU] Err: zns.c : zns_check_zone_read(), to inhoinno 
[FEMU] Err: zns.c : zns_check_zone_state_for_read(), to inhoinno 
[FEMU] Err: dram.c : backend_rw(), to inhoinno 
[FEMU] Err: /femu/nvme-io.c : nvme_io_cmd(), to inhoinno 
[FEMU] Err: zns.c : zns_io_cmd(), to inhoinno 
[FEMU] Err: zns.c : zns_read(), to inhoinno 
[FEMU] Err: zns.c : zns_get_zone_by_slba(), to inhoinno 
[FEMU] Err: zns.c : zns_check_zone_read(), to inhoinno 
[FEMU] Err: zns.c : zns_check_zone_state_for_read(), to inhoinno 
[FEMU] Err: dram.c : backend_rw(), to inhoinno 
[FEMU] Err: /femu/nvme-io.c : nvme_io_cmd(), to inhoinno 
[FEMU] Err: zns.c : zns_io_cmd(), to inhoinno 
[FEMU] Err: zns.c : zns_read(), to inhoinno 
[FEMU] Err: zns.c : zns_get_zone_by_slba(), to inhoinno 
[FEMU] Err: zns.c : zns_check_zone_read(), to inhoinno 
[FEMU] Err: zns.c : zns_check_zone_state_for_read(), to inhoinno 
[FEMU] Err: dram.c : backend_rw(), to inhoinno 
[FEMU] Err: /femu/nvme-io.c : nvme_io_cmd(), to inhoinno 
[FEMU] Err: zns.c : zns_io_cmd(), to inhoinno 
[FEMU] Err: zns.c : zns_read(), to inhoinno 
[FEMU] Err: zns.c : zns_get_zone_by_slba(), to inhoinno 
[FEMU] Err: zns.c : zns_check_zone_read(), to inhoinno 
[FEMU] Err: zns.c : zns_check_zone_state_for_read(), to inhoinno 
[FEMU] Err: dram.c : backend_rw(), to inhoinno 
[FEMU] Err: /femu/nvme-io.c : nvme_io_cmd(), to inhoinno 
[FEMU] Err: zns.c : zns_io_cmd(), to inhoinno 
[FEMU] Err: zns.c : zns_read(), to inhoinno 
[FEMU] Err: zns.c : zns_get_zone_by_slba(), to inhoinno 
[FEMU] Err: zns.c : zns_check_zone_read(), to inhoinno 
[FEMU] Err: zns.c : zns_check_zone_state_for_read(), to inhoinno 
[FEMU] Err: dram.c : backend_rw(), to inhoinno 
[FEMU] Err: /femu/nvme-io.c : nvme_io_cmd(), to inhoinno 
[FEMU] Err: zns.c : zns_io_cmd(), to inhoinno 
[FEMU] Err: zns.c : zns_read(), to inhoinno 
[FEMU] Err: zns.c : zns_get_zone_by_slba(), to inhoinno 
[FEMU] Err: zns.c : zns_check_zone_read(), to inhoinno 
[FEMU] Err: zns.c : zns_check_zone_state_for_read(), to inhoinno 
[FEMU] Err: dram.c : backend_rw(), to inhoinno 
[FEMU] Err: /femu/nvme-io.c : nvme_io_cmd(), to inhoinno 
[FEMU] Err: zns.c : zns_io_cmd(), to inhoinno 
[FEMU] Err: zns.c : zns_read(), to inhoinno 
[FEMU] Err: zns.c : zns_get_zone_by_slba(), to inhoinno 
[FEMU] Err: zns.c : zns_check_zone_read(), to inhoinno 
[FEMU] Err: zns.c : zns_check_zone_state_for_read(), to inhoinno 
[FEMU] Err: dram.c : backend_rw(), to inhoinno 
[FEMU] Err: /femu/nvme-io.c : nvme_io_cmd(), to inhoinno 
[FEMU] Err: zns.c : zns_io_cmd(), to inhoinno 
[FEMU] Err: zns.c : zns_read(), to inhoinno 
[FEMU] Err: zns.c : zns_get_zone_by_slba(), to inhoinno 
[FEMU] Err: zns.c : zns_check_zone_read(), to inhoinno 
[FEMU] Err: zns.c : zns_check_zone_state_for_read(), to inhoinno 
[FEMU] Err: dram.c : backend_rw(), to inhoinno 
[FEMU] Err: /femu/nvme-io.c : nvme_io_cmd(), to inhoinno 
[FEMU] Err: zns.c : zns_io_cmd(), to inhoinno 
[FEMU] Err: zns.c : zns_read(), to inhoinno 
[FEMU] Err: zns.c : zns_get_zone_by_slba(), to inhoinno 
[FEMU] Err: zns.c : zns_check_zone_read(), to inhoinno 
[FEMU] Err: zns.c : zns_check_zone_state_for_read(), to inhoinno 
[FEMU] Err: dram.c : backend_rw(), to inhoinno 
[FEMU] Err: /femu/nvme-io.c : nvme_io_cmd(), to inhoinno 
[FEMU] Err: zns.c : zns_io_cmd(), to inhoinno 
[FEMU] Err: zns.c : zns_read(), to inhoinno 
[FEMU] Err: zns.c : zns_get_zone_by_slba(), to inhoinno 
[FEMU] Err: zns.c : zns_check_zone_read(), to inhoinno 
[FEMU] Err: zns.c : zns_check_zone_state_for_read(), to inhoinno 
[FEMU] Err: dram.c : backend_rw(), to inhoinno 
[FEMU] Err: /femu/nvme-io.c : nvme_io_cmd(), to inhoinno 
[FEMU] Err: zns.c : zns_io_cmd(), to inhoinno 
[FEMU] Err: zns.c : zns_read(), to inhoinno 
[FEMU] Err: zns.c : zns_get_zone_by_slba(), to inhoinno 
[FEMU] Err: zns.c : zns_check_zone_read(), to inhoinno 
[FEMU] Err: zns.c : zns_check_zone_state_for_read(), to inhoinno 
[FEMU] Err: dram.c : backend_rw(), to inhoinno 
[FEMU] Err: /femu/nvme-io.c : nvme_io_cmd(), to inhoinno 
[FEMU] Err: zns.c : zns_io_cmd(), to inhoinno 
[FEMU] Err: zns.c : zns_read(), to inhoinno 
[FEMU] Err: zns.c : zns_get_zone_by_slba(), to inhoinno 
[FEMU] Err: zns.c : zns_check_zone_read(), to inhoinno 
[FEMU] Err: zns.c : zns_check_zone_state_for_read(), to inhoinno 
[FEMU] Err: dram.c : backend_rw(), to inhoinno 
[FEMU] Err: /femu/nvme-io.c : nvme_io_cmd(), to inhoinno 
[FEMU] Err: zns.c : zns_io_cmd(), to inhoinno 
[FEMU] Err: zns.c : zns_read(), to inhoinno 
[FEMU] Err: zns.c : zns_get_zone_by_slba(), to inhoinno 
[FEMU] Err: zns.c : zns_check_zone_read(), to inhoinno 
[FEMU] Err: zns.c : zns_check_zone_state_for_read(), to inhoinno 
[FEMU] Err: dram.c : backend_rw(), to inhoinno 
[FEMU] Err: /femu/nvme-io.c : nvme_io_cmd(), to inhoinno 
[FEMU] Err: zns.c : zns_io_cmd(), to inhoinno 
[FEMU] Err: zns.c : zns_read(), to inhoinno 
[FEMU] Err: zns.c : zns_get_zone_by_slba(), to inhoinno 
[FEMU] Err: zns.c : zns_check_zone_read(), to inhoinno 
[FEMU] Err: zns.c : zns_check_zone_state_for_read(), to inhoinno 
[FEMU] Err: dram.c : backend_rw(), to inhoinno 
[FEMU] Err: /femu/nvme-io.c : nvme_io_cmd(), to inhoinno 
[FEMU] Err: zns.c : zns_io_cmd(), to inhoinno 
[FEMU] Err: zns.c : zns_read(), to inhoinno 
[FEMU] Err: zns.c : zns_get_zone_by_slba(), to inhoinno 
[FEMU] Err: zns.c : zns_check_zone_read(), to inhoinno 
[FEMU] Err: zns.c : zns_check_zone_state_for_read(), to inhoinno 
[FEMU] Err: dram.c : backend_rw(), to inhoinno 
[FEMU] Err: /femu/nvme-io.c : nvme_io_cmd(), to inhoinno 
[FEMU] Err: zns.c : zns_io_cmd(), to inhoinno 
[FEMU] Err: zns.c : zns_read(), to inhoinno 
[FEMU] Err: zns.c : zns_get_zone_by_slba(), to inhoinno 
[FEMU] Err: zns.c : zns_check_zone_read(), to inhoinno 
[FEMU] Err: zns.c : zns_check_zone_state_for_read(), to inhoinno 
[FEMU] Err: dram.c : backend_rw(), to inhoinno 
[FEMU] Err: /femu/nvme-io.c : nvme_io_cmd(), to inhoinno 
[FEMU] Err: zns.c : zns_io_cmd(), to inhoinno 
[FEMU] Err: zns.c : zns_read(), to inhoinno 
[FEMU] Err: zns.c : zns_get_zone_by_slba(), to inhoinno 
[FEMU] Err: zns.c : zns_check_zone_read(), to inhoinno 
[FEMU] Err: zns.c : zns_check_zone_state_for_read(), to inhoinno 
[FEMU] Err: dram.c : backend_rw(), to inhoinno 
[FEMU] Err: /femu/nvme-io.c : nvme_io_cmd(), to inhoinno 
[FEMU] Err: zns.c : zns_io_cmd(), to inhoinno 
[FEMU] Err: zns.c : zns_read(), to inhoinno 
[FEMU] Err: zns.c : zns_get_zone_by_slba(), to inhoinno 
[FEMU] Err: zns.c : zns_check_zone_read(), to inhoinno 
[FEMU] Err: zns.c : zns_check_zone_state_for_read(), to inhoinno 
[FEMU] Err: dram.c : backend_rw(), to inhoinno 
[FEMU] Err: /femu/nvme-io.c : nvme_io_cmd(), to inhoinno 
[FEMU] Err: zns.c : zns_io_cmd(), to inhoinno 
[FEMU] Err: zns.c : zns_read(), to inhoinno 
[FEMU] Err: zns.c : zns_get_zone_by_slba(), to inhoinno 
[FEMU] Err: zns.c : zns_check_zone_read(), to inhoinno 
[FEMU] Err: zns.c : zns_check_zone_state_for_read(), to inhoinno 
[FEMU] Err: dram.c : backend_rw(), to inhoinno 
[FEMU] Err: /femu/nvme-io.c : nvme_io_cmd(), to inhoinno 
[FEMU] Err: zns.c : zns_io_cmd(), to inhoinno 
[FEMU] Err: zns.c : zns_read(), to inhoinno 
[FEMU] Err: zns.c : zns_get_zone_by_slba(), to inhoinno 
[FEMU] Err: zns.c : zns_check_zone_read(), to inhoinno 
[FEMU] Err: zns.c : zns_check_zone_state_for_read(), to inhoinno 
[FEMU] Err: dram.c : backend_rw(), to inhoinno 
[FEMU] Err: /femu/nvme-io.c : nvme_io_cmd(), to inhoinno 
[FEMU] Err: zns.c : zns_io_cmd(), to inhoinno 
[FEMU] Err: zns.c : zns_read(), to inhoinno 
[FEMU] Err: zns.c : zns_get_zone_by_slba(), to inhoinno 
[FEMU] Err: zns.c : zns_check_zone_read(), to inhoinno 
[FEMU] Err: zns.c : zns_check_zone_state_for_read(), to inhoinno 
[FEMU] Err: dram.c : backend_rw(), to inhoinno 
[FEMU] Err: /femu/nvme-io.c : nvme_io_cmd(), to inhoinno 
[FEMU] Err: zns.c : zns_io_cmd(), to inhoinno 
[FEMU] Err: zns.c : zns_read(), to inhoinno 
[FEMU] Err: zns.c : zns_get_zone_by_slba(), to inhoinno 
[FEMU] Err: zns.c : zns_check_zone_read(), to inhoinno 
[FEMU] Err: zns.c : zns_check_zone_state_for_read(), to inhoinno 
[FEMU] Err: dram.c : backend_rw(), to inhoinno 
[FEMU] Err: /femu/nvme-io.c : nvme_io_cmd(), to inhoinno 
[FEMU] Err: zns.c : zns_io_cmd(), to inhoinno 
[FEMU] Err: zns.c : zns_read(), to inhoinno 
[FEMU] Err: zns.c : zns_get_zone_by_slba(), to inhoinno 
[FEMU] Err: zns.c : zns_check_zone_read(), to inhoinno 
[FEMU] Err: zns.c : zns_check_zone_state_for_read(), to inhoinno 
[FEMU] Err: dram.c : backend_rw(), to inhoinno 
[FEMU] Err: /femu/nvme-io.c : nvme_io_cmd(), to inhoinno 
[FEMU] Err: zns.c : zns_io_cmd(), to inhoinno 
[FEMU] Err: zns.c : zns_read(), to inhoinno 
[FEMU] Err: zns.c : zns_get_zone_by_slba(), to inhoinno 
[FEMU] Err: zns.c : zns_check_zone_read(), to inhoinno 
[FEMU] Err: zns.c : zns_check_zone_state_for_read(), to inhoinno 
[FEMU] Err: dram.c : backend_rw(), to inhoinno 
[FEMU] Err: /femu/nvme-io.c : nvme_io_cmd(), to inhoinno 
[FEMU] Err: zns.c : zns_io_cmd(), to inhoinno 
[FEMU] Err: zns.c : zns_read(), to inhoinno 
[FEMU] Err: zns.c : zns_get_zone_by_slba(), to inhoinno 
[FEMU] Err: zns.c : zns_check_zone_read(), to inhoinno 
[FEMU] Err: zns.c : zns_check_zone_state_for_read(), to inhoinno 
[FEMU] Err: dram.c : backend_rw(), to inhoinno 
[FEMU] Err: /femu/nvme-io.c : nvme_io_cmd(), to inhoinno 
[FEMU] Err: zns.c : zns_io_cmd(), to inhoinno 
[FEMU] Err: zns.c : zns_read(), to inhoinno 
[FEMU] Err: zns.c : zns_get_zone_by_slba(), to inhoinno 
[FEMU] Err: zns.c : zns_check_zone_read(), to inhoinno 
[FEMU] Err: zns.c : zns_check_zone_state_for_read(), to inhoinno 
[FEMU] Err: dram.c : backend_rw(), to inhoinno 
[FEMU] Err: /femu/nvme-io.c : nvme_io_cmd(), to inhoinno 
[FEMU] Err: zns.c : zns_io_cmd(), to inhoinno 
[FEMU] Err: zns.c : zns_read(), to inhoinno 
[FEMU] Err: zns.c : zns_get_zone_by_slba(), to inhoinno 
[FEMU] Err: zns.c : zns_check_zone_read(), to inhoinno 
[FEMU] Err: zns.c : zns_check_zone_state_for_read(), to inhoinno 
[FEMU] Err: dram.c : backend_rw(), to inhoinno 
[FEMU] Err: /femu/nvme-io.c : nvme_io_cmd(), to inhoinno 
[FEMU] Err: zns.c : zns_io_cmd(), to inhoinno 
[FEMU] Err: zns.c : zns_read(), to inhoinno 
[FEMU] Err: zns.c : zns_get_zone_by_slba(), to inhoinno 
[FEMU] Err: zns.c : zns_check_zone_read(), to inhoinno 
[FEMU] Err: zns.c : zns_check_zone_state_for_read(), to inhoinno 
[FEMU] Err: dram.c : backend_rw(), to inhoinno 
[FEMU] Err: /femu/nvme-io.c : nvme_io_cmd(), to inhoinno 
[FEMU] Err: zns.c : zns_io_cmd(), to inhoinno 
[FEMU] Err: zns.c : zns_read(), to inhoinno 
[FEMU] Err: zns.c : zns_get_zone_by_slba(), to inhoinno 
[FEMU] Err: zns.c : zns_check_zone_read(), to inhoinno 
[FEMU] Err: zns.c : zns_check_zone_state_for_read(), to inhoinno 
[FEMU] Err: dram.c : backend_rw(), to inhoinno 
[FEMU] Err: /femu/nvme-io.c : nvme_io_cmd(), to inhoinno 
[FEMU] Err: zns.c : zns_io_cmd(), to inhoinno 
[FEMU] Err: zns.c : zns_read(), to inhoinno 
[FEMU] Err: zns.c : zns_get_zone_by_slba(), to inhoinno 
[FEMU] Err: zns.c : zns_check_zone_read(), to inhoinno 
[FEMU] Err: zns.c : zns_check_zone_state_for_read(), to inhoinno 
[FEMU] Err: dram.c : backend_rw(), to inhoinno 
[FEMU] Err: /femu/nvme-io.c : nvme_io_cmd(), to inhoinno 
[FEMU] Err: zns.c : zns_io_cmd(), to inhoinno 
[FEMU] Err: zns.c : zns_read(), to inhoinno 
[FEMU] Err: zns.c : zns_get_zone_by_slba(), to inhoinno 
[FEMU] Err: zns.c : zns_check_zone_read(), to inhoinno 
[FEMU] Err: zns.c : zns_check_zone_state_for_read(), to inhoinno 
[FEMU] Err: dram.c : backend_rw(), to inhoinno 
[FEMU] Err: /femu/nvme-io.c : nvme_io_cmd(), to inhoinno 
[FEMU] Err: zns.c : zns_io_cmd(), to inhoinno 
[FEMU] Err: zns.c : zns_read(), to inhoinno 
[FEMU] Err: zns.c : zns_get_zone_by_slba(), to inhoinno 
[FEMU] Err: zns.c : zns_check_zone_read(), to inhoinno 
[FEMU] Err: zns.c : zns_check_zone_state_for_read(), to inhoinno 
[FEMU] Err: dram.c : backend_rw(), to inhoinno 
[FEMU] Err: /femu/nvme-io.c : nvme_io_cmd(), to inhoinno 
[FEMU] Err: zns.c : zns_io_cmd(), to inhoinno 
[FEMU] Err: zns.c : zns_read(), to inhoinno 
[FEMU] Err: zns.c : zns_get_zone_by_slba(), to inhoinno 
[FEMU] Err: zns.c : zns_check_zone_read(), to inhoinno 
[FEMU] Err: zns.c : zns_check_zone_state_for_read(), to inhoinno 
[FEMU] Err: dram.c : backend_rw(), to inhoinno 
[FEMU] Err: /femu/nvme-io.c : nvme_io_cmd(), to inhoinno 
[FEMU] Err: zns.c : zns_io_cmd(), to inhoinno 
[FEMU] Err: zns.c : zns_read(), to inhoinno 
[FEMU] Err: zns.c : zns_get_zone_by_slba(), to inhoinno 
[FEMU] Err: zns.c : zns_check_zone_read(), to inhoinno 
[FEMU] Err: zns.c : zns_check_zone_state_for_read(), to inhoinno 
[FEMU] Err: dram.c : backend_rw(), to inhoinno 
[FEMU] Err: /femu/nvme-io.c : nvme_io_cmd(), to inhoinno 
[FEMU] Err: zns.c : zns_io_cmd(), to inhoinno 
[FEMU] Err: zns.c : zns_read(), to inhoinno 
[FEMU] Err: zns.c : zns_get_zone_by_slba(), to inhoinno 
[FEMU] Err: zns.c : zns_check_zone_read(), to inhoinno 
[FEMU] Err: zns.c : zns_check_zone_state_for_read(), to inhoinno 
[FEMU] Err: dram.c : backend_rw(), to inhoinno 
[FEMU] Err: /femu/nvme-io.c : nvme_io_cmd(), to inhoinno 
[FEMU] Err: zns.c : zns_io_cmd(), to inhoinno 
[FEMU] Err: zns.c : zns_read(), to inhoinno 
[FEMU] Err: zns.c : zns_get_zone_by_slba(), to inhoinno 
[FEMU] Err: zns.c : zns_check_zone_read(), to inhoinno 
[FEMU] Err: zns.c : zns_check_zone_state_for_read(), to inhoinno 
[FEMU] Err: dram.c : backend_rw(), to inhoinno 
[FEMU] Err: /femu/nvme-io.c : nvme_io_cmd(), to inhoinno 
[FEMU] Err: zns.c : zns_io_cmd(), to inhoinno 
[FEMU] Err: zns.c : zns_read(), to inhoinno 
[FEMU] Err: zns.c : zns_get_zone_by_slba(), to inhoinno 
[FEMU] Err: zns.c : zns_check_zone_read(), to inhoinno 
[FEMU] Err: zns.c : zns_check_zone_state_for_read(), to inhoinno 
[FEMU] Err: dram.c : backend_rw(), to inhoinno 
Begin: Loading essential drivers ... [    0.970694] raid6: avx2x4   gen() 51954 MB/s
[    1.038656] raid6: avx2x4   xor() 21443 MB/s
[    1.106696] raid6: avx2x2   gen() 52815 MB/s
[    1.174662] raid6: avx2x2   xor() 31144 MB/s
[    1.242682] raid6: avx2x1   gen() 44024 MB/s
[    1.310652] raid6: avx2x1   xor() 26900 MB/s
[    1.378697] raid6: sse2x4   gen() 20733 MB/s
[    1.446700] raid6: sse2x4   xor() 12482 MB/s
[    1.514653] raid6: sse2x2   gen() 21967 MB/s
[    1.582700] raid6: sse2x2   xor() 13228 MB/s
[    1.650693] raid6: sse2x1   gen() 18411 MB/s
[    1.718703] raid6: sse2x1   xor()  9034 MB/s
[    1.719041] raid6: using algorithm avx2x2 gen() 52815 MB/s
[    1.719442] raid6: .... xor() 31144 MB/s, rmw enabled
[    1.719811] raid6: using avx2x2 recovery algorithm
[    1.721015] xor: automatically using best checksumming function   avx       
[    1.723121] async_tx: api initialized (async)
done.
Begin: Running /scripts/init-premount ... done.
Begin: Mounting root file system ... Begin: Running /scripts/local-top ... [FEMU] Err: /femu/nvme-io.c : nvme_io_cmd(), to inhoinno 
[FEMU] Err: zns.c : zns_io_cmd(), to inhoinno 
[FEMU] Err: zns.c : zns_read(), to inhoinno 
[FEMU] Err: zns.c : zns_get_zone_by_slba(), to inhoinno 
[FEMU] Err: zns.c : zns_check_zone_read(), to inhoinno 
[FEMU] Err: zns.c : zns_check_zone_state_for_read(), to inhoinno 
[FEMU] Err: dram.c : backend_rw(), to inhoinno 
[   31.842738] nvme nvme0: I/O 729 QID 3 timeout, aborting
[   31.843713] nvme nvme0: Abort status: 0x0
[   62.562713] nvme nvme0: I/O 729 QID 3 timeout, reset controller
[FEMU] Err: /femu/nvme-io.c : nvme_post_cqes_io(), to inhoinno 
[FEMU] Err: /femu/nvme-io.c : nvme_post_cqes_io(), to inhoinno 
[FEMU] Err: /femu/nvme-io.c : nvme_post_cqes_io(), to inhoinno 
[FEMU] Err: /femu/nvme-io.c : nvme_post_cqes_io(), to inhoinno 
[FEMU] Err: zns.c : zns_start_ctrl(), to inhoinno 
[   62.630911] nvme nvme0: 4/0/0 default/read/poll queues
[   93.282694] nvme nvme0: I/O 729 QID 3 timeout, disable controller
[FEMU] Err: /femu/nvme-io.c : nvme_post_cqes_io(), to inhoinno 
[FEMU] Err: /femu/nvme-io.c : nvme_post_cqes_io(), to inhoinno 
[FEMU] Err: /femu/nvme-io.c : nvme_post_cqes_io(), to inhoinno 
[FEMU] Err: /femu/nvme-io.c : nvme_post_cqes_io(), to inhoinno 
[   93.332121] blk_update_request: I/O error, dev nvme0n1, sector 0 op 0x0:(READ) flags 0x0 phys_seg 3 prio class 0
[   93.333445] nvme nvme0: failed to mark controller live state
[   93.334198] nvme nvme0: Removing after probe failure status: -19
done.
Begin: Running /scripts/local-premount ... [   93.387718] Btrfs loaded, crc32c=crc32c-intel
Scanning for Btrfs filesystems
[   93.470674] blk_update_request: I/O error, dev fd0, sector 0 op 0x0:(READ) flags 0x0 phys_seg 1 prio class 0
[   93.471572] floppy: error 10 while reading block 0
done.
Begin: Will now check root file system ... fsck from util-linux 2.34
[/usr/sbin/fsck.ext4 (1) -- /dev/mapper/ubuntu--vg-ubuntu--lv] fsck.ext4 -a -C0 /dev/mapper/ubuntu--vg-ubuntu--lv 
/dev/mapper/ubuntu--vg-ubuntu--lv: clean, 219626/2588672 files, 3672646/10354688 blocks
done.
[   93.496299] EXT4-fs (dm-0): mounted filesystem with ordered data mode. Opts: (null)
done.
Begin: Running /scripts/local-bottom ... done.
Begin: Running /scripts/init-bottom ... Internet Systems Consortium DHCP Client 4.4.1
Copyright 2004-2018 Internet Systems Consortium.
All rights reserved.
For info, please visit https://www.isc.org/software/dhcp/

Listening on LPF/ens3/52:54:00:12:34:56
Sending on   LPF/ens3/52:54:00:12:34:56
Sending on   Socket/fallback
DHCPDISCOVER on ens3 to 255.255.255.255 port 67 interval 3 (xid=0x3c886b7f)
DHCPOFFER of 10.0.2.15 from 10.0.2.2
DHCPREQUEST for 10.0.2.15 on ens3 to 255.255.255.255 port 67 (xid=0x7f6b883c)
DHCPACK of 10.0.2.15 from 10.0.2.2 (xid=0x3c886b7f)
bound to 10.0.2.15 -- renewal in 33648 seconds.
done.
[   93.667400] systemd[1]: Inserted module 'autofs4'
[   93.676524] systemd[1]: systemd 245.4-4ubuntu3.15 running in system mode. (+PAM +AUDIT +SELINUX +IMA +APPARMOR +SMACK +SYSVINIT +UTMP +LIBCRYPTSETUP +GCRYPT +GNUTLS +ACL +XZ +LZ4 +SECCOMP +BLKID +ELFUTILS +KMOD +IDN2 -IDN +PCRE2 default-hierarchy=hybrid)
[   93.679448] systemd[1]: Detected virtualization kvm.
[   93.680218] systemd[1]: Detected architecture x86-64.

Welcome to [1mUbuntu 20.04.3 LTS[0m!

[   93.696492] systemd[1]: Set hostname to <inhoinnofemu>.
[   93.782671] blk_update_request: I/O error, dev fd0, sector 0 op 0x0:(READ) flags 0x0 phys_seg 1 prio class 0
[   93.783936] floppy: error 10 while reading block 0
[   93.849841] systemd[1]: Created slice system-modprobe.slice.
[[0;32m  OK  [0m] Created slice [0;1;39msystem-modprobe.slice[0m.
[   93.851795] systemd[1]: Created slice system-serial\x2dgetty.slice.
[[0;32m  OK  [0m] Created slice [0;1;39msystem-serial\x2dgetty.slice[0m.
[   93.853678] systemd[1]: Created slice system-systemd\x2dfsck.slice.
[[0;32m  OK  [0m] Created slice [0;1;39msystem-systemd\x2dfsck.slice[0m.
[   93.855548] systemd[1]: Created slice User and Session Slice.
[[0;32m  OK  [0m] Created slice [0;1;39mUser and Session Slice[0m.
[   93.857203] systemd[1]: Started Forward Password Requests to Wall Directory Watch.
[[0;32m  OK  [0m] Started [0;1;39mForward Password R…uests to Wall Directory Watch[0m.
[   93.859274] systemd[1]: Set up automount Arbitrary Executable File Formats File System Automount Point.
[[0;32m  OK  [0m] Set up automount [0;1;39mArbitrary…s File System Automount Point[0m.
[   93.861407] systemd[1]: Reached target User and Group Name Lookups.
[[0;32m  OK  [0m] Reached target [0;1;39mUser and Group Name Lookups[0m.
[   93.863156] systemd[1]: Reached target Slices.
[[0;32m  OK  [0m] Reached target [0;1;39mSlices[0m.
[   93.864618] systemd[1]: Listening on Device-mapper event daemon FIFOs.
[[0;32m  OK  [0m] Listening on [0;1;39mDevice-mapper event daemon FIFOs[0m.
[   93.866364] systemd[1]: Listening on LVM2 poll daemon socket.
[[0;32m  OK  [0m] Listening on [0;1;39mLVM2 poll daemon socket[0m.
[   93.867749] systemd[1]: Listening on multipathd control socket.
[[0;32m  OK  [0m] Listening on [0;1;39mmultipathd control socket[0m.
[   93.869446] systemd[1]: Listening on Syslog Socket.
[[0;32m  OK  [0m] Listening on [0;1;39mSyslog Socket[0m.
[   93.871003] systemd[1]: Listening on fsck to fsckd communication Socket.
[[0;32m  OK  [0m] Listening on [0;1;39mfsck to fsckd communication Socket[0m.
[   93.872552] systemd[1]: Listening on initctl Compatibility Named Pipe.
[[0;32m  OK  [0m] Listening on [0;1;39minitctl Compatibility Named Pipe[0m.
[   93.874001] systemd[1]: Listening on Journal Audit Socket.
[[0;32m  OK  [0m] Listening on [0;1;39mJournal Audit Socket[0m.
[   93.875427] systemd[1]: Listening on Journal Socket (/dev/log).
[[0;32m  OK  [0m] Listening on [0;1;39mJournal Socket (/dev/log)[0m.
[   93.876888] systemd[1]: Listening on Journal Socket.
[[0;32m  OK  [0m] Listening on [0;1;39mJournal Socket[0m.
[   93.878108] systemd[1]: Listening on Network Service Netlink Socket.
[[0;32m  OK  [0m] Listening on [0;1;39mNetwork Service Netlink Socket[0m.
[   93.879488] systemd[1]: Listening on udev Control Socket.
[[0;32m  OK  [0m] Listening on [0;1;39mudev Control Socket[0m.
[   93.880741] systemd[1]: Listening on udev Kernel Socket.
[[0;32m  OK  [0m] Listening on [0;1;39mudev Kernel Socket[0m.
[   93.882710] systemd[1]: Mounting Huge Pages File System...
         Mounting [0;1;39mHuge Pages File System[0m...
[   93.884703] systemd[1]: Mounting POSIX Message Queue File System...
         Mounting [0;1;39mPOSIX Message Queue File System[0m...
[   93.886589] systemd[1]: Mounting Kernel Debug File System...
         Mounting [0;1;39mKernel Debug File System[0m...
[   93.888409] systemd[1]: Mounting Kernel Trace File System...
         Mounting [0;1;39mKernel Trace File System[0m...
[   93.890599] systemd[1]: Starting Journal Service...
         Starting [0;1;39mJournal Service[0m...
[   93.892769] systemd[1]: Starting Set the console keyboard layout...
         Starting [0;1;39mSet the console keyboard layout[0m...
[   93.894746] systemd[1]: Starting Create list of static device nodes for the current kernel...
         Starting [0;1;39mCreate list of st…odes for the current kernel[0m...
[   93.896987] systemd[1]: Starting Monitoring of LVM2 mirrors, snapshots etc. using dmeventd or progress polling...
         Starting [0;1;39mMonitoring of LVM…meventd or progress polling[0m...
[   93.898882] systemd[1]: Condition check resulted in Load Kernel Module drm being skipped.
[   93.900061] systemd[1]: Condition check resulted in OpenVSwitch configuration for cleanup being skipped.
[   93.901824] systemd[1]: Condition check resulted in Set Up Additional Binary Formats being skipped.
[   93.903228] systemd[1]: Condition check resulted in File System Check on Root Device being skipped.
[   93.905370] systemd[1]: Starting Load Kernel Modules...
         Starting [0;1;39mLoad Kernel Modules[0m...
[   93.907654] systemd[1]: Starting Remount Root and Kernel File Systems...
         Starting [0;1;39mRemount Root and Kernel File Systems[0m...
[   93.909994] systemd[1]: Starting udev Coldplug all Devices...
         Starting [0;1;39mudev Coldplug all Devices[0m...
[   93.914007] systemd[1]: Starting Uncomplicated firewall...
         Starting [0;1;39mUncomplicated firewall[0m...
[   93.916254] systemd[1]: Mounted Huge Pages File System.
[[0;32m  OK  [0m] Mounted [0;1;39mHuge Pages File System[0m.
[   93.917610] systemd[1]: Mounted POSIX Message Queue File System.
[   93.917938] EXT4-fs (dm-0): re-mounted. Opts: (null)
[[0;32m  OK  [0m] Mounted [0;1;39mPOSIX Message Queue File System[0m.
[   93.919973] systemd[1]: Mounted Kernel Debug File System.
[[0;32m  OK  [0m] Mounted [0;1;39mKernel Debug File System[0m.
[   93.921605] systemd[1]: Mounted Kernel Trace File System.
[[0;32m  OK  [0m] Mounted [0;1;39mKernel Trace File System[0m.
[   93.923244] systemd[1]: Finished Create list of static device nodes for the current kernel.
[[0;32m  OK  [0m] Finished [0;1;39mCreate list of st… nodes for the current kernel[0m.
[   93.924830] systemd[1]: Started Journal Service.
[[0;32m  OK  [0m] Started [0;1;39mJournal Service[0m.
[   93.926321] bridge: filtering via arp/ip/ip6tables is no longer available by default. Update your scripts to load br_netfilter if you need this.
[[0;32m  OK  [0m] Finished [0;1;39mRemount Root and Kernel File Systems[0m.
[[0;32m  OK  [0m] Finished [0;1;39mUncomplicated firewall[0m.
         Activating swap [0;1;39m/swap.img[0m...
         Starting [0;1;39mFlush Journal to Persistent Storage[0m...
[   93.931940] Bridge firewalling registered
         Starting [0;1;39mLoad/Save Random Seed[0m...
         Starting [0;1;39mCreate System Users[0m...
[   93.936258] systemd-journald[419]: Received client request to flush runtime journal.
[[0;32m  OK  [0m] Finished [0;1;39mLoad/Save Random Seed[0m.
[[0;32m  OK  [0m] Finished [0;1;39mSet the console keyboard layout[0m.
[[0;32m  OK  [0m] Finished [0;1;39mCreate Sys[   93.946681] Adding 4194300k swap on /swap.img.  Priority:-2 extents:6 across:4726780k FS
tem Users[0m.
         Starting [0;1;39mCreate Static Device Nodes in /dev[0m...
[[0;32m  OK  [0m] Activated swap [0;1;39m/swap.img[0m.
[[0;32m  OK  [0m] Reached target [0;1;39mSwap[0m.
[[0;32m  OK  [0m] Finished [0;1;39mMonitoring of LVM… dmeventd or progress polling[0m.
[[0;32m  OK  [0m] Finished [0;1;39mudev Coldplug all Devices[0m.
         Starting [0;1;39mudev Wait for Complete Device Initialization[0m...
[[0;32m  OK  [0m] Finished [0;1;39mCreate Static Device Nodes in /dev[0m.
         Starting [0;1;39mudev Kernel Device Manager[0m...
[   93.995784] IPVS: Registered protocols (TCP, UDP, SCTP, AH, ESP)
[   93.996933] IPVS: Connection hash table configured (size=4096, memory=64Kbytes)
[   93.998852] IPVS: ipvs loaded.
[   94.001000] IPVS: [rr] scheduler registered.
[   94.003208] IPVS: [sh] scheduler registered.
[   94.005814] IPVS: [wrr] scheduler registered.
[[0;32m  OK  [0m] Finished [0;1;39mLoad Kernel Modules[0m.
         Mounting [0;1;39mFUSE Control File System[0m...
         Mounting [0;1;39mKernel Configuration File System[0m...
         Starting [0;1;39mApply Kernel Variables[0m...
[[0;32m  OK  [0m] Mounted [0;1;39mFUSE Control File System[0m.
[[0;32m  OK  [0m] Mounted [0;1;39mKernel Configuration File System[0m.
[[0;32m  OK  [0m] Finished [0;1;39mApply Kernel Variables[0m.
[[0;32m  OK  [0m] Started [0;1;39mudev Kernel Device Manager[0m.
[[0;32m  OK  [0m] Started [0;1;39mDispatch Password …ts to Console Directory Watch[0m.
[[0;32m  OK  [0m] Reached target [0;1;39mLocal Encrypted Volumes[0m.
[[0;32m  OK  [0m] Finished [0;1;39mFlush Journal to Persistent Storage[0m.
[[0;32m  OK  [0m] Found device [0;1;39m/dev/ttyS0[0m.
[[0;32m  OK  [0m] Listening on [0;1;39mLoad/Save RF …itch Status /dev/rfkill Watch[0m.
[[0;32m  OK  [0m] Created slice [0;1;39msystem-lvm2\x2dpvscan.slice[0m.
         Starting [0;1;39mLVM event activation on device 8:3[0m...
[[0;32m  OK  [0m] Found device [0;1;39mQEMU_HARDDISK 2[0m.
[[0;32m  OK  [0m] Finished [0;1;39mLVM event activation on device 8:3[0m.
[[0;32m  OK  [0m] Finished [0;1;39mudev Wait for Complete Device Initialization[0m.
         Starting [0;1;39mDevice-Mapper Multipath Device Controller[0m...
[[0;32m  OK  [0m] Started [0;1;39mDevice-Mapper Multipath Device Controller[0m.
[[0;32m  OK  [0m] Reached target [0;1;39mLocal File Systems (Pre)[0m.
         Mounting [0;1;39mMount unit for core18, revision 2128[0m...
         Mounting [0;1;39mMount unit for core18, revision 2284[0m...
         Mounting [0;1;39mMount unit for core20, revision 1328[0m...
         Mounting [0;1;39mMount unit for core20, revision 1361[0m...
         Mounting [0;1;39mMount unit for docker, revision 1125[0m...
         Mounting [0;1;39mMount unit for docker, revision 1458[0m...
         Mounting [0;1;39mMount unit for lxd, revision 21835[0m...
         Mounting [0;1;39mMount unit for lxd, revision 22526[0m...
         Mounting [0;1;39mMount unit for microk8s, revision 2848[0m...
         Mounting [0;1;39mMount unit for microk8s, revision 2948[0m...
         Mounting [0;1;39mMount unit for snapd, revision 14978[0m...
         Starting [0;1;39mFile System Check…e72d-4f51-ba47-71a8059660b3[0m...
[[0;32m  OK  [0m] Started [0;1;39mFile System Check Daemon to report status[0m.
[[0;32m  OK  [0m] Finished [0;1;39mFile System Check…e-e72d-4f51-ba47-71a8059660b3[0m.
         Mounting [0;1;39m/boot[0m...
[[0;32m  OK  [0m] Mounted [0;1;39m/boot[0m.
[[0;32m  OK  [0m] Mounted [0;1;39mMount unit for core18, revision 2128[0m.
[[0;32m  OK  [0m] Mounted [0;1;39mMount unit for core20, revision 1328[0m.
[[0;32m  OK  [0m] Mounted [0;1;39mMount unit for docker, revision 1125[0m.
[[0;32m  OK  [0m] Mounted [0;1;39mMount unit for core18, revision 2284[0m.
[[0;32m  OK  [0m] Mounted [0;1;39mMount unit for core20, revision 1361[0m.
[[0;32m  OK  [0m] Mounted [0;1;39mMount unit for docker, revision 1458[0m.
[[0;32m  OK  [0m] Mounted [0;1;39mMount unit for lxd, revision 21835[0m.
[[0;32m  OK  [0m] Mounted [0;1;39mMount unit for lxd, revision 22526[0m.
[[0;32m  OK  [0m] Mounted [0;1;39mMount unit for microk8s, revision 2848[0m.
[[0;32m  OK  [0m] Mounted [0;1;39mMount unit for snapd, revision 14978[0m.
[[0;32m  OK  [0m] Mounted [0;1;39mMount unit for microk8s, revision 2948[0m.
[[0;32m  OK  [0m] Reached target [0;1;39mLocal File Systems[0m.
         Starting [0;1;39mLoad AppArmor profiles[0m...
         Starting [0;1;39mSet console font and keymap[0m...
         Starting [0;1;39mCreate final runt…dir for shutdown pivot root[0m...
         Starting [0;1;39mTell Plymouth To Write Out Runtime Data[0m...
         Starting [0;1;39mCreate Volatile Files and Directories[0m...
[[0;32m  OK  [0m] Finished [0;1;39mSet console font and keymap[0m.
[[0;32m  OK  [0m] Finished [0;1;39mCreate final runt…e dir for shutdown pivot root[0m.
[[0;32m  OK  [0m] Finished [0;1;39mTell Plymouth To Write Out Runtime Data[0m.
[[0;32m  OK  [0m] Finished [0;1;39mCreate Volatile Files and Directories[0m.
         Starting [0;1;39mNetwork Time Synchronization[0m...
         Starting [0;1;39mUpdate UTMP about System Boot/Shutdown[0m...
[[0;32m  OK  [0m] Finished [0;1;39mUpdate UTMP about System Boot/Shutdown[0m.
[[0;32m  OK  [0m] Finished [0;1;39mLoad AppArmor profiles[0m.
         Starting [0;1;39mLoad AppArmor pro…managed internally by snapd[0m...
         Starting [0;1;39mInitial cloud-init job (pre-networking)[0m...
[[0;32m  OK  [0m] Started [0;1;39mNetwork Time Synchronization[0m.
[[0;32m  OK  [0m] Reached target [0;1;39mSystem Time Set[0m.
[[0;32m  OK  [0m] Reached target [0;1;39mSystem Time Synchronized[0m.
[[0;32m  OK  [0m] Finished [0;1;39mLoad AppArmor pro…s managed internally by snapd[0m.
[   95.171918] cloud-init[777]: Cloud-init v. 21.4-0ubuntu1~20.04.1 running 'init-local' at Fri, 04 Mar 2022 15:20:13 +0000. Up 94.98 seconds.
[[0;32m  OK  [0m] Finished [0;1;39mInitial cloud-init job (pre-networking)[0m.
[[0;32m  OK  [0m] Reached target [0;1;39mNetwork (Pre)[0m.
         Starting [0;1;39mNetwork Service[0m...
[[0;32m  OK  [0m] Started [0;1;39mNetwork Service[0m.
         Starting [0;1;39mWait for Network to be Configured[0m...
         Starting [0;1;39mNetwork Name Resolution[0m...
[[0;32m  OK  [0m] Finished [0;1;39mWait for Network to be Configured[0m.
         Starting [0;1;39mInitial cloud-ini… (metadata service crawler)[0m...
[[0;32m  OK  [0m] Started [0;1;39mNetwork Name Resolution[0m.
[[0;32m  OK  [0m] Reached target [0;1;39mHost and Network Name Lookups[0m.
[   95.527972] cloud-init[803]: Cloud-init v. 21.4-0ubuntu1~20.04.1 running 'init' at Fri, 04 Mar 2022 15:20:13 +0000. Up 95.45 seconds.
[   95.528831] cloud-init[803]: ci-info: ++++++++++++++++++++++++++++++++++++++Net device info++++++++++++++++++++++++++++++++++++++
[   95.529530] cloud-init[803]: ci-info: +--------+------+----------------------------+---------------+--------+-------------------+
[   95.530140] cloud-init[803]: ci-info: | Device |  Up  |          Address           |      Mask     | Scope  |     Hw-Address    |
[   95.530771] cloud-init[803]: ci-info: +--------+------+----------------------------+---------------+--------+-------------------+
[   95.531419] cloud-init[803]: ci-info: |  ens3  | True |         10.0.2.15          | 255.255.255.0 | global | 52:54:00:12:34:56 |
[   95.532016] cloud-init[803]: ci-info: |  ens3  | True | fec0::5054:ff:fe12:3456/64 |       .       |  site  | 52:54:00:12:34:56 |
[   95.532592] cloud-init[803]: ci-info: |  ens3  | True | fe80::5054:ff:fe12:3456/64 |       .       |  link  | 52:54:00:12:34:56 |
[   95.533133] cloud-init[803]: ci-info: |   lo   | True |         127.0.0.1          |   255.0.0.0   |  host  |         .         |
[   95.533715] cloud-init[803]: ci-info: |   lo   | True |          ::1/128           |       .       |  host  |         .         |
[   95.534260] cloud-init[803]: ci-info: +--------+------+----------------------------+---------------+--------+-------------------+
[   95.534835] cloud-init[803]: ci-info: ++++++++++++++++++++++++++++Route IPv4 info+++++++++++++++++++++++++++++
[   95.535339] cloud-init[803]: ci-info: +-------+-------------+----------+-----------------+-----------+-------+
[   95.535831] cloud-init[803]: ci-info: | Route | Destination | Gateway  |     Genmask     | Interface | Flags |
[   95.536365] cloud-init[803]: ci-info: +-------+-------------+----------+-----------------+-----------+-------+
[   95.536907] cloud-init[803]: ci-info: |   0   |   0.0.0.0   | 10.0.2.2 |     0.0.0.0     |    ens3   |   UG  |
[   95.537431] cloud-init[803]: ci-info: |   1   |   0.0.0.0   | 10.0.2.2 |     0.0.0.0     |    ens3   |   UG  |
[   95.537949] cloud-init[803]: ci-info: |   2   |   10.0.2.0  | 0.0.0.0  |  255.255.255.0  |    ens3   |   U   |
[   95.538553] cloud-init[803]: ci-info: |   3   |   10.0.2.2  | 0.0.0.0  | 255.255.255.255 |    ens3   |   UH  |
[   95.539074] cloud-init[803]: ci-info: +-------+-------------+----------+-----------------+-----------+-------+
[   95.539556] cloud-init[803]: ci-info: +++++++++++++++++++Route IPv6 info+++++++++++++++++++
[   95.540040] cloud-init[803]: ci-info: +-------+-------------+---------+-----------+-------+
[   95.540510] cloud-init[803]: ci-info: | Route | Destination | Gateway | Interface | Flags |
[   95.541015] cloud-init[803]: ci-info: +-------+-------------+---------+-----------+-------+
[   95.541494] cloud-init[803]: ci-info: |   1   |  fe80::/64  |    ::   |    ens3   |   U   |
[   95.542000] cloud-init[803]: ci-info: |   2   |  fec0::/64  |    ::   |    ens3   |   Ue  |
[   95.542444] cloud-init[803]: ci-info: |   3   |     ::/0    | fe80::2 |    ens3   |  UGe  |
[   95.542929] cloud-init[803]: ci-info: |   5   |    local    |    ::   |    ens3   |   U   |
[   95.543375] cloud-init[803]: ci-info: |   6   |   ff00::/8  |    ::   |    ens3   |   U   |
[   95.543792] cloud-init[803]: ci-info: +-------+-------------+---------+-----------+-------+
[[0;32m  OK  [0m] Finished [0;1;39mInitial cloud-ini…ob (metadata service crawler)[0m.
[[0;32m  OK  [0m] Reached target [0;1;39mCloud-config availability[0m.
[[0;32m  OK  [0m] Reached target [0;1;39mSystem Initialization[0m.
[[0;32m  OK  [0m] Started [0;1;39mTrigger to poll fo…y enabled on GCP LTS non-pro)[0m.
[[0;32m  OK  [0m] Started [0;1;39mDaily apt download activities[0m.
[[0;32m  OK  [0m] Started [0;1;39mDaily apt upgrade and clean activities[0m.
[[0;32m  OK  [0m] Started [0;1;39mPeriodic ext4 Onli…ata Check for All Filesystems[0m.
[[0;32m  OK  [0m] Started [0;1;39mDiscard unused blocks once a week[0m.
[[0;32m  OK  [0m] Started [0;1;39mRefresh fwupd metadata regularly[0m.
[[0;32m  OK  [0m] Started [0;1;39mDaily rotation of log files[0m.
[[0;32m  OK  [0m] Started [0;1;39mDaily man-db regeneration[0m.
[[0;32m  OK  [0m] Started [0;1;39mMessage of the Day[0m.
[[0;32m  OK  [0m] Started [0;1;39mDaily Cleanup of Temporary Directories[0m.
[[0;32m  OK  [0m] Started [0;1;39mUbuntu Advantage Timer for running repeated jobs[0m.
[[0;32m  OK  [0m] Reached target [0;1;39mPaths[0m.
[[0;32m  OK  [0m] Reached target [0;1;39mTimers[0m.
[[0;32m  OK  [0m] Listening on [0;1;39mAvahi mDNS/DNS-SD Stack Activation Socket[0m.
[[0;32m  OK  [0m] Listening on [0;1;39mcloud-init hotplug hook socket[0m.
[[0;32m  OK  [0m] Listening on [0;1;39mD-Bus System Message Bus Socket[0m.
[[0;32m  OK  [0m] Listening on [0;1;39mOpen-iSCSI iscsid Socket[0m.
[[0;32m  OK  [0m] Listening on [0;1;39mSocket unix for snap application lxd.daemon[0m.
         Starting [0;1;39mSocket activation for snappy daemon[0m.
[[0;32m  OK  [0m] Listening on [0;1;39mUUID daemon activation socket[0m.
[[0;32m  OK  [0m] Listening on [0;1;39mSocket activation for snappy daemon[0m.
[[0;32m  OK  [0m] Reached target [0;1;39mSockets[0m.
[[0;32m  OK  [0m] Reached target [0;1;39mBasic System[0m.
         Starting [0;1;39mAccounts Service[0m...
         Starting [0;1;39mAvahi mDNS/DNS-SD Stack[0m...
[[0;32m  OK  [0m] Started [0;1;39mD-Bus System Message Bus[0m.
         Starting [0;1;39mNetwork Manager[0m...
[[0;32m  OK  [0m] Started [0;1;39mSave initial kernel messages after boot[0m.
         Starting [0;1;39mRemove Stale Onli…t4 Metadata Check Snapshots[0m...
         Starting [0;1;39mRecord successful boot for GRUB[0m...
[[0;32m  OK  [0m] Started [0;1;39mirqbalance daemon[0m.
         Starting [0;1;39mDispatcher daemon for systemd-networkd[0m...
         Starting [0;1;39mAuthorization Manager[0m...
         Starting [0;1;39mRestore /etc/reso… the ppp link was shut down[0m...
         Starting [0;1;39mSystem Logging Service[0m...
         Starting [0;1;39mSnap Daemon[0m...
         Starting [0;1;39mSwitcheroo Control Proxy service[0m...
         Starting [0;1;39mLogin Service[0m...
         Starting [0;1;39mDisk Manager[0m...
         Starting [0;1;39mWPA supplicant[0m...
[[0;32m  OK  [0m] Finished [0;1;39mRemove Stale Onli…ext4 Metadata Check Snapshots[0m.
[[0;32m  OK  [0m] Finished [0;1;39mRestore /etc/reso…re the ppp link was shut down[0m.
[[0;32m  OK  [0m] Started [0;1;39mSystem Logging Service[0m.
[[0;32m  OK  [0m] Finished [0;1;39mRecord successful boot for GRUB[0m.
         Starting [0;1;39mGRUB failed boot detection[0m...
[[0;32m  OK  [0m] Finished [0;1;39mGRUB failed boot detection[0m.
[[0;32m  OK  [0m] Started [0;1;39mLogin Service[0m.
[[0;32m  OK  [0m] Started [0;1;39mAvahi mDNS/DNS-SD Stack[0m.
[[0;32m  OK  [0m] Started [0;1;39mWPA supplicant[0m.
[[0;32m  OK  [0m] Started [0;1;39mSwitcheroo Control Proxy service[0m.
[[0;32m  OK  [0m] Started [0;1;39mNetwork Manager[0m.
[[0;32m  OK  [0m] Reached target [0;1;39mNetwork[0m.
         Starting [0;1;39mNetwork Manager Wait Online[0m...
[[0;32m  OK  [0m] Started [0;1;39mService for snap application docker.dockerd[0m.
         Starting [0;1;39mService for snap application lxd.activate[0m...
[[0;32m  OK  [0m] Started [0;1;39mService for snap a…rok8s.daemon-apiserver-kicker[0m.
[[0;32m  OK  [0m] Started [0;1;39mService for snap a…ion microk8s.daemon-apiserver[0m.
[[0;32m  OK  [0m] Started [0;1;39mService for snap a…microk8s.daemon-cluster-agent[0m.
         Starting [0;1;39mService for snap … microk8s.daemon-containerd[0m...
[[0;32m  OK  [0m] Started [0;1;39mService for snap a…s.daemon-control-plane-kicker[0m.
[[0;32m  OK  [0m] Started [0;1;39mService for snap a…k8s.daemon-controller-manager[0m.
[[0;32m  OK  [0m] Started [0;1;39mService for snap a…lication microk8s.daemon-etcd[0m.
[[0;32m  OK  [0m] Started [0;1;39mService for snap a…tion microk8s.daemon-flanneld[0m.
[[0;32m  OK  [0m] Started [0;1;39mService for snap a…on microk8s.daemon-k8s-dqlite[0m.
[[0;32m  OK  [0m] Started [0;1;39mService for snap a…ation microk8s.daemon-kubelet[0m.
[[0;32m  OK  [0m] Started [0;1;39mService for snap a…tion microk8s.daemon-kubelite[0m.
[[0;32m  OK  [0m] Started [0;1;39mService for snap a…ication microk8s.daemon-proxy[0m.
[[0;32m  OK  [0m] Started [0;1;39mService for snap a…ion microk8s.daemon-scheduler[0m.
[[0;32m  OK  [0m] Started [0;1;39mService for snap a…ation microk8s.daemon-traefik[0m.
[[0;32m  OK  [0m] Started [0;1;39mUnattended Upgrades Shutdown[0m.
[[0;32m  OK  [0m] Started [0;1;39mAuthorization Manager[0m.
         Starting [0;1;39mModem Manager[0m...
         Starting [0;1;39mHostname Service[0m...
[[0;32m  OK  [0m] Started [0;1;39mDispatcher daemon for systemd-networkd[0m.
[[0;32m  OK  [0m] Started [0;1;39mAccounts Service[0m.
[[0;32m  OK  [0m] Started [0;1;39mHostname Service[0m.
[[0;32m  OK  [0m] Started [0;1;39mDisk Manager[0m.
[[0;32m  OK  [0m] Started [0;1;39mModem Manager[0m.
         Starting [0;1;39mNetwork Manager Script Dispatcher Service[0m...
[[0;32m  OK  [0m] Finished [0;1;39mNetwork Manager Wait Online[0m.
[[0;32m  OK  [0m] Reached target [0;1;39mNetwork is Online[0m.
[[0;32m  OK  [0m] Reached target [0;1;39mRemote File Systems (Pre)[0m.
[[0;32m  OK  [0m] Reached target [0;1;39mRemote File Systems[0m.
         Starting [0;1;39mLSB: automatic crash report generation[0m...
         Starting [0;1;39mDeferred execution scheduler[0m...
         Starting [0;1;39mAvailability of block devices[0m...
[[0;32m  OK  [0m] Started [0;1;39mRegular background program processing daemon[0m.
         Starting [0;1;39mOpenBSD Secure Shell server[0m...
         Starting [0;1;39mPermit User Sessions[0m...
[[0;32m  OK  [0m] Started [0;1;39mDeferred execution scheduler[0m.
[[0;32m  OK  [0m] Finished [0;1;39mAvailability of block devices[0m.
[[0;32m  OK  [0m] Started [0;1;39mNetwork Manager Script Dispatcher Service[0m.
[[0;32m  OK  [0m] Finished [0;1;39mPermit User Sessions[0m.
         Starting [0;1;39mGNOME Display Manager[0m...
         Starting [0;1;39mHold until boot process finishes up[0m...
[[0;32m  OK  [0m] Finished [0;1;39mHold until boot process finishes up[0m.
[[0;32m  OK  [0m] Started [0;1;39mSerial Getty on ttyS0[0m.
[[0;32m  OK  [0m] Reached target [0;1;39mLogin Prompts[0m.
         Starting [0;1;39mSet console scheme[0m...
[[0;32m  OK  [0m] Started [0;1;39mLSB: automatic crash report generation[0m.
[[0;32m  OK  [0m] Finished [0;1;39mSet console scheme[0m.
[[0;32m  OK  [0m] Created slice [0;1;39msystem-getty.slice[0m.
[[0;32m  OK  [0m] Started [0;1;39mOpenBSD Secure Shell server[0m.
[[0;32m  OK  [0m] Started [0;1;39mGNOME Display Manager[0m.
[[0;32m  OK  [0m] Created slice [0;1;39mUser Slice of UID 0[0m.
         Starting [0;1;39mUser Runtime Directory /run/user/0[0m...
[[0;32m  OK  [0m] Finished [0;1;39mUser Runtime Directory /run/user/0[0m.
         Starting [0;1;39mUser Manager for UID 0[0m...
[[0;32m  OK  [0m] Started [0;1;39mUser Manager for UID 0[0m.
[[0;32m  OK  [0m] Started [0;1;39mSession 1 of user root[0m.
         Starting [0;1;39mDaemon for power management[0m...
         Starting [0;1;39mLocation Lookup Service[0m...
[[0;32m  OK  [0m] Started [0;1;39mDaemon for power management[0m.
         Starting [0;1;39mPackageKit Daemon[0m...
[[0;32m  OK  [0m] Started [0;1;39mLocation Lookup Service[0m.
[[0;32m  OK  [0m] Started [0;1;39mPackageKit Daemon[0m.
         Starting [0;1;39mLocale Service[0m...
         Starting [0;1;39mManage, Install and Generate Color Profiles[0m...
[[0;32m  OK  [0m] Started [0;1;39mLocale Service[0m.
[[0;32m  OK  [0m] Started [0;1;39mManage, Install and Generate Color Profiles[0m.
[   98.643849] overlayfs: missing 'lowerdir'
[[0;32m  OK  [0m] Started [0;1;39mSnap Daemon[0m.
         Starting [0;1;39mWait until snapd is fully seeded[0m...
         Starting [0;1;39mTime & Date Service[0m...
[[0;32m  OK  [0m] Started [0;1;39mTime & Date Service[0m.
[[0;32m  OK  [0m] Finished [0;1;39mWait until snapd is fully seeded[0m.
         Starting [0;1;39mApply the settings specified in cloud-config[0m...
[[0;32m  OK  [0m] Finished [0;1;39mService for snap application lxd.activate[0m.
[   99.216074] cloud-init[1977]: Cloud-init v. 21.4-0ubuntu1~20.04.1 running 'modules:config' at Fri, 04 Mar 2022 15:20:17 +0000. Up 99.12 seconds.
[[0;32m  OK  [0m] Finished [0;1;39mApply the settings specified in cloud-config[0m.
[[0;32m  OK  [0m] Started [0;1;39mService for snap a…on microk8s.daemon-containerd[0m.
[[0;32m  OK  [0m] Reached target [0;1;39mMulti-User System[0m.
[[0;32m  OK  [0m] Reached target [0;1;39mGraphical Interface[0m.
         Starting [0;1;39mExecute cloud user/final scripts[0m...
         Starting [0;1;39mUpdate UTMP about System Runlevel Changes[0m...
[[0;32m  OK  [0m] Finished [0;1;39mUpdate UTMP about System Runlevel Changes[0m.
[  100.243196] cloud-init[2017]: Cloud-init v. 21.4-0ubuntu1~20.04.1 running 'modules:final' at Fri, 04 Mar 2022 15:20:18 +0000. Up 100.17 seconds.
[  100.244410] cloud-init[2017]: Cloud-init v. 21.4-0ubuntu1~20.04.1 finished at Fri, 04 Mar 2022 15:20:18 +0000. Datasource DataSourceNone.  Up 100.24 seconds
[  100.245602] cloud-init[2017]: 2022-03-04 15:20:18,296 - cc_final_message.py[WARNING]: Used fallback datasource
[[0;32m  OK  [0m] Finished [0;1;39mExecute cloud user/final scripts[0m.
[[0;32m  OK  [0m] Reached target [0;1;39mCloud-init target[0m.

Ubuntu 20.04.3 LTS inhoinnofemu ttyS0

inhoinnofemu login: fl
Password: 

Login incorrect
inhoinnofemu login: inhoinno
Password: 
Welcome to Ubuntu 20.04.3 LTS (GNU/Linux 5.10.0-051000-generic x86_64)

 * Documentation:  https://help.ubuntu.com
 * Management:     https://landscape.canonical.com
 * Support:        https://ubuntu.com/advantage

  System information as of Fri 04 Mar 2022 03:20:32 PM UTC

  System load:              0.86
  Usage of /:               34.2% of 38.63GB
  Memory usage:             26%
  Swap usage:               0%
  Processes:                211
  Users logged in:          1
  IPv4 address for docker0: 172.17.0.1
  IPv4 address for ens3:    10.0.2.15
  IPv6 address for ens3:    fec0::5054:ff:fe12:3456

 * Super-optimized for small spaces - read how we shrank the memory
   footprint of MicroK8s to make it the smallest full K8s around.

   https://ubuntu.com/blog/microk8s-memory-optimisation

0 updates can be applied immediately.


The list of available updates is more than a week old.
To check for new updates run: sudo apt update

Last login: Fri Mar  4 14:36:51 UTC 2022 on ttyS0
root@inhoinnofemu:~# ls
5.10.sh    Downloads  Pictures  Templates                    Videos
Desktop    libzbd     pretest   ubuntu-mainline-kernel.sh    zemu
Documents  Music      Public    ubuntu-mainline-kernel.sh.1
root@inhoinnofemu:~# nvme list
root@inhoinnofemu:~# ls /dev/ | grep nvm
light[01;31m[Knvm[m[K
root@inhoinnofemu:~# shutdown -h 0
Shutdown scheduled for Fri 2022-03-04 15:24:50 UTC, use 'shutdown -c' to cancel.
root@inhoinnofemu:~#          Stopping [0;1;39mSession 1 of user root[0m.
         Stopping [0;1;39mSession 3 of user root[0m.
[[0;32m  OK  [0m] Removed slice [0;1;39msystem-getty.slice[0m.
[[0;32m  OK  [0m] Removed slice [0;1;39msystem-modprobe.slice[0m.
[[0;32m  OK  [0m] Stopped target [0;1;39mCloud-init target[0m.
[[0;32m  OK  [0m] Stopped target [0;1;39mGraphical Interface[0m.
[[0;32m  OK  [0m] Stopped target [0;1;39mHost and Network Name Lookups[0m.
[[0;32m  OK  [0m] Stopped target [0;1;39mTimers[0m.
[[0;32m  OK  [0m] Stopped [0;1;39mDaily apt upgrade and clean activities[0m.
[[0;32m  OK  [0m] Stopped [0;1;39mDaily apt download activities[0m.
[[0;32m  OK  [0m] Stopped [0;1;39mPeriodic ext4 Onli…ata Check for All Filesystems[0m.
[[0;32m  OK  [0m] Stopped [0;1;39mDiscard unused blocks once a week[0m.
[[0;32m  OK  [0m] Stopped [0;1;39mRefresh fwupd metadata regularly[0m.
[[0;32m  OK  [0m] Stopped [0;1;39mDaily rotation of log files[0m.
[[0;32m  OK  [0m] Stopped [0;1;39mDaily man-db regeneration[0m.
[[0;32m  OK  [0m] Stopped [0;1;39mMessage of the Day[0m.
[[0;32m  OK  [0m] Stopped [0;1;39mDaily Cleanup of Temporary Directories[0m.
[[0;32m  OK  [0m] Stopped [0;1;39mUbuntu Advantage Timer for running repeated jobs[0m.
[[0;32m  OK  [0m] Stopped target [0;1;39mSystem Time Synchronized[0m.
[[0;32m  OK  [0m] Stopped target [0;1;39mSystem Time Set[0m.
[[0;32m  OK  [0m] Closed [0;1;39mLVM2 poll daemon socket[0m.
[[0;32m  OK  [0m] Closed [0;1;39mLoad/Save RF Kill Switch Status /dev/rfkill Watch[0m.
         Stopping [0;1;39mAccounts Service[0m...
         Stopping [0;1;39mAvailability of block devices[0m...
[[0;32m  OK  [0m] Stopped [0;1;39mExecute cloud user/final scripts[0m.
[[0;32m  OK  [0m] Stopped target [0;1;39mMulti-User System[0m.
[[0;32m  OK  [0m] Stopped target [0;1;39mLogin Prompts[0m.
         Stopping [0;1;39mModem Manager[0m...
         Stopping [0;1;39mLSB: automatic crash report generation[0m...
         Stopping [0;1;39mDeferred execution scheduler[0m...
         Stopping [0;1;39mAvahi mDNS/DNS-SD Stack[0m...
[[0;32m  OK  [0m] Stopped [0;1;39mApply the settings specified in cloud-config[0m.
[[0;32m  OK  [0m] Stopped target [0;1;39mCloud-config availability[0m.
[[0;32m  OK  [0m] Stopped target [0;1;39mNetwork is Online[0m.
[[0;32m  OK  [0m] Stopped [0;1;39mNetwork Manager Wait Online[0m.
         Stopping [0;1;39mManage, Install and Generate Color Profiles[0m...
         Stopping [0;1;39mRegular background program processing daemon[0m...
         Stopping [0;1;39mCreate final runt…dir for shutdown pivot root[0m...
         Stopping [0;1;39mGNOME Display Manager[0m...
         Stopping [0;1;39mirqbalance daemon[0m...
         Stopping [0;1;39mLVM event activation on device 8:3[0m...
         Stopping [0;1;39mDispatcher daemon for systemd-networkd[0m...
         Stopping [0;1;39mPackageKit Daemon[0m...
         Stopping [0;1;39mSystem Logging Service[0m...
         Stopping [0;1;39mSerial Getty on ttyS0[0m...
         Stopping [0;1;39mService for snap application docker.dockerd[0m...
         Stopping [0;1;39mService for snap …k8s.daemon-apiserver-kicker[0m...
         Stopping [0;1;39mService for snap …crok8s.daemon-cluster-agent[0m...
         Stopping [0;1;39mService for snap … microk8s.daemon-containerd[0m...
         Stopping [0;1;39mService for snap … microk8s.daemon-k8s-dqlite[0m...
         Stopping [0;1;39mService for snap …on microk8s.daemon-kubelite[0m...
[[0;32m  OK  [0m] Stopped [0;1;39mWait until snapd is fully seeded[0m.
         Stopping [0;1;39mSnap Daemon[0m...
         Stopping [0;1;39mOpenBSD Secure Shell server[0m...
         Stopping [0;1;39mSwitcheroo Control Proxy service[0m...
         Stopping [0;1;39mLoad/Save Random Seed[0m...
         Stopping [0;1;39mDisk Manager[0m...
         Stopping [0;1;39mDaemon for power management[0m...
[[0;32m  OK  [0m] Stopped [0;1;39mAccounts Service[0m.
[[0;32m  OK  [0m] Stopped [0;1;39mAvahi mDNS/DNS-SD Stack[0m.
[[0;32m  OK  [0m] Stopped [0;1;39mirqbalance daemon[0m.
