[FEMU] Err: femu.c : femu_class_init(), to inhoinno 
[FEMU] Err: femu.c : femu_realize(), to inhoinno 
[FEMU] Err: femu.c : nvme_init_pci(), to inhoinno 
[FEMU] Err: femu.c : nvme_init_ctrl(), to inhoinno 
[FEMU] Err: femu.c : nvme_init_namespaces(), to inhoinno 
[FEMU] Err: femu.c : nvme_register_extensions(), to inhoinno 
[FEMU] Err: zns.c : nvme_register_znsssd(), to inhoinno 
[FEMU] Err: zns.c : zns_init(), to inhoinno 
[FEMU] Err: zns.c : zns_init_zone_geometry(), to inhoinno 
[FEMU] Err: zns.c : zns_init_zone_identify(), to inhoinno 
[FEMU] Err: zns.c : zns_init_zoned_state(), to inhoinno 
[FEMU] Err: zns.c : znsssd_init(), to inhoinno 
[FEMU] Err: zns.c : znsssd_init(), channel allocated, to inhoinno 
[FEMU] Err: zns.c : znsssd_init(), before thread creat, to inhoinno 
[FEMU] Err:  *zns_thread, channel allocated to inhoinno 
c[?7l[2J[0mSeaBIOS (version rel-1.14.0-0-g155821a1990b-prebuilt.qemu.org[FEMU] Err: zns.c : zns_start_ctrl(), to inhoinno 
)


iPXE (http://ipxe.org) 00:03.0 CA00 PCI2.10 PnP PMM+BFF8F0F0+BFEEF0F0 CA00
Press Ctrl-B to configure iPXE (PCI 00:03.0)...                                                                               


Booting from Hard Disk...
[H[J[1;1H[    0.000000] Linux version 5.10.0-051000-generic (kernel@kathleen) (gcc (Ubuntu 10.2.0-13ubuntu1) 10.2.0, GNU ld (GNU Binutils for Ubuntu) 2.35.1) #202012132330 SMP Sun Dec 13 23:33:36 UTC 2020
[    0.000000] Command line: BOOT_IMAGE=/vmlinuz-5.10.0-051000-generic root=/dev/mapper/ubuntu--vg-ubuntu--lv ro ip=dhcp console=ttyS0, 38400 console=tty console=ttyS0 maybe-ubiquity
[    0.000000] KERNEL supported cpus:
[    0.000000]   Intel GenuineIntel
[    0.000000]   AMD AuthenticAMD
[    0.000000]   Hygon HygonGenuine
[    0.000000]   Centaur CentaurHauls
[    0.000000]   zhaoxin   Shanghai  
[    0.000000] x86/fpu: Supporting XSAVE feature 0x001: 'x87 floating point registers'
[    0.000000] x86/fpu: Supporting XSAVE feature 0x002: 'SSE registers'
[    0.000000] x86/fpu: Supporting XSAVE feature 0x004: 'AVX registers'
[    0.000000] x86/fpu: Supporting XSAVE feature 0x008: 'MPX bounds registers'
[    0.000000] x86/fpu: Supporting XSAVE feature 0x010: 'MPX CSR'
[    0.000000] x86/fpu: Supporting XSAVE feature 0x200: 'Protection Keys User registers'
[    0.000000] x86/fpu: xstate_offset[2]:  576, xstate_sizes[2]:  256
[    0.000000] x86/fpu: xstate_offset[3]:  832, xstate_sizes[3]:   64
[    0.000000] x86/fpu: xstate_offset[4]:  896, xstate_sizes[4]:   64
[    0.000000] x86/fpu: xstate_offset[9]:  960, xstate_sizes[9]:    8
[    0.000000] x86/fpu: Enabled xstate features 0x21f, context size is 968 bytes, using 'compacted' format.
[    0.000000] BIOS-provided physical RAM map:
[    0.000000] BIOS-e820: [mem 0x0000000000000000-0x000000000009fbff] usable
[    0.000000] BIOS-e820: [mem 0x000000000009fc00-0x000000000009ffff] reserved
[    0.000000] BIOS-e820: [mem 0x00000000000f0000-0x00000000000fffff] reserved
[    0.000000] BIOS-e820: [mem 0x0000000000100000-0x00000000bffd4fff] usable
[    0.000000] BIOS-e820: [mem 0x00000000bffd5000-0x00000000bfffffff] reserved
[    0.000000] BIOS-e820: [mem 0x00000000feffc000-0x00000000feffffff] reserved
[    0.000000] BIOS-e820: [mem 0x00000000fffc0000-0x00000000ffffffff] reserved
[    0.000000] BIOS-e820: [mem 0x0000000100000000-0x000000013fffffff] usable
[    0.000000] NX (Execute Disable) protection: active
[    0.000000] SMBIOS 2.8 present.
[    0.000000] DMI: QEMU Standard PC (i440FX + PIIX, 1996), BIOS rel-1.14.0-0-g155821a1990b-prebuilt.qemu.org 04/01/2014
[    0.000000] Hypervisor detected: KVM
[    0.000000] kvm-clock: Using msrs 4b564d01 and 4b564d00
[    0.000000] kvm-clock: cpu 0, msr 7801001, primary cpu clock
[    0.000000] kvm-clock: using sched offset of 4655702380 cycles
[    0.000004] clocksource: kvm-clock: mask: 0xffffffffffffffff max_cycles: 0x1cd42e4dffb, max_idle_ns: 881590591483 ns
[    0.000008] tsc: Detected 3792.034 MHz processor
[    0.000610] last_pfn = 0x140000 max_arch_pfn = 0x400000000
[    0.000643] x86/PAT: Configuration [0-7]: WB  WC  UC- UC  WB  WP  UC- WT  
[    0.000651] last_pfn = 0xbffd5 max_arch_pfn = 0x400000000
[    0.005855] found SMP MP-table at [mem 0x000f5a60-0x000f5a6f]
[    0.005934] check: Scanning 1 areas for low memory corruption
[    0.005960] Using GB pages for direct mapping
[    0.006177] RAMDISK: [mem 0x2d769000-0x32babfff]
[    0.006196] ACPI: Early table checksum verification disabled
[    0.006207] ACPI: RSDP 0x00000000000F5A20 000014 (v00 BOCHS )
[    0.006210] ACPI: RSDT 0x00000000BFFE13A7 000034 (v01 BOCHS  BXPCRSDT 00000001 BXPC 00000001)
[    0.006215] ACPI: FACP 0x00000000BFFE1243 000074 (v01 BOCHS  BXPCFACP 00000001 BXPC 00000001)
[    0.006219] ACPI: DSDT 0x00000000BFFDFD80 0014C3 (v01 BOCHS  BXPCDSDT 00000001 BXPC 00000001)
[    0.006222] ACPI: FACS 0x00000000BFFDFD40 000040
[    0.006224] ACPI: APIC 0x00000000BFFE12B7 000090 (v01 BOCHS  BXPCAPIC 00000001 BXPC 00000001)
[    0.006226] ACPI: HPET 0x00000000BFFE1347 000038 (v01 BOCHS  BXPCHPET 00000001 BXPC 00000001)
[    0.006229] ACPI: WAET 0x00000000BFFE137F 000028 (v01 BOCHS  BXPCWAET 00000001 BXPC 00000001)
[    0.006369] No NUMA configuration found
[    0.006370] Faking a node at [mem 0x0000000000000000-0x000000013fffffff]
[    0.006379] NODE_DATA(0) allocated [mem 0x13ffd4000-0x13fffdfff]
[    0.006576] Zone ranges:
[    0.006577]   DMA      [mem 0x0000000000001000-0x0000000000ffffff]
[    0.006579]   DMA32    [mem 0x0000000001000000-0x00000000ffffffff]
[    0.006580]   Normal   [mem 0x0000000100000000-0x000000013fffffff]
[    0.006580]   Device   empty
[    0.006581] Movable zone start for each node
[    0.006583] Early memory node ranges
[    0.006584]   node   0: [mem 0x0000000000001000-0x000000000009efff]
[    0.006585]   node   0: [mem 0x0000000000100000-0x00000000bffd4fff]
[    0.006585]   node   0: [mem 0x0000000100000000-0x000000013fffffff]
[    0.006855] Zeroed struct page in unavailable ranges: 141 pages
[    0.006856] Initmem setup node 0 [mem 0x0000000000001000-0x000000013fffffff]
[    0.013665] ACPI: PM-Timer IO Port: 0x608
[    0.013684] ACPI: LAPIC_NMI (acpi_id[0xff] dfl dfl lint[0x1])
[    0.013708] IOAPIC[0]: apic_id 0, version 17, address 0xfec00000, GSI 0-23
[    0.013710] ACPI: INT_SRC_OVR (bus 0 bus_irq 0 global_irq 2 dfl dfl)
[    0.013712] ACPI: INT_SRC_OVR (bus 0 bus_irq 5 global_irq 5 high level)
[    0.013713] ACPI: INT_SRC_OVR (bus 0 bus_irq 9 global_irq 9 high level)
[    0.013717] ACPI: INT_SRC_OVR (bus 0 bus_irq 10 global_irq 10 high level)
[    0.013718] ACPI: INT_SRC_OVR (bus 0 bus_irq 11 global_irq 11 high level)
[    0.013722] Using ACPI (MADT) for SMP configuration information
[    0.013723] ACPI: HPET id: 0x8086a201 base: 0xfed00000
[    0.013727] TSC deadline timer available
[    0.013728] smpboot: Allowing 4 CPUs, 0 hotplug CPUs
[    0.013736] kvm-guest: KVM setup pv remote TLB flush
[    0.013741] kvm-guest: setup PV sched yield
[    0.013750] PM: hibernation: Registered nosave memory: [mem 0x00000000-0x00000fff]
[    0.013752] PM: hibernation: Registered nosave memory: [mem 0x0009f000-0x0009ffff]
[    0.013752] PM: hibernation: Registered nosave memory: [mem 0x000a0000-0x000effff]
[    0.013753] PM: hibernation: Registered nosave memory: [mem 0x000f0000-0x000fffff]
[    0.013754] PM: hibernation: Registered nosave memory: [mem 0xbffd5000-0xbfffffff]
[    0.013754] PM: hibernation: Registered nosave memory: [mem 0xc0000000-0xfeffbfff]
[    0.013755] PM: hibernation: Registered nosave memory: [mem 0xfeffc000-0xfeffffff]
[    0.013755] PM: hibernation: Registered nosave memory: [mem 0xff000000-0xfffbffff]
[    0.013756] PM: hibernation: Registered nosave memory: [mem 0xfffc0000-0xffffffff]
[    0.013757] [mem 0xc0000000-0xfeffbfff] available for PCI devices
[    0.013758] Booting paravirtualized kernel on KVM
[    0.013760] clocksource: refined-jiffies: mask: 0xffffffff max_cycles: 0xffffffff, max_idle_ns: 7645519600211568 ns
[    0.013766] setup_percpu: NR_CPUS:8192 nr_cpumask_bits:4 nr_cpu_ids:4 nr_node_ids:1
[    0.014000] percpu: Embedded 56 pages/cpu s192512 r8192 d28672 u524288
[    0.014025] kvm-guest: KVM setup async PF for cpu 0
[    0.014028] kvm-guest: stealtime: cpu 0, msr 13bc2e080
[    0.014032] kvm-guest: PV spinlocks enabled
[    0.014034] PV qspinlock hash table entries: 256 (order: 0, 4096 bytes, linear)
[    0.014039] Built 1 zonelists, mobility grouping on.  Total pages: 1032030
[    0.014040] Policy zone: Normal
[    0.014041] Kernel command line: BOOT_IMAGE=/vmlinuz-5.10.0-051000-generic root=/dev/mapper/ubuntu--vg-ubuntu--lv ro ip=dhcp console=ttyS0, 38400 console=tty console=ttyS0 maybe-ubiquity
[    0.014443] Dentry cache hash table entries: 524288 (order: 10, 4194304 bytes, linear)
[    0.014611] Inode-cache hash table entries: 262144 (order: 9, 2097152 bytes, linear)
[    0.014658] mem auto-init: stack:off, heap alloc:on, heap free:off
[    0.024412] Memory: 3927372K/4193740K available (16393K kernel code, 3480K rwdata, 8984K rodata, 2664K init, 5996K bss, 266108K reserved, 0K cma-reserved)
[    0.024425] random: get_random_u64 called from kmem_cache_open+0x29/0x220 with crng_init=0
[    0.024483] SLUB: HWalign=64, Order=0-3, MinObjects=0, CPUs=4, Nodes=1
[    0.024498] ftrace: allocating 50596 entries in 198 pages
[    0.036805] ftrace: allocated 198 pages with 4 groups
[    0.036999] rcu: Hierarchical RCU implementation.
[    0.037000] rcu: 	RCU restricting CPUs from NR_CPUS=8192 to nr_cpu_ids=4.
[    0.037001] 	Rude variant of Tasks RCU enabled.
[    0.037002] 	Tracing variant of Tasks RCU enabled.
[    0.037003] rcu: RCU calculated value of scheduler-enlistment delay is 25 jiffies.
[    0.037003] rcu: Adjusting geometry for rcu_fanout_leaf=16, nr_cpu_ids=4
[    0.039119] NR_IRQS: 524544, nr_irqs: 456, preallocated irqs: 16
[    0.039277] random: crng done (trusting CPU's manufacturer)
[    0.046186] Console: colour VGA+ 80x25
[    0.062741] printk: console [tty0] enabled
[    0.137956] printk: console [ttyS0] enabled
[    0.138522] ACPI: Core revision 20200925
[    0.139111] clocksource: hpet: mask: 0xffffffff max_cycles: 0xffffffff, max_idle_ns: 19112604467 ns
[    0.140276] APIC: Switch to symmetric I/O mode setup
[    0.141018] x2apic enabled
[    0.141520] Switched APIC routing to physical x2apic.
[    0.142152] kvm-guest: setup PV IPIs
[    0.143199] ..TIMER: vector=0x30 apic1=0 pin1=2 apic2=-1 pin2=-1
[    0.143931] clocksource: tsc-early: mask: 0xffffffffffffffff max_cycles: 0x6d51e514936, max_idle_ns: 881590614020 ns
[    0.145168] Calibrating delay loop (skipped) preset value.. 7584.06 BogoMIPS (lpj=15168136)
[    0.146154] pid_max: default: 32768 minimum: 301
[    0.146740] LSM: Security Framework initializing
[    0.147320] Yama: becoming mindful.
[    0.147917] AppArmor: AppArmor initialized
[    0.149192] Mount-cache hash table entries: 8192 (order: 4, 65536 bytes, linear)
[    0.150099] Mountpoint-cache hash table entries: 8192 (order: 4, 65536 bytes, linear)
[    0.151254] x86/cpu: User Mode Instruction Prevention (UMIP) activated
[    0.152081] Last level iTLB entries: 4KB 0, 2MB 0, 4MB 0
[    0.152729] Last level dTLB entries: 4KB 0, 2MB 0, 4MB 0, 1GB 0
[    0.153172] Spectre V1 : Mitigation: usercopy/swapgs barriers and __user pointer sanitization
[    0.154195] Spectre V2 : Mitigation: Enhanced IBRS
[    0.154775] Spectre V2 : Spectre v2 / SpectreRSB mitigation: Filling RSB on context switch
[    0.155742] Spectre V2 : mitigation: Enabling conditional Indirect Branch Prediction Barrier
[    0.157168] Speculative Store Bypass: Mitigation: Speculative Store Bypass disabled via prctl and seccomp
[    0.158434] Freeing SMP alternatives memory: 40K
[    0.160168] smpboot: CPU0: Intel(R) Core(TM) i7-10700K CPU @ 3.80GHz (family: 0x6, model: 0xa5, stepping: 0x5)
[    0.161166] Performance Events: Skylake events, full-width counters, Intel PMU driver.
[    0.161166] ... version:                2
[    0.161166] ... bit width:              48
[    0.161166] ... generic registers:      4
[    0.161166] ... value mask:             0000ffffffffffff
[    0.161169] ... max period:             00007fffffffffff
[    0.161799] ... fixed-purpose events:   3
[    0.162296] ... event mask:             000000070000000f
[    0.162978] rcu: Hierarchical SRCU implementation.
[    0.163826] smp: Bringing up secondary CPUs ...
[    0.164422] x86: Booting SMP configuration:
[    0.164917] .... node  #0, CPUs:      #1
[    0.101917] kvm-clock: cpu 1, msr 7801041, secondary cpu clock
[    0.101917] smpboot: CPU 1 Converting physical 0 to logical die 1
[    0.169182] kvm-guest: KVM setup async PF for cpu 1
[    0.173166] kvm-guest: stealtime: cpu 1, msr 13bcae080
[    0.173256]  #2
[    0.101917] kvm-clock: cpu 2, msr 7801081, secondary cpu clock
[    0.101917] smpboot: CPU 2 Converting physical 0 to logical die 2
[    0.177183] kvm-guest: KVM setup async PF for cpu 2
[    0.177651] kvm-guest: stealtime: cpu 2, msr 13bd2e080
[    0.178122]  #3
[    0.101917] kvm-clock: cpu 3, msr 78010c1, secondary cpu clock
[    0.101917] smpboot: CPU 3 Converting physical 0 to logical die 3
[    0.181185] kvm-guest: KVM setup async PF for cpu 3
[    0.181629] kvm-guest: stealtime: cpu 3, msr 13bdae080
[    0.182110] smp: Brought up 1 node, 4 CPUs
[    0.182110] smpboot: Max logical packages: 4
[    0.182222] smpboot: Total of 4 processors activated (30336.27 BogoMIPS)
[    0.183264] devtmpfs: initialized
[    0.183264] x86/mm: Memory block size: 128MB
[    0.185391] clocksource: jiffies: mask: 0xffffffff max_cycles: 0xffffffff, max_idle_ns: 7645041785100000 ns
[    0.186297] futex hash table entries: 1024 (order: 4, 65536 bytes, linear)
[    0.187135] pinctrl core: initialized pinctrl subsystem
[    0.187818] PM: RTC time: 15:36:06, date: 2022-03-05
[    0.188494] NET: Registered protocol family 16
[    0.189254] DMA: preallocated 512 KiB GFP_KERNEL pool for atomic allocations
[    0.190212] DMA: preallocated 512 KiB GFP_KERNEL|GFP_DMA pool for atomic allocations
[    0.191281] DMA: preallocated 512 KiB GFP_KERNEL|GFP_DMA32 pool for atomic allocations
[    0.192215] audit: initializing netlink subsys (disabled)
[    0.192870] audit: type=2000 audit(1646494567.153:1): state=initialized audit_enabled=0 res=1
[    0.192870] thermal_sys: Registered thermal governor 'fair_share'
[    0.193169] thermal_sys: Registered thermal governor 'bang_bang'
[    0.193835] thermal_sys: Registered thermal governor 'step_wise'
[    0.194486] thermal_sys: Registered thermal governor 'user_space'
[    0.195134] thermal_sys: Registered thermal governor 'power_allocator'
[    0.195804] EISA bus registered
[    0.196866] cpuidle: using governor ladder
[    0.197174] cpuidle: using governor menu
[    0.197681] ACPI: bus type PCI registered
[    0.198138] acpiphp: ACPI Hot Plug PCI Controller Driver version: 0.5
[    0.198897] PCI: Using configuration type 1 for base access
[    0.200290] HugeTLB registered 1.00 GiB page size, pre-allocated 0 pages
[    0.200290] HugeTLB registered 2.00 MiB page size, pre-allocated 0 pages
[    0.201340] ACPI: Added _OSI(Module Device)
[    0.201717] ACPI: Added _OSI(Processor Device)
[    0.202213] ACPI: Added _OSI(3.0 _SCP Extensions)
[    0.202743] ACPI: Added _OSI(Processor Aggregator Device)
[    0.203338] ACPI: Added _OSI(Linux-Dell-Video)
[    0.203838] ACPI: Added _OSI(Linux-Lenovo-NV-HDMI-Audio)
[    0.205170] ACPI: Added _OSI(Linux-HPI-Hybrid-Graphics)
[    0.206300] ACPI: 1 ACPI AML tables successfully acquired and loaded
[    0.207617] ACPI: Interpreter enabled
[    0.208059] ACPI: (supports S0 S3 S4 S5)
[    0.208515] ACPI: Using IOAPIC for interrupt routing
[    0.209080] PCI: Using host bridge windows from ACPI; if necessary, use "pci=nocrs" and report a bug
[    0.209247] ACPI: Enabled 2 GPEs in block 00 to 0F
[    0.211375] ACPI: PCI Root Bridge [PCI0] (domain 0000 [bus 00-ff])
[    0.212049] acpi PNP0A03:00: _OSC: OS supports [ASPM ClockPM Segments MSI HPX-Type3]
[    0.212902] acpi PNP0A03:00: fail to add MMCONFIG information, can't access extended PCI configuration space under this bridge.
[    0.213334] acpiphp: Slot [3] registered
[    0.213800] acpiphp: Slot [4] registered
[    0.214256] acpiphp: Slot [5] registered
[    0.214722] acpiphp: Slot [6] registered
[    0.215182] acpiphp: Slot [7] registered
[    0.215634] acpiphp: Slot [8] registered
[    0.216095] acpiphp: Slot [9] registered
[    0.216553] acpiphp: Slot [10] registered
[    0.217016] acpiphp: Slot [11] registered
[    0.217185] acpiphp: Slot [12] registered
[    0.217659] acpiphp: Slot [13] registered
[    0.218137] acpiphp: Slot [14] registered
[    0.218603] acpiphp: Slot [15] registered
[    0.219076] acpiphp: Slot [16] registered
[    0.219561] acpiphp: Slot [17] registered
[    0.220021] acpiphp: Slot [18] registered
[    0.220488] acpiphp: Slot [19] registered
[    0.220957] acpiphp: Slot [20] registered
[    0.221180] acpiphp: Slot [21] registered
[    0.221640] acpiphp: Slot [22] registered
[    0.222109] acpiphp: Slot [23] registered
[    0.222585] acpiphp: Slot [24] registered
[    0.223048] acpiphp: Slot [25] registered
[    0.223514] acpiphp: Slot [26] registered
[    0.223979] acpiphp: Slot [27] registered
[    0.224439] acpiphp: Slot [28] registered
[    0.224907] acpiphp: Slot [29] registered
[    0.225185] acpiphp: Slot [30] registered
[    0.225667] acpiphp: Slot [31] registered
[    0.226123] PCI host bridge to bus 0000:00
[    0.226586] pci_bus 0000:00: root bus resource [io  0x0000-0x0cf7 window]
[    0.227307] pci_bus 0000:00: root bus resource [io  0x0d00-0xffff window]
[    0.228026] pci_bus 0000:00: root bus resource [mem 0x000a0000-0x000bffff window]
[    0.228843] pci_bus 0000:00: root bus resource [mem 0xc0000000-0xfebfffff window]
[    0.229170] pci_bus 0000:00: root bus resource [mem 0x140000000-0x1bfffffff window]
[    0.230006] pci_bus 0000:00: root bus resource [bus 00-ff]
[    0.230619] pci 0000:00:00.0: [8086:1237] type 00 class 0x060000
[    0.231652] pci 0000:00:01.0: [8086:7000] type 00 class 0x060100
[    0.232602] pci 0000:00:01.1: [8086:7010] type 00 class 0x010180
[    0.234659] pci 0000:00:01.1: reg 0x20: [io  0xc060-0xc06f]
[    0.235716] pci 0000:00:01.1: legacy IDE quirk: reg 0x10: [io  0x01f0-0x01f7]
[    0.236473] pci 0000:00:01.1: legacy IDE quirk: reg 0x14: [io  0x03f6]
[    0.237169] pci 0000:00:01.1: legacy IDE quirk: reg 0x18: [io  0x0170-0x0177]
[    0.237931] pci 0000:00:01.1: legacy IDE quirk: reg 0x1c: [io  0x0376]
[    0.238806] pci 0000:00:01.3: [8086:7113] type 00 class 0x068000
[    0.239648] pci 0000:00:01.3: quirk: [io  0x0600-0x063f] claimed by PIIX4 ACPI
[    0.240450] pci 0000:00:01.3: quirk: [io  0x0700-0x070f] claimed by PIIX4 SMB
[    0.241504] pci 0000:00:02.0: [1234:1111] type 00 class 0x030000
[    0.244539] pci 0000:00:02.0: reg 0x10: [mem 0xfd000000-0xfdffffff pref]
[    0.246140] pci 0000:00:02.0: reg 0x18: [mem 0xfebd2000-0xfebd2fff]
[    0.249195] pci 0000:00:02.0: reg 0x30: [mem 0xfebc0000-0xfebcffff pref]
[    0.250361] pci 0000:00:03.0: [1af4:1000] type 00 class 0x020000
[    0.251824] pci 0000:00:03.0: reg 0x10: [io  0xc040-0xc05f]
[    0.253170] pci 0000:00:03.0: reg 0x14: [mem 0xfebd3000-0xfebd3fff]
[    0.256810] pci 0000:00:03.0: reg 0x20: [mem 0xfe000000-0xfe003fff 64bit pref]
[    0.257751] pci 0000:00:03.0: reg 0x30: [mem 0xfeb80000-0xfebbffff pref]
[    0.258961] pci 0000:00:04.0: [1af4:1004] type 00 class 0x010000
[    0.260320] pci 0000:00:04.0: reg 0x10: [io  0xc000-0xc03f]
[    0.261525] pci 0000:00:04.0: reg 0x14: [mem 0xfebd4000-0xfebd4fff]
[    0.264298] pci 0000:00:04.0: reg 0x20: [mem 0xfe004000-0xfe007fff 64bit pref]
[    0.266429] pci 0000:00:05.0: [8086:5845] type 00 class 0x010802
[    0.267546] pci 0000:00:05.0: reg 0x10: [mem 0xfebd0000-0xfebd1fff 64bit]
[    0.269337] pci 0000:00:05.0: reg 0x20: [mem 0xfebd5000-0xfebd5fff]
[    0.275135] ACPI: PCI Interrupt Link [LNKA] (IRQs 5 *10 11)
[    0.276411] ACPI: PCI Interrupt Link [LNKB] (IRQs 5 *10 11)
[    0.277137] ACPI: PCI Interrupt Link [LNKC] (IRQs 5 10 *11)
[    0.277235] ACPI: PCI Interrupt Link [LNKD] (IRQs 5 10 *11)
[    0.277930] ACPI: PCI Interrupt Link [LNKS] (IRQs *9)
[    0.278922] iommu: Default domain type: Translated 
[    0.278922] pci 0000:00:02.0: vgaarb: setting as boot VGA device
[    0.278922] pci 0000:00:02.0: vgaarb: VGA device added: decodes=io+mem,owns=io+mem,locks=none
[    0.281170] pci 0000:00:02.0: vgaarb: bridge control possible
[    0.281840] vgaarb: loaded
[    0.282357] SCSI subsystem initialized
[    0.282859] ACPI: bus type USB registered
[    0.282859] usbcore: registered new interface driver usbfs
[    0.282859] usbcore: registered new interface driver hub
[    0.283021] usbcore: registered new device driver usb
[    0.285202] pps_core: LinuxPPS API ver. 1 registered
[    0.285840] pps_core: Software ver. 5.3.6 - Copyright 2005-2007 Rodolfo Giometti <giometti@linux.it>
[    0.286901] PTP clock support registered
[    0.287417] EDAC MC: Ver: 3.0.0
[    0.287417] NetLabel: Initializing
[    0.287417] NetLabel:  domain hash size = 128
[    0.287417] NetLabel:  protocols = UNLABELED CIPSOv4 CALIPSO
[    0.289185] NetLabel:  unlabeled traffic allowed by default
[    0.289860] PCI: Using ACPI for IRQ routing
[    0.289860] hpet0: at MMIO 0xfed00000, IRQs 2, 8, 0
[    0.290324] hpet0: 3 comparators, 64-bit 100.000000 MHz counter
[    0.295237] clocksource: Switched to clocksource kvm-clock
[    0.301777] VFS: Disk quotas dquot_6.6.0
[    0.302249] VFS: Dquot-cache hash table entries: 512 (order 0, 4096 bytes)
[    0.303168] AppArmor: AppArmor Filesystem Enabled
[    0.303695] pnp: PnP ACPI init
[    0.304297] pnp: PnP ACPI: found 6 devices
[    0.310267] clocksource: acpi_pm: mask: 0xffffff max_cycles: 0xffffff, max_idle_ns: 2085701024 ns
[    0.311200] NET: Registered protocol family 2
[    0.311820] tcp_listen_portaddr_hash hash table entries: 2048 (order: 3, 32768 bytes, linear)
[    0.312700] TCP established hash table entries: 32768 (order: 6, 262144 bytes, linear)
[    0.313557] TCP bind hash table entries: 32768 (order: 7, 524288 bytes, linear)
[    0.314340] TCP: Hash tables configured (established 32768 bind 32768)
[    0.315030] MPTCP token hash table entries: 4096 (order: 4, 98304 bytes, linear)
[    0.315803] UDP hash table entries: 2048 (order: 4, 65536 bytes, linear)
[    0.316486] UDP-Lite hash table entries: 2048 (order: 4, 65536 bytes, linear)
[    0.317235] NET: Registered protocol family 1
[    0.317708] NET: Registered protocol family 44
[    0.318193] pci_bus 0000:00: resource 4 [io  0x0000-0x0cf7 window]
[    0.318819] pci_bus 0000:00: resource 5 [io  0x0d00-0xffff window]
[    0.319446] pci_bus 0000:00: resource 6 [mem 0x000a0000-0x000bffff window]
[    0.320140] pci_bus 0000:00: resource 7 [mem 0xc0000000-0xfebfffff window]
[    0.320830] pci_bus 0000:00: resource 8 [mem 0x140000000-0x1bfffffff window]
[    0.326108] pci 0000:00:01.0: PIIX3: Enabling Passive Release
[    0.326707] pci 0000:00:00.0: Limiting direct PCI/PCI transfers
[    0.327320] pci 0000:00:01.0: Activating ISA DMA hang workarounds
[    0.327965] pci 0000:00:02.0: Video device with shadowed ROM at [mem 0x000c0000-0x000dffff]
[    0.328842] PCI: CLS 0 bytes, default 64
[    0.329310] Trying to unpack rootfs image as initramfs...
[    0.449807] Freeing initrd memory: 86284K
[    0.450459] PCI-DMA: Using software bounce buffering for IO (SWIOTLB)
[    0.451164] software IO TLB: mapped [mem 0x00000000bbfd5000-0x00000000bffd5000] (64MB)
[    0.451972] clocksource: tsc: mask: 0xffffffffffffffff max_cycles: 0x6d51e514936, max_idle_ns: 881590614020 ns
[    0.452900] check: Scanning for low memory corruption every 60 seconds
[    0.453848] Initialise system trusted keyrings
[    0.454327] Key type blacklist registered
[    0.454798] workingset: timestamp_bits=36 max_order=20 bucket_order=0
[    0.456027] zbud: loaded
[    0.456465] squashfs: version 4.0 (2009/01/31) Phillip Lougher
[    0.457118] fuse: init (API version 7.32)
[    0.457639] integrity: Platform Keyring initialized
[    0.462911] Key type asymmetric registered
[    0.463408] Asymmetric key parser 'x509' registered
[    0.463953] Block layer SCSI generic (bsg) driver version 0.4 loaded (major 243)
[    0.464805] io scheduler mq-deadline registered
[    0.465456] shpchp: Standard Hot Plug PCI Controller Driver version: 0.4
[    0.466333] input: Power Button as /devices/LNXSYSTM:00/LNXPWRBN:00/input/input0
[    0.467235] ACPI: Power Button [PWRF]
[    0.485355] PCI Interrupt Link [LNKC] enabled at IRQ 11
[    0.503941] PCI Interrupt Link [LNKD] enabled at IRQ 10
[    0.505047] Serial: 8250/16550 driver, 32 ports, IRQ sharing enabled
[    0.527665] 00:04: ttyS0 at I/O 0x3f8 (irq = 4, base_baud = 115200) is a 16550A
[    0.529456] Linux agpgart interface v0.103
[    0.530999] loop: module loaded
[    0.531925] scsi host0: ata_piix
[    0.532425] scsi host1: ata_piix
[    0.532858] ata1: PATA max MWDMA2 cmd 0x1f0 ctl 0x3f6 bmdma 0xc060 irq 14
[    0.533586] ata2: PATA max MWDMA2 cmd 0x170 ctl 0x376 bmdma 0xc068 irq 15
[    0.534442] libphy: Fixed MDIO Bus: probed
[    0.534989] tun: Universal TUN/TAP device driver, 1.6
[    0.535600] PPP generic driver version 2.4.2
[    0.536136] VFIO - User Level meta-driver version: 0.3
[    0.536800] ehci_hcd: USB 2.0 'Enhanced' Host Controller (EHCI) Driver
[    0.537551] ehci-pci: EHCI PCI platform driver
[    0.538087] ehci-platform: EHCI generic platform driver
[    0.538715] ohci_hcd: USB 1.1 'Open' Host Controller (OHCI) Driver
[    0.539442] ohci-pci: OHCI PCI platform driver
[    0.539988] ohci-platform: OHCI generic platform driver
[    0.540602] uhci_hcd: USB Universal Host Controller Interface driver
[    0.541336] i8042: PNP: PS/2 Controller [PNP0303:KBD,PNP0f13:MOU] at 0x60,0x64 irq 1,12
[    0.542627] serio: i8042 KBD port at 0x60,0x64 irq 1
[    0.543208] serio: i8042 AUX port at 0x60,0x64 irq 12
[    0.543886] mousedev: PS/2 mouse device common for all mice
[    0.544645] rtc_cmos 00:05: RTC can wake from S4
[    0.545414] input: AT Translated Set 2 keyboard as /devices/platform/i8042/serio0/input/input1
[    0.546603] rtc_cmos 00:05: registered as rtc0
[    0.547140] rtc_cmos 00:05: setting system clock to 2022-03-05T15:36:06 UTC (1646494566)
[    0.548030] rtc_cmos 00:05: alarms up to one day, y3k, 242 bytes nvram, hpet irqs
[    0.548850] i2c /dev entries driver
[    0.549301] device-mapper: uevent: version 1.0.3
[    0.549854] device-mapper: ioctl: 4.43.0-ioctl (2020-10-01) initialised: dm-devel@redhat.com
[    0.550823] platform eisa.0: Probing EISA bus 0
[    0.551326] platform eisa.0: EISA: Cannot allocate resource for mainboard
[    0.552045] platform eisa.0: Cannot allocate resource for EISA slot 1
[    0.552713] platform eisa.0: Cannot allocate resource for EISA slot 2
[    0.553385] platform eisa.0: Cannot allocate resource for EISA slot 3
[    0.554072] platform eisa.0: Cannot allocate resource for EISA slot 4
[    0.554775] platform eisa.0: Cannot allocate resource for EISA slot 5
[    0.555442] platform eisa.0: Cannot allocate resource for EISA slot 6
[    0.556145] platform eisa.0: Cannot allocate resource for EISA slot 7
[    0.556826] platform eisa.0: Cannot allocate resource for EISA slot 8
[    0.557532] platform eisa.0: EISA: Detected 0 cards
[    0.558083] intel_pstate: CPU model not supported
[    0.558640] ledtrig-cpu: registered to indicate activity on CPUs
[    0.559315] intel_pmc_core intel_pmc_core.0:  initialized
[    0.559936] drop_monitor: Initializing network drop monitor service
[    0.560680] NET: Registered protocol family 10
[    0.564665] Segment Routing with IPv6
[    0.565092] NET: Registered protocol family 17
[    0.565627] Key type dns_resolver registered
[    0.566324] IPI shorthand broadcast: enabled
[    0.566830] sched_clock: Marking stable (468367560, 97917342)->(633236963, -66952061)
[    0.567770] registered taskstats version 1
[    0.568252] Loading compiled-in X.509 certificates
[    0.569214] Loaded X.509 cert 'Build time autogenerated kernel key: 5296574db5a9a84d509e62c03d1666703cc22ca1'
[    0.570279] zswap: loaded using pool lzo/zbud
[    0.570850] Key type ._fscrypt registered
[    0.571295] Key type .fscrypt registered
[    0.571752] Key type fscrypt-provisioning registered
[    0.573747] Key type encrypted registered
[    0.574199] AppArmor: AppArmor sha1 policy hashing enabled
[    0.574782] ima: No TPM chip found, activating TPM-bypass!
[    0.575418] ima: Allocated hash algorithm: sha1
[    0.575948] ima: No architecture policies found
[    0.576432] evm: Initialising EVM extended attributes:
[    0.577024] evm: security.selinux
[    0.577434] evm: security.SMACK64
[    0.577844] evm: security.SMACK64EXEC
[    0.578261] evm: security.SMACK64TRANSMUTE
[    0.578723] evm: security.SMACK64MMAP
[    0.579133] evm: security.apparmor
[    0.579512] evm: security.ima
[    0.579863] evm: security.capability
[    0.580272] evm: HMAC attrs: 0x1
[    0.580812] PM:   Magic number: 14:527:638
[    0.581419] RAS: Correctable Errors collector initialized.
[    0.697732] Freeing unused decrypted memory: 2036K
[    0.701565] Freeing unused kernel image (initmem) memory: 2664K
[    0.702217] Write protecting the kernel read-only data: 28672k
[    0.703540] Freeing unused kernel image (text/rodata gap) memory: 2036K
[    0.704353] Freeing unused kernel image (rodata/data gap) memory: 1256K
[    0.712528] x86/mm: Checked W+X mappings: passed, no W+X pages found.
[    0.713241] Run /init as init process
Loading, please wait...
Starting version 245.4-4ubuntu3.15
[    0.750818] piix4_smbus 0000:00:01.3: SMBus Host Controller at 0x700, revision 0
[    0.750886] Floppy drive(s): fd0 is 2.88M AMI BIOS
[    0.752602] input: VirtualPS/2 VMware VMMouse as /devices/platform/i8042/serio1/input/input4
[    0.753663] input: VirtualPS/2 VMware VMMouse as /devices/platform/i8042/serio1/input/input3
[    0.755585] scsi host2: Virtio SCSI HBA
[    0.756894] scsi 2:0:0:0: Direct-Access     QEMU     QEMU HARDDISK    2.5+ PQ: 0 ANSI: 5
[    0.764340] bochs-drm 0000:00:02.0: vgaarb: deactivate vga console
[    0.765182] cryptd: max_cpu_qlen set to 1000
[    0.765926] sd 2:0:0:0: Power-on or device reset occurred
[    0.766035] sd 2:0:0:0: [sda] 167772160 512-byte logical blocks: (85.9 GB/80.0 GiB)
[    0.766051] sd 2:0:0:0: [sda] Write Protect is off
[    0.766084] sd 2:0:0:0: [sda] Write cache: enabled, read cache: enabled, doesn't support DPO or FUA
[    0.766509] sd 2:0:0:0: Attached scsi generic sg0 type 0
[    0.769480]  sda: sda1 sda2 sda3
[    0.769883] sd 2:0:0:0: [sda] Attached SCSI disk
[    0.771496] Console: switching to colour dummy device 80x25
[    0.774718] AVX2 version of gcm_enc/dec engaged.
[    0.774736] [drm] Found bochs VGA, ID 0xb0c0.
[    0.775120] AES CTR mode by8 optimization enabled
[    0.775367] [drm] Framebuffer size 16384 kB @ 0xfd000000, mmio @ 0xfebd2000.
[    0.776204] [TTM] Zone  kernel: Available graphics memory: 2010974 KiB
[    0.776569] [TTM] Initializing pool allocator
[    0.776825] [TTM] Initializing DMA pool allocator
[    0.777798] [drm] Found EDID data blob.
[    0.778097] [drm] Initialized bochs-drm 1.0.0 20130925 for 0000:00:02.0 on minor 0
[    0.779049] fbcon: bochs-drmdrmfb (fb0) is primary device
[    0.779399] FDC 0 is a S82078B
[    0.780429] Console: switching to colour frame buffer device 128x48
[    0.782639] nvme nvme0: pci function 0000:00:05.0
[    0.783633] bochs-drm 0000:00:02.0: [drm] fb0: bochs-drmdrmfb frame buffer device
[    0.787705] virtio_net virtio0 ens3: renamed from eth0
[    0.805207] PCI Interrupt Link [LNKA] enabled at IRQ 10
[FEMU] Err: zns.c : zns_start_ctrl(), to inhoinno 
[    0.807654] nvme nvme0: 4/0/0 default/read/poll queues
[FEMU] Err: nvme-io.c : nvme_create_poller(), to inhoinno 
[FEMU] Err: /femu/nvme-io.c : nvme_io_cmd(), to inhoinno 
[FEMU] Err: /femu/nvme-io.c : nvme_io_cmd(): default, to inhoinno 
[FEMU] Err: zns.c : zns_io_cmd(), to inhoinno 
[FEMU] Err: nvme-io.c : nvme_post_cqe(), to inhoinno 
[FEMU] Err: /femu/nvme-io.c : nvme_io_cmd(), to inhoinno 
[FEMU] Err: /femu/nvme-io.c : nvme_io_cmd(): default, to inhoinno 
[FEMU] Err: zns.c : zns_io_cmd(), to inhoinno 
[FEMU] Err: zns.c : zns_read(), to inhoinno 
[FEMU] Err: zns.c : zns_get_zone_by_slba(), to inhoinno 
[FEMU] Err: zns.c : zns_check_zone_read(), to inhoinno 
[FEMU] Err: zns.c : zns_check_zone_state_for_read(), to inhoinno 
[FEMU] Err: dram.c : backend_rw(), to inhoinno 
[FEMU] Err: nvme-io.c : nvme_post_cqe(), to inhoinno 
[FEMU] Err: /femu/nvme-io.c : nvme_io_cmd(), to inhoinno 
[FEMU] Err: /femu/nvme-io.c : nvme_io_cmd(): default, to inhoinno 
[FEMU] Err: zns.c : zns_io_cmd(), to inhoinno 
[FEMU] Err: zns.c : zns_read(), to inhoinno 
[FEMU] Err: zns.c : zns_get_zone_by_slba(), to inhoinno 
[FEMU] Err: zns.c : zns_check_zone_read(), to inhoinno 
[FEMU] Err: zns.c : zns_check_zone_state_for_read(), to inhoinno 
[FEMU] Err: dram.c : backend_rw(), to inhoinno 
[FEMU] Err: nvme-io.c : nvme_post_cqe(), to inhoinno 
[FEMU] Err: /femu/nvme-io.c : nvme_io_cmd(), to inhoinno 
[FEMU] Err: /femu/nvme-io.c : nvme_io_cmd(): default, to inhoinno 
[FEMU] Err: zns.c : zns_io_cmd(), to inhoinno 
[FEMU] Err: zns.c : zns_read(), to inhoinno 
[FEMU] Err: zns.c : zns_get_zone_by_slba(), to inhoinno 
[FEMU] Err: zns.c : zns_check_zone_read(), to inhoinno 
[FEMU] Err: zns.c : zns_check_zone_state_for_read(), to inhoinno 
[FEMU] Err: dram.c : backend_rw(), to inhoinno 
[FEMU] Err: nvme-io.c : nvme_post_cqe(), to inhoinno 
[FEMU] Err: /femu/nvme-io.c : nvme_io_cmd(), to inhoinno 
[FEMU] Err: /femu/nvme-io.c : nvme_io_cmd(): default, to inhoinno 
[FEMU] Err: zns.c : zns_io_cmd(), to inhoinno 
[FEMU] Err: zns.c : zns_read(), to inhoinno 
[FEMU] Err: zns.c : zns_get_zone_by_slba(), to inhoinno 
[FEMU] Err: zns.c : zns_check_zone_read(), to inhoinno 
[FEMU] Err: zns.c : zns_check_zone_state_for_read(), to inhoinno 
[FEMU] Err: dram.c : backend_rw(), to inhoinno 
[FEMU] Err: /femu/nvme-io.c : nvme_io_cmd(), to inhoinno 
[FEMU] Err: /femu/nvme-io.c : nvme_io_cmd(): default, to inhoinno 
[FEMU] Err: zns.c : zns_io_cmd(), to inhoinno 
[FEMU] Err: zns.c : zns_read(), to inhoinno 
[FEMU] Err: zns.c : zns_get_zone_by_slba(), to inhoinno 
[FEMU] Err: zns.c : zns_check_zone_read(), to inhoinno 
[FEMU] Err: zns.c : zns_check_zone_state_for_read(), to inhoinno 
[FEMU] Err: dram.c : backend_rw(), to inhoinno 
[FEMU] Err: nvme-io.c : nvme_post_cqe(), to inhoinno 
[FEMU] Err: nvme-io.c : nvme_post_cqe(), to inhoinno 
[FEMU] Err: /femu/nvme-io.c : nvme_io_cmd(), to inhoinno 
[FEMU] Err: /femu/nvme-io.c : nvme_io_cmd(): default, to inhoinno 
[FEMU] Err: zns.c : zns_io_cmd(), to inhoinno 
[FEMU] Err: zns.c : zns_read(), to inhoinno 
[FEMU] Err: zns.c : zns_get_zone_by_slba(), to inhoinno 
[FEMU] Err: zns.c : zns_check_zone_read(), to inhoinno 
[FEMU] Err: zns.c : zns_check_zone_state_for_read(), to inhoinno 
[FEMU] Err: dram.c : backend_rw(), to inhoinno 
[FEMU] Err: nvme-io.c : nvme_post_cqe(), to inhoinno 
[FEMU] Err: /femu/nvme-io.c : nvme_io_cmd(), to inhoinno 
[FEMU] Err: /femu/nvme-io.c : nvme_io_cmd(): default, to inhoinno 
[FEMU] Err: zns.c : zns_io_cmd(), to inhoinno 
[FEMU] Err: zns.c : zns_read(), to inhoinno 
[FEMU] Err: zns.c : zns_get_zone_by_slba(), to inhoinno 
[FEMU] Err: zns.c : zns_check_zone_read(), to inhoinno 
[FEMU] Err: zns.c : zns_check_zone_state_for_read(), to inhoinno 
[FEMU] Err: dram.c : backend_rw(), to inhoinno 
[FEMU] Err: nvme-io.c : nvme_post_cqe(), to inhoinno 
[FEMU] Err: /femu/nvme-io.c : nvme_io_cmd(), to inhoinno 
[FEMU] Err: /femu/nvme-io.c : nvme_io_cmd(): default, to inhoinno 
[FEMU] Err: zns.c : zns_io_cmd(), to inhoinno 
[FEMU] Err: zns.c : zns_read(), to inhoinno 
[FEMU] Err: zns.c : zns_get_zone_by_slba(), to inhoinno 
[FEMU] Err: zns.c : zns_check_zone_read(), to inhoinno 
[FEMU] Err: zns.c : zns_check_zone_state_for_read(), to inhoinno 
[FEMU] Err: dram.c : backend_rw(), to inhoinno 
[FEMU] Err: nvme-io.c : nvme_post_cqe(), to inhoinno 
[FEMU] Err: /femu/nvme-io.c : nvme_io_cmd(), to inhoinno 
[FEMU] Err: /femu/nvme-io.c : nvme_io_cmd(): default, to inhoinno 
[FEMU] Err: zns.c : zns_io_cmd(), to inhoinno 
[FEMU] Err: zns.c : zns_read(), to inhoinno 
[FEMU] Err: zns.c : zns_get_zone_by_slba(), to inhoinno 
[FEMU] Err: zns.c : zns_check_zone_read(), to inhoinno 
[FEMU] Err: zns.c : zns_check_zone_state_for_read(), to inhoinno 
[FEMU] Err: dram.c : backend_rw(), to inhoinno 
[FEMU] Err: nvme-io.c : nvme_post_cqe(), to inhoinno 
[FEMU] Err: /femu/nvme-io.c : nvme_io_cmd(), to inhoinno 
[FEMU] Err: /femu/nvme-io.c : nvme_io_cmd(): default, to inhoinno 
[FEMU] Err: zns.c : zns_io_cmd(), to inhoinno 
[FEMU] Err: zns.c : zns_read(), to inhoinno 
[FEMU] Err: zns.c : zns_get_zone_by_slba(), to inhoinno 
[FEMU] Err: zns.c : zns_check_zone_read(), to inhoinno 
[FEMU] Err: zns.c : zns_check_zone_state_for_read(), to inhoinno 
[FEMU] Err: dram.c : backend_rw(), to inhoinno 
[FEMU] Err: nvme-io.c : nvme_post_cqe(), to inhoinno 
[FEMU] Err: /femu/nvme-io.c : nvme_io_cmd(), to inhoinno 
[FEMU] Err: /femu/nvme-io.c : nvme_io_cmd(): default, to inhoinno 
[FEMU] Err: zns.c : zns_io_cmd(), to inhoinno 
[FEMU] Err: zns.c : zns_read(), to inhoinno 
[FEMU] Err: zns.c : zns_get_zone_by_slba(), to inhoinno 
[FEMU] Err: zns.c : zns_check_zone_read(), to inhoinno 
[FEMU] Err: zns.c : zns_check_zone_state_for_read(), to inhoinno 
[FEMU] Err: dram.c : backend_rw(), to inhoinno 
[FEMU] Err: nvme-io.c : nvme_post_cqe(), to inhoinno 
[FEMU] Err: /femu/nvme-io.c : nvme_io_cmd(), to inhoinno 
[FEMU] Err: /femu/nvme-io.c : nvme_io_cmd(): default, to inhoinno 
[FEMU] Err: zns.c : zns_io_cmd(), to inhoinno 
[FEMU] Err: zns.c : zns_read(), to inhoinno 
[FEMU] Err: zns.c : zns_get_zone_by_slba(), to inhoinno 
[FEMU] Err: zns.c : zns_check_zone_read(), to inhoinno 
[FEMU] Err: zns.c : zns_check_zone_state_for_read(), to inhoinno 
[FEMU] Err: dram.c : backend_rw(), to inhoinno 
[FEMU] Err: nvme-io.c : nvme_post_cqe(), to inhoinno 
[FEMU] Err: /femu/nvme-io.c : nvme_io_cmd(), to inhoinno 
[FEMU] Err: /femu/nvme-io.c : nvme_io_cmd(): default, to inhoinno 
[FEMU] Err: zns.c : zns_io_cmd(), to inhoinno 
[FEMU] Err: zns.c : zns_read(), to inhoinno 
[FEMU] Err: zns.c : zns_get_zone_by_slba(), to inhoinno 
[FEMU] Err: zns.c : zns_check_zone_read(), to inhoinno 
[FEMU] Err: zns.c : zns_check_zone_state_for_read(), to inhoinno 
[FEMU] Err: dram.c : backend_rw(), to inhoinno 
[FEMU] Err: nvme-io.c : nvme_post_cqe(), to inhoinno 
[FEMU] Err: /femu/nvme-io.c : nvme_io_cmd(), to inhoinno 
[FEMU] Err: /femu/nvme-io.c : nvme_io_cmd(): default, to inhoinno 
[FEMU] Err: zns.c : zns_io_cmd(), to inhoinno 
[FEMU] Err: zns.c : zns_read(), to inhoinno 
[FEMU] Err: zns.c : zns_get_zone_by_slba(), to inhoinno 
[FEMU] Err: zns.c : zns_check_zone_read(), to inhoinno 
[FEMU] Err: zns.c : zns_check_zone_state_for_read(), to inhoinno 
[FEMU] Err: dram.c : backend_rw(), to inhoinno 
[FEMU] Err: nvme-io.c : nvme_post_cqe(), to inhoinno 
[FEMU] Err: /femu/nvme-io.c : nvme_io_cmd(), to inhoinno 
[FEMU] Err: /femu/nvme-io.c : nvme_io_cmd(): default, to inhoinno 
[FEMU] Err: zns.c : zns_io_cmd(), to inhoinno 
[FEMU] Err: zns.c : zns_read(), to inhoinno 
[FEMU] Err: zns.c : zns_get_zone_by_slba(), to inhoinno 
[FEMU] Err: zns.c : zns_check_zone_read(), to inhoinno 
[FEMU] Err: zns.c : zns_check_zone_state_for_read(), to inhoinno 
[FEMU] Err: dram.c : backend_rw(), to inhoinno 
[FEMU] Err: nvme-io.c : nvme_post_cqe(), to inhoinno 
[FEMU] Err: /femu/nvme-io.c : nvme_io_cmd(), to inhoinno 
[FEMU] Err: /femu/nvme-io.c : nvme_io_cmd(): default, to inhoinno 
[FEMU] Err: zns.c : zns_io_cmd(), to inhoinno 
[FEMU] Err: zns.c : zns_read(), to inhoinno 
[FEMU] Err: zns.c : zns_get_zone_by_slba(), to inhoinno 
[FEMU] Err: zns.c : zns_check_zone_read(), to inhoinno 
[FEMU] Err: zns.c : zns_check_zone_state_for_read(), to inhoinno 
[FEMU] Err: dram.c : backend_rw(), to inhoinno 
[FEMU] Err: nvme-io.c : nvme_post_cqe(), to inhoinno 
[FEMU] Err: /femu/nvme-io.c : nvme_io_cmd(), to inhoinno 
[FEMU] Err: /femu/nvme-io.c : nvme_io_cmd(): default, to inhoinno 
[FEMU] Err: zns.c : zns_io_cmd(), to inhoinno 
[FEMU] Err: zns.c : zns_read(), to inhoinno 
[FEMU] Err: zns.c : zns_get_zone_by_slba(), to inhoinno 
[FEMU] Err: zns.c : zns_check_zone_read(), to inhoinno 
[FEMU] Err: zns.c : zns_check_zone_state_for_read(), to inhoinno 
[FEMU] Err: dram.c : backend_rw(), to inhoinno 
[FEMU] Err: nvme-io.c : nvme_post_cqe(), to inhoinno 
[FEMU] Err: /femu/nvme-io.c : nvme_io_cmd(), to inhoinno 
[FEMU] Err: /femu/nvme-io.c : nvme_io_cmd(): default, to inhoinno 
[FEMU] Err: zns.c : zns_io_cmd(), to inhoinno 
[FEMU] Err: zns.c : zns_read(), to inhoinno 
[FEMU] Err: zns.c : zns_get_zone_by_slba(), to inhoinno 
[FEMU] Err: zns.c : zns_check_zone_read(), to inhoinno 
[FEMU] Err: zns.c : zns_check_zone_state_for_read(), to inhoinno 
[FEMU] Err: dram.c : backend_rw(), to inhoinno 
[FEMU] Err: nvme-io.c : nvme_post_cqe(), to inhoinno 
[FEMU] Err: /femu/nvme-io.c : nvme_io_cmd(), to inhoinno 
[FEMU] Err: /femu/nvme-io.c : nvme_io_cmd(): default, to inhoinno 
[FEMU] Err: zns.c : zns_io_cmd(), to inhoinno 
[FEMU] Err: zns.c : zns_read(), to inhoinno 
[FEMU] Err: zns.c : zns_get_zone_by_slba(), to inhoinno 
[FEMU] Err: zns.c : zns_check_zone_read(), to inhoinno 
[FEMU] Err: zns.c : zns_check_zone_state_for_read(), to inhoinno 
[FEMU] Err: dram.c : backend_rw(), to inhoinno 
[FEMU] Err: /femu/nvme-io.c : nvme_io_cmd(), to inhoinno 
[FEMU] Err: /femu/nvme-io.c : nvme_io_cmd(): default, to inhoinno 
[FEMU] Err: zns.c : zns_io_cmd(), to inhoinno 
[FEMU] Err: zns.c : zns_read(), to inhoinno 
[FEMU] Err: zns.c : zns_get_zone_by_slba(), to inhoinno 
[FEMU] Err: zns.c : zns_check_zone_read(), to inhoinno 
[FEMU] Err: zns.c : zns_check_zone_state_for_read(), to inhoinno 
[FEMU] Err: dram.c : backend_rw(), to inhoinno 
[FEMU] Err: /femu/nvme-io.c : nvme_io_cmd(), to inhoinno 
[FEMU] Err: /femu/nvme-io.c : nvme_io_cmd(): default, to inhoinno 
[FEMU] Err: zns.c : zns_io_cmd(), to inhoinno 
[FEMU] Err: zns.c : zns_read(), to inhoinno 
[FEMU] Err: zns.c : zns_get_zone_by_slba(), to inhoinno 
[FEMU] Err: zns.c : zns_check_zone_read(), to inhoinno 
[FEMU] Err: zns.c : zns_check_zone_state_for_read(), to inhoinno 
[FEMU] Err: dram.c : backend_rw(), to inhoinno 
[FEMU] Err: /femu/nvme-io.c : nvme_io_cmd(), to inhoinno 
[FEMU] Err: /femu/nvme-io.c : nvme_io_cmd(): default, to inhoinno 
[FEMU] Err: zns.c : zns_io_cmd(), to inhoinno 
[FEMU] Err: zns.c : zns_read(), to inhoinno 
[FEMU] Err: zns.c : zns_get_zone_by_slba(), to inhoinno 
[FEMU] Err: zns.c : zns_check_zone_read(), to inhoinno 
[FEMU] Err: zns.c : zns_check_zone_state_for_read(), to inhoinno 
[FEMU] Err: dram.c : backend_rw(), to inhoinno 
[FEMU] Err: /femu/nvme-io.c : nvme_io_cmd(), to inhoinno 
[FEMU] Err: /femu/nvme-io.c : nvme_io_cmd(): default, to inhoinno 
[FEMU] Err: zns.c : zns_io_cmd(), to inhoinno 
[FEMU] Err: zns.c : zns_read(), to inhoinno 
[FEMU] Err: zns.c : zns_get_zone_by_slba(), to inhoinno 
[FEMU] Err: zns.c : zns_check_zone_read(), to inhoinno 
[FEMU] Err: zns.c : zns_check_zone_state_for_read(), to inhoinno 
[FEMU] Err: dram.c : backend_rw(), to inhoinno 
[FEMU] Err: nvme-io.c : nvme_post_cqe(), to inhoinno 
[FEMU] Err: nvme-io.c : nvme_post_cqe(), to inhoinno 
[FEMU] Err: nvme-io.c : nvme_post_cqe(), to inhoinno 
[FEMU] Err: nvme-io.c : nvme_post_cqe(), to inhoinno 
[FEMU] Err: nvme-io.c : nvme_post_cqe(), to inhoinno 
[FEMU] Err: /femu/nvme-io.c : nvme_io_cmd(), to inhoinno 
[FEMU] Err: /femu/nvme-io.c : nvme_io_cmd(): default, to inhoinno 
[FEMU] Err: zns.c : zns_io_cmd(), to inhoinno 
[FEMU] Err: zns.c : zns_read(), to inhoinno 
[FEMU] Err: zns.c : zns_get_zone_by_slba(), to inhoinno 
[FEMU] Err: zns.c : zns_check_zone_read(), to inhoinno 
[FEMU] Err: zns.c : zns_check_zone_state_for_read(), to inhoinno 
[FEMU] Err: dram.c : backend_rw(), to inhoinno 
[FEMU] Err: nvme-io.c : nvme_post_cqe(), to inhoinno 
[FEMU] Err: /femu/nvme-io.c : nvme_io_cmd(), to inhoinno 
[FEMU] Err: /femu/nvme-io.c : nvme_io_cmd(): default, to inhoinno 
[FEMU] Err: zns.c : zns_io_cmd(), to inhoinno 
[FEMU] Err: zns.c : zns_read(), to inhoinno 
[FEMU] Err: zns.c : zns_get_zone_by_slba(), to inhoinno 
[FEMU] Err: zns.c : zns_check_zone_read(), to inhoinno 
[FEMU] Err: zns.c : zns_check_zone_state_for_read(), to inhoinno 
[FEMU] Err: dram.c : backend_rw(), to inhoinno 
[FEMU] Err: nvme-io.c : nvme_post_cqe(), to inhoinno 
[FEMU] Err: /femu/nvme-io.c : nvme_io_cmd(), to inhoinno 
[FEMU] Err: /femu/nvme-io.c : nvme_io_cmd(): default, to inhoinno 
[FEMU] Err: zns.c : zns_io_cmd(), to inhoinno 
[FEMU] Err: zns.c : zns_read(), to inhoinno 
[FEMU] Err: zns.c : zns_get_zone_by_slba(), to inhoinno 
[FEMU] Err: zns.c : zns_check_zone_read(), to inhoinno 
[FEMU] Err: zns.c : zns_check_zone_state_for_read(), to inhoinno 
[FEMU] Err: dram.c : backend_rw(), to inhoinno 
[FEMU] Err: nvme-io.c : nvme_post_cqe(), to inhoinno 
[FEMU] Err: /femu/nvme-io.c : nvme_io_cmd(), to inhoinno 
[FEMU] Err: /femu/nvme-io.c : nvme_io_cmd(): default, to inhoinno 
[FEMU] Err: zns.c : zns_io_cmd(), to inhoinno 
[FEMU] Err: zns.c : zns_read(), to inhoinno 
[FEMU] Err: zns.c : zns_get_zone_by_slba(), to inhoinno 
[FEMU] Err: zns.c : zns_check_zone_read(), to inhoinno 
[FEMU] Err: zns.c : zns_check_zone_state_for_read(), to inhoinno 
[FEMU] Err: dram.c : backend_rw(), to inhoinno 
[FEMU] Err: nvme-io.c : nvme_post_cqe(), to inhoinno 
[FEMU] Err: /femu/nvme-io.c : nvme_io_cmd(), to inhoinno 
[FEMU] Err: /femu/nvme-io.c : nvme_io_cmd(): default, to inhoinno 
[FEMU] Err: zns.c : zns_io_cmd(), to inhoinno 
[FEMU] Err: zns.c : zns_read(), to inhoinno 
[FEMU] Err: zns.c : zns_get_zone_by_slba(), to inhoinno 
[FEMU] Err: zns.c : zns_check_zone_read(), to inhoinno 
[FEMU] Err: zns.c : zns_check_zone_state_for_read(), to inhoinno 
[FEMU] Err: dram.c : backend_rw(), to inhoinno 
[FEMU] Err: nvme-io.c : nvme_post_cqe(), to inhoinno 
[FEMU] Err: /femu/nvme-io.c : nvme_io_cmd(), to inhoinno 
[FEMU] Err: /femu/nvme-io.c : nvme_io_cmd(): default, to inhoinno 
[FEMU] Err: zns.c : zns_io_cmd(), to inhoinno 
[FEMU] Err: zns.c : zns_read(), to inhoinno 
[FEMU] Err: zns.c : zns_get_zone_by_slba(), to inhoinno 
[FEMU] Err: zns.c : zns_check_zone_read(), to inhoinno 
[FEMU] Err: zns.c : zns_check_zone_state_for_read(), to inhoinno 
[FEMU] Err: dram.c : backend_rw(), to inhoinno 
[FEMU] Err: nvme-io.c : nvme_post_cqe(), to inhoinno 
[FEMU] Err: /femu/nvme-io.c : nvme_io_cmd(), to inhoinno 
[FEMU] Err: /femu/nvme-io.c : nvme_io_cmd(): default, to inhoinno 
[FEMU] Err: zns.c : zns_io_cmd(), to inhoinno 
[FEMU] Err: zns.c : zns_read(), to inhoinno 
[FEMU] Err: zns.c : zns_get_zone_by_slba(), to inhoinno 
[FEMU] Err: zns.c : zns_check_zone_read(), to inhoinno 
[FEMU] Err: zns.c : zns_check_zone_state_for_read(), to inhoinno 
[FEMU] Err: dram.c : backend_rw(), to inhoinno 
[FEMU] Err: nvme-io.c : nvme_post_cqe(), to inhoinno 
[FEMU] Err: /femu/nvme-io.c : nvme_io_cmd(), to inhoinno 
[FEMU] Err: /femu/nvme-io.c : nvme_io_cmd(): default, to inhoinno 
[FEMU] Err: zns.c : zns_io_cmd(), to inhoinno 
[FEMU] Err: zns.c : zns_read(), to inhoinno 
[FEMU] Err: zns.c : zns_get_zone_by_slba(), to inhoinno 
[FEMU] Err: zns.c : zns_check_zone_read(), to inhoinno 
[FEMU] Err: zns.c : zns_check_zone_state_for_read(), to inhoinno 
[FEMU] Err: dram.c : backend_rw(), to inhoinno 
[FEMU] Err: nvme-io.c : nvme_post_cqe(), to inhoinno 
[FEMU] Err: /femu/nvme-io.c : nvme_io_cmd(), to inhoinno 
[FEMU] Err: /femu/nvme-io.c : nvme_io_cmd(): default, to inhoinno 
[FEMU] Err: zns.c : zns_io_cmd(), to inhoinno 
[FEMU] Err: zns.c : zns_read(), to inhoinno 
[FEMU] Err: zns.c : zns_get_zone_by_slba(), to inhoinno 
[FEMU] Err: zns.c : zns_check_zone_read(), to inhoinno 
[FEMU] Err: zns.c : zns_check_zone_state_for_read(), to inhoinno 
[FEMU] Err: dram.c : backend_rw(), to inhoinno 
[FEMU] Err: nvme-io.c : nvme_post_cqe(), to inhoinno 
[FEMU] Err: /femu/nvme-io.c : nvme_io_cmd(), to inhoinno 
[FEMU] Err: /femu/nvme-io.c : nvme_io_cmd(): default, to inhoinno 
[FEMU] Err: zns.c : zns_io_cmd(), to inhoinno 
[FEMU] Err: zns.c : zns_read(), to inhoinno 
[FEMU] Err: zns.c : zns_get_zone_by_slba(), to inhoinno 
[FEMU] Err: zns.c : zns_check_zone_read(), to inhoinno 
[FEMU] Err: zns.c : zns_check_zone_state_for_read(), to inhoinno 
[FEMU] Err: dram.c : backend_rw(), to inhoinno 
[FEMU] Err: nvme-io.c : nvme_post_cqe(), to inhoinno 
[FEMU] Err: /femu/nvme-io.c : nvme_io_cmd(), to inhoinno 
[FEMU] Err: /femu/nvme-io.c : nvme_io_cmd(): default, to inhoinno 
[FEMU] Err: zns.c : zns_io_cmd(), to inhoinno 
[FEMU] Err: zns.c : zns_read(), to inhoinno 
[FEMU] Err: zns.c : zns_get_zone_by_slba(), to inhoinno 
[FEMU] Err: zns.c : zns_check_zone_read(), to inhoinno 
[FEMU] Err: zns.c : zns_check_zone_state_for_read(), to inhoinno 
[FEMU] Err: dram.c : backend_rw(), to inhoinno 
[FEMU] Err: nvme-io.c : nvme_post_cqe(), to inhoinno 
[FEMU] Err: /femu/nvme-io.c : nvme_io_cmd(), to inhoinno 
[FEMU] Err: /femu/nvme-io.c : nvme_io_cmd(): default, to inhoinno 
[FEMU] Err: zns.c : zns_io_cmd(), to inhoinno 
[FEMU] Err: zns.c : zns_read(), to inhoinno 
[FEMU] Err: zns.c : zns_get_zone_by_slba(), to inhoinno 
[FEMU] Err: zns.c : zns_check_zone_read(), to inhoinno 
[FEMU] Err: zns.c : zns_check_zone_state_for_read(), to inhoinno 
[FEMU] Err: dram.c : backend_rw(), to inhoinno 
[FEMU] Err: nvme-io.c : nvme_post_cqe(), to inhoinno 
[FEMU] Err: /femu/nvme-io.c : nvme_io_cmd(), to inhoinno 
[FEMU] Err: /femu/nvme-io.c : nvme_io_cmd(): default, to inhoinno 
[FEMU] Err: zns.c : zns_io_cmd(), to inhoinno 
[FEMU] Err: zns.c : zns_read(), to inhoinno 
[FEMU] Err: zns.c : zns_get_zone_by_slba(), to inhoinno 
[FEMU] Err: zns.c : zns_check_zone_read(), to inhoinno 
[FEMU] Err: zns.c : zns_check_zone_state_for_read(), to inhoinno 
[FEMU] Err: dram.c : backend_rw(), to inhoinno 
[FEMU] Err: nvme-io.c : nvme_post_cqe(), to inhoinno 
[FEMU] Err: /femu/nvme-io.c : nvme_io_cmd(), to inhoinno 
[FEMU] Err: /femu/nvme-io.c : nvme_io_cmd(): default, to inhoinno 
[FEMU] Err: zns.c : zns_io_cmd(), to inhoinno 
[FEMU] Err: zns.c : zns_read(), to inhoinno 
[FEMU] Err: zns.c : zns_get_zone_by_slba(), to inhoinno 
[FEMU] Err: zns.c : zns_check_zone_read(), to inhoinno 
[FEMU] Err: zns.c : zns_check_zone_state_for_read(), to inhoinno 
[FEMU] Err: dram.c : backend_rw(), to inhoinno 
[FEMU] Err: nvme-io.c : nvme_post_cqe(), to inhoinno 
[FEMU] Err: /femu/nvme-io.c : nvme_io_cmd(), to inhoinno 
[FEMU] Err: /femu/nvme-io.c : nvme_io_cmd(): default, to inhoinno 
[FEMU] Err: zns.c : zns_io_cmd(), to inhoinno 
[FEMU] Err: zns.c : zns_read(), to inhoinno 
[FEMU] Err: zns.c : zns_get_zone_by_slba(), to inhoinno 
[FEMU] Err: zns.c : zns_check_zone_read(), to inhoinno 
[FEMU] Err: zns.c : zns_check_zone_state_for_read(), to inhoinno 
[FEMU] Err: dram.c : backend_rw(), to inhoinno 
[FEMU] Err: nvme-io.c : nvme_post_cqe(), to inhoinno 
[FEMU] Err: /femu/nvme-io.c : nvme_io_cmd(), to inhoinno 
[FEMU] Err: /femu/nvme-io.c : nvme_io_cmd(): default, to inhoinno 
[FEMU] Err: zns.c : zns_io_cmd(), to inhoinno 
[FEMU] Err: zns.c : zns_read(), to inhoinno 
[FEMU] Err: zns.c : zns_get_zone_by_slba(), to inhoinno 
[FEMU] Err: zns.c : zns_check_zone_read(), to inhoinno 
[FEMU] Err: zns.c : zns_check_zone_state_for_read(), to inhoinno 
[FEMU] Err: dram.c : backend_rw(), to inhoinno 
[FEMU] Err: nvme-io.c : nvme_post_cqe(), to inhoinno 
[FEMU] Err: /femu/nvme-io.c : nvme_io_cmd(), to inhoinno 
[FEMU] Err: /femu/nvme-io.c : nvme_io_cmd(): default, to inhoinno 
[FEMU] Err: zns.c : zns_io_cmd(), to inhoinno 
[FEMU] Err: zns.c : zns_read(), to inhoinno 
[FEMU] Err: zns.c : zns_get_zone_by_slba(), to inhoinno 
[FEMU] Err: zns.c : zns_check_zone_read(), to inhoinno 
[FEMU] Err: zns.c : zns_check_zone_state_for_read(), to inhoinno 
[FEMU] Err: dram.c : backend_rw(), to inhoinno 
[FEMU] Err: nvme-io.c : nvme_post_cqe(), to inhoinno 
[FEMU] Err: /femu/nvme-io.c : nvme_io_cmd(), to inhoinno 
[FEMU] Err: /femu/nvme-io.c : nvme_io_cmd(): default, to inhoinno 
[FEMU] Err: zns.c : zns_io_cmd(), to inhoinno 
[FEMU] Err: zns.c : zns_read(), to inhoinno 
[FEMU] Err: zns.c : zns_get_zone_by_slba(), to inhoinno 
[FEMU] Err: zns.c : zns_check_zone_read(), to inhoinno 
[FEMU] Err: zns.c : zns_check_zone_state_for_read(), to inhoinno 
[FEMU] Err: dram.c : backend_rw(), to inhoinno 
[FEMU] Err: nvme-io.c : nvme_post_cqe(), to inhoinno 
[FEMU] Err: /femu/nvme-io.c : nvme_io_cmd(), to inhoinno 
[FEMU] Err: /femu/nvme-io.c : nvme_io_cmd(): default, to inhoinno 
[FEMU] Err: zns.c : zns_io_cmd(), to inhoinno 
[FEMU] Err: zns.c : zns_read(), to inhoinno 
[FEMU] Err: zns.c : zns_get_zone_by_slba(), to inhoinno 
[FEMU] Err: zns.c : zns_check_zone_read(), to inhoinno 
[FEMU] Err: zns.c : zns_check_zone_state_for_read(), to inhoinno 
[FEMU] Err: dram.c : backend_rw(), to inhoinno 
[FEMU] Err: nvme-io.c : nvme_post_cqe(), to inhoinno 
[FEMU] Err: /femu/nvme-io.c : nvme_io_cmd(), to inhoinno 
[FEMU] Err: /femu/nvme-io.c : nvme_io_cmd(): default, to inhoinno 
[FEMU] Err: zns.c : zns_io_cmd(), to inhoinno 
[FEMU] Err: zns.c : zns_read(), to inhoinno 
[FEMU] Err: zns.c : zns_get_zone_by_slba(), to inhoinno 
[FEMU] Err: zns.c : zns_check_zone_read(), to inhoinno 
[FEMU] Err: zns.c : zns_check_zone_state_for_read(), to inhoinno 
[FEMU] Err: dram.c : backend_rw(), to inhoinno 
[FEMU] Err: nvme-io.c : nvme_post_cqe(), to inhoinno 
[FEMU] Err: /femu/nvme-io.c : nvme_io_cmd(), to inhoinno 
[FEMU] Err: /femu/nvme-io.c : nvme_io_cmd(): default, to inhoinno 
[FEMU] Err: zns.c : zns_io_cmd(), to inhoinno 
[FEMU] Err: zns.c : zns_read(), to inhoinno 
[FEMU] Err: zns.c : zns_get_zone_by_slba(), to inhoinno 
[FEMU] Err: zns.c : zns_check_zone_read(), to inhoinno 
[FEMU] Err: zns.c : zns_check_zone_state_for_read(), to inhoinno 
[FEMU] Err: dram.c : backend_rw(), to inhoinno 
[FEMU] Err: nvme-io.c : nvme_post_cqe(), to inhoinno 
[FEMU] Err: /femu/nvme-io.c : nvme_io_cmd(), to inhoinno 
[FEMU] Err: /femu/nvme-io.c : nvme_io_cmd(): default, to inhoinno 
[FEMU] Err: zns.c : zns_io_cmd(), to inhoinno 
[FEMU] Err: zns.c : zns_read(), to inhoinno 
[FEMU] Err: zns.c : zns_get_zone_by_slba(), to inhoinno 
[FEMU] Err: zns.c : zns_check_zone_read(), to inhoinno 
[FEMU] Err: zns.c : zns_check_zone_state_for_read(), to inhoinno 
[FEMU] Err: dram.c : backend_rw(), to inhoinno 
[FEMU] Err: nvme-io.c : nvme_post_cqe(), to inhoinno 
[FEMU] Err: /femu/nvme-io.c : nvme_io_cmd(), to inhoinno 
[FEMU] Err: /femu/nvme-io.c : nvme_io_cmd(): default, to inhoinno 
[FEMU] Err: zns.c : zns_io_cmd(), to inhoinno 
[FEMU] Err: zns.c : zns_read(), to inhoinno 
[FEMU] Err: zns.c : zns_get_zone_by_slba(), to inhoinno 
[FEMU] Err: zns.c : zns_check_zone_read(), to inhoinno 
[FEMU] Err: zns.c : zns_check_zone_state_for_read(), to inhoinno 
[FEMU] Err: dram.c : backend_rw(), to inhoinno 
[FEMU] Err: nvme-io.c : nvme_post_cqe(), to inhoinno 
[FEMU] Err: /femu/nvme-io.c : nvme_io_cmd(), to inhoinno 
[FEMU] Err: /femu/nvme-io.c : nvme_io_cmd(): default, to inhoinno 
[FEMU] Err: zns.c : zns_io_cmd(), to inhoinno 
[FEMU] Err: zns.c : zns_read(), to inhoinno 
[FEMU] Err: zns.c : zns_get_zone_by_slba(), to inhoinno 
[FEMU] Err: zns.c : zns_check_zone_read(), to inhoinno 
[FEMU] Err: zns.c : zns_check_zone_state_for_read(), to inhoinno 
[FEMU] Err: dram.c : backend_rw(), to inhoinno 
[FEMU] Err: nvme-io.c : nvme_post_cqe(), to inhoinno 
[FEMU] Err: /femu/nvme-io.c : nvme_io_cmd(), to inhoinno 
[FEMU] Err: /femu/nvme-io.c : nvme_io_cmd(): default, to inhoinno 
[FEMU] Err: zns.c : zns_io_cmd(), to inhoinno 
[FEMU] Err: zns.c : zns_read(), to inhoinno 
[FEMU] Err: zns.c : zns_get_zone_by_slba(), to inhoinno 
[FEMU] Err: zns.c : zns_check_zone_read(), to inhoinno 
[FEMU] Err: zns.c : zns_check_zone_state_for_read(), to inhoinno 
[FEMU] Err: dram.c : backend_rw(), to inhoinno 
[FEMU] Err: nvme-io.c : nvme_post_cqe(), to inhoinno 
[FEMU] Err: /femu/nvme-io.c : nvme_io_cmd(), to inhoinno 
[FEMU] Err: /femu/nvme-io.c : nvme_io_cmd(): default, to inhoinno 
[FEMU] Err: zns.c : zns_io_cmd(), to inhoinno 
[FEMU] Err: zns.c : zns_read(), to inhoinno 
[FEMU] Err: zns.c : zns_get_zone_by_slba(), to inhoinno 
[FEMU] Err: zns.c : zns_check_zone_read(), to inhoinno 
[FEMU] Err: zns.c : zns_check_zone_state_for_read(), to inhoinno 
[FEMU] Err: dram.c : backend_rw(), to inhoinno 
[FEMU] Err: nvme-io.c : nvme_post_cqe(), to inhoinno 
[FEMU] Err: /femu/nvme-io.c : nvme_io_cmd(), to inhoinno 
[FEMU] Err: /femu/nvme-io.c : nvme_io_cmd(): default, to inhoinno 
[FEMU] Err: zns.c : zns_io_cmd(), to inhoinno 
[FEMU] Err: zns.c : zns_read(), to inhoinno 
[FEMU] Err: zns.c : zns_get_zone_by_slba(), to inhoinno 
[FEMU] Err: zns.c : zns_check_zone_read(), to inhoinno 
[FEMU] Err: zns.c : zns_check_zone_state_for_read(), to inhoinno 
[FEMU] Err: dram.c : backend_rw(), to inhoinno 
[FEMU] Err: nvme-io.c : nvme_post_cqe(), to inhoinno 
[FEMU] Err: /femu/nvme-io.c : nvme_io_cmd(), to inhoinno 
[FEMU] Err: /femu/nvme-io.c : nvme_io_cmd(): default, to inhoinno 
[FEMU] Err: zns.c : zns_io_cmd(), to inhoinno 
[FEMU] Err: zns.c : zns_read(), to inhoinno 
[FEMU] Err: zns.c : zns_get_zone_by_slba(), to inhoinno 
[FEMU] Err: zns.c : zns_check_zone_read(), to inhoinno 
[FEMU] Err: zns.c : zns_check_zone_state_for_read(), to inhoinno 
[FEMU] Err: dram.c : backend_rw(), to inhoinno 
[FEMU] Err: nvme-io.c : nvme_post_cqe(), to inhoinno 
[FEMU] Err: /femu/nvme-io.c : nvme_io_cmd(), to inhoinno 
[FEMU] Err: /femu/nvme-io.c : nvme_io_cmd(): default, to inhoinno 
[FEMU] Err: zns.c : zns_io_cmd(), to inhoinno 
[FEMU] Err: zns.c : zns_read(), to inhoinno 
[FEMU] Err: zns.c : zns_get_zone_by_slba(), to inhoinno 
[FEMU] Err: zns.c : zns_check_zone_read(), to inhoinno 
[FEMU] Err: zns.c : zns_check_zone_state_for_read(), to inhoinno 
[FEMU] Err: dram.c : backend_rw(), to inhoinno 
[FEMU] Err: nvme-io.c : nvme_post_cqe(), to inhoinno 
[FEMU] Err: /femu/nvme-io.c : nvme_io_cmd(), to inhoinno 
[FEMU] Err: /femu/nvme-io.c : nvme_io_cmd(): default, to inhoinno 
[FEMU] Err: zns.c : zns_io_cmd(), to inhoinno 
[FEMU] Err: zns.c : zns_read(), to inhoinno 
[FEMU] Err: zns.c : zns_get_zone_by_slba(), to inhoinno 
[FEMU] Err: zns.c : zns_check_zone_read(), to inhoinno 
[FEMU] Err: zns.c : zns_check_zone_state_for_read(), to inhoinno 
[FEMU] Err: dram.c : backend_rw(), to inhoinno 
[FEMU] Err: nvme-io.c : nvme_post_cqe(), to inhoinno 
[FEMU] Err: /femu/nvme-io.c : nvme_io_cmd(), to inhoinno 
[FEMU] Err: /femu/nvme-io.c : nvme_io_cmd(): default, to inhoinno 
[FEMU] Err: zns.c : zns_io_cmd(), to inhoinno 
[FEMU] Err: zns.c : zns_read(), to inhoinno 
[FEMU] Err: zns.c : zns_get_zone_by_slba(), to inhoinno 
[FEMU] Err: zns.c : zns_check_zone_read(), to inhoinno 
[FEMU] Err: zns.c : zns_check_zone_state_for_read(), to inhoinno 
[FEMU] Err: dram.c : backend_rw(), to inhoinno 
[FEMU] Err: nvme-io.c : nvme_post_cqe(), to inhoinno 
[FEMU] Err: /femu/nvme-io.c : nvme_io_cmd(), to inhoinno 
[FEMU] Err: /femu/nvme-io.c : nvme_io_cmd(): default, to inhoinno 
[FEMU] Err: zns.c : zns_io_cmd(), to inhoinno 
[FEMU] Err: zns.c : zns_read(), to inhoinno 
[FEMU] Err: zns.c : zns_get_zone_by_slba(), to inhoinno 
[FEMU] Err: zns.c : zns_check_zone_read(), to inhoinno 
[FEMU] Err: zns.c : zns_check_zone_state_for_read(), to inhoinno 
[FEMU] Err: dram.c : backend_rw(), to inhoinno 
[FEMU] Err: nvme-io.c : nvme_post_cqe(), to inhoinno 
[FEMU] Err: /femu/nvme-io.c : nvme_io_cmd(), to inhoinno 
[FEMU] Err: /femu/nvme-io.c : nvme_io_cmd(): default, to inhoinno 
[FEMU] Err: zns.c : zns_io_cmd(), to inhoinno 
[FEMU] Err: zns.c : zns_read(), to inhoinno 
[FEMU] Err: zns.c : zns_get_zone_by_slba(), to inhoinno 
[FEMU] Err: zns.c : zns_check_zone_read(), to inhoinno 
[FEMU] Err: zns.c : zns_check_zone_state_for_read(), to inhoinno 
[FEMU] Err: dram.c : backend_rw(), to inhoinno 
[FEMU] Err: nvme-io.c : nvme_post_cqe(), to inhoinno 
[FEMU] Err: /femu/nvme-io.c : nvme_io_cmd(), to inhoinno 
[FEMU] Err: /femu/nvme-io.c : nvme_io_cmd(): default, to inhoinno 
[FEMU] Err: zns.c : zns_io_cmd(), to inhoinno 
[FEMU] Err: zns.c : zns_read(), to inhoinno 
[FEMU] Err: zns.c : zns_get_zone_by_slba(), to inhoinno 
[FEMU] Err: zns.c : zns_check_zone_read(), to inhoinno 
[FEMU] Err: zns.c : zns_check_zone_state_for_read(), to inhoinno 
[FEMU] Err: dram.c : backend_rw(), to inhoinno 
[FEMU] Err: nvme-io.c : nvme_post_cqe(), to inhoinno 
[FEMU] Err: /femu/nvme-io.c : nvme_io_cmd(), to inhoinno 
[FEMU] Err: /femu/nvme-io.c : nvme_io_cmd(): default, to inhoinno 
[FEMU] Err: zns.c : zns_io_cmd(), to inhoinno 
[FEMU] Err: zns.c : zns_read(), to inhoinno 
[FEMU] Err: zns.c : zns_get_zone_by_slba(), to inhoinno 
[FEMU] Err: zns.c : zns_check_zone_read(), to inhoinno 
[FEMU] Err: zns.c : zns_check_zone_state_for_read(), to inhoinno 
[FEMU] Err: dram.c : backend_rw(), to inhoinno 
[FEMU] Err: nvme-io.c : nvme_post_cqe(), to inhoinno 
[FEMU] Err: /femu/nvme-io.c : nvme_io_cmd(), to inhoinno 
[FEMU] Err: /femu/nvme-io.c : nvme_io_cmd(): default, to inhoinno 
[FEMU] Err: zns.c : zns_io_cmd(), to inhoinno 
[FEMU] Err: zns.c : zns_read(), to inhoinno 
[FEMU] Err: zns.c : zns_get_zone_by_slba(), to inhoinno 
[FEMU] Err: zns.c : zns_check_zone_read(), to inhoinno 
[FEMU] Err: zns.c : zns_check_zone_state_for_read(), to inhoinno 
[FEMU] Err: dram.c : backend_rw(), to inhoinno 
[FEMU] Err: nvme-io.c : nvme_post_cqe(), to inhoinno 
[FEMU] Err: /femu/nvme-io.c : nvme_io_cmd(), to inhoinno 
[FEMU] Err: /femu/nvme-io.c : nvme_io_cmd(): default, to inhoinno 
[FEMU] Err: zns.c : zns_io_cmd(), to inhoinno 
[FEMU] Err: zns.c : zns_read(), to inhoinno 
[FEMU] Err: zns.c : zns_get_zone_by_slba(), to inhoinno 
[FEMU] Err: zns.c : zns_check_zone_read(), to inhoinno 
[FEMU] Err: zns.c : zns_check_zone_state_for_read(), to inhoinno 
[FEMU] Err: dram.c : backend_rw(), to inhoinno 
[FEMU] Err: nvme-io.c : nvme_post_cqe(), to inhoinno 
[FEMU] Err: /femu/nvme-io.c : nvme_io_cmd(), to inhoinno 
[FEMU] Err: /femu/nvme-io.c : nvme_io_cmd(): default, to inhoinno 
[FEMU] Err: zns.c : zns_io_cmd(), to inhoinno 
[FEMU] Err: zns.c : zns_read(), to inhoinno 
[FEMU] Err: zns.c : zns_get_zone_by_slba(), to inhoinno 
[FEMU] Err: zns.c : zns_check_zone_read(), to inhoinno 
[FEMU] Err: zns.c : zns_check_zone_state_for_read(), to inhoinno 
[FEMU] Err: dram.c : backend_rw(), to inhoinno 
[FEMU] Err: /femu/nvme-io.c : nvme_io_cmd(), to inhoinno 
[FEMU] Err: /femu/nvme-io.c : nvme_io_cmd(): default, to inhoinno 
[FEMU] Err: zns.c : zns_io_cmd(), to inhoinno 
[FEMU] Err: zns.c : zns_read(), to inhoinno 
[FEMU] Err: zns.c : zns_get_zone_by_slba(), to inhoinno 
[FEMU] Err: zns.c : zns_check_zone_read(), to inhoinno 
[FEMU] Err: zns.c : zns_check_zone_state_for_read(), to inhoinno 
[FEMU] Err: dram.c : backend_rw(), to inhoinno 
[FEMU] Err: nvme-io.c : nvme_post_cqe(), to inhoinno 
[FEMU] Err: nvme-io.c : nvme_post_cqe(), to inhoinno 
[FEMU] Err: /femu/nvme-io.c : nvme_io_cmd(), to inhoinno 
[FEMU] Err: /femu/nvme-io.c : nvme_io_cmd(): default, to inhoinno 
[FEMU] Err: zns.c : zns_io_cmd(), to inhoinno 
[FEMU] Err: zns.c : zns_read(), to inhoinno 
[FEMU] Err: zns.c : zns_get_zone_by_slba(), to inhoinno 
[FEMU] Err: zns.c : zns_check_zone_read(), to inhoinno 
[FEMU] Err: zns.c : zns_check_zone_state_for_read(), to inhoinno 
[FEMU] Err: dram.c : backend_rw(), to inhoinno 
[FEMU] Err: nvme-io.c : nvme_post_cqe(), to inhoinno 
[FEMU] Err: /femu/nvme-io.c : nvme_io_cmd(), to inhoinno 
[FEMU] Err: /femu/nvme-io.c : nvme_io_cmd(): default, to inhoinno 
[FEMU] Err: zns.c : zns_io_cmd(), to inhoinno 
[FEMU] Err: zns.c : zns_read(), to inhoinno 
[FEMU] Err: zns.c : zns_get_zone_by_slba(), to inhoinno 
[FEMU] Err: zns.c : zns_check_zone_read(), to inhoinno 
[FEMU] Err: zns.c : zns_check_zone_state_for_read(), to inhoinno 
[FEMU] Err: dram.c : backend_rw(), to inhoinno 
[FEMU] Err: nvme-io.c : nvme_post_cqe(), to inhoinno 
[FEMU] Err: /femu/nvme-io.c : nvme_io_cmd(), to inhoinno 
[FEMU] Err: /femu/nvme-io.c : nvme_io_cmd(): default, to inhoinno 
[FEMU] Err: zns.c : zns_io_cmd(), to inhoinno 
[FEMU] Err: zns.c : zns_read(), to inhoinno 
[FEMU] Err: zns.c : zns_get_zone_by_slba(), to inhoinno 
[FEMU] Err: zns.c : zns_check_zone_read(), to inhoinno 
[FEMU] Err: zns.c : zns_check_zone_state_for_read(), to inhoinno 
[FEMU] Err: dram.c : backend_rw(), to inhoinno 
[FEMU] Err: /femu/nvme-io.c : nvme_io_cmd(), to inhoinno 
[FEMU] Err: /femu/nvme-io.c : nvme_io_cmd(): default, to inhoinno 
[FEMU] Err: zns.c : zns_io_cmd(), to inhoinno 
[FEMU] Err: zns.c : zns_read(), to inhoinno 
[FEMU] Err: zns.c : zns_get_zone_by_slba(), to inhoinno 
[FEMU] Err: zns.c : zns_check_zone_read(), to inhoinno 
[FEMU] Err: zns.c : zns_check_zone_state_for_read(), to inhoinno 
[FEMU] Err: dram.c : backend_rw(), to inhoinno 
[FEMU] Err: /femu/nvme-io.c : nvme_io_cmd(), to inhoinno 
[FEMU] Err: /femu/nvme-io.c : nvme_io_cmd(): default, to inhoinno 
[FEMU] Err: zns.c : zns_io_cmd(), to inhoinno 
[FEMU] Err: zns.c : zns_read(), to inhoinno 
[FEMU] Err: zns.c : zns_get_zone_by_slba(), to inhoinno 
[FEMU] Err: zns.c : zns_check_zone_read(), to inhoinno 
[FEMU] Err: zns.c : zns_check_zone_state_for_read(), to inhoinno 
[FEMU] Err: dram.c : backend_rw(), to inhoinno 
[FEMU] Err: nvme-io.c : nvme_post_cqe(), to inhoinno 
[FEMU] Err: nvme-io.c : nvme_post_cqe(), to inhoinno 
[FEMU] Err: nvme-io.c : nvme_post_cqe(), to inhoinno 
[FEMU] Err: /femu/nvme-io.c : nvme_io_cmd(), to inhoinno 
[FEMU] Err: /femu/nvme-io.c : nvme_io_cmd(): default, to inhoinno 
[FEMU] Err: zns.c : zns_io_cmd(), to inhoinno 
[FEMU] Err: zns.c : zns_read(), to inhoinno 
[FEMU] Err: zns.c : zns_get_zone_by_slba(), to inhoinno 
[FEMU] Err: zns.c : zns_check_zone_read(), to inhoinno 
[FEMU] Err: zns.c : zns_check_zone_state_for_read(), to inhoinno 
[FEMU] Err: dram.c : backend_rw(), to inhoinno 
[FEMU] Err: nvme-io.c : nvme_post_cqe(), to inhoinno 
[FEMU] Err: /femu/nvme-io.c : nvme_io_cmd(), to inhoinno 
[FEMU] Err: /femu/nvme-io.c : nvme_io_cmd(): default, to inhoinno 
[FEMU] Err: zns.c : zns_io_cmd(), to inhoinno 
[FEMU] Err: zns.c : zns_read(), to inhoinno 
[FEMU] Err: zns.c : zns_get_zone_by_slba(), to inhoinno 
[FEMU] Err: zns.c : zns_check_zone_read(), to inhoinno 
[FEMU] Err: zns.c : zns_check_zone_state_for_read(), to inhoinno 
[FEMU] Err: dram.c : backend_rw(), to inhoinno 
[FEMU] Err: nvme-io.c : nvme_post_cqe(), to inhoinno 
[FEMU] Err: /femu/nvme-io.c : nvme_io_cmd(), to inhoinno 
[FEMU] Err: /femu/nvme-io.c : nvme_io_cmd(): default, to inhoinno 
[FEMU] Err: zns.c : zns_io_cmd(), to inhoinno 
[FEMU] Err: zns.c : zns_read(), to inhoinno 
[FEMU] Err: zns.c : zns_get_zone_by_slba(), to inhoinno 
[FEMU] Err: zns.c : zns_check_zone_read(), to inhoinno 
[FEMU] Err: zns.c : zns_check_zone_state_for_read(), to inhoinno 
[FEMU] Err: dram.c : backend_rw(), to inhoinno 
[FEMU] Err: /femu/nvme-io.c : nvme_io_cmd(), to inhoinno 
[FEMU] Err: /femu/nvme-io.c : nvme_io_cmd(): default, to inhoinno 
[FEMU] Err: zns.c : zns_io_cmd(), to inhoinno 
[FEMU] Err: zns.c : zns_read(), to inhoinno 
[FEMU] Err: zns.c : zns_get_zone_by_slba(), to inhoinno 
[FEMU] Err: zns.c : zns_check_zone_read(), to inhoinno 
[FEMU] Err: zns.c : zns_check_zone_state_for_read(), to inhoinno 
[FEMU] Err: dram.c : backend_rw(), to inhoinno 
[FEMU] Err: nvme-io.c : nvme_post_cqe(), to inhoinno 
[FEMU] Err: nvme-io.c : nvme_post_cqe(), to inhoinno 
[FEMU] Err: /femu/nvme-io.c : nvme_io_cmd(), to inhoinno 
[FEMU] Err: /femu/nvme-io.c : nvme_io_cmd(): default, to inhoinno 
[FEMU] Err: zns.c : zns_io_cmd(), to inhoinno 
[FEMU] Err: zns.c : zns_read(), to inhoinno 
[FEMU] Err: zns.c : zns_get_zone_by_slba(), to inhoinno 
[FEMU] Err: zns.c : zns_check_zone_read(), to inhoinno 
[FEMU] Err: zns.c : zns_check_zone_state_for_read(), to inhoinno 
[FEMU] Err: dram.c : backend_rw(), to inhoinno 
[FEMU] Err: nvme-io.c : nvme_post_cqe(), to inhoinno 
Begin: Loading essential drivers ... [    1.001207] raid6: avx2x4   gen() 52294 MB/s
[    1.069207] raid6: avx2x4   xor() 21804 MB/s
[    1.137203] raid6: avx2x2   gen() 53030 MB/s
[    1.205198] raid6: avx2x2   xor() 31534 MB/s
[    1.273201] raid6: avx2x1   gen() 44486 MB/s
[    1.341200] raid6: avx2x1   xor() 27032 MB/s
[    1.409206] raid6: sse2x4   gen() 21558 MB/s
[    1.477198] raid6: sse2x4   xor() 12512 MB/s
[    1.545205] raid6: sse2x2   gen() 21970 MB/s
[    1.613214] raid6: sse2x2   xor() 13209 MB/s
[    1.681206] raid6: sse2x1   gen() 18485 MB/s
[    1.749214] raid6: sse2x1   xor()  9077 MB/s
[    1.749574] raid6: using algorithm avx2x2 gen() 53030 MB/s
[    1.750005] raid6: .... xor() 31534 MB/s, rmw enabled
[    1.750402] raid6: using avx2x2 recovery algorithm
[    1.751405] xor: automatically using best checksumming function   avx       
[    1.753252] async_tx: api initialized (async)
done.
Begin: Running /scripts/init-premount ... done.
Begin: Mounting root file system ... Begin: Running /scripts/local-top ... [FEMU] Err: /femu/nvme-io.c : nvme_io_cmd(), to inhoinno 
[FEMU] Err: /femu/nvme-io.c : nvme_io_cmd(): default, to inhoinno 
[FEMU] Err: zns.c : zns_io_cmd(), to inhoinno 
[FEMU] Err: zns.c : zns_read(), to inhoinno 
[FEMU] Err: zns.c : zns_get_zone_by_slba(), to inhoinno 
[FEMU] Err: zns.c : zns_check_zone_read(), to inhoinno 
[FEMU] Err: zns.c : zns_check_zone_state_for_read(), to inhoinno 
[FEMU] Err: dram.c : backend_rw(), to inhoinno 
[FEMU] Err: nvme-io.c : nvme_post_cqe(), to inhoinno 
done.
Begin: Running /scripts/local-premount ... [    1.826775] Btrfs loaded, crc32c=crc32c-intel
Scanning for Btrfs filesystems
[    1.909253] blk_update_request: I/O error, dev fd0, sector 0 op 0x0:(READ) flags 0x0 phys_seg 1 prio class 0
[    1.910305] floppy: error 10 while reading block 0
[FEMU] Err: /femu/nvme-io.c : nvme_io_cmd(), to inhoinno 
[FEMU] Err: /femu/nvme-io.c : nvme_io_cmd(): default, to inhoinno 
[FEMU] Err: zns.c : zns_io_cmd(), to inhoinno 
[FEMU] Err: zns.c : zns_read(), to inhoinno 
[FEMU] Err: zns.c : zns_get_zone_by_slba(), to inhoinno 
[FEMU] Err: zns.c : zns_check_zone_read(), to inhoinno 
[FEMU] Err: zns.c : zns_check_zone_state_for_read(), to inhoinno 
[FEMU] Err: dram.c : backend_rw(), to inhoinno 
[FEMU] Err: nvme-io.c : nvme_post_cqe(), to inhoinno 
[FEMU] Err: /femu/nvme-io.c : nvme_io_cmd(), to inhoinno 
[FEMU] Err: /femu/nvme-io.c : nvme_io_cmd(): default, to inhoinno 
[FEMU] Err: zns.c : zns_io_cmd(), to inhoinno 
[FEMU] Err: zns.c : zns_read(), to inhoinno 
[FEMU] Err: zns.c : zns_get_zone_by_slba(), to inhoinno 
[FEMU] Err: zns.c : zns_check_zone_read(), to inhoinno 
[FEMU] Err: zns.c : zns_check_zone_state_for_read(), to inhoinno 
[FEMU] Err: dram.c : backend_rw(), to inhoinno 
[FEMU] Err: nvme-io.c : nvme_post_cqe(), to inhoinno 
[FEMU] Err: /femu/nvme-io.c : nvme_io_cmd(), to inhoinno 
[FEMU] Err: /femu/nvme-io.c : nvme_io_cmd(): default, to inhoinno 
[FEMU] Err: zns.c : zns_io_cmd(), to inhoinno 
[FEMU] Err: zns.c : zns_read(), to inhoinno 
[FEMU] Err: zns.c : zns_get_zone_by_slba(), to inhoinno 
[FEMU] Err: zns.c : zns_check_zone_read(), to inhoinno 
[FEMU] Err: zns.c : zns_check_zone_state_for_read(), to inhoinno 
[FEMU] Err: dram.c : backend_rw(), to inhoinno 
[FEMU] Err: nvme-io.c : nvme_post_cqe(), to inhoinno 
[FEMU] Err: /femu/nvme-io.c : nvme_io_cmd(), to inhoinno 
[FEMU] Err: /femu/nvme-io.c : nvme_io_cmd(): default, to inhoinno 
[FEMU] Err: zns.c : zns_io_cmd(), to inhoinno 
[FEMU] Err: zns.c : zns_read(), to inhoinno 
[FEMU] Err: zns.c : zns_get_zone_by_slba(), to inhoinno 
[FEMU] Err: zns.c : zns_check_zone_read(), to inhoinno 
[FEMU] Err: zns.c : zns_check_zone_state_for_read(), to inhoinno 
[FEMU] Err: dram.c : backend_rw(), to inhoinno 
[FEMU] Err: nvme-io.c : nvme_post_cqe(), to inhoinno 
[FEMU] Err: /femu/nvme-io.c : nvme_io_cmd(), to inhoinno 
[FEMU] Err: /femu/nvme-io.c : nvme_io_cmd(): default, to inhoinno 
[FEMU] Err: zns.c : zns_io_cmd(), to inhoinno 
[FEMU] Err: zns.c : zns_read(), to inhoinno 
[FEMU] Err: zns.c : zns_get_zone_by_slba(), to inhoinno 
[FEMU] Err: zns.c : zns_check_zone_read(), to inhoinno 
[FEMU] Err: zns.c : zns_check_zone_state_for_read(), to inhoinno 
[FEMU] Err: dram.c : backend_rw(), to inhoinno 
[FEMU] Err: nvme-io.c : nvme_post_cqe(), to inhoinno 
[FEMU] Err: /femu/nvme-io.c : nvme_io_cmd(), to inhoinno 
[FEMU] Err: /femu/nvme-io.c : nvme_io_cmd(): default, to inhoinno 
[FEMU] Err: zns.c : zns_io_cmd(), to inhoinno 
[FEMU] Err: zns.c : zns_read(), to inhoinno 
[FEMU] Err: zns.c : zns_get_zone_by_slba(), to inhoinno 
[FEMU] Err: zns.c : zns_check_zone_read(), to inhoinno 
[FEMU] Err: zns.c : zns_check_zone_state_for_read(), to inhoinno 
[FEMU] Err: dram.c : backend_rw(), to inhoinno 
[FEMU] Err: nvme-io.c : nvme_post_cqe(), to inhoinno 
[FEMU] Err: /femu/nvme-io.c : nvme_io_cmd(), to inhoinno 
[FEMU] Err: /femu/nvme-io.c : nvme_io_cmd(): default, to inhoinno 
[FEMU] Err: zns.c : zns_io_cmd(), to inhoinno 
[FEMU] Err: zns.c : zns_read(), to inhoinno 
[FEMU] Err: zns.c : zns_get_zone_by_slba(), to inhoinno 
[FEMU] Err: zns.c : zns_check_zone_read(), to inhoinno 
[FEMU] Err: zns.c : zns_check_zone_state_for_read(), to inhoinno 
[FEMU] Err: dram.c : backend_rw(), to inhoinno 
[FEMU] Err: nvme-io.c : nvme_post_cqe(), to inhoinno 
[FEMU] Err: /femu/nvme-io.c : nvme_io_cmd(), to inhoinno 
[FEMU] Err: /femu/nvme-io.c : nvme_io_cmd(): default, to inhoinno 
[FEMU] Err: zns.c : zns_io_cmd(), to inhoinno 
[FEMU] Err: zns.c : zns_read(), to inhoinno 
[FEMU] Err: zns.c : zns_get_zone_by_slba(), to inhoinno 
[FEMU] Err: zns.c : zns_check_zone_read(), to inhoinno 
[FEMU] Err: zns.c : zns_check_zone_state_for_read(), to inhoinno 
[FEMU] Err: dram.c : backend_rw(), to inhoinno 
[FEMU] Err: nvme-io.c : nvme_post_cqe(), to inhoinno 
[FEMU] Err: /femu/nvme-io.c : nvme_io_cmd(), to inhoinno 
[FEMU] Err: /femu/nvme-io.c : nvme_io_cmd(): default, to inhoinno 
[FEMU] Err: zns.c : zns_io_cmd(), to inhoinno 
[FEMU] Err: zns.c : zns_read(), to inhoinno 
[FEMU] Err: zns.c : zns_get_zone_by_slba(), to inhoinno 
[FEMU] Err: zns.c : zns_check_zone_read(), to inhoinno 
[FEMU] Err: zns.c : zns_check_zone_state_for_read(), to inhoinno 
[FEMU] Err: dram.c : backend_rw(), to inhoinno 
[FEMU] Err: nvme-io.c : nvme_post_cqe(), to inhoinno 
[FEMU] Err: /femu/nvme-io.c : nvme_io_cmd(), to inhoinno 
[FEMU] Err: /femu/nvme-io.c : nvme_io_cmd(): default, to inhoinno 
[FEMU] Err: zns.c : zns_io_cmd(), to inhoinno 
[FEMU] Err: zns.c : zns_read(), to inhoinno 
[FEMU] Err: zns.c : zns_get_zone_by_slba(), to inhoinno 
[FEMU] Err: zns.c : zns_check_zone_read(), to inhoinno 
[FEMU] Err: zns.c : zns_check_zone_state_for_read(), to inhoinno 
[FEMU] Err: dram.c : backend_rw(), to inhoinno 
[FEMU] Err: nvme-io.c : nvme_post_cqe(), to inhoinno 
[FEMU] Err: /femu/nvme-io.c : nvme_io_cmd(), to inhoinno 
[FEMU] Err: /femu/nvme-io.c : nvme_io_cmd(): default, to inhoinno 
[FEMU] Err: zns.c : zns_io_cmd(), to inhoinno 
[FEMU] Err: zns.c : zns_read(), to inhoinno 
[FEMU] Err: zns.c : zns_get_zone_by_slba(), to inhoinno 
[FEMU] Err: zns.c : zns_check_zone_read(), to inhoinno 
[FEMU] Err: zns.c : zns_check_zone_state_for_read(), to inhoinno 
[FEMU] Err: dram.c : backend_rw(), to inhoinno 
[FEMU] Err: nvme-io.c : nvme_post_cqe(), to inhoinno 
[FEMU] Err: /femu/nvme-io.c : nvme_io_cmd(), to inhoinno 
[FEMU] Err: /femu/nvme-io.c : nvme_io_cmd(): default, to inhoinno 
[FEMU] Err: zns.c : zns_io_cmd(), to inhoinno 
[FEMU] Err: zns.c : zns_read(), to inhoinno 
[FEMU] Err: zns.c : zns_get_zone_by_slba(), to inhoinno 
[FEMU] Err: zns.c : zns_check_zone_read(), to inhoinno 
[FEMU] Err: zns.c : zns_check_zone_state_for_read(), to inhoinno 
[FEMU] Err: dram.c : backend_rw(), to inhoinno 
[FEMU] Err: nvme-io.c : nvme_post_cqe(), to inhoinno 
[FEMU] Err: /femu/nvme-io.c : nvme_io_cmd(), to inhoinno 
[FEMU] Err: /femu/nvme-io.c : nvme_io_cmd(): default, to inhoinno 
[FEMU] Err: zns.c : zns_io_cmd(), to inhoinno 
[FEMU] Err: zns.c : zns_read(), to inhoinno 
[FEMU] Err: zns.c : zns_get_zone_by_slba(), to inhoinno 
[FEMU] Err: zns.c : zns_check_zone_read(), to inhoinno 
[FEMU] Err: zns.c : zns_check_zone_state_for_read(), to inhoinno 
[FEMU] Err: dram.c : backend_rw(), to inhoinno 
[FEMU] Err: nvme-io.c : nvme_post_cqe(), to inhoinno 
[FEMU] Err: /femu/nvme-io.c : nvme_io_cmd(), to inhoinno 
[FEMU] Err: /femu/nvme-io.c : nvme_io_cmd(): default, to inhoinno 
[FEMU] Err: zns.c : zns_io_cmd(), to inhoinno 
[FEMU] Err: zns.c : zns_read(), to inhoinno 
[FEMU] Err: zns.c : zns_get_zone_by_slba(), to inhoinno 
[FEMU] Err: zns.c : zns_check_zone_read(), to inhoinno 
[FEMU] Err: zns.c : zns_check_zone_state_for_read(), to inhoinno 
[FEMU] Err: dram.c : backend_rw(), to inhoinno 
[FEMU] Err: nvme-io.c : nvme_post_cqe(), to inhoinno 
[FEMU] Err: /femu/nvme-io.c : nvme_io_cmd(), to inhoinno 
[FEMU] Err: /femu/nvme-io.c : nvme_io_cmd(): default, to inhoinno 
[FEMU] Err: zns.c : zns_io_cmd(), to inhoinno 
[FEMU] Err: zns.c : zns_read(), to inhoinno 
[FEMU] Err: zns.c : zns_get_zone_by_slba(), to inhoinno 
[FEMU] Err: zns.c : zns_check_zone_read(), to inhoinno 
[FEMU] Err: zns.c : zns_check_zone_state_for_read(), to inhoinno 
[FEMU] Err: dram.c : backend_rw(), to inhoinno 
[FEMU] Err: nvme-io.c : nvme_post_cqe(), to inhoinno 
[FEMU] Err: /femu/nvme-io.c : nvme_io_cmd(), to inhoinno 
[FEMU] Err: /femu/nvme-io.c : nvme_io_cmd(): default, to inhoinno 
[FEMU] Err: zns.c : zns_io_cmd(), to inhoinno 
[FEMU] Err: zns.c : zns_read(), to inhoinno 
[FEMU] Err: zns.c : zns_get_zone_by_slba(), to inhoinno 
[FEMU] Err: zns.c : zns_check_zone_read(), to inhoinno 
[FEMU] Err: zns.c : zns_check_zone_state_for_read(), to inhoinno 
[FEMU] Err: dram.c : backend_rw(), to inhoinno 
[FEMU] Err: nvme-io.c : nvme_post_cqe(), to inhoinno 
[FEMU] Err: /femu/nvme-io.c : nvme_io_cmd(), to inhoinno 
[FEMU] Err: /femu/nvme-io.c : nvme_io_cmd(): default, to inhoinno 
[FEMU] Err: zns.c : zns_io_cmd(), to inhoinno 
[FEMU] Err: zns.c : zns_read(), to inhoinno 
[FEMU] Err: zns.c : zns_get_zone_by_slba(), to inhoinno 
[FEMU] Err: zns.c : zns_check_zone_read(), to inhoinno 
[FEMU] Err: zns.c : zns_check_zone_state_for_read(), to inhoinno 
[FEMU] Err: dram.c : backend_rw(), to inhoinno 
[FEMU] Err: nvme-io.c : nvme_post_cqe(), to inhoinno 
[FEMU] Err: /femu/nvme-io.c : nvme_io_cmd(), to inhoinno 
[FEMU] Err: /femu/nvme-io.c : nvme_io_cmd(): default, to inhoinno 
[FEMU] Err: zns.c : zns_io_cmd(), to inhoinno 
[FEMU] Err: zns.c : zns_read(), to inhoinno 
[FEMU] Err: zns.c : zns_get_zone_by_slba(), to inhoinno 
[FEMU] Err: zns.c : zns_check_zone_read(), to inhoinno 
[FEMU] Err: zns.c : zns_check_zone_state_for_read(), to inhoinno 
[FEMU] Err: dram.c : backend_rw(), to inhoinno 
[FEMU] Err: nvme-io.c : nvme_post_cqe(), to inhoinno 
[FEMU] Err: /femu/nvme-io.c : nvme_io_cmd(), to inhoinno 
[FEMU] Err: /femu/nvme-io.c : nvme_io_cmd(): default, to inhoinno 
[FEMU] Err: zns.c : zns_io_cmd(), to inhoinno 
[FEMU] Err: zns.c : zns_read(), to inhoinno 
[FEMU] Err: zns.c : zns_get_zone_by_slba(), to inhoinno 
[FEMU] Err: zns.c : zns_check_zone_read(), to inhoinno 
[FEMU] Err: zns.c : zns_check_zone_state_for_read(), to inhoinno 
[FEMU] Err: dram.c : backend_rw(), to inhoinno 
[FEMU] Err: nvme-io.c : nvme_post_cqe(), to inhoinno 
[FEMU] Err: /femu/nvme-io.c : nvme_io_cmd(), to inhoinno 
[FEMU] Err: /femu/nvme-io.c : nvme_io_cmd(): default, to inhoinno 
[FEMU] Err: zns.c : zns_io_cmd(), to inhoinno 
[FEMU] Err: zns.c : zns_read(), to inhoinno 
[FEMU] Err: zns.c : zns_get_zone_by_slba(), to inhoinno 
[FEMU] Err: zns.c : zns_check_zone_read(), to inhoinno 
[FEMU] Err: zns.c : zns_check_zone_state_for_read(), to inhoinno 
[FEMU] Err: dram.c : backend_rw(), to inhoinno 
[FEMU] Err: nvme-io.c : nvme_post_cqe(), to inhoinno 
[FEMU] Err: /femu/nvme-io.c : nvme_io_cmd(), to inhoinno 
[FEMU] Err: /femu/nvme-io.c : nvme_io_cmd(): default, to inhoinno 
[FEMU] Err: zns.c : zns_io_cmd(), to inhoinno 
[FEMU] Err: zns.c : zns_read(), to inhoinno 
[FEMU] Err: zns.c : zns_get_zone_by_slba(), to inhoinno 
[FEMU] Err: zns.c : zns_check_zone_read(), to inhoinno 
[FEMU] Err: zns.c : zns_check_zone_state_for_read(), to inhoinno 
[FEMU] Err: dram.c : backend_rw(), to inhoinno 
[FEMU] Err: nvme-io.c : nvme_post_cqe(), to inhoinno 
[FEMU] Err: /femu/nvme-io.c : nvme_io_cmd(), to inhoinno 
[FEMU] Err: /femu/nvme-io.c : nvme_io_cmd(): default, to inhoinno 
[FEMU] Err: zns.c : zns_io_cmd(), to inhoinno 
[FEMU] Err: zns.c : zns_read(), to inhoinno 
[FEMU] Err: zns.c : zns_get_zone_by_slba(), to inhoinno 
[FEMU] Err: zns.c : zns_check_zone_read(), to inhoinno 
[FEMU] Err: zns.c : zns_check_zone_state_for_read(), to inhoinno 
[FEMU] Err: dram.c : backend_rw(), to inhoinno 
[FEMU] Err: nvme-io.c : nvme_post_cqe(), to inhoinno 
[FEMU] Err: /femu/nvme-io.c : nvme_io_cmd(), to inhoinno 
[FEMU] Err: /femu/nvme-io.c : nvme_io_cmd(): default, to inhoinno 
[FEMU] Err: zns.c : zns_io_cmd(), to inhoinno 
[FEMU] Err: zns.c : zns_read(), to inhoinno 
[FEMU] Err: zns.c : zns_get_zone_by_slba(), to inhoinno 
[FEMU] Err: zns.c : zns_check_zone_read(), to inhoinno 
[FEMU] Err: zns.c : zns_check_zone_state_for_read(), to inhoinno 
[FEMU] Err: dram.c : backend_rw(), to inhoinno 
[FEMU] Err: nvme-io.c : nvme_post_cqe(), to inhoinno 
[FEMU] Err: /femu/nvme-io.c : nvme_io_cmd(), to inhoinno 
[FEMU] Err: /femu/nvme-io.c : nvme_io_cmd(): default, to inhoinno 
[FEMU] Err: zns.c : zns_io_cmd(), to inhoinno 
[FEMU] Err: zns.c : zns_read(), to inhoinno 
[FEMU] Err: zns.c : zns_get_zone_by_slba(), to inhoinno 
[FEMU] Err: zns.c : zns_check_zone_read(), to inhoinno 
[FEMU] Err: zns.c : zns_check_zone_state_for_read(), to inhoinno 
[FEMU] Err: dram.c : backend_rw(), to inhoinno 
[FEMU] Err: nvme-io.c : nvme_post_cqe(), to inhoinno 
[FEMU] Err: /femu/nvme-io.c : nvme_io_cmd(), to inhoinno 
[FEMU] Err: /femu/nvme-io.c : nvme_io_cmd(): default, to inhoinno 
[FEMU] Err: zns.c : zns_io_cmd(), to inhoinno 
[FEMU] Err: zns.c : zns_read(), to inhoinno 
[FEMU] Err: zns.c : zns_get_zone_by_slba(), to inhoinno 
[FEMU] Err: zns.c : zns_check_zone_read(), to inhoinno 
[FEMU] Err: zns.c : zns_check_zone_state_for_read(), to inhoinno 
[FEMU] Err: dram.c : backend_rw(), to inhoinno 
[FEMU] Err: nvme-io.c : nvme_post_cqe(), to inhoinno 
[FEMU] Err: /femu/nvme-io.c : nvme_io_cmd(), to inhoinno 
[FEMU] Err: /femu/nvme-io.c : nvme_io_cmd(): default, to inhoinno 
[FEMU] Err: zns.c : zns_io_cmd(), to inhoinno 
[FEMU] Err: zns.c : zns_read(), to inhoinno 
[FEMU] Err: zns.c : zns_get_zone_by_slba(), to inhoinno 
[FEMU] Err: zns.c : zns_check_zone_read(), to inhoinno 
[FEMU] Err: zns.c : zns_check_zone_state_for_read(), to inhoinno 
[FEMU] Err: dram.c : backend_rw(), to inhoinno 
[FEMU] Err: nvme-io.c : nvme_post_cqe(), to inhoinno 
[FEMU] Err: /femu/nvme-io.c : nvme_io_cmd(), to inhoinno 
[FEMU] Err: /femu/nvme-io.c : nvme_io_cmd(): default, to inhoinno 
[FEMU] Err: zns.c : zns_io_cmd(), to inhoinno 
[FEMU] Err: zns.c : zns_read(), to inhoinno 
[FEMU] Err: zns.c : zns_get_zone_by_slba(), to inhoinno 
[FEMU] Err: zns.c : zns_check_zone_read(), to inhoinno 
[FEMU] Err: zns.c : zns_check_zone_state_for_read(), to inhoinno 
[FEMU] Err: dram.c : backend_rw(), to inhoinno 
[FEMU] Err: nvme-io.c : nvme_post_cqe(), to inhoinno 
[FEMU] Err: /femu/nvme-io.c : nvme_io_cmd(), to inhoinno 
[FEMU] Err: /femu/nvme-io.c : nvme_io_cmd(): default, to inhoinno 
[FEMU] Err: zns.c : zns_io_cmd(), to inhoinno 
[FEMU] Err: zns.c : zns_read(), to inhoinno 
[FEMU] Err: zns.c : zns_get_zone_by_slba(), to inhoinno 
[FEMU] Err: zns.c : zns_check_zone_read(), to inhoinno 
[FEMU] Err: zns.c : zns_check_zone_state_for_read(), to inhoinno 
[FEMU] Err: dram.c : backend_rw(), to inhoinno 
[FEMU] Err: nvme-io.c : nvme_post_cqe(), to inhoinno 
[FEMU] Err: /femu/nvme-io.c : nvme_io_cmd(), to inhoinno 
[FEMU] Err: /femu/nvme-io.c : nvme_io_cmd(): default, to inhoinno 
[FEMU] Err: zns.c : zns_io_cmd(), to inhoinno 
[FEMU] Err: zns.c : zns_read(), to inhoinno 
[FEMU] Err: zns.c : zns_get_zone_by_slba(), to inhoinno 
[FEMU] Err: zns.c : zns_check_zone_read(), to inhoinno 
[FEMU] Err: zns.c : zns_check_zone_state_for_read(), to inhoinno 
[FEMU] Err: dram.c : backend_rw(), to inhoinno 
[FEMU] Err: nvme-io.c : nvme_post_cqe(), to inhoinno 
[FEMU] Err: /femu/nvme-io.c : nvme_io_cmd(), to inhoinno 
[FEMU] Err: /femu/nvme-io.c : nvme_io_cmd(): default, to inhoinno 
[FEMU] Err: zns.c : zns_io_cmd(), to inhoinno 
[FEMU] Err: zns.c : zns_read(), to inhoinno 
[FEMU] Err: zns.c : zns_get_zone_by_slba(), to inhoinno 
[FEMU] Err: zns.c : zns_check_zone_read(), to inhoinno 
[FEMU] Err: zns.c : zns_check_zone_state_for_read(), to inhoinno 
[FEMU] Err: dram.c : backend_rw(), to inhoinno 
[FEMU] Err: nvme-io.c : nvme_post_cqe(), to inhoinno 
[FEMU] Err: /femu/nvme-io.c : nvme_io_cmd(), to inhoinno 
[FEMU] Err: /femu/nvme-io.c : nvme_io_cmd(): default, to inhoinno 
[FEMU] Err: zns.c : zns_io_cmd(), to inhoinno 
[FEMU] Err: zns.c : zns_read(), to inhoinno 
[FEMU] Err: zns.c : zns_get_zone_by_slba(), to inhoinno 
[FEMU] Err: zns.c : zns_check_zone_read(), to inhoinno 
[FEMU] Err: zns.c : zns_check_zone_state_for_read(), to inhoinno 
[FEMU] Err: dram.c : backend_rw(), to inhoinno 
[FEMU] Err: nvme-io.c : nvme_post_cqe(), to inhoinno 
[FEMU] Err: /femu/nvme-io.c : nvme_io_cmd(), to inhoinno 
[FEMU] Err: /femu/nvme-io.c : nvme_io_cmd(): default, to inhoinno 
[FEMU] Err: zns.c : zns_io_cmd(), to inhoinno 
[FEMU] Err: zns.c : zns_read(), to inhoinno 
[FEMU] Err: zns.c : zns_get_zone_by_slba(), to inhoinno 
[FEMU] Err: zns.c : zns_check_zone_read(), to inhoinno 
[FEMU] Err: zns.c : zns_check_zone_state_for_read(), to inhoinno 
[FEMU] Err: dram.c : backend_rw(), to inhoinno 
[FEMU] Err: nvme-io.c : nvme_post_cqe(), to inhoinno 
[FEMU] Err: /femu/nvme-io.c : nvme_io_cmd(), to inhoinno 
[FEMU] Err: /femu/nvme-io.c : nvme_io_cmd(): default, to inhoinno 
[FEMU] Err: zns.c : zns_io_cmd(), to inhoinno 
[FEMU] Err: zns.c : zns_read(), to inhoinno 
[FEMU] Err: zns.c : zns_get_zone_by_slba(), to inhoinno 
[FEMU] Err: zns.c : zns_check_zone_read(), to inhoinno 
[FEMU] Err: zns.c : zns_check_zone_state_for_read(), to inhoinno 
[FEMU] Err: dram.c : backend_rw(), to inhoinno 
[FEMU] Err: nvme-io.c : nvme_post_cqe(), to inhoinno 
[FEMU] Err: /femu/nvme-io.c : nvme_io_cmd(), to inhoinno 
[FEMU] Err: /femu/nvme-io.c : nvme_io_cmd(): default, to inhoinno 
[FEMU] Err: zns.c : zns_io_cmd(), to inhoinno 
[FEMU] Err: zns.c : zns_read(), to inhoinno 
[FEMU] Err: zns.c : zns_get_zone_by_slba(), to inhoinno 
[FEMU] Err: zns.c : zns_check_zone_read(), to inhoinno 
[FEMU] Err: zns.c : zns_check_zone_state_for_read(), to inhoinno 
[FEMU] Err: dram.c : backend_rw(), to inhoinno 
[FEMU] Err: nvme-io.c : nvme_post_cqe(), to inhoinno 
[FEMU] Err: /femu/nvme-io.c : nvme_io_cmd(), to inhoinno 
[FEMU] Err: /femu/nvme-io.c : nvme_io_cmd(): default, to inhoinno 
[FEMU] Err: zns.c : zns_io_cmd(), to inhoinno 
[FEMU] Err: zns.c : zns_read(), to inhoinno 
[FEMU] Err: zns.c : zns_get_zone_by_slba(), to inhoinno 
[FEMU] Err: zns.c : zns_check_zone_read(), to inhoinno 
[FEMU] Err: zns.c : zns_check_zone_state_for_read(), to inhoinno 
[FEMU] Err: dram.c : backend_rw(), to inhoinno 
[FEMU] Err: nvme-io.c : nvme_post_cqe(), to inhoinno 
[FEMU] Err: /femu/nvme-io.c : nvme_io_cmd(), to inhoinno 
[FEMU] Err: /femu/nvme-io.c : nvme_io_cmd(): default, to inhoinno 
[FEMU] Err: zns.c : zns_io_cmd(), to inhoinno 
[FEMU] Err: zns.c : zns_read(), to inhoinno 
[FEMU] Err: zns.c : zns_get_zone_by_slba(), to inhoinno 
[FEMU] Err: zns.c : zns_check_zone_read(), to inhoinno 
[FEMU] Err: zns.c : zns_check_zone_state_for_read(), to inhoinno 
[FEMU] Err: dram.c : backend_rw(), to inhoinno 
[FEMU] Err: nvme-io.c : nvme_post_cqe(), to inhoinno 
[FEMU] Err: /femu/nvme-io.c : nvme_io_cmd(), to inhoinno 
[FEMU] Err: /femu/nvme-io.c : nvme_io_cmd(): default, to inhoinno 
[FEMU] Err: zns.c : zns_io_cmd(), to inhoinno 
[FEMU] Err: zns.c : zns_read(), to inhoinno 
[FEMU] Err: zns.c : zns_get_zone_by_slba(), to inhoinno 
[FEMU] Err: zns.c : zns_check_zone_read(), to inhoinno 
[FEMU] Err: zns.c : zns_check_zone_state_for_read(), to inhoinno 
[FEMU] Err: dram.c : backend_rw(), to inhoinno 
[FEMU] Err: nvme-io.c : nvme_post_cqe(), to inhoinno 
[FEMU] Err: /femu/nvme-io.c : nvme_io_cmd(), to inhoinno 
[FEMU] Err: /femu/nvme-io.c : nvme_io_cmd(): default, to inhoinno 
[FEMU] Err: zns.c : zns_io_cmd(), to inhoinno 
[FEMU] Err: zns.c : zns_read(), to inhoinno 
[FEMU] Err: zns.c : zns_get_zone_by_slba(), to inhoinno 
[FEMU] Err: zns.c : zns_check_zone_read(), to inhoinno 
[FEMU] Err: zns.c : zns_check_zone_state_for_read(), to inhoinno 
[FEMU] Err: dram.c : backend_rw(), to inhoinno 
[FEMU] Err: /femu/nvme-io.c : nvme_io_cmd(), to inhoinno 
[FEMU] Err: /femu/nvme-io.c : nvme_io_cmd(): default, to inhoinno 
[FEMU] Err: zns.c : zns_io_cmd(), to inhoinno 
[FEMU] Err: zns.c : zns_read(), to inhoinno 
[FEMU] Err: zns.c : zns_get_zone_by_slba(), to inhoinno 
[FEMU] Err: zns.c : zns_check_zone_read(), to inhoinno 
[FEMU] Err: zns.c : zns_check_zone_state_for_read(), to inhoinno 
[FEMU] Err: dram.c : backend_rw(), to inhoinno 
[FEMU] Err: nvme-io.c : nvme_post_cqe(), to inhoinno 
[FEMU] Err: /femu/nvme-io.c : nvme_io_cmd(), to inhoinno 
[FEMU] Err: /femu/nvme-io.c : nvme_io_cmd(): default, to inhoinno 
[FEMU] Err: zns.c : zns_io_cmd(), to inhoinno 
[FEMU] Err: zns.c : zns_read(), to inhoinno 
[FEMU] Err: zns.c : zns_get_zone_by_slba(), to inhoinno 
[FEMU] Err: zns.c : zns_check_zone_read(), to inhoinno 
[FEMU] Err: zns.c : zns_check_zone_state_for_read(), to inhoinno 
[FEMU] Err: dram.c : backend_rw(), to inhoinno 
[FEMU] Err: nvme-io.c : nvme_post_cqe(), to inhoinno 
[FEMU] Err: nvme-io.c : nvme_post_cqe(), to inhoinno 
[FEMU] Err: /femu/nvme-io.c : nvme_io_cmd(), to inhoinno 
[FEMU] Err: /femu/nvme-io.c : nvme_io_cmd(): default, to inhoinno 
[FEMU] Err: zns.c : zns_io_cmd(), to inhoinno 
[FEMU] Err: zns.c : zns_read(), to inhoinno 
[FEMU] Err: zns.c : zns_get_zone_by_slba(), to inhoinno 
[FEMU] Err: zns.c : zns_check_zone_read(), to inhoinno 
[FEMU] Err: zns.c : zns_check_zone_state_for_read(), to inhoinno 
[FEMU] Err: dram.c : backend_rw(), to inhoinno 
[FEMU] Err: /femu/nvme-io.c : nvme_io_cmd(), to inhoinno 
[FEMU] Err: /femu/nvme-io.c : nvme_io_cmd(): default, to inhoinno 
[FEMU] Err: zns.c : zns_io_cmd(), to inhoinno 
[FEMU] Err: zns.c : zns_read(), to inhoinno 
[FEMU] Err: zns.c : zns_get_zone_by_slba(), to inhoinno 
[FEMU] Err: zns.c : zns_check_zone_read(), to inhoinno 
[FEMU] Err: zns.c : zns_check_zone_state_for_read(), to inhoinno 
[FEMU] Err: dram.c : backend_rw(), to inhoinno 
[FEMU] Err: nvme-io.c : nvme_post_cqe(), to inhoinno 
[FEMU] Err: /femu/nvme-io.c : nvme_io_cmd(), to inhoinno 
[FEMU] Err: /femu/nvme-io.c : nvme_io_cmd(): default, to inhoinno 
[FEMU] Err: zns.c : zns_io_cmd(), to inhoinno 
[FEMU] Err: zns.c : zns_read(), to inhoinno 
[FEMU] Err: zns.c : zns_get_zone_by_slba(), to inhoinno 
[FEMU] Err: zns.c : zns_check_zone_read(), to inhoinno 
[FEMU] Err: zns.c : zns_check_zone_state_for_read(), to inhoinno 
[FEMU] Err: dram.c : backend_rw(), to inhoinno 
[FEMU] Err: nvme-io.c : nvme_post_cqe(), to inhoinno 
[FEMU] Err: nvme-io.c : nvme_post_cqe(), to inhoinno 
[FEMU] Err: /femu/nvme-io.c : nvme_io_cmd(), to inhoinno 
[FEMU] Err: /femu/nvme-io.c : nvme_io_cmd(): default, to inhoinno 
[FEMU] Err: zns.c : zns_io_cmd(), to inhoinno 
[FEMU] Err: zns.c : zns_read(), to inhoinno 
[FEMU] Err: zns.c : zns_get_zone_by_slba(), to inhoinno 
[FEMU] Err: zns.c : zns_check_zone_read(), to inhoinno 
[FEMU] Err: zns.c : zns_check_zone_state_for_read(), to inhoinno 
[FEMU] Err: dram.c : backend_rw(), to inhoinno 
[FEMU] Err: nvme-io.c : nvme_post_cqe(), to inhoinno 
[FEMU] Err: /femu/nvme-io.c : nvme_io_cmd(), to inhoinno 
[FEMU] Err: /femu/nvme-io.c : nvme_io_cmd(): default, to inhoinno 
[FEMU] Err: zns.c : zns_io_cmd(), to inhoinno 
[FEMU] Err: zns.c : zns_read(), to inhoinno 
[FEMU] Err: zns.c : zns_get_zone_by_slba(), to inhoinno 
[FEMU] Err: zns.c : zns_check_zone_read(), to inhoinno 
[FEMU] Err: zns.c : zns_check_zone_state_for_read(), to inhoinno 
[FEMU] Err: dram.c : backend_rw(), to inhoinno 
[FEMU] Err: /femu/nvme-io.c : nvme_io_cmd(), to inhoinno 
[FEMU] Err: /femu/nvme-io.c : nvme_io_cmd(): default, to inhoinno 
[FEMU] Err: zns.c : zns_io_cmd(), to inhoinno 
[FEMU] Err: zns.c : zns_read(), to inhoinno 
[FEMU] Err: zns.c : zns_get_zone_by_slba(), to inhoinno 
[FEMU] Err: zns.c : zns_check_zone_read(), to inhoinno 
[FEMU] Err: zns.c : zns_check_zone_state_for_read(), to inhoinno 
[FEMU] Err: dram.c : backend_rw(), to inhoinno 
[FEMU] Err: nvme-io.c : nvme_post_cqe(), to inhoinno 
[FEMU] Err: /femu/nvme-io.c : nvme_io_cmd(), to inhoinno 
[FEMU] Err: /femu/nvme-io.c : nvme_io_cmd(): default, to inhoinno 
[FEMU] Err: zns.c : zns_io_cmd(), to inhoinno 
[FEMU] Err: zns.c : zns_read(), to inhoinno 
[FEMU] Err: zns.c : zns_get_zone_by_slba(), to inhoinno 
[FEMU] Err: zns.c : zns_check_zone_read(), to inhoinno 
[FEMU] Err: zns.c : zns_check_zone_state_for_read(), to inhoinno 
[FEMU] Err: dram.c : backend_rw(), to inhoinno 
[FEMU] Err: /femu/nvme-io.c : nvme_io_cmd(), to inhoinno 
[FEMU] Err: /femu/nvme-io.c : nvme_io_cmd(): default, to inhoinno 
[FEMU] Err: zns.c : zns_io_cmd(), to inhoinno 
[FEMU] Err: zns.c : zns_read(), to inhoinno 
[FEMU] Err: zns.c : zns_get_zone_by_slba(), to inhoinno 
[FEMU] Err: zns.c : zns_check_zone_read(), to inhoinno 
[FEMU] Err: zns.c : zns_check_zone_state_for_read(), to inhoinno 
[FEMU] Err: dram.c : backend_rw(), to inhoinno 
[FEMU] Err: nvme-io.c : nvme_post_cqe(), to inhoinno 
[FEMU] Err: nvme-io.c : nvme_post_cqe(), to inhoinno 
[FEMU] Err: nvme-io.c : nvme_post_cqe(), to inhoinno 
done.
Begin: Will now check root file system ... fsck from util-linux 2.34
[/usr/sbin/fsck.ext4 (1) -- /dev/mapper/ubuntu--vg-ubuntu--lv] fsck.ext4 -a -C0 /dev/mapper/ubuntu--vg-ubuntu--lv 
/dev/mapper/ubuntu--vg-ubuntu--lv: recovering journal
/dev/mapper/ubuntu--vg-ubuntu--lv: Clearing orphaned inode 131078 (uid=0, gid=0, mode=0100000, size=0)
/dev/mapper/ubuntu--vg-ubuntu--lv: clean, 219719/2588672 files, 3647722/10354688 blocks
done.
[    2.644989] EXT4-fs (dm-0): mounted filesystem with ordered data mode. Opts: (null)
done.
Begin: Running /scripts/local-bottom ... done.
Begin: Running /scripts/init-bottom ... Internet Systems Consortium DHCP Client 4.4.1
Copyright 2004-2018 Internet Systems Consortium.
All rights reserved.
For info, please visit https://www.isc.org/software/dhcp/

Listening on LPF/ens3/52:54:00:12:34:56
Sending on   LPF/ens3/52:54:00:12:34:56
Sending on   Socket/fallback
DHCPDISCOVER on ens3 to 255.255.255.255 port 67 interval 3 (xid=0xa90dde7b)
DHCPOFFER of 10.0.2.15 from 10.0.2.2
DHCPREQUEST for 10.0.2.15 on ens3 to 255.255.255.255 port 67 (xid=0x7bde0da9)
DHCPACK of 10.0.2.15 from 10.0.2.2 (xid=0xa90dde7b)
bound to 10.0.2.15 -- renewal in 42533 seconds.
done.
[    3.058938] systemd[1]: Inserted module 'autofs4'
[    3.089700] systemd[1]: systemd 245.4-4ubuntu3.15 running in system mode. (+PAM +AUDIT +SELINUX +IMA +APPARMOR +SMACK +SYSVINIT +UTMP +LIBCRYPTSETUP +GCRYPT +GNUTLS +ACL +XZ +LZ4 +SECCOMP +BLKID +ELFUTILS +KMOD +IDN2 -IDN +PCRE2 default-hierarchy=hybrid)
[    3.093358] systemd[1]: Detected virtualization kvm.
[    3.094306] systemd[1]: Detected architecture x86-64.

Welcome to [1mUbuntu 20.04.3 LTS[0m!

[    3.118057] systemd[1]: Set hostname to <inhoinnofemu>.
[    3.245227] blk_update_request: I/O error, dev fd0, sector 0 op 0x0:(READ) flags 0x0 phys_seg 1 prio class 0
[    3.246214] floppy: error 10 while reading block 0
[FEMU] Err: /femu/nvme-io.c : nvme_io_cmd(), to inhoinno 
[FEMU] Err: /femu/nvme-io.c : nvme_io_cmd(): default, to inhoinno 
[FEMU] Err: zns.c : zns_io_cmd(), to inhoinno 
[FEMU] Err: zns.c : zns_read(), to inhoinno 
[FEMU] Err: zns.c : zns_get_zone_by_slba(), to inhoinno 
[FEMU] Err: zns.c : zns_check_zone_read(), to inhoinno 
[FEMU] Err: zns.c : zns_check_zone_state_for_read(), to inhoinno 
[FEMU] Err: dram.c : backend_rw(), to inhoinno 
[FEMU] Err: nvme-io.c : nvme_post_cqe(), to inhoinno 
[FEMU] Err: /femu/nvme-io.c : nvme_io_cmd(), to inhoinno 
[FEMU] Err: /femu/nvme-io.c : nvme_io_cmd(): default, to inhoinno 
[FEMU] Err: zns.c : zns_io_cmd(), to inhoinno 
[FEMU] Err: zns.c : zns_read(), to inhoinno 
[FEMU] Err: zns.c : zns_get_zone_by_slba(), to inhoinno 
[FEMU] Err: zns.c : zns_check_zone_read(), to inhoinno 
[FEMU] Err: zns.c : zns_check_zone_state_for_read(), to inhoinno 
[FEMU] Err: dram.c : backend_rw(), to inhoinno 
[FEMU] Err: nvme-io.c : nvme_post_cqe(), to inhoinno 
[FEMU] Err: /femu/nvme-io.c : nvme_io_cmd(), to inhoinno 
[FEMU] Err: /femu/nvme-io.c : nvme_io_cmd(): default, to inhoinno 
[FEMU] Err: zns.c : zns_io_cmd(), to inhoinno 
[FEMU] Err: zns.c : zns_read(), to inhoinno 
[FEMU] Err: zns.c : zns_get_zone_by_slba(), to inhoinno 
[FEMU] Err: zns.c : zns_check_zone_read(), to inhoinno 
[FEMU] Err: zns.c : zns_check_zone_state_for_read(), to inhoinno 
[FEMU] Err: dram.c : backend_rw(), to inhoinno 
[FEMU] Err: nvme-io.c : nvme_post_cqe(), to inhoinno 
[FEMU] Err: /femu/nvme-io.c : nvme_io_cmd(), to inhoinno 
[FEMU] Err: /femu/nvme-io.c : nvme_io_cmd(): default, to inhoinno 
[FEMU] Err: zns.c : zns_io_cmd(), to inhoinno 
[FEMU] Err: zns.c : zns_read(), to inhoinno 
[FEMU] Err: zns.c : zns_get_zone_by_slba(), to inhoinno 
[FEMU] Err: zns.c : zns_check_zone_read(), to inhoinno 
[FEMU] Err: zns.c : zns_check_zone_state_for_read(), to inhoinno 
[FEMU] Err: dram.c : backend_rw(), to inhoinno 
[FEMU] Err: nvme-io.c : nvme_post_cqe(), to inhoinno 
[FEMU] Err: /femu/nvme-io.c : nvme_io_cmd(), to inhoinno 
[FEMU] Err: /femu/nvme-io.c : nvme_io_cmd(): default, to inhoinno 
[FEMU] Err: zns.c : zns_io_cmd(), to inhoinno 
[FEMU] Err: zns.c : zns_read(), to inhoinno 
[FEMU] Err: zns.c : zns_get_zone_by_slba(), to inhoinno 
[FEMU] Err: zns.c : zns_check_zone_read(), to inhoinno 
[FEMU] Err: zns.c : zns_check_zone_state_for_read(), to inhoinno 
[FEMU] Err: dram.c : backend_rw(), to inhoinno 
[FEMU] Err: nvme-io.c : nvme_post_cqe(), to inhoinno 
[FEMU] Err: /femu/nvme-io.c : nvme_io_cmd(), to inhoinno 
[FEMU] Err: /femu/nvme-io.c : nvme_io_cmd(): default, to inhoinno 
[FEMU] Err: zns.c : zns_io_cmd(), to inhoinno 
[FEMU] Err: zns.c : zns_read(), to inhoinno 
[FEMU] Err: zns.c : zns_get_zone_by_slba(), to inhoinno 
[FEMU] Err: zns.c : zns_check_zone_read(), to inhoinno 
[FEMU] Err: zns.c : zns_check_zone_state_for_read(), to inhoinno 
[FEMU] Err: dram.c : backend_rw(), to inhoinno 
[FEMU] Err: nvme-io.c : nvme_post_cqe(), to inhoinno 
[FEMU] Err: /femu/nvme-io.c : nvme_io_cmd(), to inhoinno 
[FEMU] Err: /femu/nvme-io.c : nvme_io_cmd(): default, to inhoinno 
[FEMU] Err: zns.c : zns_io_cmd(), to inhoinno 
[FEMU] Err: zns.c : zns_read(), to inhoinno 
[FEMU] Err: zns.c : zns_get_zone_by_slba(), to inhoinno 
[FEMU] Err: zns.c : zns_check_zone_read(), to inhoinno 
[FEMU] Err: zns.c : zns_check_zone_state_for_read(), to inhoinno 
[FEMU] Err: dram.c : backend_rw(), to inhoinno 
[FEMU] Err: nvme-io.c : nvme_post_cqe(), to inhoinno 
[FEMU] Err: /femu/nvme-io.c : nvme_io_cmd(), to inhoinno 
[FEMU] Err: /femu/nvme-io.c : nvme_io_cmd(): default, to inhoinno 
[FEMU] Err: zns.c : zns_io_cmd(), to inhoinno 
[FEMU] Err: zns.c : zns_read(), to inhoinno 
[FEMU] Err: zns.c : zns_get_zone_by_slba(), to inhoinno 
[FEMU] Err: zns.c : zns_check_zone_read(), to inhoinno 
[FEMU] Err: zns.c : zns_check_zone_state_for_read(), to inhoinno 
