[FEMU] Err: zone_size_log2 : 17 (64MB : 2^26, 512B = 2^9)
[FEMU] Err: [TEST] zns.c:1767 slba:0  ppa:0 chidx0 chnnl:0 
[FEMU] Err: [TEST] zns.c:1767 slba:8  ppa:0 chidx0 chnnl:0 
[FEMU] Err: [TEST] zns.c:1767 slba:16  ppa:0 chidx0 chnnl:0 
[FEMU] Err: [TEST] zns.c:1767 slba:24  ppa:0 chidx0 chnnl:0 
[FEMU] Err: [TEST] zns.c:1767 slba:32  ppa:0 chidx0 chnnl:0 
[FEMU] Err: [TEST] zns.c:1767 slba:40  ppa:0 chidx0 chnnl:0 
[FEMU] Err: [TEST] zns.c:1767 slba:48  ppa:0 chidx0 chnnl:0 
[FEMU] Err: [TEST] zns.c:1767 slba:56  ppa:0 chidx0 chnnl:0 
[FEMU] Err: [TEST] zns.c:1767 slba:64  ppa:16 chidx0 chnnl:0 
[FEMU] Err: [TEST] zns.c:1767 slba:72  ppa:16 chidx0 chnnl:0 
[FEMU] Err: [TEST] zns.c:1767 slba:80  ppa:16 chidx0 chnnl:0 
[FEMU] Err: [TEST] zns.c:1767 slba:88  ppa:16 chidx0 chnnl:0 
[FEMU] Err: [TEST] zns.c:1767 slba:96  ppa:16 chidx0 chnnl:0 
[FEMU] Err: [TEST] zns.c:1767 slba:104  ppa:16 chidx0 chnnl:0 
[FEMU] Err: [TEST] zns.c:1767 slba:112  ppa:16 chidx0 chnnl:0 
[FEMU] Err: [TEST] zns.c:1767 slba:120  ppa:16 chidx0 chnnl:0 
[FEMU] Err: [TEST] zns.c:1767 slba:128  ppa:32 chidx0 chnnl:0 
[FEMU] Err: [TEST] zns.c:1767 slba:136  ppa:32 chidx0 chnnl:0 
[FEMU] Err: [TEST] zns.c:1767 slba:144  ppa:32 chidx0 chnnl:0 
[FEMU] Err: [TEST] zns.c:1767 slba:152  ppa:32 chidx0 chnnl:0 
[FEMU] Err: [TEST] zns.c:1767 slba:160  ppa:32 chidx0 chnnl:0 
[FEMU] Err: [TEST] zns.c:1767 slba:168  ppa:32 chidx0 chnnl:0 
[FEMU] Err: [TEST] zns.c:1767 slba:176  ppa:32 chidx0 chnnl:0 
[FEMU] Err: [TEST] zns.c:1767 slba:184  ppa:32 chidx0 chnnl:0 
[FEMU] Err: [TEST] zns.c:1767 slba:192  ppa:48 chidx0 chnnl:0 
[FEMU] Err: [TEST] zns.c:1767 slba:200  ppa:48 chidx0 chnnl:0 
[FEMU] Err: [TEST] zns.c:1767 slba:208  ppa:48 chidx0 chnnl:0 
[FEMU] Err: [TEST] zns.c:1767 slba:216  ppa:48 chidx0 chnnl:0 
[FEMU] Err: [TEST] zns.c:1767 slba:224  ppa:48 chidx0 chnnl:0 
[FEMU] Err: [TEST] zns.c:1767 slba:232  ppa:48 chidx0 chnnl:0 
[FEMU] Err: [TEST] zns.c:1767 slba:240  ppa:48 chidx0 chnnl:0 
[FEMU] Err: [TEST] zns.c:1767 slba:248  ppa:48 chidx0 chnnl:0 
[FEMU] Err: [TEST] zns.c:1767 slba:256  ppa:64 chidx0 chnnl:0 
[FEMU] Err: [TEST] zns.c:1767 slba:264  ppa:64 chidx0 chnnl:0 
[FEMU] Err: [TEST] zns.c:1767 slba:272  ppa:64 chidx0 chnnl:0 
[FEMU] Err: [TEST] zns.c:1767 slba:280  ppa:64 chidx0 chnnl:0 
[FEMU] Err: [TEST] zns.c:1767 slba:288  ppa:64 chidx0 chnnl:0 
[FEMU] Err: [TEST] zns.c:1767 slba:296  ppa:64 chidx0 chnnl:0 
[FEMU] Err: [TEST] zns.c:1767 slba:304  ppa:64 chidx0 chnnl:0 
[FEMU] Err: [TEST] zns.c:1767 slba:312  ppa:64 chidx0 chnnl:0 
[FEMU] Err: [TEST] zns.c:1767 slba:320  ppa:80 chidx0 chnnl:0 
[FEMU] Err: [TEST] zns.c:1767 slba:328  ppa:80 chidx0 chnnl:0 
[FEMU] Err: [TEST] zns.c:1767 slba:336  ppa:80 chidx0 chnnl:0 
[FEMU] Err: [TEST] zns.c:1767 slba:344  ppa:80 chidx0 chnnl:0 
[FEMU] Err: [TEST] zns.c:1767 slba:352  ppa:80 chidx0 chnnl:0 
[FEMU] Err: [TEST] zns.c:1767 slba:360  ppa:80 chidx0 chnnl:0 
[FEMU] Err: [TEST] zns.c:1767 slba:368  ppa:80 chidx0 chnnl:0 
[FEMU] Err: [TEST] zns.c:1767 slba:376  ppa:80 chidx0 chnnl:0 
[FEMU] Err: [TEST] zns.c:1767 slba:384  ppa:96 chidx0 chnnl:0 
[FEMU] Err: [TEST] zns.c:1767 slba:392  ppa:96 chidx0 chnnl:0 
[FEMU] Err: [TEST] zns.c:1767 slba:400  ppa:96 chidx0 chnnl:0 
[FEMU] Err: [TEST] zns.c:1767 slba:408  ppa:96 chidx0 chnnl:0 
[FEMU] Err: [TEST] zns.c:1767 slba:416  ppa:96 chidx0 chnnl:0 
[FEMU] Err: [TEST] zns.c:1767 slba:424  ppa:96 chidx0 chnnl:0 
[FEMU] Err: [TEST] zns.c:1767 slba:432  ppa:96 chidx0 chnnl:0 
[FEMU] Err: [TEST] zns.c:1767 slba:440  ppa:96 chidx0 chnnl:0 
[FEMU] Err: [TEST] zns.c:1767 slba:448  ppa:112 chidx0 chnnl:0 
[FEMU] Err: [TEST] zns.c:1767 slba:456  ppa:112 chidx0 chnnl:0 
[FEMU] Err: [TEST] zns.c:1767 slba:464  ppa:112 chidx0 chnnl:0 
[FEMU] Err: [TEST] zns.c:1767 slba:472  ppa:112 chidx0 chnnl:0 
[FEMU] Err: [TEST] zns.c:1767 slba:480  ppa:112 chidx0 chnnl:0 
[FEMU] Err: [TEST] zns.c:1767 slba:488  ppa:112 chidx0 chnnl:0 
[FEMU] Err: [TEST] zns.c:1767 slba:496  ppa:112 chidx0 chnnl:0 
[FEMU] Err: [TEST] zns.c:1767 slba:504  ppa:112 chidx0 chnnl:0 
[FEMU] Err: [TEST] zns.c:1767 slba:512  ppa:128 chidx0 chnnl:0 
[FEMU] Err: [TEST] zns.c:1767 slba:520  ppa:128 chidx0 chnnl:0 
[FEMU] Err: [TEST] zns.c:1767 slba:528  ppa:128 chidx0 chnnl:0 
[FEMU] Err: [TEST] zns.c:1767 slba:536  ppa:128 chidx0 chnnl:0 
[FEMU] Err: [TEST] zns.c:1767 slba:544  ppa:128 chidx0 chnnl:0 
[FEMU] Err: [TEST] zns.c:1767 slba:552  ppa:128 chidx0 chnnl:0 
[FEMU] Err: [TEST] zns.c:1767 slba:560  ppa:128 chidx0 chnnl:0 
[FEMU] Err: [TEST] zns.c:1767 slba:568  ppa:128 chidx0 chnnl:0 
[FEMU] Err: [TEST] zns.c:1767 slba:576  ppa:144 chidx0 chnnl:0 
[FEMU] Err: [TEST] zns.c:1767 slba:584  ppa:144 chidx0 chnnl:0 
[FEMU] Err: [TEST] zns.c:1767 slba:592  ppa:144 chidx0 chnnl:0 
[FEMU] Err: [TEST] zns.c:1767 slba:600  ppa:144 chidx0 chnnl:0 
[FEMU] Err: [TEST] zns.c:1767 slba:608  ppa:144 chidx0 chnnl:0 
[FEMU] Err: [TEST] zns.c:1767 slba:616  ppa:144 chidx0 chnnl:0 
[FEMU] Err: [TEST] zns.c:1767 slba:624  ppa:144 chidx0 chnnl:0 
[FEMU] Err: [TEST] zns.c:1767 slba:632  ppa:144 chidx0 chnnl:0 
[FEMU] Err: [TEST] zns.c:1767 slba:640  ppa:160 chidx0 chnnl:0 
[FEMU] Err: [TEST] zns.c:1767 slba:648  ppa:160 chidx0 chnnl:0 
[FEMU] Err: [TEST] zns.c:1767 slba:656  ppa:160 chidx0 chnnl:0 
[FEMU] Err: [TEST] zns.c:1767 slba:664  ppa:160 chidx0 chnnl:0 
[FEMU] Err: [TEST] zns.c:1767 slba:672  ppa:160 chidx0 chnnl:0 
[FEMU] Err: [TEST] zns.c:1767 slba:680  ppa:160 chidx0 chnnl:0 
[FEMU] Err: [TEST] zns.c:1767 slba:688  ppa:160 chidx0 chnnl:0 
[FEMU] Err: [TEST] zns.c:1767 slba:696  ppa:160 chidx0 chnnl:0 
[FEMU] Err: [TEST] zns.c:1767 slba:704  ppa:176 chidx0 chnnl:0 
[FEMU] Err: [TEST] zns.c:1767 slba:712  ppa:176 chidx0 chnnl:0 
[FEMU] Err: [TEST] zns.c:1767 slba:720  ppa:176 chidx0 chnnl:0 
[FEMU] Err: [TEST] zns.c:1767 slba:728  ppa:176 chidx0 chnnl:0 
[FEMU] Err: [TEST] zns.c:1767 slba:736  ppa:176 chidx0 chnnl:0 
[FEMU] Err: [TEST] zns.c:1767 slba:744  ppa:176 chidx0 chnnl:0 
[FEMU] Err: [TEST] zns.c:1767 slba:752  ppa:176 chidx0 chnnl:0 
[FEMU] Err: [TEST] zns.c:1767 slba:760  ppa:176 chidx0 chnnl:0 
[FEMU] Err: [TEST] zns.c:1767 slba:768  ppa:192 chidx0 chnnl:0 
[FEMU] Err: [TEST] zns.c:1767 slba:776  ppa:192 chidx0 chnnl:0 
[FEMU] Err: [TEST] zns.c:1767 slba:784  ppa:192 chidx0 chnnl:0 
[FEMU] Err: [TEST] zns.c:1767 slba:792  ppa:192 chidx0 chnnl:0 
c[?7l[2J[0mSeaBIOS (version rel-1.16.0-0-gd239552ce722-prebuilt.qemu.org)
[FEMU] Err: Seq 1 nvme_process_db_admin femu.c:146
[FEMU] Err: Seq 2 nvme_process_sq_admin nvme-admin.c:1030
[FEMU] Err: Seq 3 nvme_admin_cmd nvme-admin.c:955
[FEMU] Log: NVMe Priority Queue [idx]:0 [Prio]:0 [#th order in same prio]:0 created[FEMU] Log: NVMe Priority Queue [idx]:1 [Prio]:1 [#th order in same prio]:0 created[FEMU] Log: NVMe Priority Queue [idx]:2 [Prio]:2 [#th order in same prio]:0 created[FEMU] Log: NVMe Priority Queue [idx]:3 [Prio]:3 [#th order in same prio]:0 created[FEMU] Dbg: admin cmd,identify
[FEMU] Err: Seq 1 nvme_process_db_admin femu.c:146
[FEMU] Err: Seq 1 nvme_process_db_admin femu.c:146
[FEMU] Err: Seq 2 nvme_process_sq_admin nvme-admin.c:1030
[FEMU] Err: Seq 3 nvme_admin_cmd nvme-admin.c:955
[FEMU] Dbg: admin cmd,create_cq
[FEMU] Err: Seq 1 nvme_process_db_admin femu.c:146
[FEMU] Err: Seq 1 nvme_process_db_admin femu.c:146
[FEMU] Err: Seq 2 nvme_process_sq_admin nvme-admin.c:1030
[FEMU] Err: Seq 3 nvme_admin_cmd nvme-admin.c:955
[FEMU] Dbg: admin cmd,create_sq
[FEMU] Err: NVMe sq priority 0 qflags 1 nvme-admin.c:129
[FEMU] Err: Seq 1 nvme_process_db_admin femu.c:146
[FEMU] Err: Seq 1 nvme_process_db_admin femu.c:146
[FEMU] Err: Seq 2 nvme_process_sq_admin nvme-admin.c:1030
[FEMU] Err: Seq 3 nvme_admin_cmd nvme-admin.c:955
[FEMU] Dbg: admin cmd,identify
[FEMU] Err: Seq 1 nvme_process_db_admin femu.c:146


iPXE (http://ipxe.org) 00:03.0 CA00 PCI2.10 PnP PMM+BFF910C0+BFEF10C0 CA00
Press Ctrl-B to configure iPXE (PCI 00:03.0)...                                                                               


Booting from Hard Disk...
[H[J[1;1H[    0.000000] Linux version 5.10.2 (root@inhoinnofemu) (gcc (Ubuntu 9.4.0-1ubuntu1~20.04.1) 9.4.0, GNU ld (GNU Binutils for Ubuntu) 2.34) #4 SMP Fri May 20 10:05:20 UTC 2022
[    0.000000] Command line: BOOT_IMAGE=/vmlinuz-5.10.2 root=/dev/mapper/ubuntu--vg-ubuntu--lv ro ip=dhcp console=ttyS0, 38400 console=tty console=ttyS0 maybe-ubiquity
[    0.000000] KERNEL supported cpus:
[    0.000000]   Intel GenuineIntel
[    0.000000]   AMD AuthenticAMD
[    0.000000]   Hygon HygonGenuine
[    0.000000]   Centaur CentaurHauls
[    0.000000]   zhaoxin   Shanghai  
[    0.000000] x86/fpu: Supporting XSAVE feature 0x001: 'x87 floating point registers'
[    0.000000] x86/fpu: Supporting XSAVE feature 0x002: 'SSE registers'
[    0.000000] x86/fpu: Supporting XSAVE feature 0x004: 'AVX registers'
[    0.000000] x86/fpu: Supporting XSAVE feature 0x008: 'MPX bounds registers'
[    0.000000] x86/fpu: Supporting XSAVE feature 0x010: 'MPX CSR'
[    0.000000] x86/fpu: Supporting XSAVE feature 0x200: 'Protection Keys User registers'
[    0.000000] x86/fpu: xstate_offset[2]:  576, xstate_sizes[2]:  256
[    0.000000] x86/fpu: xstate_offset[3]:  832, xstate_sizes[3]:   64
[    0.000000] x86/fpu: xstate_offset[4]:  896, xstate_sizes[4]:   64
[    0.000000] x86/fpu: xstate_offset[9]:  960, xstate_sizes[9]:    8
[    0.000000] x86/fpu: Enabled xstate features 0x21f, context size is 968 bytes, using 'compacted' format.
[    0.000000] BIOS-provided physical RAM map:
[    0.000000] BIOS-e820: [mem 0x0000000000000000-0x000000000009fbff] usable
[    0.000000] BIOS-e820: [mem 0x000000000009fc00-0x000000000009ffff] reserved
[    0.000000] BIOS-e820: [mem 0x00000000000f0000-0x00000000000fffff] reserved
[    0.000000] BIOS-e820: [mem 0x0000000000100000-0x00000000bffd4fff] usable
[    0.000000] BIOS-e820: [mem 0x00000000bffd5000-0x00000000bfffffff] reserved
[    0.000000] BIOS-e820: [mem 0x00000000feffc000-0x00000000feffffff] reserved
[    0.000000] BIOS-e820: [mem 0x00000000fffc0000-0x00000000ffffffff] reserved
[    0.000000] BIOS-e820: [mem 0x0000000100000000-0x000000063fffffff] usable
[    0.000000] NX (Execute Disable) protection: active
[    0.000000] SMBIOS 2.8 present.
[    0.000000] DMI: QEMU Standard PC (i440FX + PIIX, 1996), BIOS rel-1.16.0-0-gd239552ce722-prebuilt.qemu.org 04/01/2014
[    0.000000] Hypervisor detected: KVM
[    0.000000] kvm-clock: Using msrs 4b564d01 and 4b564d00
[    0.000000] kvm-clock: cpu 0, msr 57dc01001, primary cpu clock
[    0.000000] kvm-clock: using sched offset of 5481293306 cycles
[    0.000005] clocksource: kvm-clock: mask: 0xffffffffffffffff max_cycles: 0x1cd42e4dffb, max_idle_ns: 881590591483 ns
[    0.000009] tsc: Detected 3792.034 MHz processor
[    0.000633] last_pfn = 0x640000 max_arch_pfn = 0x400000000
[    0.000675] x86/PAT: Configuration [0-7]: WB  WC  UC- UC  WB  WP  UC- WT  
[    0.000687] last_pfn = 0xbffd5 max_arch_pfn = 0x400000000
[    0.005982] found SMP MP-table at [mem 0x000f5b90-0x000f5b9f]
[    0.006085] check: Scanning 1 areas for low memory corruption
[    0.006206] Using GB pages for direct mapping
[    0.006369] RAMDISK: [mem 0x2d21d000-0x32905fff]
[    0.006399] ACPI: Early table checksum verification disabled
[    0.006418] ACPI: RSDP 0x00000000000F5960 000014 (v00 BOCHS )
[    0.006423] ACPI: RSDT 0x00000000BFFE1E93 000034 (v01 BOCHS  BXPC     00000001 BXPC 00000001)
[    0.006432] ACPI: FACP 0x00000000BFFE1CCF 000074 (v01 BOCHS  BXPC     00000001 BXPC 00000001)
[    0.006436] ACPI: DSDT 0x00000000BFFE0040 001C8F (v01 BOCHS  BXPC     00000001 BXPC 00000001)
[    0.006441] ACPI: FACS 0x00000000BFFE0000 000040
[    0.006443] ACPI: APIC 0x00000000BFFE1D43 0000F0 (v01 BOCHS  BXPC     00000001 BXPC 00000001)
[    0.006446] ACPI: HPET 0x00000000BFFE1E33 000038 (v01 BOCHS  BXPC     00000001 BXPC 00000001)
[    0.006448] ACPI: WAET 0x00000000BFFE1E6B 000028 (v01 BOCHS  BXPC     00000001 BXPC 00000001)
[    0.006731] No NUMA configuration found
[    0.006732] Faking a node at [mem 0x0000000000000000-0x000000063fffffff]
[    0.006742] NODE_DATA(0) allocated [mem 0x63ffd6000-0x63fffffff]
[    0.007129] Zone ranges:
[    0.007131]   DMA      [mem 0x0000000000001000-0x0000000000ffffff]
[    0.007132]   DMA32    [mem 0x0000000001000000-0x00000000ffffffff]
[    0.007133]   Normal   [mem 0x0000000100000000-0x000000063fffffff]
[    0.007134]   Device   empty
[    0.007135] Movable zone start for each node
[    0.007136] Early memory node ranges
[    0.007137]   node   0: [mem 0x0000000000001000-0x000000000009efff]
[    0.007138]   node   0: [mem 0x0000000000100000-0x00000000bffd4fff]
[    0.007139]   node   0: [mem 0x0000000100000000-0x000000063fffffff]
[    0.007405] Zeroed struct page in unavailable ranges: 141 pages
[    0.007406] Initmem setup node 0 [mem 0x0000000000001000-0x000000063fffffff]
[    0.048403] ACPI: PM-Timer IO Port: 0x608
[    0.048424] ACPI: LAPIC_NMI (acpi_id[0xff] dfl dfl lint[0x1])
[    0.048452] IOAPIC[0]: apic_id 0, version 17, address 0xfec00000, GSI 0-23
[    0.048455] ACPI: INT_SRC_OVR (bus 0 bus_irq 0 global_irq 2 dfl dfl)
[    0.048456] ACPI: INT_SRC_OVR (bus 0 bus_irq 5 global_irq 5 high level)
[    0.048457] ACPI: INT_SRC_OVR (bus 0 bus_irq 9 global_irq 9 high level)
[    0.048461] ACPI: INT_SRC_OVR (bus 0 bus_irq 10 global_irq 10 high level)
[    0.048461] ACPI: INT_SRC_OVR (bus 0 bus_irq 11 global_irq 11 high level)
[    0.048465] Using ACPI (MADT) for SMP configuration information
[    0.048467] ACPI: HPET id: 0x8086a201 base: 0xfed00000
[    0.048474] TSC deadline timer available
[    0.048476] smpboot: Allowing 16 CPUs, 0 hotplug CPUs
[    0.048489] kvm-guest: KVM setup pv remote TLB flush
[    0.048504] kvm-guest: setup PV sched yield
[    0.048520] PM: hibernation: Registered nosave memory: [mem 0x00000000-0x00000fff]
[    0.048521] PM: hibernation: Registered nosave memory: [mem 0x0009f000-0x0009ffff]
[    0.048522] PM: hibernation: Registered nosave memory: [mem 0x000a0000-0x000effff]
[    0.048522] PM: hibernation: Registered nosave memory: [mem 0x000f0000-0x000fffff]
[    0.048523] PM: hibernation: Registered nosave memory: [mem 0xbffd5000-0xbfffffff]
[    0.048524] PM: hibernation: Registered nosave memory: [mem 0xc0000000-0xfeffbfff]
[    0.048524] PM: hibernation: Registered nosave memory: [mem 0xfeffc000-0xfeffffff]
[    0.048525] PM: hibernation: Registered nosave memory: [mem 0xff000000-0xfffbffff]
[    0.048525] PM: hibernation: Registered nosave memory: [mem 0xfffc0000-0xffffffff]
[    0.048527] [mem 0xc0000000-0xfeffbfff] available for PCI devices
[    0.048528] Booting paravirtualized kernel on KVM
[    0.048535] clocksource: refined-jiffies: mask: 0xffffffff max_cycles: 0xffffffff, max_idle_ns: 7645519600211568 ns
[    0.048545] setup_percpu: NR_CPUS:8192 nr_cpumask_bits:16 nr_cpu_ids:16 nr_node_ids:1
[    0.049013] percpu: Embedded 56 pages/cpu s192512 r8192 d28672 u262144
[    0.049048] kvm-guest: KVM setup async PF for cpu 0
[    0.049052] kvm-guest: stealtime: cpu 0, msr 627a2e080
[    0.049054] kvm-guest: PV spinlocks enabled
[    0.049057] PV qspinlock hash table entries: 256 (order: 0, 4096 bytes, linear)
[    0.049067] Built 1 zonelists, mobility grouping on.  Total pages: 6192990
[    0.049068] Policy zone: Normal
[    0.049069] Kernel command line: BOOT_IMAGE=/vmlinuz-5.10.2 root=/dev/mapper/ubuntu--vg-ubuntu--lv ro ip=dhcp console=ttyS0, 38400 console=tty console=ttyS0 maybe-ubiquity
[    0.051838] Dentry cache hash table entries: 4194304 (order: 13, 33554432 bytes, linear)
[    0.053204] Inode-cache hash table entries: 2097152 (order: 12, 16777216 bytes, linear)
[    0.053366] mem auto-init: stack:off, heap alloc:on, heap free:off
[    0.091473] Memory: 24528944K/25165260K available (14345K kernel code, 3489K rwdata, 5336K rodata, 2664K init, 5992K bss, 636056K reserved, 0K cma-reserved)
[    0.091488] random: get_random_u64 called from __kmem_cache_create+0x31/0x430 with crng_init=0
[    0.091577] SLUB: HWalign=64, Order=0-3, MinObjects=0, CPUs=16, Nodes=1
[    0.091591] ftrace: allocating 47858 entries in 187 pages
[    0.104013] ftrace: allocated 187 pages with 6 groups
[    0.104224] rcu: Hierarchical RCU implementation.
[    0.104225] rcu: 	RCU restricting CPUs from NR_CPUS=8192 to nr_cpu_ids=16.
[    0.104226] 	Rude variant of Tasks RCU enabled.
[    0.104227] 	Tracing variant of Tasks RCU enabled.
[    0.104228] rcu: RCU calculated value of scheduler-enlistment delay is 25 jiffies.
[    0.104228] rcu: Adjusting geometry for rcu_fanout_leaf=16, nr_cpu_ids=16
[    0.106446] NR_IRQS: 524544, nr_irqs: 552, preallocated irqs: 16
[    0.106674] random: crng done (trusting CPU's manufacturer)
[    0.114189] Console: colour VGA+ 80x25
[    0.132272] printk: console [tty0] enabled
[    0.196574] printk: console [ttyS0] enabled
[    0.197084] ACPI: Core revision 20200925
[    0.197630] clocksource: hpet: mask: 0xffffffff max_cycles: 0xffffffff, max_idle_ns: 19112604467 ns
[    0.198668] APIC: Switch to symmetric I/O mode setup
[    0.199358] x2apic enabled
[    0.199840] Switched APIC routing to physical x2apic.
[    0.200405] kvm-guest: setup PV IPIs
[    0.201422] ..TIMER: vector=0x30 apic1=0 pin1=2 apic2=-1 pin2=-1
[    0.202096] clocksource: tsc-early: mask: 0xffffffffffffffff max_cycles: 0x6d51e514936, max_idle_ns: 881590614020 ns
[    0.203257] Calibrating delay loop (skipped) preset value.. 7584.06 BogoMIPS (lpj=15168136)
[    0.204210] pid_max: default: 32768 minimum: 301
[    0.204789] LSM: Security Framework initializing
[    0.205366] Yama: becoming mindful.
[    0.205964] AppArmor: AppArmor initialized
[    0.206517] Mount-cache hash table entries: 65536 (order: 7, 524288 bytes, linear)
[    0.207275] Mountpoint-cache hash table entries: 65536 (order: 7, 524288 bytes, linear)
[    0.208645] x86/cpu: User Mode Instruction Prevention (UMIP) activated
[    0.209620] Last level iTLB entries: 4KB 0, 2MB 0, 4MB 0
[    0.210299] Last level dTLB entries: 4KB 0, 2MB 0, 4MB 0, 1GB 0
[    0.211287] Spectre V1 : Mitigation: usercopy/swapgs barriers and __user pointer sanitization
[    0.212301] Spectre V2 : Mitigation: Enhanced IBRS
[    0.212876] Spectre V2 : Spectre v2 / SpectreRSB mitigation: Filling RSB on context switch
[    0.213835] Spectre V2 : mitigation: Enabling conditional Indirect Branch Prediction Barrier
[    0.215256] Speculative Store Bypass: Mitigation: Speculative Store Bypass disabled via prctl and seccomp
[    0.216753] Freeing SMP alternatives memory: 40K
[    0.219468] smpboot: CPU0: Intel(R) Core(TM) i7-10700K CPU @ 3.80GHz (family: 0x6, model: 0xa5, stepping: 0x5)
[    0.220697] Performance Events: Skylake events, full-width counters, Intel PMU driver.
[    0.221641] ... version:                2
[    0.222127] ... bit width:              48
[    0.222623] ... generic registers:      4
[    0.223104] ... value mask:             0000ffffffffffff
[    0.223258] ... max period:             00007fffffffffff
[    0.223879] ... fixed-purpose events:   3
[    0.224367] ... event mask:             000000070000000f
[    0.225065] rcu: Hierarchical SRCU implementation.
[    0.226042] smp: Bringing up secondary CPUs ...
[    0.226761] x86: Booting SMP configuration:
[    0.227258] .... node  #0, CPUs:        #1
[    0.092670] kvm-clock: cpu 1, msr 57dc01041, secondary cpu clock
[    0.227854] kvm-guest: KVM setup async PF for cpu 1
[    0.231254] kvm-guest: stealtime: cpu 1, msr 627a6e080
[    0.231323]   #2
[    0.092670] kvm-clock: cpu 2, msr 57dc01081, secondary cpu clock
[    0.231787] kvm-guest: KVM setup async PF for cpu 2
[    0.232758] kvm-guest: stealtime: cpu 2, msr 627aae080
[    0.235315]   #3
[    0.092670] kvm-clock: cpu 3, msr 57dc010c1, secondary cpu clock
[    0.235749] kvm-guest: KVM setup async PF for cpu 3
[    0.236633] kvm-guest: stealtime: cpu 3, msr 627aee080
[    0.239314]   #4
[    0.092670] kvm-clock: cpu 4, msr 57dc01101, secondary cpu clock
[    0.239675] kvm-guest: KVM setup async PF for cpu 4
[    0.240208] kvm-guest: stealtime: cpu 4, msr 627b2e080
[    0.240671]   #5
[    0.092670] kvm-clock: cpu 5, msr 57dc01141, secondary cpu clock
[    0.240671] kvm-guest: KVM setup async PF for cpu 5
[    0.240671] kvm-guest: stealtime: cpu 5, msr 627b6e080
[    0.243329]   #6
[    0.092670] kvm-clock: cpu 6, msr 57dc01181, secondary cpu clock
[    0.243728] kvm-guest: KVM setup async PF for cpu 6
[    0.244219] kvm-guest: stealtime: cpu 6, msr 627bae080
[    0.244695]   #7
[    0.092670] kvm-clock: cpu 7, msr 57dc011c1, secondary cpu clock
[    0.244695] kvm-guest: KVM setup async PF for cpu 7
[    0.244695] kvm-guest: stealtime: cpu 7, msr 627bee080
[    0.247330]   #8
[    0.092670] kvm-clock: cpu 8, msr 57dc01201, secondary cpu clock
[    0.247767] kvm-guest: KVM setup async PF for cpu 8
[    0.248701] kvm-guest: stealtime: cpu 8, msr 627c2e080
[    0.249410]   #9
[    0.092670] kvm-clock: cpu 9, msr 57dc01241, secondary cpu clock
[    0.251514] kvm-guest: KVM setup async PF for cpu 9
[    0.252718] kvm-guest: stealtime: cpu 9, msr 627c6e080
[    0.253458]  #10
[    0.092670] kvm-clock: cpu 10, msr 57dc01281, secondary cpu clock
[    0.253458] kvm-guest: KVM setup async PF for cpu 10
[    0.253458] kvm-guest: stealtime: cpu 10, msr 627cae080
[    0.255322]  #11
[    0.092670] kvm-clock: cpu 11, msr 57dc012c1, secondary cpu clock
[    0.255820] kvm-guest: KVM setup async PF for cpu 11
[    0.256802] kvm-guest: stealtime: cpu 11, msr 627cee080
[    0.257568]  #12
[    0.092670] kvm-clock: cpu 12, msr 57dc01301, secondary cpu clock
[    0.259626] kvm-guest: KVM setup async PF for cpu 12
[    0.260705] kvm-guest: stealtime: cpu 12, msr 627d2e080
[    0.261394]  #13
[    0.092670] kvm-clock: cpu 13, msr 57dc01341, secondary cpu clock
[    0.261394] kvm-guest: KVM setup async PF for cpu 13
[    0.261394] kvm-guest: stealtime: cpu 13, msr 627d6e080
[    0.263321]  #14
[    0.092670] kvm-clock: cpu 14, msr 57dc01381, secondary cpu clock
[    0.263795] kvm-guest: KVM setup async PF for cpu 14
[    0.264270] kvm-guest: stealtime: cpu 14, msr 627dae080
[    0.264771]  #15
[    0.092670] kvm-clock: cpu 15, msr 57dc013c1, secondary cpu clock
[    0.264771] kvm-guest: KVM setup async PF for cpu 15
[    0.264771] kvm-guest: stealtime: cpu 15, msr 627dee080
[    0.267346] smp: Brought up 1 node, 16 CPUs
[    0.267853] smpboot: Max logical packages: 1
[    0.268368] smpboot: Total of 16 processors activated (121345.08 BogoMIPS)
[    0.276082] devtmpfs: initialized
[    0.276082] x86/mm: Memory block size: 128MB
[    0.277350] clocksource: jiffies: mask: 0xffffffff max_cycles: 0xffffffff, max_idle_ns: 7645041785100000 ns
[    0.279270] futex hash table entries: 4096 (order: 6, 262144 bytes, linear)
[    0.280338] pinctrl core: initialized pinctrl subsystem
[    0.281172] PM: RTC time: 05:15:08, date: 2022-10-25
[    0.282046] NET: Registered protocol family 16
[    0.283061] DMA: preallocated 4096 KiB GFP_KERNEL pool for atomic allocations
[    0.283424] DMA: preallocated 4096 KiB GFP_KERNEL|GFP_DMA pool for atomic allocations
[    0.285755] DMA: preallocated 4096 KiB GFP_KERNEL|GFP_DMA32 pool for atomic allocations
[    0.286847] audit: initializing netlink subsys (disabled)
[    0.287302] audit: type=2000 audit(1666674908.434:1): state=initialized audit_enabled=0 res=1
[    0.287435] thermal_sys: Registered thermal governor 'fair_share'
[    0.288333] thermal_sys: Registered thermal governor 'bang_bang'
[    0.289135] thermal_sys: Registered thermal governor 'step_wise'
[    0.289957] thermal_sys: Registered thermal governor 'user_space'
[    0.290768] thermal_sys: Registered thermal governor 'power_allocator'
[    0.291270] EISA bus registered
[    0.292615] cpuidle: using governor ladder
[    0.292615] cpuidle: using governor menu
[    0.292615] ACPI: bus type PCI registered
[    0.293136] acpiphp: ACPI Hot Plug PCI Controller Driver version: 0.5
[    0.295510] PCI: Using configuration type 1 for base access
[    0.299318] HugeTLB registered 1.00 GiB page size, pre-allocated 0 pages
[    0.300154] HugeTLB registered 2.00 MiB page size, pre-allocated 0 pages
[    0.300154] ACPI: Added _OSI(Module Device)
[    0.300154] ACPI: Added _OSI(Processor Device)
[    0.300407] ACPI: Added _OSI(3.0 _SCP Extensions)
[    0.303257] ACPI: Added _OSI(Processor Aggregator Device)
[    0.303843] ACPI: Added _OSI(Linux-Dell-Video)
[    0.304341] ACPI: Added _OSI(Linux-Lenovo-NV-HDMI-Audio)
[    0.304909] ACPI: Added _OSI(Linux-HPI-Hybrid-Graphics)
[    0.307262] ACPI: 1 ACPI AML tables successfully acquired and loaded
[    0.307440] ACPI: Interpreter enabled
[    0.307824] ACPI: (supports S0 S3 S4 S5)
[    0.308235] ACPI: Using IOAPIC for interrupt routing
[    0.308748] PCI: Using host bridge windows from ACPI; if necessary, use "pci=nocrs" and report a bug
[    0.309731] ACPI: Enabled 2 GPEs in block 00 to 0F
[    0.312234] ACPI: PCI Root Bridge [PCI0] (domain 0000 [bus 00-ff])
[    0.312849] acpi PNP0A03:00: _OSC: OS supports [ASPM ClockPM Segments MSI HPX-Type3]
[    0.313608] acpi PNP0A03:00: fail to add MMCONFIG information, can't access extended PCI configuration space under this bridge.
[    0.315263] acpiphp: Slot [3] registered
[    0.315274] acpiphp: Slot [4] registered
[    0.315719] acpiphp: Slot [5] registered
[    0.316119] acpiphp: Slot [6] registered
[    0.316577] acpiphp: Slot [7] registered
[    0.317038] acpiphp: Slot [8] registered
[    0.317425] acpiphp: Slot [9] registered
[    0.317801] acpiphp: Slot [10] registered
[    0.318185] acpiphp: Slot [11] registered
[    0.318570] acpiphp: Slot [12] registered
[    0.318952] acpiphp: Slot [13] registered
[    0.319275] acpiphp: Slot [14] registered
[    0.319662] acpiphp: Slot [15] registered
[    0.320046] acpiphp: Slot [16] registered
[    0.320508] acpiphp: Slot [17] registered
[    0.320971] acpiphp: Slot [18] registered
[    0.321370] acpiphp: Slot [19] registered
[    0.321754] acpiphp: Slot [20] registered
[    0.322151] acpiphp: Slot [21] registered
[    0.322612] acpiphp: Slot [22] registered
[    0.323070] acpiphp: Slot [23] registered
[    0.323270] acpiphp: Slot [24] registered
[    0.323736] acpiphp: Slot [25] registered
[    0.324204] acpiphp: Slot [26] registered
[    0.324660] acpiphp: Slot [27] registered
[    0.325121] acpiphp: Slot [28] registered
[    0.325577] acpiphp: Slot [29] registered
[    0.326036] acpiphp: Slot [30] registered
[    0.326491] acpiphp: Slot [31] registered
[    0.326950] PCI host bridge to bus 0000:00
[    0.327285] pci_bus 0000:00: root bus resource [io  0x0000-0x0cf7 window]
[    0.327987] pci_bus 0000:00: root bus resource [io  0x0d00-0xffff window]
[    0.328719] pci_bus 0000:00: root bus resource [mem 0x000a0000-0x000bffff window]
[    0.329515] pci_bus 0000:00: root bus resource [mem 0xc0000000-0xfebfffff window]
[    0.330312] pci_bus 0000:00: root bus resource [mem 0x640000000-0x6bfffffff window]
[    0.331120] pci_bus 0000:00: root bus resource [bus 00-ff]
[    0.331286] pci 0000:00:00.0: [8086:1237] type 00 class 0x060000
[    0.332381] pci 0000:00:01.0: [8086:7000] type 00 class 0x060100
[    0.333315] pci 0000:00:01.1: [8086:7010] type 00 class 0x010180
[    0.335406] pci 0000:00:01.1: reg 0x20: [io  0xc060-0xc06f]
[    0.336637] pci 0000:00:01.1: legacy IDE quirk: reg 0x10: [io  0x01f0-0x01f7]
[    0.337370] pci 0000:00:01.1: legacy IDE quirk: reg 0x14: [io  0x03f6]
[    0.338085] pci 0000:00:01.1: legacy IDE quirk: reg 0x18: [io  0x0170-0x0177]
[    0.338829] pci 0000:00:01.1: legacy IDE quirk: reg 0x1c: [io  0x0376]
[    0.339375] pci 0000:00:01.3: [8086:7113] type 00 class 0x068000
[    0.340258] pci 0000:00:01.3: quirk: [io  0x0600-0x063f] claimed by PIIX4 ACPI
[    0.341040] pci 0000:00:01.3: quirk: [io  0x0700-0x070f] claimed by PIIX4 SMB
[    0.342070] pci 0000:00:02.0: [1234:1111] type 00 class 0x030000
[    0.343543] pci 0000:00:02.0: reg 0x10: [mem 0xfd000000-0xfdffffff pref]
[    0.345744] pci 0000:00:02.0: reg 0x18: [mem 0xfebd2000-0xfebd2fff]
[    0.349162] pci 0000:00:02.0: reg 0x30: [mem 0xfebc0000-0xfebcffff pref]
[    0.350466] pci 0000:00:03.0: [1af4:1000] type 00 class 0x020000
[    0.351665] pci 0000:00:03.0: reg 0x10: [io  0xc040-0xc05f]
[    0.353020] pci 0000:00:03.0: reg 0x14: [mem 0xfebd3000-0xfebd3fff]
[    0.355664] pci 0000:00:03.0: reg 0x20: [mem 0xfe000000-0xfe003fff 64bit pref]
[    0.357692] pci 0000:00:03.0: reg 0x30: [mem 0xfeb80000-0xfebbffff pref]
[    0.359027] pci 0000:00:04.0: [1af4:1004] type 00 class 0x010000
[    0.360053] pci 0000:00:04.0: reg 0x10: [io  0xc000-0xc03f]
[    0.361376] pci 0000:00:04.0: reg 0x14: [mem 0xfebd4000-0xfebd4fff]
[    0.368023] pci 0000:00:04.0: reg 0x20: [mem 0xfe004000-0xfe007fff 64bit pref]
[    0.370540] pci 0000:00:05.0: [8086:5845] type 00 class 0x010802
[    0.371442] pci 0000:00:05.0: reg 0x10: [mem 0xfebd0000-0xfebd1fff 64bit]
[    0.373140] pci 0000:00:05.0: reg 0x20: [mem 0xfebd5000-0xfebd5fff]
[    0.379257] ACPI: PCI Interrupt Link [LNKA] (IRQs 5 *10 11)
[    0.379926] ACPI: PCI Interrupt Link [LNKB] (IRQs 5 *10 11)
[    0.380774] ACPI: PCI Interrupt Link [LNKC] (IRQs 5 10 *11)
[    0.381438] ACPI: PCI Interrupt Link [LNKD] (IRQs 5 10 *11)
[    0.382068] ACPI: PCI Interrupt Link [LNKS] (IRQs *9)
[    0.383366] iommu: Default domain type: Translated 
[    0.383894] pci 0000:00:02.0: vgaarb: setting as boot VGA device
[    0.384490] pci 0000:00:02.0: vgaarb: VGA device added: decodes=io+mem,owns=io+mem,locks=none
[    0.385308] pci 0000:00:02.0: vgaarb: bridge control possible
[    0.385308] vgaarb: loaded
[    0.385308] SCSI subsystem initialized
[    0.387291] ACPI: bus type USB registered
[    0.387716] usbcore: registered new interface driver usbfs
[    0.388258] usbcore: registered new interface driver hub
[    0.388873] usbcore: registered new device driver usb
[    0.391285] pps_core: LinuxPPS API ver. 1 registered
[    0.391830] pps_core: Software ver. 5.3.6 - Copyright 2005-2007 Rodolfo Giometti <giometti@linux.it>
[    0.392739] PTP clock support registered
[    0.395352] EDAC MC: Ver: 3.0.0
[    0.395828] NetLabel: Initializing
[    0.395828] NetLabel:  domain hash size = 128
[    0.396282] NetLabel:  protocols = UNLABELED CIPSOv4 CALIPSO
[    0.396282] NetLabel:  unlabeled traffic allowed by default
[    0.399256] PCI: Using ACPI for IRQ routing
[    0.399863] hpet0: at MMIO 0xfed00000, IRQs 2, 8, 0
[    0.400385] hpet0: 3 comparators, 64-bit 100.000000 MHz counter
[    0.407281] clocksource: Switched to clocksource kvm-clock
[    0.416180] VFS: Disk quotas dquot_6.6.0
[    0.416739] VFS: Dquot-cache hash table entries: 512 (order 0, 4096 bytes)
[    0.417687] AppArmor: AppArmor Filesystem Enabled
[    0.418327] pnp: PnP ACPI init
[    0.419050] pnp: PnP ACPI: found 6 devices
[    0.424718] clocksource: acpi_pm: mask: 0xffffff max_cycles: 0xffffff, max_idle_ns: 2085701024 ns
[    0.425621] NET: Registered protocol family 2
[    0.426479] tcp_listen_portaddr_hash hash table entries: 16384 (order: 6, 262144 bytes, linear)
[    0.427628] TCP established hash table entries: 262144 (order: 9, 2097152 bytes, linear)
[    0.428603] TCP bind hash table entries: 65536 (order: 8, 1048576 bytes, linear)
[    0.429577] TCP: Hash tables configured (established 262144 bind 65536)
[    0.430447] MPTCP token hash table entries: 32768 (order: 7, 786432 bytes, linear)
[    0.431320] UDP hash table entries: 16384 (order: 7, 524288 bytes, linear)
[    0.432094] UDP-Lite hash table entries: 16384 (order: 7, 524288 bytes, linear)
[    0.432991] NET: Registered protocol family 1
[    0.433496] NET: Registered protocol family 44
[    0.434006] pci_bus 0000:00: resource 4 [io  0x0000-0x0cf7 window]
[    0.434660] pci_bus 0000:00: resource 5 [io  0x0d00-0xffff window]
[    0.435317] pci_bus 0000:00: resource 6 [mem 0x000a0000-0x000bffff window]
[    0.436033] pci_bus 0000:00: resource 7 [mem 0xc0000000-0xfebfffff window]
[    0.436748] pci_bus 0000:00: resource 8 [mem 0x640000000-0x6bfffffff window]
[    0.437502] pci 0000:00:01.0: PIIX3: Enabling Passive Release
[    0.438118] pci 0000:00:00.0: Limiting direct PCI/PCI transfers
[    0.438741] pci 0000:00:01.0: Activating ISA DMA hang workarounds
[    0.439420] pci 0000:00:02.0: Video device with shadowed ROM at [mem 0x000c0000-0x000dffff]
[    0.440436] PCI: CLS 0 bytes, default 64
[    0.440917] Trying to unpack rootfs image as initramfs...
[    0.563371] Freeing initrd memory: 88996K
[    0.563959] PCI-DMA: Using software bounce buffering for IO (SWIOTLB)
[    0.564645] software IO TLB: mapped [mem 0x00000000bbfd5000-0x00000000bffd5000] (64MB)
[    0.565537] clocksource: tsc: mask: 0xffffffffffffffff max_cycles: 0x6d51e514936, max_idle_ns: 881590614020 ns
[    0.566615] check: Scanning for low memory corruption every 60 seconds
[    0.567663] Initialise system trusted keyrings
[    0.568177] Key type blacklist registered
[    0.568674] workingset: timestamp_bits=36 max_order=23 bucket_order=0
[    0.569932] zbud: loaded
[    0.570406] squashfs: version 4.0 (2009/01/31) Phillip Lougher
[    0.571123] fuse: init (API version 7.32)
[    0.571817] integrity: Platform Keyring initialized
[    0.577334] Key type asymmetric registered
[    0.577881] Asymmetric key parser 'x509' registered
[    0.578510] Block layer SCSI generic (bsg) driver version 0.4 loaded (major 243)
[    0.579563] io scheduler mq-deadline registered
[    0.580974] shpchp: Standard Hot Plug PCI Controller Driver version: 0.4
[    0.582020] input: Power Button as /devices/LNXSYSTM:00/LNXPWRBN:00/input/input0
[    0.583116] ACPI: Power Button [PWRF]
[    0.599994] PCI Interrupt Link [LNKC] enabled at IRQ 11
[    0.616786] PCI Interrupt Link [LNKD] enabled at IRQ 10
[    0.617973] Serial: 8250/16550 driver, 32 ports, IRQ sharing enabled
[    0.640468] 00:04: ttyS0 at I/O 0x3f8 (irq = 4, base_baud = 115200) is a 16550A
[    0.642632] Linux agpgart interface v0.103
[    0.645406] loop: module loaded
[    0.646315] scsi host0: ata_piix
[    0.646805] scsi host1: ata_piix
[    0.647199] ata1: PATA max MWDMA2 cmd 0x1f0 ctl 0x3f6 bmdma 0xc060 irq 14
[    0.647870] ata2: PATA max MWDMA2 cmd 0x170 ctl 0x376 bmdma 0xc068 irq 15
[    0.648611] libphy: Fixed MDIO Bus: probed
[    0.649131] tun: Universal TUN/TAP device driver, 1.6
[    0.649632] PPP generic driver version 2.4.2
[    0.650104] VFIO - User Level meta-driver version: 0.3
[    0.650658] ehci_hcd: USB 2.0 'Enhanced' Host Controller (EHCI) Driver
[    0.651264] ehci-pci: EHCI PCI platform driver
[    0.651758] ehci-platform: EHCI generic platform driver
[    0.652275] ohci_hcd: USB 1.1 'Open' Host Controller (OHCI) Driver
[    0.652817] ohci-pci: OHCI PCI platform driver
[    0.653223] ohci-platform: OHCI generic platform driver
[    0.653682] uhci_hcd: USB Universal Host Controller Interface driver
[    0.654248] i8042: PNP: PS/2 Controller [PNP0303:KBD,PNP0f13:MOU] at 0x60,0x64 irq 1,12
[    0.655410] serio: i8042 KBD port at 0x60,0x64 irq 1
[    0.655852] serio: i8042 AUX port at 0x60,0x64 irq 12
[    0.656370] mousedev: PS/2 mouse device common for all mice
[    0.656976] rtc_cmos 00:05: RTC can wake from S4
[    0.657647] input: AT Translated Set 2 keyboard as /devices/platform/i8042/serio0/input/input1
[    0.658518] rtc_cmos 00:05: registered as rtc0
[    0.659026] rtc_cmos 00:05: setting system clock to 2022-10-25T05:15:08 UTC (1666674908)
[    0.659829] rtc_cmos 00:05: alarms up to one day, y3k, 242 bytes nvram, hpet irqs
[    0.660566] i2c /dev entries driver
[    0.660992] device-mapper: uevent: version 1.0.3
[    0.661498] device-mapper: ioctl: 4.43.0-ioctl (2020-10-01) initialised: dm-devel@redhat.com
[    0.662234] platform eisa.0: Probing EISA bus 0
[    0.662662] platform eisa.0: EISA: Cannot allocate resource for mainboard
[    0.663230] platform eisa.0: Cannot allocate resource for EISA slot 1
[    0.663777] platform eisa.0: Cannot allocate resource for EISA slot 2
[    0.664336] platform eisa.0: Cannot allocate resource for EISA slot 3
[    0.664885] platform eisa.0: Cannot allocate resource for EISA slot 4
[    0.665431] platform eisa.0: Cannot allocate resource for EISA slot 5
[    0.665979] platform eisa.0: Cannot allocate resource for EISA slot 6
[    0.666563] platform eisa.0: Cannot allocate resource for EISA slot 7
[    0.667159] platform eisa.0: Cannot allocate resource for EISA slot 8
[    0.667758] platform eisa.0: EISA: Detected 0 cards
[    0.668235] intel_pstate: CPU model not supported
[    0.668945] ledtrig-cpu: registered to indicate activity on CPUs
[    0.669521] intel_pmc_core intel_pmc_core.0:  initialized
[    0.670074] drop_monitor: Initializing network drop monitor service
[    0.670695] NET: Registered protocol family 10
[    0.675589] Segment Routing with IPv6
[    0.675964] NET: Registered protocol family 17
[    0.676414] Key type dns_resolver registered
[    0.677468] IPI shorthand broadcast: enabled
[    0.677867] sched_clock: Marking stable (588759790, 88670513)->(679621413, -2191110)
[    0.678717] registered taskstats version 1
[    0.679156] Loading compiled-in X.509 certificates
[    0.680136] Loaded X.509 cert 'Build time autogenerated kernel key: 1638963207dd2a188f923d72cb8c969d633327a8'
[    0.681006] zswap: loaded using pool lzo/zbud
[    0.681620] Key type ._fscrypt registered
[    0.681994] Key type .fscrypt registered
[    0.682359] Key type fscrypt-provisioning registered
[    0.685033] Key type encrypted registered
[    0.685467] AppArmor: AppArmor sha1 policy hashing enabled
[    0.686222] ima: No TPM chip found, activating TPM-bypass!
[    0.687018] ima: Allocated hash algorithm: sha1
[    0.687698] ima: No architecture policies found
[    0.688362] evm: Initialising EVM extended attributes:
[    0.689110] evm: security.selinux
[    0.689627] evm: security.SMACK64
[    0.690151] evm: security.SMACK64EXEC
[    0.690704] evm: security.SMACK64TRANSMUTE
[    0.691323] evm: security.SMACK64MMAP
[    0.691889] evm: security.apparmor
[    0.692415] evm: security.ima
[    0.692907] evm: security.capability
[    0.693470] evm: HMAC attrs: 0x1
[    0.694662] PM:   Magic number: 10:152:265
[    0.695349] memory memory135: hash matches
[    0.696330] RAS: Correctable Errors collector initialized.
[    0.808270] Freeing unused decrypted memory: 2036K
[    0.809539] Freeing unused kernel image (initmem) memory: 2664K
[    0.810185] Write protecting the kernel read-only data: 22528k
[    0.811656] Freeing unused kernel image (text/rodata gap) memory: 2036K
[    0.812382] Freeing unused kernel image (rodata/data gap) memory: 808K
[    0.820860] x86/mm: Checked W+X mappings: passed, no W+X pages found.
[    0.821524] Run /init as init process
Loading, please wait...
Starting version 245.4-4ubuntu3.17
[    0.860505] Floppy drive(s): fd0 is 2.88M AMI BIOS
[    0.862869] piix4_smbus 0000:00:01.3: SMBus Host Controller at 0x700, revision 0
[    0.866104] input: VirtualPS/2 VMware VMMouse as /devices/platform/i8042/serio1/input/input4
[    0.867391] input: VirtualPS/2 VMware VMMouse as /devices/platform/i8042/serio1/input/input3
[    0.870889] cryptd: max_cpu_qlen set to 1000
[    0.871721] scsi host2: Virtio SCSI HBA
[    0.874188] scsi 2:0:0:0: Direct-Access     QEMU     QEMU HARDDISK    2.5+ PQ: 0 ANSI: 5
[    0.883133] AVX2 version of gcm_enc/dec engaged.
[    0.884078] AES CTR mode by8 optimization enabled
[    0.884400] nvme nvme0: pci function 0000:00:05.0
[    0.885906] FDC 0 is a S82078B
[    0.891219] virtio_net virtio0 ens3: renamed from eth0
[    0.895544] sd 2:0:0:0: Attached scsi generic sg0 type 0
[    0.895593] sd 2:0:0:0: Power-on or device reset occurred
[    0.895711] sd 2:0:0:0: [sda] 251658240 512-byte logical blocks: (129 GB/120 GiB)
[    0.895725] sd 2:0:0:0: [sda] Write Protect is off
[    0.895745] sd 2:0:0:0: [sda] Write cache: enabled, read cache: enabled, doesn't support DPO or FUA
[    0.898092]  sda: sda1 sda2 sda3
[    0.898527] sd 2:0:0:0: [sda] Attached SCSI disk
[    0.909148] PCI Interrupt Link [LNKA] enabled at IRQ 10
[FEMU] Dbg: disabling NVMe Controller ...
[FEMU] Err: Seq 1 nvme_process_db_admin femu.c:146
[FEMU] Err: Seq 2 nvme_process_sq_admin nvme-admin.c:1030
[FEMU] Err: Seq 3 nvme_admin_cmd nvme-admin.c:955
[FEMU] Dbg: admin cmd,identify
[FEMU] Err: Seq 1 nvme_process_db_admin femu.c:146
[FEMU] Err: Seq 1 nvme_process_db_admin femu.c:146
[FEMU] Err: Seq 2 nvme_process_sq_admin nvme-admin.c:1030
[FEMU] Err: Seq 3 nvme_admin_cmd nvme-admin.c:955
[FEMU] Dbg: admin cmd,get_log_page
[FEMU] Err: Seq 1 nvme_process_db_admin femu.c:146
[FEMU] Err: Seq 1 nvme_process_db_admin femu.c:146
[FEMU] Err: Seq 2 nvme_process_sq_admin nvme-admin.c:1030
[FEMU] Err: Seq 3 nvme_admin_cmd nvme-admin.c:955
[FEMU] Dbg: admin cmd,get_log_page
[FEMU] Err: Seq 1 nvme_process_db_admin femu.c:146
[FEMU] Err: Seq 1 nvme_process_db_admin femu.c:146
[FEMU] Err: Seq 2 nvme_process_sq_admin nvme-admin.c:1030
[FEMU] Err: Seq 3 nvme_admin_cmd nvme-admin.c:955
[FEMU] Dbg: admin cmd,set_feature
[FEMU] Err: Seq 1 nvme_process_db_admin femu.c:146
[FEMU] Err: Seq 1 nvme_process_db_admin femu.c:146
[FEMU] Err: Seq 2 nvme_process_sq_admin nvme-admin.c:1030
[FEMU] Err: Seq 3 nvme_admin_cmd nvme-admin.c:955
[FEMU] Dbg: admin cmd,create_cq
[FEMU] Dbg: nvme_add_kvm_msi_virq,cq[1]->virq=41
[FEMU] Err: Seq 1 nvme_process_db_admin femu.c:146
[FEMU] Err: Seq 1 nvme_process_db_admin femu.c:146
[FEMU] Err: Seq 2 nvme_process_sq_admin nvme-admin.c:1030
[FEMU] Err: Seq 3 nvme_admin_cmd nvme-admin.c:955
[FEMU] Dbg: admin cmd,create_sq
[FEMU] Err: NVMe sq priority 0 qflags 1 nvme-admin.c:129
[FEMU] Err: Seq 1 nvme_process_db_admin femu.c:146
[FEMU] Err: Seq 1 nvme_process_db_admin femu.c:146
[FEMU] Err: Seq 2 nvme_process_sq_admin nvme-admin.c:1030
[FEMU] Err: Seq 3 nvme_admin_cmd nvme-admin.c:955
[FEMU] Dbg: admin cmd,create_cq
[FEMU] Dbg: nvme_add_kvm_msi_virq,cq[2]->virq=42
[FEMU] Err: Seq 1 nvme_process_db_admin femu.c:146
[FEMU] Err: Seq 1 nvme_process_db_admin femu.c:146
[FEMU] Err: Seq 2 nvme_process_sq_admin nvme-admin.c:1030
[FEMU] Err: Seq 3 nvme_admin_cmd nvme-admin.c:955
[FEMU] Dbg: admin cmd,create_sq
[FEMU] Err: NVMe sq priority 0 qflags 1 nvme-admin.c:129
[FEMU] Err: Seq 1 nvme_process_db_admin femu.c:146
[FEMU] Err: Seq 1 nvme_process_db_admin femu.c:146
[FEMU] Err: Seq 2 nvme_process_sq_admin nvme-admin.c:1030
[FEMU] Err: Seq 3 nvme_admin_cmd nvme-admin.c:955
[FEMU] Dbg: admin cmd,create_cq
[FEMU] Dbg: nvme_add_kvm_msi_virq,cq[3]->virq=43
[FEMU] Err: Seq 1 nvme_process_db_admin femu.c:146
[FEMU] Err: Seq 1 nvme_process_db_admin femu.c:146
[FEMU] Err: Seq 2 nvme_process_sq_admin nvme-admin.c:1030
[FEMU] Err: Seq 3 nvme_admin_cmd nvme-admin.c:955
[FEMU] Dbg: admin cmd,create_sq
[FEMU] Err: NVMe sq priority 0 qflags 1 nvme-admin.c:129
[FEMU] Err: Seq 1 nvme_process_db_admin femu.c:146
[FEMU] Err: Seq 1 nvme_process_db_admin femu.c:146
[FEMU] Err: Seq 2 nvme_process_sq_admin nvme-admin.c:1030
[FEMU] Err: Seq 3 nvme_admin_cmd nvme-admin.c:955
[FEMU] Dbg: admin cmd,create_cq
[FEMU] Dbg: nvme_add_kvm_msi_virq,cq[4]->virq=44
[FEMU] Err: Seq 1 nvme_process_db_admin femu.c:146
[FEMU] Err: Seq 1 nvme_process_db_admin femu.c:146
[FEMU] Err: Seq 2 nvme_process_sq_admin nvme-admin.c:1030
[FEMU] Err: Seq 3 nvme_admin_cmd nvme-admin.c:955
[FEMU] Dbg: admin cmd,create_sq
[FEMU] Err: NVMe sq priority 0 qflags 1 nvme-admin.c:129
[FEMU] Err: Seq 1 nvme_process_db_admin femu.c:146
[FEMU] Err: Seq 1 nvme_process_db_admin femu.c:146
[FEMU] Err: Seq 2 nvme_process_sq_admin nvme-admin.c:1030
[FEMU] Err: Seq 3 nvme_admin_cmd nvme-admin.c:955
[FEMU] Dbg: admin cmd,create_cq
[FEMU] Dbg: nvme_add_kvm_msi_virq,cq[5]->virq=45
[FEMU] Err: Seq 1 nvme_process_db_admin femu.c:146
[FEMU] Err: Seq 1 nvme_process_db_admin femu.c:146
[FEMU] Err: Seq 2 nvme_process_sq_admin nvme-admin.c:1030
[FEMU] Err: Seq 3 nvme_admin_cmd nvme-admin.c:955
[FEMU] Dbg: admin cmd,create_sq
[FEMU] Err: NVMe sq priority 0 qflags 1 nvme-admin.c:129
[FEMU] Err: Seq 1 nvme_process_db_admin femu.c:146
[FEMU] Err: Seq 1 nvme_process_db_admin femu.c:146
[FEMU] Err: Seq 2 nvme_process_sq_admin nvme-admin.c:1030
[FEMU] Err: Seq 3 nvme_admin_cmd nvme-admin.c:955
[FEMU] Dbg: admin cmd,create_cq
[FEMU] Dbg: nvme_add_kvm_msi_virq,cq[6]->virq=46
[FEMU] Err: Seq 1 nvme_process_db_admin femu.c:146
[FEMU] Err: Seq 1 nvme_process_db_admin femu.c:146
[FEMU] Err: Seq 2 nvme_process_sq_admin nvme-admin.c:1030
[FEMU] Err: Seq 3 nvme_admin_cmd nvme-admin.c:955
[FEMU] Dbg: admin cmd,create_sq
[FEMU] Err: NVMe sq priority 0 qflags 1 nvme-admin.c:129
[FEMU] Err: Seq 1 nvme_process_db_admin femu.c:146
[    0.91[FEMU] Err: Seq 1 nvme_process_db_admin femu.c:146
[FEMU] Err: Seq 2 nvme_process_sq_admin nvme-admin.c:1030
[FEMU] Err: Seq 3 nvme_admin_cmd nvme-admin.c:955
[FEMU] Dbg: admin cmd,create_cq
[FEMU] Dbg: nvme_add_kvm_msi_virq,cq[7]->virq=47
[FEMU] Err: Seq 1 nvme_process_db_admin femu.c:146
2[FEMU] Err: Seq 1 nvme_process_db_admin femu.c:146
[FEMU] Err: Seq 2 nvme_process_sq_admin nvme-admin.c:1030
[FEMU] Err: Seq 3 nvme_admin_cmd nvme-admin.c:955
[FEMU] Dbg: admin cmd,create_sq
[FEMU] Err: NVMe sq priority 0 qflags 1 nvme-admin.c:129
3[FEMU] Err: Seq 1 nvme_process_db_admin femu.c:146
25] boch[FEMU] Err: Seq 1 nvme_process_db_admin femu.c:146
[FEMU] Err: Seq 2 nvme_process_sq_admin nvme-admin.c:1030
[FEMU] Err: Seq 3 nvme_admin_cmd nvme-admin.c:955
[FEMU] Dbg: admin cmd,create_cq
[FEMU] Dbg: nvme_add_kvm_msi_virq,cq[8]->virq=48
[FEMU] Err: Seq 1 nvme_process_db_admin femu.c:146
s-[FEMU] Err: Seq 1 nvme_process_db_admin femu.c:146
[FEMU] Err: Seq 2 nvme_process_sq_admin nvme-admin.c:1030
[FEMU] Err: Seq 3 nvme_admin_cmd nvme-admin.c:955
[FEMU] Dbg: admin cmd,create_sq
[FEMU] Err: NVMe sq priority 0 qflags 1 nvme-admin.c:129
[FEMU] Err: Seq 1 nvme_process_db_admin femu.c:146
drm 0000:00[FEMU] Err: Seq 1 nvme_process_db_admin femu.c:146
[FEMU] Err: Seq 2 nvme_process_sq_admin nvme-admin.c:1030
[FEMU] Err: Seq 3 nvme_admin_cmd nvme-admin.c:955
[FEMU] Dbg: admin cmd,create_cq
[FEMU] Dbg: nvme_add_kvm_msi_virq,cq[9]->virq=49
:[FEMU] Err: Seq 1 nvme_process_db_admin femu.c:146
02[FEMU] Err: Seq 1 nvme_process_db_admin femu.c:146
[FEMU] Err: Seq 2 nvme_process_sq_admin nvme-admin.c:1030
[FEMU] Err: Seq 3 nvme_admin_cmd nvme-admin.c:955
[FEMU] Dbg: admin cmd,create_sq
[FEMU] Err: NVMe sq priority 0 qflags 1 nvme-admin.c:129
[FEMU] Err: Seq 1 nvme_process_db_admin femu.c:146
.0: vgaarb:[FEMU] Err: Seq 1 nvme_process_db_admin femu.c:146
[FEMU] Err: Seq 2 nvme_process_sq_admin nvme-admin.c:1030
[FEMU] Err: Seq 3 nvme_admin_cmd nvme-admin.c:955
[FEMU] Dbg: admin cmd,create_cq
[FEMU] Dbg: nvme_add_kvm_msi_virq,cq[10]->virq=50
[FEMU] Err: Seq 1 nvme_process_db_admin femu.c:146
 d[FEMU] Err: Seq 1 nvme_process_db_admin femu.c:146
[FEMU] Err: Seq 2 nvme_process_sq_admin nvme-admin.c:1030
[FEMU] Err: Seq 3 nvme_admin_cmd nvme-admin.c:955
[FEMU] Dbg: admin cmd,create_sq
[FEMU] Err: NVMe sq priority 0 qflags 1 nvme-admin.c:129
[FEMU] Err: Seq 1 nvme_process_db_admin femu.c:146
eactivate [FEMU] Err: Seq 1 nvme_process_db_admin femu.c:146
[FEMU] Err: Seq 2 nvme_process_sq_admin nvme-admin.c:1030
[FEMU] Err: Seq 3 nvme_admin_cmd nvme-admin.c:955
[FEMU] Dbg: admin cmd,create_cq
[FEMU] Dbg: nvme_add_kvm_msi_virq,cq[11]->virq=51
v[FEMU] Err: Seq 1 nvme_process_db_admin femu.c:146
ga[FEMU] Err: Seq 1 nvme_process_db_admin femu.c:146
[FEMU] Err: Seq 2 nvme_process_sq_admin nvme-admin.c:1030
[FEMU] Err: Seq 3 nvme_admin_cmd nvme-admin.c:955
[FEMU] Dbg: admin cmd,create_sq
[FEMU] Err: NVMe sq priority 0 qflags 1 nvme-admin.c:129
 [FEMU] Err: Seq 1 nvme_process_db_admin femu.c:146
console[FEMU] Err: Seq 1 nvme_process_db_admin femu.c:146
[FEMU] Err: Seq 2 nvme_process_sq_admin nvme-admin.c:1030
[FEMU] Err: Seq 3 nvme_admin_cmd nvme-admin.c:955
[FEMU] Dbg: admin cmd,create_cq
[FEMU] Dbg: nvme_add_kvm_msi_virq,cq[12]->virq=52
[FEMU] Err: Seq 1 nvme_process_db_admin femu.c:146

[FEMU] Err: Seq 1 nvme_process_db_admin femu.c:146
[FEMU] Err: Seq 2 nvme_process_sq_admin nvme-admin.c:1030
[FEMU] Err: Seq 3 nvme_admin_cmd nvme-admin.c:955
[FEMU] Dbg: admin cmd,create_sq
[FEMU] Err: NVMe sq priority 0 qflags 1 nvme-admin.c:129
[FEMU] Err: Seq 1 nvme_process_db_admin femu.c:146
[FEMU] Err: Seq 1 nvme_process_db_admin femu.c:146
[FEMU] Err: Seq 2 nvme_process_sq_admin nvme-admin.c:1030
[FEMU] Err: Seq 3 nvme_admin_cmd nvme-admin.c:955
[FEMU] Dbg: admin cmd,create_cq
[FEMU] Dbg: nvme_add_kvm_msi_virq,cq[13]->virq=53
[FEMU] Err: Seq 1 nvme_process_db_admin femu.c:146
[FEMU] Err: Seq 1 nvme_process_db_admin femu.c:146
[FEMU] Err: Seq 2 nvme_process_sq_admin nvme-admin.c:1030
[FEMU] Err: Seq 3 nvme_admin_cmd nvme-admin.c:955
[FEMU] Dbg: admin cmd,create_sq
[FEMU] Err: NVMe sq priority 0 qflags 1 nvme-admin.c:129
[FEMU] Err: Seq 1 nvme_process_db_admin femu.c:146
[FEMU] Err: Seq 1 nvme_process_db_admin femu.c:146
[FEMU] Err: Seq 2 nvme_process_sq_admin nvme-admin.c:1030
[FEMU] Err: Seq 3 nvme_admin_cmd nvme-admin.c:955
[FEMU] Dbg: admin cmd,create_cq
[FEMU] Dbg: nvme_add_kvm_msi_virq,cq[14]->virq=54
[FEMU] Err: Seq 1 nvme_process_db_admin femu.c:146
[FEMU] Err: Seq 1 nvme_process_db_admin femu.c:146
[FEMU] Err: Seq 2 nvme_process_sq_admin nvme-admin.c:1030
[FEMU] Err: Seq 3 nvme_admin_cmd nvme-admin.c:955
[FEMU] Dbg: admin cmd,create_sq
[FEMU] Err: NVMe sq priority 0 qflags 1 nvme-admin.c:129
[FEMU] Err: Seq 1 nvme_process_db_admin femu.c:146
[FEMU] Err: Seq 1 nvme_process_db_admin femu.c:146
[FEMU] Err: Seq 2 nvme_process_sq_admin nvme-admin.c:1030
[FEMU] Err: Seq 3 nvme_admin_cmd nvme-admin.c:955
[FEMU] Dbg: admin cmd,create_cq
[FEMU] Dbg: nvme_add_kvm_msi_virq,cq[15]->virq=55
[FEMU] Err: Seq 1 nvme_process_db_admin femu.c:146
[FEMU] Err: Seq 1 nvme_process_db_admin femu.c:146
[FEMU] Err: Seq 2 nvme_process_sq_admin nvme-admin.c:1030
[FEMU] Err: Seq 3 nvme_admin_cmd nvme-admin.c:955
[FEMU] Dbg: admin cmd,create_sq
[FEMU] Err: NVMe sq priority 0 qflags 1 nvme-admin.c:129
[FEMU] Err: Seq 1 nvme_process_db_admin femu.c:146
[FEMU] Err: Seq 1 nvme_process_db_admin femu.c:146
[FEMU] Err: Seq 2 nvme_process_sq_admin nvme-admin.c:1030
[FEMU] Err: Seq 3 nvme_admin_cmd nvme-admin.c:955
[FEMU] Dbg: admin cmd,create_cq
[FEMU] Dbg: nvme_add_kvm_msi_virq,cq[16]->virq=56
[FEMU] Err: Seq 1 nvme_process_db_admin femu.c:146
[FEMU] Err: Seq 1 nvme_process_db_admin femu.c:146
[FEMU] Err: Seq 2 nvme_process_sq_admin nvme-admin.c:1030
[FEMU] Err: Seq 3 nvme_admin_cmd nvme-admin.c:955
[FEMU] Dbg: admin cmd,create_sq
[FEMU] Err: NVMe sq priority 0 qflags 1 nvme-admin.c:129
[FEMU] Err: Seq 1 nvme_process_db_admin femu.c:146
[FEMU] Err: Seq 1 nvme_process_db_admin femu.c:146
[FEMU] Err: Seq 2 nvme_process_sq_admin nvme-admin.c:1030
[FEMU] Err: Seq 3 nvme_admin_cmd nvme-admin.c:955
[FEMU] Dbg: admin cmd,set_db_memory
[FEMU] Dbg: DBBUF,sq[1]:db=4614295560,ei=4614299656
[FEMU] Dbg: DBBUF,cq[1]:db=4614295564,ei=4614299660
[FEMU] Dbg: DBBUF,sq[2]:db=4614295568,ei=4614299664
[FEMU] Dbg: DBBUF,cq[2]:db=4614295572,ei=4614299668
[FEMU] Dbg: DBBUF,sq[3]:db=4614295576,ei=4614299672
[FEMU] Dbg: DBBUF,cq[3]:db=4614295580,ei=4614299676
[FEMU] Dbg: DBBUF,sq[4]:db=4614295584,ei=4614299680
[FEMU] Dbg: DBBUF,cq[4]:db=4614295588,ei=4614299684
[FEMU] Dbg: DBBUF,sq[5]:db=4614295592,ei=4614299688
[FEMU] Dbg: DBBUF,cq[5]:db=4614295596,ei=4614299692
[FEMU] Dbg: DBBUF,sq[6]:db=4614295600,ei=4614299696
[FEMU] Dbg: DBBUF,cq[6]:db=4614295604,ei=4614299700
[FEMU] Dbg: DBBUF,sq[7]:db=4614295608,ei=4614299704
[FEMU] Dbg: DBBUF,cq[7]:db=4614295612,ei=4614299708
[FEMU] Dbg: DBBUF,sq[8]:db=4614295616,ei=4614299712
[FEMU] Dbg: DBBUF,cq[8]:db=4614295620,ei=4614299716
[FEMU] Dbg: DBBUF,sq[9]:db=4614295624,ei=4614299720
[FEMU] Dbg: DBBUF,cq[9]:db=4614295628,ei=4614299724
[FEMU] Dbg: DBBUF,sq[10]:db=4614295632,ei=4614299728
[FEMU] Dbg: DBBUF,cq[10]:db=4614295636,ei=4614299732
[FEMU] Dbg: DBBUF,sq[11]:db=4614295640,ei=4614299736
[FEMU] Dbg: DBBUF,cq[11]:db=4614295644,ei=4614299740
[FEMU] Dbg: DBBUF,sq[12]:db=4614295648,ei=4614299744
[FEMU] Dbg: DBBUF,cq[12]:db=4614295652,ei=4614299748
[FEMU] Dbg: DBBUF,sq[13]:db=4614295656,ei=4614299752
[FEMU] Dbg: DBBUF,cq[13]:db=4614295660,ei=4614299756
[FEMU] Dbg: DBBUF,sq[14]:db=4614295664,ei=4614299760
[FEMU] Dbg: DBBUF,cq[14]:db=4614295668,ei=4614299764
[FEMU] Dbg: DBBUF,sq[15]:db=4614295672,ei=4614299768
[FEMU] Dbg: DBBUF,cq[15]:db=4614295676,ei=4614299772
[FEMU] Dbg: DBBUF,sq[16]:db=4614295680,ei=4614299776
[FEMU] Dbg: DBBUF,cq[16]:db=4614295684,ei=4614299780
[FEMU] Dbg: nvme-poller [0] created ...
[FEMU] Dbg: nvme-poller [1] created ...
[FEMU] Dbg: nvme-poller [2] created ...
[FEMU] Dbg: nvme-poller [3] created ...
[FEMU] Dbg: nvme-poller [4] created ...
[FEMU] Dbg: nvme-poller [5] created ...
[FEMU] Dbg: nvme-poller [6] created ...
[FEMU] Dbg: nvme-poller [7] created ...
[FEMU] Dbg: nvme-poller [8] created ...
[FEMU] Dbg: nvme-poller [9] created ...
[FEMU] Dbg: nvme-poller [10] created ...
[FEMU] Dbg: nvme-poller [11] created ...
[FEMU] Dbg: nvme-poller [12] created ...
[FEMU] Dbg: nvme-poller [13] created ...
[FEMU] Dbg: nvme-poller [14] created ...
[FEMU] Dbg: nvme-poller [15] created ...
[FEMU] Dbg: nvme_set_db_memory returns SUCCESS!
[FEMU] Err: Seq 1 nvme_process_db_admin femu.c:146
[FEMU] Err: Seq 1 nvme_process_db_admin femu.c:146
[FEMU] Err: Seq 2 nvme_process_sq_admin nvme-admin.c:1030
[FEMU] Err: Seq 3 nvme_admin_cmd nvme-admin.c:955
[FEMU] Dbg: admin cmd,identify
[FEMU] Err: Seq 1 nvme_process_db_admin femu.c:146
[FEMU] Err: Seq 1 nvme_process_db_admin femu.c:146
[FEMU] Err: Seq 2 nvme_process_sq_admin nvme-admin.c:1030
[FEMU] Err: Seq 3 nvme_admin_cmd nvme-admin.c:955
[FEMU] Dbg: admin cmd,identify
[FEMU] Err: Seq 1 nvme_process_db_admin femu.c:146
[FEMU] Err: Seq 1 nvme_process_db_admin femu.c:146
[FEMU] Err: Seq 2 nvme_process_sq_admin nvme-admin.c:1030
[FEMU] Err: Seq 3 nvme_admin_cmd nvme-admin.c:955
[FEMU] Dbg: admin cmd,identify
[FEMU] Err: Seq 1 nvme_process_db_admin femu.c:146
[FEMU] Err: Seq 1 nvme_process_db_admin femu.c:146
[FEMU] Err: Seq 2 nvme_process_sq_admin nvme-admin.c:1030
[FEMU] Err: Seq 3 nvme_admin_cmd nvme-admin.c:955
[FEMU] Dbg: admin cmd,get_log_page
[FEMU] Err: Seq 1 nvme_process_db_admin femu.c:146
[FEMU] Err: Seq 1 nvme_process_db_admin femu.c:146
[FEMU] Err: Seq 2 nvme_process_sq_admin nvme-admin.c:1030
[FEMU] Err: Seq 3 nvme_admin_cmd nvme-admin.c:955
[FEMU] Dbg: admin cmd,identify
[FEMU] Err: Seq 1 nvme_process_db_admin femu.c:146
[FEMU] Err: Seq 1 nvme_process_db_admin femu.c:146
[FEMU] Err: Seq 2 nvme_process_sq_admin nvme-admin.c:1030
[FEMU] Err: Seq 3 nvme_admin_cmd nvme-admin.c:955
[FEMU] Dbg: admin cmd,identify
[FEMU] Err: Seq 1 nvme_process_db_admin femu.c:146
[    0.914287] nvme nvme0: 16/0/0 default/read/poll queues
[    0.920614] Console: switching to colour dummy device 80x25
[    0.921713] [drm] Found bochs VGA, ID 0xb0c5.
[    0.922095] [drm] Framebuffer size 16384 kB @ 0xfd000000, mmio @ 0xfebd2000.
[    0.922968] [TTM] Zone  kernel: Available graphics memory: 12312892 KiB
[    0.923620] [TTM] Zone   dma32: Available graphics memory: 2097152 KiB
[    0.924352] [TTM] Initializing pool allocator
[    0.924877] [TTM] Initializing DMA pool allocator
[    0.928526] [drm] Found EDID data blob.
[    0.928987] [drm] Initialized bochs-drm 1.0.0 20130925 for 0000:00:02.0 on minor 0
[    0.930548] fbcon: bochs-drmdrmfb (fb0) is primary device
[    0.932488] Console: switching to colour frame buffer device 160x50
[    0.935083] bochs-drm 0000:00:02.0: [drm] fb0: bochs-drmdrmfb frame buffer device
[    0.940663] nvme nvme0: [inho] conv to zidx 0
[    0.941174] nvme nvme0: [inho] conv to zidx 1
[    0.941675] nvme nvme0: [inho] conv to zidx 2
[    0.942174] nvme nvme0: [inho] conv to zidx 3
[    0.942677] nvme nvme0: [inho] conv to zidx 4
[    0.943176] nvme nvme0: [inho] conv to zidx 5
[    0.943679] nvme nvme0: [inho] conv to zidx 6
[    0.944144] nvme nvme0: [inho] conv to zidx 7
[    0.944910] nvme nvme0: [inho] conv to zidx 8
[    0.945416] nvme nvme0: [inho] conv to zidx 9
[    0.945917] nvme nvme0: [inho] conv to zidx a
[    0.946423] nvme nvme0: [inho] conv to zidx b
[    0.946927] nvme nvme0: [inho] conv to zidx c
[    0.947568] nvme nvme0: [inho] conv to zidx d
[    0.948073] nvme nvme0: [inho] conv to zidx e
[    0.948580] nvme nvme0: [inho] conv to zidx f
[    0.949083] nvme nvme0: [inho] conv to zidx 10
[    0.949602] nvme nvme0: [inho] conv to zidx 11
[    0.950114] nvme nvme0: [inho] conv to zidx 12
[    0.950628] nvme nvme0: [inho] conv to zidx 13
[    0.951144] nvme nvme0: [inho] conv to zidx 14
[    0.951663] nvme nvme0: [inho] conv to zidx 15
[    0.952181] nvme nvme0: [inho] conv to zidx 16
[    0.952992] nvme nvme0: [inho] conv to zidx 17
[    0.953774] nvme nvme0: [inho] conv to zidx 18
[    0.954551] nvme nvme0: [inho] conv to zidx 19
[    0.955332] nvme nvme0: [inho] conv to zidx 1a
[    0.956091] nvme nvme0: [inho] conv to zidx 1b
[    0.956846] nvme nvme0: [inho] conv to zidx 1c
[    0.957593] nvme nvme0: [inho] conv to zidx 1d
[    0.958331] nvme nvme0: [inho] conv to zidx 1e
[    0.959061] nvme nvme0: [inho] conv to zidx 1f
Begin: Loading essential drivers ... [    1.263276] raid6: avx2x4   gen() 18335 MB/s
[    1.335268] raid6: avx2x4   xor() 16380 MB/s
[    1.403269] raid6: avx2x2   gen() 36211 MB/s
[    1.471708] raid6: avx2x2   xor() 19632 MB/s
[    1.539292] raid6: avx2x1   gen() 29565 MB/s
[    1.607274] raid6: avx2x1   xor() 16785 MB/s
[    1.675287] raid6: sse2x4   gen() 16515 MB/s
[    1.743283] raid6: sse2x4   xor()  8938 MB/s
[    1.811272] raid6: sse2x2   gen() 16509 MB/s
[    1.879291] raid6: sse2x2   xor()  9854 MB/s
[    1.947283] raid6: sse2x1   gen() 14244 MB/s
[    2.019281] raid6: sse2x1   xor()  7948 MB/s
[    2.019822] raid6: using algorithm avx2x2 gen() 36211 MB/s
[    2.020422] raid6: .... xor() 19632 MB/s, rmw enabled
[    2.023674] raid6: using avx2x2 recovery algorithm
[    2.025278] xor: automatically using best checksumming function   avx       
[    2.027459] async_tx: api initialized (async)
done.
Begin: Running /scripts/init-premount ... done.
Begin: Mounting root file system ... Begin: Running /scripts/local-top ... done.
Begin: Running /scripts/local-premount ... [    2.166924] Btrfs loaded, crc32c=crc32c-intel
Scanning for Btrfs filesystems
[    2.259282] blk_update_request: I/O error, dev fd0, sector 0 op 0x0:(READ) flags 0x0 phys_seg 1 prio class 0
[    2.260218] floppy: error 10 while reading block 0
done.
Begin: Will now check root file system ... fsck from util-linux 2.34
[/usr/sbin/fsck.ext4 (1) -- /dev/mapper/ubuntu--vg-ubuntu--lv] fsck.ext4 -a -C0 /dev/mapper/ubuntu--vg-ubuntu--lv 
/dev/mapper/ubuntu--vg-ubuntu--lv: clean, 725967/7798784 files, 15251365/31194112 blocks
done.
[    2.304281] EXT4-fs (dm-0): mounted filesystem with ordered data mode. Opts: (null)
done.
Begin: Running /scripts/local-bottom ... done.
Begin: Running /scripts/init-bottom ... Internet Systems Consortium DHCP Client 4.4.1
Copyright 2004-2018 Internet Systems Consortium.
All rights reserved.
For info, please visit https://www.isc.org/software/dhcp/

Listening on LPF/ens3/52:54:00:12:34:56
Sending on   LPF/ens3/52:54:00:12:34:56
Sending on   Socket/fallback
DHCPDISCOVER on ens3 to 255.255.255.255 port 67 interval 3 (xid=0xb02bca4a)
DHCPOFFER of 10.0.2.15 from 10.0.2.2
DHCPREQUEST for 10.0.2.15 on ens3 to 255.255.255.255 port 67 (xid=0x4aca2bb0)
DHCPACK of 10.0.2.15 from 10.0.2.2 (xid=0xb02bca4a)
bound to 10.0.2.15 -- renewal in 35282 seconds.
done.
[    2.504573] systemd[1]: Inserted module 'autofs4'
[    2.515827] systemd[1]: systemd 245.4-4ubuntu3.17 running in system mode. (+PAM +AUDIT +SELINUX +IMA +APPARMOR +SMACK +SYSVINIT +UTMP +LIBCRYPTSETUP +GCRYPT +GNUTLS +ACL +XZ +LZ4 +SECCOMP +BLKID +ELFUTILS +KMOD +IDN2 -IDN +PCRE2 default-hierarchy=hybrid)
[    2.518027] systemd[1]: Detected virtualization kvm.
[    2.518678] systemd[1]: Detected architecture x86-64.

Welcome to [1mUbuntu 20.04.5 LTS[0m!

[    2.542280] systemd[1]: Set hostname to <inhoinnofemu>.
[    2.635280] blk_update_request: I/O error, dev fd0, sector 0 op 0x0:(READ) flags 0x0 phys_seg 1 prio class 0
[    2.636371] floppy: error 10 while reading block 0
[    2.743919] systemd[1]: Created slice system-modprobe.slice.
[[0;32m  OK  [0m] Created slice [0;1;39msystem-modprobe.slice[0m.
[    2.745773] systemd[1]: Created slice system-serial\x2dgetty.slice.
[[0;32m  OK  [0m] Created slice [0;1;39msystem-serial\x2dgetty.slice[0m.
[    2.747788] systemd[1]: Created slice system-systemd\x2dfsck.slice.
[[0;32m  OK  [0m] Created slice [0;1;39msystem-systemd\x2dfsck.slice[0m.
[    2.749764] systemd[1]: Created slice User and Session Slice.
[[0;32m  OK  [0m] Created slice [0;1;39mUser and Session Slice[0m.
[    2.751463] systemd[1]: Started Forward Password Requests to Wall Directory Watch.
[[0;32m  OK  [0m] Started [0;1;39mForward Password R…uests to Wall Directory Watch[0m.
[    2.753477] systemd[1]: Set up automount Arbitrary Executable File Formats File System Automount Point.
[[0;32m  OK  [0m] Set up automount [0;1;39mArbitrary…s File System Automount Point[0m.
[    2.755571] systemd[1]: Reached target User and Group Name Lookups.
[[0;32m  OK  [0m] Reached target [0;1;39mUser and Group Name Lookups[0m.
[    2.757377] systemd[1]: Reached target Slices.
[[0;32m  OK  [0m] Reached target [0;1;39mSlices[0m.
[    2.758935] systemd[1]: Listening on Device-mapper event daemon FIFOs.
[[0;32m  OK  [0m] Listening on [0;1;39mDevice-mapper event daemon FIFOs[0m.
[    2.760817] systemd[1]: Listening on LVM2 poll daemon socket.
[[0;32m  OK  [0m] Listening on [0;1;39mLVM2 poll daemon socket[0m.
[    2.762538] systemd[1]: Listening on multipathd control socket.
[[0;32m  OK  [0m] Listening on [0;1;39mmultipathd control socket[0m.
[    2.775590] systemd[1]: Listening on Syslog Socket.
[[0;32m  OK  [0m] Listening on [0;1;39mSyslog Socket[0m.
[    2.777330] systemd[1]: Listening on fsck to fsckd communication Socket.
[[0;32m  OK  [0m] Listening on [0;1;39mfsck to fsckd communication Socket[0m.
[    2.779220] systemd[1]: Listening on initctl Compatibility Named Pipe.
[[0;32m  OK  [0m] Listening on [0;1;39minitctl Compatibility Named Pipe[0m.
[    2.797325] systemd[1]: Listening on Journal Audit Socket.
[[0;32m  OK  [0m] Listening on [0;1;39mJournal Audit Socket[0m.
[    2.799186] systemd[1]: Listening on Journal Socket (/dev/log).
[[0;32m  OK  [0m] Listening on [0;1;39mJournal Socket (/dev/log)[0m.
[    2.801140] systemd[1]: Listening on Journal Socket.
[[0;32m  OK  [0m] Listening on [0;1;39mJournal Socket[0m.
[    2.802975] systemd[1]: Listening on Network Service Netlink Socket.
[[0;32m  OK  [0m] Listening on [0;1;39mNetwork Service Netlink Socket[0m.
[    2.804986] systemd[1]: Listening on udev Control Socket.
[[0;32m  OK  [0m] Listening on [0;1;39mudev Control Socket[0m.
[    2.806795] systemd[1]: Listening on udev Kernel Socket.
[[0;32m  OK  [0m] Listening on [0;1;39mudev Kernel Socket[0m.
[    2.812464] systemd[1]: Mounting Huge Pages File System...
         Mounting [0;1;39mHuge Pages File System[0m...
[    2.814769] systemd[1]: Mounting POSIX Message Queue File System...
         Mounting [0;1;39mPOSIX Message Queue File System[0m...
[    2.817157] systemd[1]: Mounting Kernel Debug File System...
         Mounting [0;1;39mKernel Debug File System[0m...
[    2.819398] systemd[1]: Mounting Kernel Trace File System...
         Mounting [0;1;39mKernel Trace File System[0m...
[    2.831417] systemd[1]: Starting Journal Service...
         Starting [0;1;39mJournal Service[0m...
[    2.840548] systemd[1]: Starting Set the console keyboard layout...
         Starting [0;1;39mSet the console keyboard layout[0m...
[    2.855846] systemd[1]: Starting Create list of static device nodes for the current kernel...
         Starting [0;1;39mCreate list of st…odes for the current kernel[0m...
[    2.862358] systemd[1]: Starting Monitoring of LVM2 mirrors, snapshots etc. using dmeventd or progress polling...
         Starting [0;1;39mMonitoring of LVM…meventd or progress polling[0m...
[    2.868023] systemd[1]: Condition check resulted in Load Kernel Module drm being skipped.
[    2.869444] systemd[1]: Condition check resulted in OpenVSwitch configuration for cleanup being skipped.
[    2.883313] systemd[1]: Condition check resulted in Set Up Additional Binary Formats being skipped.
[    2.888737] systemd[1]: Condition check resulted in File System Check on Root Device being skipped.
[    2.899454] systemd[1]: Starting Load Kernel Modules...
         Starting [0;1;39mLoad Kernel Modules[0m...
[    2.915016] systemd[1]: Starting Remount Root and Kernel File Systems...
[    2.915980] EXT4-fs (dm-0): re-mounted. Opts: (null)
         Starting [0;1;39mRemount Root and Kernel File Systems[0m...
[    2.941352] systemd[1]: Starting udev Coldplug all Devices...
         Starting [0;1;39mudev Coldplug all Devices[0m...
[    2.951547] systemd[1]: Starting Uncomplicated firewall...
         Starting [0;1;39mUncomplicated firewall[0m...
[    2.956514] systemd[1]: Mounted Huge Pages File System.
[[0;32m  OK  [0m] Mounted [0;1;39mHuge Pages File System[0m.
[    2.963984] systemd[1]: Mounted POSIX Message Queue File System.
[[0;32m  OK  [0m] Mounted [0;1;39mPOSIX Message Queue File System[0m.
[    2.966049] systemd[1]: Mounted Kernel Debug File System.
[[0;32m  OK  [0m] Mounted [0;1;39mKernel Debug File System[0m.
[    2.971825] systemd[1]: Mounted Kernel Trace File System.
[[0;32m  OK  [0m] Mounted [0;1;39mKernel Trace File System[0m.
[    2.982756] systemd[1]: Finished Set the console keyboard layout.
[[0;32m  OK  [0m] Finished [0;1;39mSet the console keyboard layout[0m.
[    2.985255] systemd[1]: Finished Create list of static device nodes for the current kernel.
[[0;32m  OK  [0m] Finished [0;1;39mCreate list of st… nodes for the current kernel[0m.
[    2.988049] systemd[1]: Finished Remount Root and Kernel File Systems.
[[0;32m  OK  [0m] Finished [0;1;39mRemount Root and Kernel File Systems[0m.
[    2.991097] systemd[1]: Finished Uncomplicated firewall.
[[0;32m  OK  [0m] Finished [0;1;39mUncomplicated firewall[0m.
[    3.002145] systemd[1]: Activating swap /swap.img...
         Activating swap [0;1;39m/swap.img[0m...
[    3.007484] systemd[1]: Condition check resulted in Rebuild Hardware Database being skipped.
[    3.016840] systemd[1]: Condition check resulted in Platform Persistent Storage Archival being skipped.
[    3.029436] systemd[1]: Starting Load/Save Random Seed...
         Starting [0;1;39mLoad/Save Random Seed[0m...
[    3.042050] systemd[1]: Starting Create System Users...
         Starting [0;1;39mCreate System Users[0m...
[    3.061599] systemd[1]: Finished udev Coldplug all Devices.
[[0;32m  OK  [0m] Finished [0;1;39mudev Coldplug all Devices[0m.
[    3.069643] systemd[1]: Finished Load/Save Random Seed.
[[0;32m  OK  [0m] Finished [0;1;39mLoad/Save Random Seed[0m.[    3.071298] Adding 4194300k swap on /swap.img.  Priority:-2 extents:6 across:4726780k FS

[    3.072779] systemd[1]: Activated swap /swap.img.
[[0;32m  OK  [0m] Activated swap [0;1;39m/swap.img[0m.
[    3.075274] bridge: filtering via arp/ip/ip6tables is no longer available by default. Update your scripts to load br_netfilter if you need this.
[    3.075396] systemd[1]: Reached target Swap.
[[0;32m  OK  [0m] Reached target [0;1;39mSwap[0m.
[    3.090909] Bridge firewalling registered
[    3.091043] systemd[1]: Starting udev Wait for Complete Device Initialization...
         Starting [0;1;39mudev Wait for Complete Device Initialization[0m...
[    3.094136] systemd[1]: Finished Monitoring of LVM2 mirrors, snapshots etc. using dmeventd or progress polling.
[[0;32m  OK  [0m] Finished [0;1;39mMonitoring of LVM… dmeventd or progress polling[0m.
[    3.097869] systemd[1]: Finished Create System Users.
[[0;32m  OK  [0m] Finished [0;1;39mCreate System Users[0m.
[    3.107582] systemd[1]: Starting Create Static Device Nodes in /dev...
         Starting [0;1;39mCreate Static Device Nodes in /dev[0m...
[    3.111813] systemd[1]: Finished Create Static Device Nodes in /dev.
[[0;32m  OK  [0m] Finished [0;1;39mCreate Static Device Nodes in /dev[0m.
[    3.124557] systemd[1]: Starting udev Kernel Device Manager...
         Starting [0;1;39mudev Kernel Device Manager[0m...
[    3.163980] systemd[1]: Started Journal Service.
[[0;32m  OK  [0m] Started [0;1;39mJournal Service[0m.
         Starting [0;1;39mFlush Journal to Persistent Storage[0m...
[    3.171638] systemd-journald[513]: Received client request to flush runtime journal.
[[0;32m  OK  [0m] Started [0;1;39mudev Kernel Device Manager[0m.
[[0;32m  OK  [0m] Started [0;1;39mDispatch Password …ts to Console Directory Watch[0m.
[[0;32m  OK  [0m] Reached target [0;1;39mLocal Encrypted Volumes[0m.
[    3.300717] IPVS: Registered protocols (TCP, UDP, SCTP, AH, ESP)
[    3.317061] IPVS: Connection hash table configured (size=4096, memory=64Kbytes)
[    3.330218] IPVS: ipvs loaded.
[[0;32m  OK  [0m] Found device [0;1;39m/dev/ttyS0[0m.
[[0;32m  OK  [0m] Finished [0;1;39mFlush Journal to Persistent Storage[0m.
[[0;32m  OK  [0m] Listening on [0;1;39mLoad/Save RF …itch Status /dev/rfkill Watch[0m.
[[0;32m  OK  [0m] Found device [0;1;39mQEMU_HARDDISK 2[0m.
[[0;32m  OK  [0m] Created slice [0;1;39msystem-lvm2\x2dpvscan.slice[0m.
         Starting [0;1;39mLVM event activation on device 8:3[0m...
[    3.615651] IPVS: [rr] scheduler registered.
[    3.620298] parport_pc 00:03: reported by Plug and Play ACPI
[    3.623353] parport0: PC-style at 0x378, irq 7 [PCSPP,TRISTATE]
[    3.646753] IPVS: [sh] scheduler registered.
[    3.653310] RAPL PMU: API unit is 2^-32 Joules, 0 fixed counters, 10737418240 ms ovfl timer
[    3.655064] IPVS: [wrr] scheduler registered.
[    3.655308] ppdev: user-space parallel port driver
[[0;32m  OK  [0m] Finished [0;1;39mLVM event activation on device 8:3[0m.
[[0;32m  OK  [0m] Finished [0;1;39mLoad Kernel Modules[0m.
         Mounting [0;1;39mFUSE Control File System[0m...
         Mounting [0;1;39mKernel Configuration File System[0m...
         Starting [0;1;39mApply Kernel Variables[0m...
[[0;32m  OK  [0m] Mounted [0;1;39mFUSE Control File System[0m.
[[0;32m  OK  [0m] Mounted [0;1;39mKernel Configuration File System[0m.
[[0;32m  OK  [0m] Finished [0;1;39mApply Kernel Variables[0m.
[[0;32m  OK  [0m] Finished [0;1;39mudev Wait for Complete Device Initialization[0m.
         Starting [0;1;39mDevice-Mapper Multipath Device Controller[0m...
[FEMU] Err: Seq 1 nvme_process_db_admin femu.c:146
[FEMU] Err: Seq 2 nvme_process_sq_admin nvme-admin.c:1030
[FEMU] Err: Seq 3 nvme_admin_cmd nvme-admin.c:955
[FEMU] Dbg: admin cmd,identify
[FEMU] Err: Seq 1 nvme_process_db_admin femu.c:146
[[0;32m  OK  [0m] Started [0;1;39mDevice-Mapper Multipath Device Controller[0m.
[[0;32m  OK  [0m] Reached target [0;1;39mLocal File Systems (Pre)[0m.
         Mounting [0;1;39mMount unit for core18, revision 2560[0m...
         Mounting [0;1;39mMount unit for core18, revision 2566[0m...
         Mounting [0;1;39mMount unit for core20, revision 1611[0m...
         Mounting [0;1;39mMount unit for core20, revision 1623[0m...
         Mounting [0;1;39mMount unit for docker, revision 1779[0m...
         Mounting [0;1;39mMount unit for docker, revision 2285[0m...
         Mounting [0;1;39mMount unit for lxd, revision 22526[0m...
         Mounting [0;1;39mMount unit for lxd, revision 22753[0m...
         Mounting [0;1;39mMount unit for microk8s, revision 3699[0m...
         Mounting [0;1;39mMount unit for microk8s, revision 4022[0m...
         Mounting [0;1;39mMount unit for snapd, revision 17029[0m...
         Mounting [0;1;39mMount unit for snapd, revision 17336[0m...
         Starting [0;1;39mFile System Check…e72d-4f51-ba47-71a8059660b3[0m...
[[0;32m  OK  [0m] Started [0;1;39mFile System Check Daemon to report status[0m.
[[0;32m  OK  [0m] Mounted [0;1;39mMount unit for core20, revision 1611[0m.
[[0;32m  OK  [0m] Mounted [0;1;39mMount unit for core20, revision 1623[0m.
[[0;32m  OK  [0m] Mounted [0;1;39mMount unit for core18, revision 2560[0m.
[[0;32m  OK  [0m] Mounted [0;1;39mMount unit for docker, revision 1779[0m.
[[0;32m  OK  [0m] Finished [0;1;39mFile System Check…e-e72d-4f51-ba47-71a8059660b3[0m.
         Mounting [0;1;39m/boot[0m...
[[0;32m  OK  [0m] Mounted [0;1;39m/boot[0m.
[[0;32m  OK  [0m] Mounted [0;1;39mMount unit for core18, revision 2566[0m.
[[0;32m  OK  [0m] Mounted [0;1;39mMount unit for lxd, revision 22526[0m.
[[0;32m  OK  [0m] Mounted [0;1;39mMount unit for docker, revision 2285[0m.
[[0;32m  OK  [0m] Mounted [0;1;39mMount unit for lxd, revision 22753[0m.
[[0;32m  OK  [0m] Mounted [0;1;39mMount unit for snapd, revision 17029[0m.
[[0;32m  OK  [0m] Mounted [0;1;39mMount unit for microk8s, revision 3699[0m.
[[0;32m  OK  [0m] Mounted [0;1;39mMount unit for microk8s, revision 4022[0m.
[[0;32m  OK  [0m] Mounted [0;1;39mMount unit for snapd, revision 17336[0m.
[[0;32m  OK  [0m] Reached target [0;1;39mLocal File Systems[0m.
         Starting [0;1;39mLoad AppArmor profiles[0m...
         Starting [0;1;39mSet console font and keymap[0m...
         Starting [0;1;39mCreate final runt…dir for shutdown pivot root[0m...
         Starting [0;1;39mTell Plymouth To Write Out Runtime Data[0m...
         Starting [0;1;39mCreate Volatile Files and Directories[0m...
[[0;32m  OK  [0m] Finished [0;1;39mSet console font and keymap[0m.
[[0;32m  OK  [0m] Finished [0;1;39mCreate final runt…e dir for shutdown pivot root[0m.
[[0;32m  OK  [0m] Finished [0;1;39mTell Plymouth To Write Out Runtime Data[0m.
[[0;32m  OK  [0m] Finished [0;1;39mCreate Volatile Files and Directories[0m.
         Starting [0;1;39mNetwork Time Synchronization[0m...
         Starting [0;1;39mUpdate UTMP about System Boot/Shutdown[0m...
[[0;32m  OK  [0m] Finished [0;1;39mLoad AppArmor profiles[0m.
         Starting [0;1;39mLoad AppArmor pro…managed internally by snapd[0m...
         Starting [0;1;39mInitial cloud-init job (pre-networking)[0m...
[[0;32m  OK  [0m] Finished [0;1;39mUpdate UTMP about System Boot/Shutdown[0m.
[[0;32m  OK  [0m] Finished [0;1;39mLoad AppArmor pro…s managed internally by snapd[0m.
[[0;32m  OK  [0m] Started [0;1;39mNetwork Time Synchronization[0m.
[[0;32m  OK  [0m] Reached target [0;1;39mSystem Time Set[0m.
[[0;32m  OK  [0m] Reached target [0;1;39mSystem Time Synchronized[0m.
[    5.874884] cloud-init[927]: Cloud-init v. 22.2-0ubuntu1~20.04.3 running 'init-local' at Tue, 25 Oct 2022 05:15:13 +0000. Up 5.49 seconds.
[[0;32m  OK  [0m] Finished [0;1;39mInitial cloud-init job (pre-networking)[0m.
[[0;32m  OK  [0m] Reached target [0;1;39mNetwork (Pre)[0m.
         Starting [0;1;39mNetwork Service[0m...
[[0;32m  OK  [0m] Started [0;1;39mNetwork Service[0m.
         Starting [0;1;39mWait for Network to be Configured[0m...
         Starting [0;1;39mNetwork Name Resolution[0m...
[[0;32m  OK  [0m] Finished [0;1;39mWait for Network to be Configured[0m.
         Starting [0;1;39mInitial cloud-ini… (metadata service crawler)[0m...
[[0;32m  OK  [0m] Started [0;1;39mNetwork Name Resolution[0m.
[[0;32m  OK  [0m] Reached target [0;1;39mHost and Network Name Lookups[0m.
[    6.666904] cloud-init[954]: Cloud-init v. 22.2-0ubuntu1~20.04.3 running 'init' at Tue, 25 Oct 2022 05:15:14 +0000. Up 6.43 seconds.
[    6.667852] cloud-init[954]: ci-info: ++++++++++++++++++++++++++++++++++++++Net device info++++++++++++++++++++++++++++++++++++++
[    6.669042] cloud-init[954]: ci-info: +--------+------+----------------------------+---------------+--------+-------------------+
[    6.670387] cloud-init[954]: ci-info: | Device |  Up  |          Address           |      Mask     | Scope  |     Hw-Address    |
[    6.671641] cloud-init[954]: ci-info: +--------+------+----------------------------+---------------+--------+-------------------+
[    6.672920] cloud-init[954]: ci-info: |  ens3  | True |         10.0.2.15          | 255.255.255.0 | global | 52:54:00:12:34:56 |
[    6.674194] cloud-init[954]: ci-info: |  ens3  | True | fec0::5054:ff:fe12:3456/64 |       .       |  site  | 52:54:00:12:34:56 |
[    6.675480] cloud-init[954]: ci-info: |  ens3  | True | fe80::5054:ff:fe12:3456/64 |       .       |  link  | 52:54:00:12:34:56 |
[    6.688367] cloud-init[954]: ci-info: |   lo   | True |         127.0.0.1          |   255.0.0.0   |  host  |         .         |
[    6.689656] cloud-init[954]: ci-info: |   lo   | True |          ::1/128           |       .       |  host  |         .         |
[    6.690981] cloud-init[954]: ci-info: +--------+------+----------------------------+---------------+--------+-------------------+
[    6.692222] cloud-init[954]: ci-info: ++++++++++++++++++++++++++++Route IPv4 info+++++++++++++++++++++++++++++
[    6.693375] cloud-init[954]: ci-info: +-------+-------------+----------+-----------------+-----------+-------+
[    6.694477] cloud-init[954]: ci-info: | Route | Destination | Gateway  |     Genmask     | Interface | Flags |
[    6.695664] cloud-init[954]: ci-info: +-------+-------------+----------+-----------------+-----------+-------+
[    6.696786] cloud-init[954]: ci-info: |   0   |   0.0.0.0   | 10.0.2.2 |     0.0.0.0     |    ens3   |   UG  |
[    6.697913] cloud-init[954]: ci-info: |   1   |   0.0.0.0   | 10.0.2.2 |     0.0.0.0     |    ens3   |   UG  |
[    6.699039] cloud-init[954]: ci-info: |   2   |   10.0.2.0  | 0.0.0.0  |  255.255.255.0  |    ens3   |   U   |
[    6.710907] cloud-init[954]: ci-info: |   3   |   10.0.2.2  | 0.0.0.0  | 255.255.255.255 |    ens3   |   UH  |
[    6.723418] cloud-init[954]: ci-info: +-------+-------------+----------+-----------------+-----------+-------+
[    6.736960] cloud-init[954]: ci-info: +++++++++++++++++++Route IPv6 info+++++++++++++++++++
[[0;32m  OK  [0m] Finished [0;1;39mInitial cloud-ini…ob (metadata service crawler)[0m.
[    6.746571] cloud-init[[0;32m  OK  [0m] Reached target [0;1;39mCloud-config availability[0m.
[[0;32m  OK  [0m] Reached target [0;1;39mSystem Initialization[0m.
[[0;32m  OK  [0m] Started [0;1;39mDaily apt download activities[0m.
[[0;32m  OK  [0m] Started [0;1;39mDaily apt upgrade and clean activities[0m.
[[0;32m  OK  [0m] Started [0;1;39mPeriodic ext4 Onli…ata Check for All Filesystems[0m.
[[0;32m  OK  [0m] Started [0;1;39mDiscard unused blocks once a week[0m.
[[0;32m  OK  [0m] Started [0;1;39mRefresh fwupd metadata regularly[0m.
[[0;32m  OK  [0m] Started [0;1;39mDaily rotation of log files[0m.
[[0;32m  OK  [0m] Started [0;1;39mDaily man-db regeneration[0m.
[[0;32m  OK  [0m] Started [0;1;39mMessage of the Day[0m.
[[0;32m  OK  [0m] Started [0;1;39mDaily Cleanup of Temporary Directories[0m.
[[0;32m  OK  [0m] Started [0;1;39mUbuntu Advantage Timer for running repeated jobs[0m.
[[0;32m  OK  [0m] Reached target [0;1;39mPaths[0m.
[[0;32m  OK  [0m] Reached target [0;1;39mTimers[0m.
[[0;32m  OK  [0m] Listening on [0;1;39mAvahi mDNS/DNS-SD Stack Activation Socket[0m.
[[0;32m  OK  [0m] Listening on [0;1;39mcloud-init hotplug hook socket[0m.
[[0;32m  OK  [0m] Listening on [0;1;39mD-Bus System Message Bus Socket[0m.
         Starting [0;1;39mDocker Socket for the API[0m.
[[0;32m  OK  [0m] Listening on [0;1;39mOpen-iSCSI iscsid Socket[0m.
[[0;32m  OK  [0m] Listening on [0;1;39mSocket unix for snap application lxd.daemon[0m.
         Starting [0;1;39mSocket activation for snappy daemon[0m.
[[0;32m  OK  [0m] Listening on [0;1;39mUUID daemon activation socket[0m.
[[0;32m  OK  [0m] Listening on [0;1;39mDocker Socket for the API[0m.
[[0;32m  OK  [0m] Listening on [0;1;39mSocket activation for snappy daemon[0m.
[[0;32m  OK  [0m] Reached target [0;1;39mSockets[0m.
[[0;32m  OK  [0m] Reached target [0;1;39mBasic System[0m.
         Starting [0;1;39mAccounts Service[0m...
         Starting [0;1;39mAvahi mDNS/DNS-SD Stack[0m...
[[0;32m  OK  [0m] Started [0;1;39mD-Bus System Message Bus[0m.
         Starting [0;1;39mNetwork Manager[0m...
[[0;32m  OK  [0m] Started [0;1;39mSave initial kernel messages after boot[0m.
         Starting [0;1;39mRemove Stale Onli…t4 Metadata Check Snapshots[0m...
         Starting [0;1;39mRecord successful boot for GRUB[0m...
[[0;32m  OK  [0m] Started [0;1;39mirqbalance daemon[0m.
         Starting [0;1;39mDispatcher daemon for systemd-networkd[0m...
         Starting [0;1;39mAuthorization Manager[0m...
[954]: ci-info: +-------+-------------+---------+-----------+-------+
         Starting [0;1;39mRestore /etc/reso… the ppp link was shut down[0m...
         Starting [0;1;39mSystem Logging Service[0m...
         Starting [0;1;39mSnap Daemon[0m...
         Starting [0;1;39mSwitcheroo Control Proxy service[0m...
[    6.877416] cloud-init[954]: ci-info: | Route | Destination | Gateway | Interface | Flags |
         Starting [0;1;39mResets System Activity Data Collector[0m...
[    6.885912] cloud-init[954]: ci-info: +-------+-------------+---------+-----------+-------+
[    6.887797] cloud-init[954]: ci-info: |   1   |  fe80::/64  |    ::   |    ens3   |   U   |
[    6.888772] cloud-init[954]: ci-info: |   2   |  fec0::/64  |    ::   |    ens3   |   Ue  |
[    6.889755] cloud-init[954]: ci-info: |   3   |     ::/0    | fe80::2 |    ens3   |  UGe  |
[    6.894804] cloud-init[954]: ci-info: |   5   |    local    |    ::   |    ens3   |   U   |
[    6.908883] cloud-init[954]: ci-info: |   6   |    local    |    ::   |    ens3   |   U   |         Starting [0;1;39mLogin Service[0m...
[    6.919686] cloud-init[954]: ci-info: |   7   |   ff00::/8  |    ::   |    ens3   |   U   |
[    6.919720] cloud-init[954]: ci-info: +-------+-------------+---------+-----------+-------+
[    6.919749] cloud-init[954]: 2022-10-25 05:15:14,594 - schema.py[WARNING]: Invalid cloud-config provided: Please run 'sudo cloud-init schema --system' to see the schema errors.

         Starting [0;1;39mDisk Manager[0m...
         Starting [0;1;39mWPA supplicant[0m...
[[0;32m  OK  [0m] Finished [0;1;39mRemove Stale Onli…ext4 Metadata Check Snapshots[0m.
[[0;32m  OK  [0m] Finished [0;1;39mRestore /etc/reso…re the ppp link was shut down[0m.
[[0;32m  OK  [0m] Finished [0;1;39mResets System Activity Data Collector[0m.
[[0;32m  OK  [0m] Started [0;1;39mSystem Logging Service[0m.
[[0;32m  OK  [0m] Finished [0;1;39mRecord successful boot for GRUB[0m.
[[0;32m  OK  [0m] Started [0;1;39mAccounts Service[0m.
[[0;32m  OK  [0m] Started [0;1;39mSwitcheroo Control Proxy service[0m.
[[0;32m  OK  [0m] Started [0;1;39mAuthorization Manager[0m.
[[0;32m  OK  [0m] Started [0;1;39mAvahi mDNS/DNS-SD Stack[0m.
[[0;32m  OK  [0m] Started [0;1;39mWPA supplicant[0m.
[[0;32m  OK  [0m] Started [0;1;39mNetwork Manager[0m.
[[0;32m  OK  [0m] Started [0;1;39mDispatcher daemon for systemd-networkd[0m.
[[0;32m  OK  [0m] Reached target [0;1;39mNetwork[0m.
         Starting [0;1;39mNetwork Manager Wait Online[0m...
         Starting [0;1;39mcontainerd container runtime[0m...
         Starting [0;1;39mGRUB failed boot detection[0m...
         Starting [0;1;39mModem Manager[0m...
[[0;32m  OK  [0m] Started [0;1;39mService for snap application docker.dockerd[0m.
         Starting [0;1;39mService for snap application lxd.activate[0m...
[[0;32m  OK  [0m] Started [0;1;39mService for snap a…rok8s.daemon-apiserver-kicker[0m.
[[0;32m  OK  [0m] Started [0;1;39mService for snap a…ion microk8s.daemon-apiserver[0m.
[[0;32m  OK  [0m] Started [0;1;39mService for snap a…microk8s.daemon-cluster-agent[0m.
         Starting [0;1;39mService for snap … microk8s.daemon-containerd[0m...
[[0;32m  OK  [0m] Started [0;1;39mService for snap a…s.daemon-control-plane-kicker[0m.
[[0;32m  OK  [0m] Started [0;1;39mService for snap a…k8s.daemon-controller-manager[0m.
[[0;32m  OK  [0m] Started [0;1;39mService for snap a…lication microk8s.daemon-etcd[0m.
[[0;32m  OK  [0m] Started [0;1;39mService for snap a…tion microk8s.daemon-flanneld[0m.
[[0;32m  OK  [0m] Started [0;1;39mService for snap a…on microk8s.daemon-k8s-dqlite[0m.
[[0;32m  OK  [0m] Started [0;1;39mService for snap a…ation microk8s.daemon-kubelet[0m.
[[0;32m  OK  [0m] Started [0;1;39mService for snap a…tion microk8s.daemon-kubelite[0m.
[[0;32m  OK  [0m] Started [0;1;39mService for snap a…ication microk8s.daemon-proxy[0m.
[[0;32m  OK  [0m] Started [0;1;39mService for snap a…ion microk8s.daemon-scheduler[0m.
[[0;32m  OK  [0m] Started [0;1;39mService for snap a…ation microk8s.daemon-traefik[0m.
         Starting [0;1;39mHostname Service[0m...
[[0;32m  OK  [0m] Started [0;1;39mDisk Manager[0m.
[[0;32m  OK  [0m] Started [0;1;39mLogin Service[0m.
[[0;32m  OK  [0m] Finished [0;1;39mGRUB failed boot detection[0m.
[[0;32m  OK  [0m] Started [0;1;39mModem Manager[0m.
[[0;32m  OK  [0m] Started [0;1;39mUnattended Upgrades Shutdown[0m.
[[0;32m  OK  [0m] Started [0;1;39mHostname Service[0m.
         Starting [0;1;39mNetwork Manager Script Dispatcher Service[0m...
[[0;32m  OK  [0m] Finished [0;1;39mNetwork Manager Wait Online[0m.
[[0;32m  OK  [0m] Started [0;1;39mNetwork Manager Script Dispatcher Service[0m.
[[0;32m  OK  [0m] Reached target [0;1;39mNetwork is Online[0m.
[[0;32m  OK  [0m] Reached target [0;1;39mRemote File Systems (Pre)[0m.
[[0;32m  OK  [0m] Reached target [0;1;39mRemote File Systems[0m.
         Starting [0;1;39mLSB: automatic crash report generation[0m...
         Starting [0;1;39mDeferred execution scheduler[0m...
         Starting [0;1;39mAvailability of block devices[0m...
[[0;32m  OK  [0m] Started [0;1;39mRegular background program processing daemon[0m.
         Starting [0;1;39mOpenBSD Secure Shell server[0m...
         Starting [0;1;39mPermit User Sessions[0m...
[[0;32m  OK  [0m] Started [0;1;39mDeferred execution scheduler[0m.
[[0;32m  OK  [0m] Finished [0;1;39mAvailability of block devices[0m.
[[0;32m  OK  [0m] Started [0;1;39mcontainerd container runtime[0m.
[[0;32m  OK  [0m] Finished [0;1;39mPermit User Sessions[0m.
         Starting [0;1;39mDocker Application Container Engine[0m...
         Starting [0;1;39mGNOME Display Manager[0m...
         Starting [0;1;39mHold until boot process finishes up[0m...
[[0;32m  OK  [0m] Started [0;1;39mOpenBSD Secure Shell server[0m.
[[0;32m  OK  [0m] Finished [0;1;39mHold until boot process finishes up[0m.
[[0;32m  OK  [0m] Started [0;1;39mSerial Getty on ttyS0[0m.
[[0;32m  OK  [0m] Reached target [0;1;39mLogin Prompts[0m.
         Starting [0;1;39mSet console scheme[0m...
[[0;32m  OK  [0m] Started [0;1;39mLSB: automatic crash report generation[0m.
[[0;32m  OK  [0m] Finished [0;1;39mSet console scheme[0m.
[[0;32m  OK  [0m] Created slice [0;1;39msystem-getty.slice[0m.
[[0;32m  OK  [0m] Started [0;1;39mGNOME Display Manager[0m.
[[0;32m  OK  [0m] Created slice [0;1;39mUser Slice of UID 0[0m.
         Starting [0;1;39mUser Runtime Directory /run/user/0[0m...
[[0;32m  OK  [0m] Finished [0;1;39mUser Runtime Directory /run/user/0[0m.
         Starting [0;1;39mUser Manager for UID 0[0m...
[[0;32m  OK  [0m] Started [0;1;39mUser Manager for UID 0[0m.
[[0;32m  OK  [0m] Started [0;1;39mSession 1 of user root[0m.
         Mounting [0;1;39mArbitrary Executable File Formats File System[0m...
[[0;32m  OK  [0m] Mounted [0;1;39mArbitrary Executable File Formats File System[0m.
[[0;32m  OK  [0m] Started [0;1;39mDocker Application Container Engine[0m.
         Starting [0;1;39mDaemon for power management[0m...
         Starting [0;1;39mLocation Lookup Service[0m...
         Starting [0;1;39mPackageKit Daemon[0m...
[[0;32m  OK  [0m] Started [0;1;39mPackageKit Daemon[0m.
[[0;32m  OK  [0m] Started [0;1;39mLocation Lookup Service[0m.
[[0;32m  OK  [0m] Started [0;1;39mDaemon for power management[0m.
         Starting [0;1;39mManage, Install and Generate Color Profiles[0m...
[[0;32m  OK  [0m] Started [0;1;39mManage, Install and Generate Color Profiles[0m.
         Starting [0;1;39mLocale Service[0m...

Ubuntu 20.04.5 LTS inhoinnofemu ttyS0

inhoinnofemu login: [   13.834560] overlayfs: missing 'lowerdir'
i[   14.488456] cloud-init[2473]: Cloud-init v. 22.2-0ubuntu1~20.04.3 running 'modules:config' at Tue, 25 Oct 2022 05:15:22 +0000. Up 14.30 seconds.
nhoinno
Password: 
[   17.485455] cloud-init[2549]: Cloud-init v. 22.2-0ubuntu1~20.04.3 running 'modules:final' at Tue, 25 Oct 2022 05:15:25 +0000. Up 17.27 seconds.
[   17.485577] cloud-init[2549]: Cloud-init v. 22.2-0ubuntu1~20.04.3 finished at Tue, 25 Oct 2022 05:15:25 +0000. Datasource DataSourceNone.  Up 17.47 seconds
[   17.485619] cloud-init[2549]: 2022-10-25 05:15:25,412 - cc_final_message.py[WARNING]: Used fallback datasource
Welcome to Ubuntu 20.04.5 LTS (GNU/Linux 5.10.2 x86_64)

 * Documentation:  https://help.ubuntu.com
 * Management:     https://landscape.canonical.com
 * Support:        https://ubuntu.com/advantage

  System information as of Tue 25 Oct 2022 05:15:25 AM UTC

  System load:              2.3
  Usage of /:               48.0% of 116.88GB
  Memory usage:             2%
  Swap usage:               0%
  Processes:                322
  Users logged in:          1
  IPv4 address for docker0: 172.17.0.1
  IPv4 address for ens3:    10.0.2.15
  IPv6 address for ens3:    fec0::5054:ff:fe12:3456

 * Super-optimized for small spaces - read how we shrank the memory
   footprint of MicroK8s to make it the smallest full K8s around.

   https://ubuntu.com/blog/microk8s-memory-optimisation

11 updates can be applied immediately.
To see these additional updates run: apt list --upgradable


The list of available updates is more than a week old.
To check for new updates run: sudo apt update
New release '22.04.1 LTS' available.
Run 'do-release-upgrade' to upgrade to it.


Last login: Tue Oct 25 04:53:04 UTC 2022 on ttyS0
root@inhoinnofemu:~# 