[FEMU] Err: zone_size_log2 : 17 (64MB : 2^26, 512B = 2^9)
[FEMU] Log: ===========================================
[FEMU] Log: |        ConfZNS HW Configuration()       |
[FEMU] Log: ===========================================
[FEMU] Log: | nchnl       : 8   | nway      : 1   |
[FEMU] Log: | nchnl/zone  : 1   | nway/zone : 1   |
[FEMU] Log: | die/chip    : 1   |           :       |
[FEMU] Log: | plane/die   : 4   |           :       |
[FEMU] Log: | block       :       |           :       |
[FEMU] Log: | page        : 16KiB|           :       |
[FEMU] Log: ===========================================
[FEMU] Err: zns.c:1820 znssd_init(): nplanes 32 spp->ways 1 spp->planes_per_die 4             spp->dies_per_chip 1              spp->nchnls 8 
 [FEMU] Err: [TEST] zns.c:1767 slba:0  ppa:0 plane:0 chidx:0 chnnl:0 
[FEMU] Err: [TEST] zns.c:1767 slba:16  ppa:0 plane:0 chidx:0 chnnl:0 
[FEMU] Err: [TEST] zns.c:1767 slba:32  ppa:1 plane:1 chidx:0 chnnl:0 
[FEMU] Err: [TEST] zns.c:1767 slba:48  ppa:1 plane:1 chidx:0 chnnl:0 
[FEMU] Err: [TEST] zns.c:1767 slba:64  ppa:2 plane:2 chidx:0 chnnl:0 
[FEMU] Err: [TEST] zns.c:1767 slba:80  ppa:2 plane:2 chidx:0 chnnl:0 
[FEMU] Err: [TEST] zns.c:1767 slba:96  ppa:3 plane:3 chidx:0 chnnl:0 
[FEMU] Err: [TEST] zns.c:1767 slba:112  ppa:3 plane:3 chidx:0 chnnl:0 
[FEMU] Err: [TEST] zns.c:1767 slba:128  ppa:32 plane:0 chidx:0 chnnl:0 
[FEMU] Err: [TEST] zns.c:1767 slba:144  ppa:32 plane:0 chidx:0 chnnl:0 
[FEMU] Err: [TEST] zns.c:1767 slba:160  ppa:33 plane:1 chidx:0 chnnl:0 
[FEMU] Err: [TEST] zns.c:1767 slba:176  ppa:33 plane:1 chidx:0 chnnl:0 
[FEMU] Err: [TEST] zns.c:1767 slba:192  ppa:34 plane:2 chidx:0 chnnl:0 
[FEMU] Err: [TEST] zns.c:1767 slba:208  ppa:34 plane:2 chidx:0 chnnl:0 
[FEMU] Err: [TEST] zns.c:1767 slba:224  ppa:35 plane:3 chidx:0 chnnl:0 
[FEMU] Err: [TEST] zns.c:1767 slba:240  ppa:35 plane:3 chidx:0 chnnl:0 
[FEMU] Err: [TEST] zns.c:1767 slba:256  ppa:64 plane:0 chidx:0 chnnl:0 
[FEMU] Err: [TEST] zns.c:1767 slba:272  ppa:64 plane:0 chidx:0 chnnl:0 
[FEMU] Err: [TEST] zns.c:1767 slba:288  ppa:65 plane:1 chidx:0 chnnl:0 
[FEMU] Err: [TEST] zns.c:1767 slba:304  ppa:65 plane:1 chidx:0 chnnl:0 
[FEMU] Err: [TEST] zns.c:1767 slba:320  ppa:66 plane:2 chidx:0 chnnl:0 
[FEMU] Err: [TEST] zns.c:1767 slba:336  ppa:66 plane:2 chidx:0 chnnl:0 
[FEMU] Err: [TEST] zns.c:1767 slba:352  ppa:67 plane:3 chidx:0 chnnl:0 
[FEMU] Err: [TEST] zns.c:1767 slba:368  ppa:67 plane:3 chidx:0 chnnl:0 
[FEMU] Err: [TEST] zns.c:1767 slba:384  ppa:96 plane:0 chidx:0 chnnl:0 
[FEMU] Err: [TEST] zns.c:1767 slba:400  ppa:96 plane:0 chidx:0 chnnl:0 
[FEMU] Err: [TEST] zns.c:1767 slba:416  ppa:97 plane:1 chidx:0 chnnl:0 
[FEMU] Err: [TEST] zns.c:1767 slba:432  ppa:97 plane:1 chidx:0 chnnl:0 
[FEMU] Err: [TEST] zns.c:1767 slba:448  ppa:98 plane:2 chidx:0 chnnl:0 
[FEMU] Err: [TEST] zns.c:1767 slba:464  ppa:98 plane:2 chidx:0 chnnl:0 
[FEMU] Err: [TEST] zns.c:1767 slba:480  ppa:99 plane:3 chidx:0 chnnl:0 
[FEMU] Err: [TEST] zns.c:1767 slba:496  ppa:99 plane:3 chidx:0 chnnl:0 
[FEMU] Err: [TEST] zns.c:1767 slba:512  ppa:128 plane:0 chidx:0 chnnl:0 
[FEMU] Err: [TEST] zns.c:1767 slba:528  ppa:128 plane:0 chidx:0 chnnl:0 
[FEMU] Err: [TEST] zns.c:1767 slba:544  ppa:129 plane:1 chidx:0 chnnl:0 
[FEMU] Err: [TEST] zns.c:1767 slba:560  ppa:129 plane:1 chidx:0 chnnl:0 
[FEMU] Err: [TEST] zns.c:1767 slba:576  ppa:130 plane:2 chidx:0 chnnl:0 
[FEMU] Err: [TEST] zns.c:1767 slba:592  ppa:130 plane:2 chidx:0 chnnl:0 
[FEMU] Err: [TEST] zns.c:1767 slba:608  ppa:131 plane:3 chidx:0 chnnl:0 
[FEMU] Err: [TEST] zns.c:1767 slba:624  ppa:131 plane:3 chidx:0 chnnl:0 
[FEMU] Err: [TEST] zns.c:1767 slba:640  ppa:160 plane:0 chidx:0 chnnl:0 
[FEMU] Err: [TEST] zns.c:1767 slba:656  ppa:160 plane:0 chidx:0 chnnl:0 
[FEMU] Err: [TEST] zns.c:1767 slba:672  ppa:161 plane:1 chidx:0 chnnl:0 
[FEMU] Err: [TEST] zns.c:1767 slba:688  ppa:161 plane:1 chidx:0 chnnl:0 
[FEMU] Err: [TEST] zns.c:1767 slba:704  ppa:162 plane:2 chidx:0 chnnl:0 
[FEMU] Err: [TEST] zns.c:1767 slba:720  ppa:162 plane:2 chidx:0 chnnl:0 
[FEMU] Err: [TEST] zns.c:1767 slba:736  ppa:163 plane:3 chidx:0 chnnl:0 
[FEMU] Err: [TEST] zns.c:1767 slba:752  ppa:163 plane:3 chidx:0 chnnl:0 
[FEMU] Err: [TEST] zns.c:1767 slba:768  ppa:192 plane:0 chidx:0 chnnl:0 
[FEMU] Err: [TEST] zns.c:1767 slba:784  ppa:192 plane:0 chidx:0 chnnl:0 
[FEMU] Err: [TEST] zns.c:1767 slba:800  ppa:193 plane:1 chidx:0 chnnl:0 
[FEMU] Err: [TEST] zns.c:1767 slba:816  ppa:193 plane:1 chidx:0 chnnl:0 
[FEMU] Err: [TEST] zns.c:1767 slba:832  ppa:194 plane:2 chidx:0 chnnl:0 
[FEMU] Err: [TEST] zns.c:1767 slba:848  ppa:194 plane:2 chidx:0 chnnl:0 
[FEMU] Err: [TEST] zns.c:1767 slba:864  ppa:195 plane:3 chidx:0 chnnl:0 
[FEMU] Err: [TEST] zns.c:1767 slba:880  ppa:195 plane:3 chidx:0 chnnl:0 
[FEMU] Err: [TEST] zns.c:1767 slba:896  ppa:224 plane:0 chidx:0 chnnl:0 
[FEMU] Err: [TEST] zns.c:1767 slba:912  ppa:224 plane:0 chidx:0 chnnl:0 
[FEMU] Err: [TEST] zns.c:1767 slba:928  ppa:225 plane:1 chidx:0 chnnl:0 
[FEMU] Err: [TEST] zns.c:1767 slba:944  ppa:225 plane:1 chidx:0 chnnl:0 
[FEMU] Err: [TEST] zns.c:1767 slba:960  ppa:226 plane:2 chidx:0 chnnl:0 
[FEMU] Err: [TEST] zns.c:1767 slba:976  ppa:226 plane:2 chidx:0 chnnl:0 
[FEMU] Err: [TEST] zns.c:1767 slba:992  ppa:227 plane:3 chidx:0 chnnl:0 
[FEMU] Err: [TEST] zns.c:1767 slba:1008  ppa:227 plane:3 chidx:0 chnnl:0 
[FEMU] Err: [TEST] zns.c:1767 slba:1024  ppa:256 plane:0 chidx:0 chnnl:0 
[FEMU] Err: [TEST] zns.c:1767 slba:1040  ppa:256 plane:0 chidx:0 chnnl:0 
[FEMU] Err: [TEST] zns.c:1767 slba:1056  ppa:257 plane:1 chidx:0 chnnl:0 
[FEMU] Err: [TEST] zns.c:1767 slba:1072  ppa:257 plane:1 chidx:0 chnnl:0 
[FEMU] Err: [TEST] zns.c:1767 slba:1088  ppa:258 plane:2 chidx:0 chnnl:0 
[FEMU] Err: [TEST] zns.c:1767 slba:1104  ppa:258 plane:2 chidx:0 chnnl:0 
[FEMU] Err: [TEST] zns.c:1767 slba:1120  ppa:259 plane:3 chidx:0 chnnl:0 
[FEMU] Err: [TEST] zns.c:1767 slba:1136  ppa:259 plane:3 chidx:0 chnnl:0 
[FEMU] Err: [TEST] zns.c:1767 slba:1152  ppa:288 plane:0 chidx:0 chnnl:0 
[FEMU] Err: [TEST] zns.c:1767 slba:1168  ppa:288 plane:0 chidx:0 chnnl:0 
[FEMU] Err: [TEST] zns.c:1767 slba:1184  ppa:289 plane:1 chidx:0 chnnl:0 
[FEMU] Err: [TEST] zns.c:1767 slba:1200  ppa:289 plane:1 chidx:0 chnnl:0 
[FEMU] Err: [TEST] zns.c:1767 slba:1216  ppa:290 plane:2 chidx:0 chnnl:0 
[FEMU] Err: [TEST] zns.c:1767 slba:1232  ppa:290 plane:2 chidx:0 chnnl:0 
[FEMU] Err: [TEST] zns.c:1767 slba:1248  ppa:291 plane:3 chidx:0 chnnl:0 
[FEMU] Err: [TEST] zns.c:1767 slba:1264  ppa:291 plane:3 chidx:0 chnnl:0 
[FEMU] Err: [TEST] zns.c:1767 slba:1280  ppa:320 plane:0 chidx:0 chnnl:0 
[FEMU] Err: [TEST] zns.c:1767 slba:1296  ppa:320 plane:0 chidx:0 chnnl:0 
[FEMU] Err: [TEST] zns.c:1767 slba:1312  ppa:321 plane:1 chidx:0 chnnl:0 
[FEMU] Err: [TEST] zns.c:1767 slba:1328  ppa:321 plane:1 chidx:0 chnnl:0 
[FEMU] Err: [TEST] zns.c:1767 slba:1344  ppa:322 plane:2 chidx:0 chnnl:0 
[FEMU] Err: [TEST] zns.c:1767 slba:1360  ppa:322 plane:2 chidx:0 chnnl:0 
[FEMU] Err: [TEST] zns.c:1767 slba:1376  ppa:323 plane:3 chidx:0 chnnl:0 
[FEMU] Err: [TEST] zns.c:1767 slba:1392  ppa:323 plane:3 chidx:0 chnnl:0 
[FEMU] Err: [TEST] zns.c:1767 slba:1408  ppa:352 plane:0 chidx:0 chnnl:0 
[FEMU] Err: [TEST] zns.c:1767 slba:1424  ppa:352 plane:0 chidx:0 chnnl:0 
[FEMU] Err: [TEST] zns.c:1767 slba:1440  ppa:353 plane:1 chidx:0 chnnl:0 
[FEMU] Err: [TEST] zns.c:1767 slba:1456  ppa:353 plane:1 chidx:0 chnnl:0 
[FEMU] Err: [TEST] zns.c:1767 slba:1472  ppa:354 plane:2 chidx:0 chnnl:0 
[FEMU] Err: [TEST] zns.c:1767 slba:1488  ppa:354 plane:2 chidx:0 chnnl:0 
[FEMU] Err: [TEST] zns.c:1767 slba:1504  ppa:355 plane:3 chidx:0 chnnl:0 
[FEMU] Err: [TEST] zns.c:1767 slba:1520  ppa:355 plane:3 chidx:0 chnnl:0 
[FEMU] Err: [TEST] zns.c:1767 slba:1536  ppa:384 plane:0 chidx:0 chnnl:0 
[FEMU] Err: [TEST] zns.c:1767 slba:1552  ppa:384 plane:0 chidx:0 chnnl:0 
[FEMU] Err: [TEST] zns.c:1767 slba:1568  ppa:385 plane:1 chidx:0 chnnl:0 
[FEMU] Err: [TEST] zns.c:1767 slba:1584  ppa:385 plane:1 chidx:0 chnnl:0 
c[?7l[2J[0mSeaBIOS (version rel-1.16.0-0-gd239552ce722-prebuilt.qemu.org[FEMU] Err: NVMe sq priority 0 qflags 1 nvme-admin.c:129
)


iPXE (http://ipxe.org) 00:03.0 CA00 PCI2.10 PnP PMM+BFF910C0+BFEF10C0 CA00
Press Ctrl-B to configure iPXE (PCI 00:03.0)...                                                                               


Booting from Hard Disk...
[H[J[1;1H[    0.000000][    T0] Linux version 5.10.2 (root@inhoinnofemu) (gcc (Ubuntu 9.4.0-1ubuntu1~20.04.1) 9.4.0, GNU ld (GNU Binutils for Ubuntu) 2.34) #11 SMP Sat May 6 16:10:44 UTC 2023
[    0.000000][    T0] Command line: BOOT_IMAGE=/vmlinuz-5.10.2 root=/dev/mapper/ubuntu--vg-ubuntu--lv ro ip=dhcp console=ttyS0, 38400 console=tty console=ttyS0 maybe-ubiquity
[    0.000000][    T0] KERNEL supported cpus:
[    0.000000][    T0]   Intel GenuineIntel
[    0.000000][    T0]   AMD AuthenticAMD
[    0.000000][    T0]   Hygon HygonGenuine
[    0.000000][    T0]   Centaur CentaurHauls
[    0.000000][    T0]   zhaoxin   Shanghai  
[    0.000000][    T0] x86/fpu: Supporting XSAVE feature 0x001: 'x87 floating point registers'
[    0.000000][    T0] x86/fpu: Supporting XSAVE feature 0x002: 'SSE registers'
[    0.000000][    T0] x86/fpu: Supporting XSAVE feature 0x004: 'AVX registers'
[    0.000000][    T0] x86/fpu: Supporting XSAVE feature 0x020: 'AVX-512 opmask'
[    0.000000][    T0] x86/fpu: Supporting XSAVE feature 0x040: 'AVX-512 Hi256'
[    0.000000][    T0] x86/fpu: Supporting XSAVE feature 0x080: 'AVX-512 ZMM_Hi256'
[    0.000000][    T0] x86/fpu: Supporting XSAVE feature 0x200: 'Protection Keys User registers'
[    0.000000][    T0] x86/fpu: xstate_offset[2]:  576, xstate_sizes[2]:  256
[    0.000000][    T0] x86/fpu: xstate_offset[5]:  832, xstate_sizes[5]:   64
[    0.000000][    T0] x86/fpu: xstate_offset[6]:  896, xstate_sizes[6]:  512
[    0.000000][    T0] x86/fpu: xstate_offset[7]: 1408, xstate_sizes[7]: 1024
[    0.000000][    T0] x86/fpu: xstate_offset[9]: 2432, xstate_sizes[9]:    8
[    0.000000][    T0] x86/fpu: Enabled xstate features 0x2e7, context size is 2440 bytes, using 'compacted' format.
[    0.000000][    T0] BIOS-provided physical RAM map:
[    0.000000][    T0] BIOS-e820: [mem 0x0000000000000000-0x000000000009fbff] usable
[    0.000000][    T0] BIOS-e820: [mem 0x000000000009fc00-0x000000000009ffff] reserved
[    0.000000][    T0] BIOS-e820: [mem 0x00000000000f0000-0x00000000000fffff] reserved
[    0.000000][    T0] BIOS-e820: [mem 0x0000000000100000-0x00000000bffd3fff] usable
[    0.000000][    T0] BIOS-e820: [mem 0x00000000bffd4000-0x00000000bfffffff] reserved
[    0.000000][    T0] BIOS-e820: [mem 0x00000000feffc000-0x00000000feffffff] reserved
[    0.000000][    T0] BIOS-e820: [mem 0x00000000fffc0000-0x00000000ffffffff] reserved
[    0.000000][    T0] BIOS-e820: [mem 0x0000000100000000-0x000000903fffffff] usable
[    0.000000][    T0] NX (Execute Disable) protection: active
[    0.000000][    T0] SMBIOS 2.8 present.
[    0.000000][    T0] DMI: QEMU Standard PC (i440FX + PIIX, 1996), BIOS rel-1.16.0-0-gd239552ce722-prebuilt.qemu.org 04/01/2014
[    0.000000][    T0] Hypervisor detected: KVM
[    0.000000][    T0] kvm-clock: Using msrs 4b564d01 and 4b564d00
[    0.000000][    T0] kvm-clock: cpu 0, msr 1db9801001, primary cpu clock
[    0.000000][    T0] kvm-clock: using sched offset of 6177649012 cycles
[    0.000006][    T0] clocksource: kvm-clock: mask: 0xffffffffffffffff max_cycles: 0x1cd42e4dffb, max_idle_ns: 881590591483 ns
[    0.000018][    T0] tsc: Detected 2399.998 MHz processor
[    0.001115][    T0] last_pfn = 0x9040000 max_arch_pfn = 0x10000000000
[    0.001245][    T0] x86/PAT: Configuration [0-7]: WB  WC  UC- UC  WB  WP  UC- WT  
[    0.001271][    T0] last_pfn = 0xbffd4 max_arch_pfn = 0x10000000000
[    0.007527][    T0] found SMP MP-table at [mem 0x000f5b90-0x000f5b9f]
[    0.007712][    T0] check: Scanning 1 areas for low memory corruption
[    0.007760][    T0] Using GB pages for direct mapping
[    0.008368][    T0] RAMDISK: [mem 0x2cb69000-0x325abfff]
[    0.008395][    T0] ACPI: Early table checksum verification disabled
[    0.008402][    T0] ACPI: RSDP 0x00000000000F5B50 000014 (v00 BOCHS )
[    0.008412][    T0] ACPI: RSDT 0x00000000BFFE1B33 000034 (v01 BOCHS  BXPC     00000001 BXPC 00000001)
[    0.008425][    T0] ACPI: FACP 0x00000000BFFE18EF 000074 (v01 BOCHS  BXPC     00000001 BXPC 00000001)
[    0.008438][    T0] ACPI: DSDT 0x00000000BFFDF700 0021EF (v01 BOCHS  BXPC     00000001 BXPC 00000001)
[    0.008448][    T0] ACPI: FACS 0x00000000BFFDF6C0 000040
[    0.008458][    T0] ACPI: APIC 0x00000000BFFE1963 000170 (v01 BOCHS  BXPC     00000001 BXPC 00000001)
[    0.008468][    T0] ACPI: HPET 0x00000000BFFE1AD3 000038 (v01 BOCHS  BXPC     00000001 BXPC 00000001)
[    0.008477][    T0] ACPI: WAET 0x00000000BFFE1B0B 000028 (v01 BOCHS  BXPC     00000001 BXPC 00000001)
[    0.008892][    T0] No NUMA configuration found
[    0.008897][    T0] Faking a node at [mem 0x0000000000000000-0x000000903fffffff]
[    0.008908][    T0] NODE_DATA(0) allocated [mem 0x903ffd5000-0x903fffffff]
[    0.011347][    T0] Zone ranges:
[    0.011352][    T0]   DMA      [mem 0x0000000000001000-0x0000000000ffffff]
[    0.011358][    T0]   DMA32    [mem 0x0000000001000000-0x00000000ffffffff]
[    0.011364][    T0]   Normal   [mem 0x0000000100000000-0x000000903fffffff]
[    0.011370][    T0]   Device   empty
[    0.011376][    T0] Movable zone start for each node
[    0.011383][    T0] Early memory node ranges
[    0.011387][    T0]   node   0: [mem 0x0000000000001000-0x000000000009efff]
[    0.011391][    T0]   node   0: [mem 0x0000000000100000-0x00000000bffd3fff]
[    0.011395][    T0]   node   0: [mem 0x0000000100000000-0x000000903fffffff]
[    0.012272][    T0] Zeroed struct page in unavailable ranges: 142 pages
[    0.012277][    T0] Initmem setup node 0 [mem 0x0000000000001000-0x000000903fffffff]
[    2.724671][    T0] ACPI: PM-Timer IO Port: 0x608
[    2.724704][    T0] ACPI: LAPIC_NMI (acpi_id[0xff] dfl dfl lint[0x1])
[    2.724769][    T0] IOAPIC[0]: apic_id 0, version 17, address 0xfec00000, GSI 0-23
[    2.724780][    T0] ACPI: INT_SRC_OVR (bus 0 bus_irq 0 global_irq 2 dfl dfl)
[    2.724784][    T0] ACPI: INT_SRC_OVR (bus 0 bus_irq 5 global_irq 5 high level)
[    2.724787][    T0] ACPI: INT_SRC_OVR (bus 0 bus_irq 9 global_irq 9 high level)
[    2.724790][    T0] ACPI: INT_SRC_OVR (bus 0 bus_irq 10 global_irq 10 high level)
[    2.724794][    T0] ACPI: INT_SRC_OVR (bus 0 bus_irq 11 global_irq 11 high level)
[    2.724808][    T0] Using ACPI (MADT) for SMP configuration information
[    2.724811][    T0] ACPI: HPET id: 0x8086a201 base: 0xfed00000
[    2.724819][    T0] TSC deadline timer available
[    2.724823][    T0] smpboot: Allowing 32 CPUs, 0 hotplug CPUs
[    2.724848][    T0] kvm-guest: KVM setup pv remote TLB flush
[    2.724867][    T0] kvm-guest: setup PV sched yield
[    2.724884][    T0] PM: hibernation: Registered nosave memory: [mem 0x00000000-0x00000fff]
[    2.724888][    T0] PM: hibernation: Registered nosave memory: [mem 0x0009f000-0x0009ffff]
[    2.724890][    T0] PM: hibernation: Registered nosave memory: [mem 0x000a0000-0x000effff]
[    2.724893][    T0] PM: hibernation: Registered nosave memory: [mem 0x000f0000-0x000fffff]
[    2.724896][    T0] PM: hibernation: Registered nosave memory: [mem 0xbffd4000-0xbfffffff]
[    2.724899][    T0] PM: hibernation: Registered nosave memory: [mem 0xc0000000-0xfeffbfff]
[    2.724902][    T0] PM: hibernation: Registered nosave memory: [mem 0xfeffc000-0xfeffffff]
[    2.724904][    T0] PM: hibernation: Registered nosave memory: [mem 0xff000000-0xfffbffff]
[    2.724907][    T0] PM: hibernation: Registered nosave memory: [mem 0xfffc0000-0xffffffff]
[    2.724913][    T0] [mem 0xc0000000-0xfeffbfff] available for PCI devices
[    2.724916][    T0] Booting paravirtualized kernel on KVM
[    2.724921][    T0] clocksource: refined-jiffies: mask: 0xffffffff max_cycles: 0xffffffff, max_idle_ns: 7645519600211568 ns
[    2.724936][    T0] setup_percpu: NR_CPUS:8192 nr_cpumask_bits:32 nr_cpu_ids:32 nr_node_ids:1
[    2.757404][    T0] percpu: Embedded 522 pages/cpu s2101248 r8192 d28672 u4194304
[    2.757556][    T0] kvm-guest: stealtime: cpu 0, msr 8df8000080
[    2.757564][    T0] kvm-guest: PV spinlocks enabled
[    2.757569][    T0] PV qspinlock hash table entries: 256 (order: 0, 4096 bytes, linear)
[    2.757595][    T0] Built 1 zonelists, mobility grouping on.  Total pages: 148635485
[    2.757598][    T0] Policy zone: Normal
[    2.757603][    T0] Kernel command line: BOOT_IMAGE=/vmlinuz-5.10.2 root=/dev/mapper/ubuntu--vg-ubuntu--lv ro ip=dhcp console=ttyS0, 38400 console=tty console=ttyS0 maybe-ubiquity
[    2.810242][    T0] Dentry cache hash table entries: 33554432 (order: 16, 268435456 bytes, linear)
[    2.837237][    T0] Inode-cache hash table entries: 16777216 (order: 15, 134217728 bytes, linear)
[    2.837660][    T0] mem auto-init: stack:off, heap alloc:on, heap free:off
[    3.893397][    T0] Memory: 593870564K/603979208K available (16393K kernel code, 4534K rwdata, 5540K rodata, 4488K init, 17428K bss, 10108440K reserved, 0K cma-reserved)
[    3.893424][    T0] random: get_random_u64 called from __kmem_cache_create+0x33/0x460 with crng_init=0
[    3.893591][    T0] SLUB: HWalign=64, Order=0-3, MinObjects=0, CPUs=32, Nodes=1
[    3.893627][    T0] ftrace: allocating 48100 entries in 188 pages
[    3.907371][    T0] ftrace: allocated 188 pages with 5 groups
[    3.908089][    T0] Running RCU self tests
[    3.908143][    T0] rcu: Hierarchical RCU implementation.
[    3.908146][    T0] rcu: 	RCU lockdep checking is enabled.
[    3.908149][    T0] rcu: 	RCU restricting CPUs from NR_CPUS=8192 to nr_cpu_ids=32.
[    3.908152][    T0] 	Rude variant of Tasks RCU enabled.
[    3.908155][    T0] 	Tracing variant of Tasks RCU enabled.
[    3.908158][    T0] rcu: RCU calculated value of scheduler-enlistment delay is 25 jiffies.
[    3.908161][    T0] rcu: Adjusting geometry for rcu_fanout_leaf=16, nr_cpu_ids=32
[    3.911607][    T0] NR_IRQS: 524544, nr_irqs: 680, preallocated irqs: 16
[    3.911907][    T0] random: crng done (trusting CPU's manufacturer)
[    3.924795][    T0] Console: colour VGA+ 80x25
[    3.963760][    T0] printk: console [tty0] enabled
[    4.044791][    T0] printk: console [ttyS0] enabled
[    4.045525][    T0] Lock dependency validator: Copyright (c) 2006 Red Hat, Inc., Ingo Molnar
[    4.046751][    T0] ... MAX_LOCKDEP_SUBCLASSES:  8
[    4.047467][    T0] ... MAX_LOCK_DEPTH:          48
[    4.048193][    T0] ... MAX_LOCKDEP_KEYS:        8192
[    4.048954][    T0] ... CLASSHASH_SIZE:          4096
[    4.049702][    T0] ... MAX_LOCKDEP_ENTRIES:     32768
[    4.050462][    T0] ... MAX_LOCKDEP_CHAINS:      65536
[    4.051216][    T0] ... CHAINHASH_SIZE:          32768
[    4.051980][    T0]  memory used by lock dependency info: 6877 kB
[    4.052865][    T0]  memory used for stack traces: 4224 kB
[    4.053685][    T0]  per task-struct memory footprint: 2688 bytes
[    4.054562][    T0] ------------------------
[    4.055212][    T0] | Locking API testsuite:
[    4.055862][    T0] ----------------------------------------------------------------------------
[    4.057138][    T0]                                  | spin |wlock |rlock |mutex | wsem | rsem |
[    4.058400][    T0]   --------------------------------------------------------------------------
[    4.059676][    T0]                      A-A deadlock:  ok  |  ok  |  ok  |  ok  |  ok  |  ok  |  ok  |
[    4.065817][    T0]                  A-B-B-A deadlock:  ok  |  ok  |  ok  |  ok  |  ok  |  ok  |  ok  |
[    4.069105][    T0]              A-B-B-C-C-A deadlock:  ok  |  ok  |  ok  |  ok  |  ok  |  ok  |  ok  |
[    4.072548][    T0]              A-B-C-A-B-C deadlock:  ok  |  ok  |  ok  |  ok  |  ok  |  ok  |  ok  |
[    4.076019][    T0]          A-B-B-C-C-D-D-A deadlock:  ok  |  ok  |  ok  |  ok  |  ok  |  ok  |  ok  |
[    4.079649][    T0]          A-B-C-D-B-D-D-A deadlock:  ok  |  ok  |  ok  |  ok  |  ok  |  ok  |  ok  |
[    4.083285][    T0]          A-B-C-D-B-C-D-A deadlock:  ok  |  ok  |  ok  |  ok  |  ok  |  ok  |  ok  |
[    4.086886][    T0]                     double unlock:  ok  |  ok  |  ok  |  ok  |  ok  |  ok  |  ok  |
[    4.090065][    T0]                   initialize held:  ok  |  ok  |  ok  |  ok  |  ok  |  ok  |  ok  |
[    4.093216][    T0]   --------------------------------------------------------------------------
[    4.094532][    T0]               recursive read-lock:             |  ok  |             |  ok  |
[    4.096426][    T0]            recursive read-lock #2:             |  ok  |             |  ok  |
[    4.098291][    T0]             mixed read-write-lock:             |  ok  |             |  ok  |
[    4.100163][    T0]             mixed write-read-lock:             |  ok  |             |  ok  |
[    4.102023][    T0]   mixed read-lock/lock-write ABBA:             |  ok  |             |  ok  |
[    4.102609][    T0]    mixed read-lock/lock-read ABBA:             |FAILED|             |  ok  |
[    4.104512][    T0]  mixed write-lock/lock-write ABBA:             |  ok  |             |  ok  |
[    4.107417][    T0]   chain cached mixed R-L/L-W ABBA:             |  ok  |
[    4.109029][    T0]          rlock W1R2/W2R3/W3R1/123:             |  ok  |
[    4.111409][    T0]          rlock W1R2/W2R3/W3R1/132:             |  ok  |
[    4.112763][    T0]          rlock W1R2/W2R3/W3R1/213:             |  ok  |
[    4.114128][    T0]          rlock W1R2/W2R3/W3R1/231:             |  ok  |
[    4.115487][    T0]          rlock W1R2/W2R3/W3R1/312:             |  ok  |
[    4.116852][    T0]          rlock W1R2/W2R3/W3R1/321:             |  ok  |
[    4.118220][    T0]          rlock W1W2/R2R3/W3R1/123:             |  ok  |
[    4.119581][    T0]          rlock W1W2/R2R3/W3R1/132:             |  ok  |
[    4.120939][    T0]          rlock W1W2/R2R3/W3R1/213:             |  ok  |
[    4.122292][    T0]          rlock W1W2/R2R3/W3R1/231:             |  ok  |
[    4.123629][    T0]          rlock W1W2/R2R3/W3R1/312:             |  ok  |
[    4.124958][    T0]          rlock W1W2/R2R3/W3R1/321:             |  ok  |
[    4.126268][    T0]          rlock W1W2/R2R3/R3W1/123:             |  ok  |
[    4.127569][    T0]          rlock W1W2/R2R3/R3W1/132:             |  ok  |
[    4.128880][    T0]          rlock W1W2/R2R3/R3W1/213:             |  ok  |
[    4.130196][    T0]          rlock W1W2/R2R3/R3W1/231:             |  ok  |
[    4.131504][    T0]          rlock W1W2/R2R3/R3W1/312:             |  ok  |
[    4.132810][    T0]          rlock W1W2/R2R3/R3W1/321:             |  ok  |
[    4.134127][    T0]          rlock W1R2/R2R3/W3W1/123:             |  ok  |
[    4.135441][    T0]          rlock W1R2/R2R3/W3W1/132:             |  ok  |
[    4.136752][    T0]          rlock W1R2/R2R3/W3W1/213:             |  ok  |
[    4.138079][    T0]          rlock W1R2/R2R3/W3W1/231:             |  ok  |
[    4.139400][    T0]          rlock W1R2/R2R3/W3W1/312:             |  ok  |
[    4.140724][    T0]          rlock W1R2/R2R3/W3W1/321:             |  ok  |
[    4.142043][    T0]   --------------------------------------------------------------------------
[    4.143305][    T0]      hard-irqs-on + irq-safe-A/12:  ok  |  ok  |  ok  |
[    4.145075][    T0]      soft-irqs-on + irq-safe-A/12:  ok  |  ok  |  ok  |
[    4.146862][    T0]      hard-irqs-on + irq-safe-A/21:  ok  |  ok  |  ok  |
[    4.148640][    T0]      soft-irqs-on + irq-safe-A/21:  ok  |  ok  |  ok  |
[    4.150424][    T0]        sirq-safe-A => hirqs-on/12:  ok  |  ok  |  ok  |
[    4.152205][    T0]        sirq-safe-A => hirqs-on/21:  ok  |  ok  |  ok  |
[    4.153992][    T0]          hard-safe-A + irqs-on/12:  ok  |  ok  |  ok  |
[    4.155765][    T0]          soft-safe-A + irqs-on/12:  ok  |  ok  |  ok  |
[    4.157548][    T0]          hard-safe-A + irqs-on/21:  ok  |  ok  |  ok  |
[    4.159335][    T0]          soft-safe-A + irqs-on/21:  ok  |  ok  |  ok  |
[    4.161132][    T0]     hard-safe-A + unsafe-B #1/123:  ok  |  ok  |  ok  |
[    4.162990][    T0]     soft-safe-A + unsafe-B #1/123:  ok  |  ok  |  ok  |
[    4.164846][    T0]     hard-safe-A + unsafe-B #1/132:  ok  |  ok  |  ok  |
[    4.166712][    T0]     soft-safe-A + unsafe-B #1/132:  ok  |  ok  |  ok  |
[    4.168586][    T0]     hard-safe-A + unsafe-B #1/213:  ok  |  ok  |  ok  |
[    4.170447][    T0]     soft-safe-A + unsafe-B #1/213:  ok  |  ok  |  ok  |
[    4.172303][    T0]     hard-safe-A + unsafe-B #1/231:  ok  |  ok  |  ok  |
[    4.174186][    T0]     soft-safe-A + unsafe-B #1/231:  ok  |  ok  |  ok  |
[    4.176052][    T0]     hard-safe-A + unsafe-B #1/312:  ok  |  ok  |  ok  |
[    4.177866][    T0]     soft-safe-A + unsafe-B #1/312:  ok  |  ok  |  ok  |
[    4.179675][    T0]     hard-safe-A + unsafe-B #1/321:  ok  |  ok  |  ok  |
[    4.181536][    T0]     soft-safe-A + unsafe-B #1/321:  ok  |  ok  |  ok  |
[    4.183392][    T0]     hard-safe-A + unsafe-B #2/123:  ok  |  ok  |  ok  |
[    4.185255][    T0]     soft-safe-A + unsafe-B #2/123:  ok  |  ok  |  ok  |
[    4.187120][    T0]     hard-safe-A + unsafe-B #2/132:  ok  |  ok  |  ok  |
[    4.188976][    T0]     soft-safe-A + unsafe-B #2/132:  ok  |  ok  |  ok  |
[    4.190825][    T0]     hard-safe-A + unsafe-B #2/213:  ok  |  ok  |  ok  |
[    4.192671][    T0]     soft-safe-A + unsafe-B #2/213:  ok  |  ok  |  ok  |
[    4.194537][    T0]     hard-safe-A + unsafe-B #2/231:  ok  |  ok  |  ok  |
[    4.196394][    T0]     soft-safe-A + unsafe-B #2/231:  ok  |  ok  |  ok  |
[    4.198258][    T0]     hard-safe-A + unsafe-B #2/312:  ok  |  ok  |  ok  |
[    4.200100][    T0]     soft-safe-A + unsafe-B #2/312:  ok  |  ok  |  ok  |
[    4.201950][    T0]     hard-safe-A + unsafe-B #2/321:  ok  |  ok  |  ok  |
[    4.203793][    T0]     soft-safe-A + unsafe-B #2/321:  ok  |  ok  |  ok  |
[    4.205652][    T0]       hard-irq lock-inversion/123:  ok  |  ok  |  ok  |
[    4.207514][    T0]       soft-irq lock-inversion/123:  ok  |  ok  |  ok  |
[    4.209376][    T0]       hard-irq lock-inversion/132:  ok  |  ok  |  ok  |
[    4.211230][    T0]       soft-irq lock-inversion/132:  ok  |  ok  |  ok  |
[    4.214022][    T0]       hard-irq lock-inversion/213:  ok  |  ok  |  ok  |
[    4.215918][    T0]       soft-irq lock-inversion/213:  ok  |  ok  |  ok  |
[    4.217773][    T0]       hard-irq lock-inversion/231:  ok  |  ok  |  ok  |
[    4.219631][    T0]       soft-irq lock-inversion/231:  ok  |  ok  |  ok  |
[    4.221504][    T0]       hard-irq lock-inversion/312:  ok  |  ok  |  ok  |
[    4.223359][    T0]       soft-irq lock-inversion/312:  ok  |  ok  |  ok  |
[    4.225215][    T0]       hard-irq lock-inversion/321:  ok  |  ok  |  ok  |
[    4.227065][    T0]       soft-irq lock-inversion/321:  ok  |  ok  |  ok  |
[    4.228918][    T0]       hard-irq read-recursion/123:      |  ok  |  ok  |
[    4.230476][    T0]       soft-irq read-recursion/123:      |  ok  |  ok  |
[    4.232036][    T0]       hard-irq read-recursion/132:      |  ok  |  ok  |
[    4.233607][    T0]       soft-irq read-recursion/132:      |  ok  |  ok  |
[    4.235182][    T0]       hard-irq read-recursion/213:      |  ok  |  ok  |
[    4.236733][    T0]       soft-irq read-recursion/213:      |  ok  |  ok  |
[    4.238282][    T0]       hard-irq read-recursion/231:      |  ok  |  ok  |
[    4.239819][    T0]       soft-irq read-recursion/231:      |  ok  |  ok  |
[    4.241378][    T0]       hard-irq read-recursion/312:      |  ok  |  ok  |
[    4.242951][    T0]       soft-irq read-recursion/312:      |  ok  |  ok  |
[    4.244528][    T0]       hard-irq read-recursion/321:      |  ok  |  ok  |
[    4.246105][    T0]       soft-irq read-recursion/321:      |  ok  |  ok  |
[    4.247683][    T0]    hard-irq read-recursion #2/123:      |  ok  |FAILED|
[    4.249257][    T0]    soft-irq read-recursion #2/123:      |  ok  |FAILED|
[    4.250838][    T0]    hard-irq read-recursion #2/132:      |  ok  |FAILED|
[    4.252413][    T0]    soft-irq read-recursion #2/132:      |  ok  |FAILED|
[    4.253979][    T0]    hard-irq read-recursion #2/213:      |  ok  |FAILED|
[    4.255554][    T0]    soft-irq read-recursion #2/213:      |  ok  |FAILED|
[    4.257124][    T0]    hard-irq read-recursion #2/231:      |  ok  |FAILED|
[    4.258688][    T0]    soft-irq read-recursion #2/231:      |  ok  |FAILED|
[    4.260264][    T0]    hard-irq read-recursion #2/312:      |  ok  |FAILED|
[    4.261834][    T0]    soft-irq read-recursion #2/312:      |  ok  |FAILED|
[    4.263395][    T0]    hard-irq read-recursion #2/321:      |  ok  |FAILED|
[    4.264967][    T0]    soft-irq read-recursion #2/321:      |  ok  |FAILED|
[    4.266537][    T0]    hard-irq read-recursion #3/123:      |  ok  |  ok  |
[    4.268107][    T0]    soft-irq read-recursion #3/123:      |  ok  |  ok  |
[    4.269695][    T0]    hard-irq read-recursion #3/132:      |  ok  |  ok  |
[    4.271265][    T0]    soft-irq read-recursion #3/132:      |  ok  |  ok  |
[    4.272842][    T0]    hard-irq read-recursion #3/213:      |  ok  |  ok  |
[    4.274423][    T0]    soft-irq read-recursion #3/213:      |  ok  |  ok  |
[    4.275982][    T0]    hard-irq read-recursion #3/231:      |  ok  |  ok  |
[    4.277557][    T0]    soft-irq read-recursion #3/231:      |  ok  |  ok  |
[    4.279121][    T0]    hard-irq read-recursion #3/312:      |  ok  |  ok  |
[    4.280692][    T0]    soft-irq read-recursion #3/312:      |  ok  |  ok  |
[    4.282259][    T0]    hard-irq read-recursion #3/321:      |  ok  |  ok  |
[    4.283812][    T0]    soft-irq read-recursion #3/321:      |  ok  |  ok  |
[    4.285394][    T0]   --------------------------------------------------------------------------
[    4.286672][    T0]   | Wound/wait tests |
[    4.287310][    T0]   ---------------------
[    4.287956][    T0]                   ww api failures:  ok  |  ok  |  ok  |
[    4.289802][    T0]                ww contexts mixing:  ok  |  ok  |
[    4.291269][    T0]              finishing ww context:  ok  |  ok  |  ok  |  ok  |
[    4.293486][    T0]                locking mismatches:  ok  |  ok  |  ok  |
[    4.295300][    T0]                  EDEADLK handling:  ok  |  ok  |  ok  |  ok  |  ok  |  ok  |  ok  |  ok  |  ok  |  ok  |
[    4.299707][    T0]            spinlock nest unlocked:  ok  |
[    4.300822][    T0]   -----------------------------------------------------
[    4.301829][    T0]                                  |block | try  |context|
[    4.302847][    T0]   -----------------------------------------------------
[    4.303850][    T0]                           context:  ok  |  ok  |  ok  |
[    4.305707][    T0]                               try:  ok  |  ok  |  ok  |
[    4.307516][    T0]                             block:  ok  |  ok  |  ok  |
[    4.309337][    T0]                          spinlock:  ok  |  ok  |  ok  |
[    4.311225][    T0]   --------------------------------------------------------------------------
[    4.312518][    T0]   | queued read lock tests |
[    4.313244][    T0]   ---------------------------
[    4.313963][    T0]       hardirq read-lock/lock-read:  ok  |
[    4.315104][    T0]       hardirq lock-read/read-lock:FAILED|
[    4.316238][    T0]                 hardirq inversion:  ok  |
[    4.317382][    T0] -----------------------------------------------------------------
[    4.318536][    T0] BUG:  14 unexpected failures (out of 350) - debugging disabled! |
[    4.319654][    T0] -----------------------------------------------------------------
[    4.320801][    T0] ACPI: Core revision 20200925
[    4.322569][    T0] clocksource: hpet: mask: 0xffffffff max_cycles: 0xffffffff, max_idle_ns: 19112604467 ns
[    4.324046][    T0] APIC: Switch to symmetric I/O mode setup
[    4.325168][    T0] x2apic enabled
[    4.325976][    T0] Switched APIC routing to physical x2apic.
[    4.326798][    T0] kvm-guest: setup PV IPIs
[    4.331703][    T0] ..TIMER: vector=0x30 apic1=0 pin1=2 apic2=-1 pin2=-1
[    4.332788][    T0] clocksource: tsc-early: mask: 0xffffffffffffffff max_cycles: 0x229835b7123, max_idle_ns: 440795242976 ns
[    4.334391][    T0] Calibrating delay loop (skipped) preset value.. 4799.99 BogoMIPS (lpj=9599992)
[    4.335705][    T0] pid_max: default: 32768 minimum: 301
[    4.338428][    T0] LSM: Security Framework initializing
[    4.339234][    T0] Yama: becoming mindful.
[    4.339917][    T0] AppArmor: AppArmor initialized
[    4.341602][    T0] Mount-cache hash table entries: 524288 (order: 10, 4194304 bytes, linear)
[    4.343266][    T0] Mountpoint-cache hash table entries: 524288 (order: 10, 4194304 bytes, linear)
[    4.345047][    T0] x86/cpu: User Mode Instruction Prevention (UMIP) activated
[    4.346507][    T0] Last level iTLB entries: 4KB 0, 2MB 0, 4MB 0
[    4.347407][    T0] Last level dTLB entries: 4KB 0, 2MB 0, 4MB 0, 1GB 0
[    4.348399][    T0] Spectre V1 : Mitigation: usercopy/swapgs barriers and __user pointer sanitization
[    4.350392][    T0] Spectre V2 : Mitigation: Enhanced IBRS
[    4.351156][    T0] Spectre V2 : Spectre v2 / SpectreRSB mitigation: Filling RSB on context switch
[    4.352362][    T0] Spectre V2 : mitigation: Enabling conditional Indirect Branch Prediction Barrier
[    4.353589][    T0] Speculative Store Bypass: Mitigation: Speculative Store Bypass disabled via prctl and seccomp
[    4.354744][    T0] Freeing SMP alternatives memory: 40K
[    4.356646][    T1] smpboot: CPU0: Intel(R) Xeon(R) Silver 4314 CPU @ 2.40GHz (family: 0x6, model: 0x6a, stepping: 0x6)
[    4.358232][    T1] Performance Events: Icelake events, Intel PMU driver.
[    4.358387][    T1] ... version:                2
[    4.358387][    T1] ... bit width:              48
[    4.358387][    T1] ... generic registers:      8
[    4.358391][    T1] ... value mask:             0000ffffffffffff
[    4.359191][    T1] ... max period:             000000007fffffff
[    4.360003][    T1] ... fixed-purpose events:   4
[    4.360658][    T1] ... event mask:             0000000f000000ff
[    4.361613][    T1] rcu: Hierarchical SRCU implementation.
[    4.363519][    T1] smp: Bringing up secondary CPUs ...
[    4.364385][    T1] x86: Booting SMP configuration:
[    4.365066][    T1] .... node  #0, CPUs:        #1
[    0.418558][    T0] kvm-clock: cpu 1, msr 1db9801041, secondary cpu clock
[    4.368111][   T15] kvm-guest: stealtime: cpu 1, msr 8df8400080
[    4.374602][    T1]   #2
[    0.418558][    T0] kvm-clock: cpu 2, msr 1db9801081, secondary cpu clock
[    4.376775][   T21] kvm-guest: stealtime: cpu 2, msr 8df8800080
[    4.382609][    T1]   #3
[    0.418558][    T0] kvm-clock: cpu 3, msr 1db98010c1, secondary cpu clock
[    4.384706][   T27] kvm-guest: stealtime: cpu 3, msr 8df8c00080
[    4.386609][    T1]   #4
[    0.418558][    T0] kvm-clock: cpu 4, msr 1db9801101, secondary cpu clock
[    4.391029][   T33] kvm-guest: stealtime: cpu 4, msr 8df9000080
[    4.393214][    T1]   #5
[    0.418558][    T0] kvm-clock: cpu 5, msr 1db9801141, secondary cpu clock
[    4.396347][   T39] kvm-guest: stealtime: cpu 5, msr 8df9400080
[    4.402638][    T1]   #6
[    0.418558][    T0] kvm-clock: cpu 6, msr 1db9801181, secondary cpu clock
[    4.404632][   T45] kvm-guest: stealtime: cpu 6, msr 8df9800080
[    4.410672][    T1]   #7
[    0.418558][    T0] kvm-clock: cpu 7, msr 1db98011c1, secondary cpu clock
[    4.412729][   T51] kvm-guest: stealtime: cpu 7, msr 8df9c00080
[    4.419128][    T1]   #8
[    0.418558][    T0] kvm-clock: cpu 8, msr 1db9801201, secondary cpu clock
[    4.420885][   T57] kvm-guest: stealtime: cpu 8, msr 8dfa000080
[    4.426671][    T1]   #9
[    0.418558][    T0] kvm-clock: cpu 9, msr 1db9801241, secondary cpu clock
[    4.428852][   T63] kvm-guest: stealtime: cpu 9, msr 8dfa400080
[    4.434606][    T1]  #10
[    0.418558][    T0] kvm-clock: cpu 10, msr 1db9801281, secondary cpu clock
[    4.436027][   T69] kvm-guest: stealtime: cpu 10, msr 8dfa800080
[    4.442766][    T1]  #11
[    0.418558][    T0] kvm-clock: cpu 11, msr 1db98012c1, secondary cpu clock
[    4.445032][   T75] kvm-guest: stealtime: cpu 11, msr 8dfac00080
[    4.450690][    T1]  #12
[    0.418558][    T0] kvm-clock: cpu 12, msr 1db9801301, secondary cpu clock
[    4.452759][   T81] kvm-guest: stealtime: cpu 12, msr 8dfb000080
[    4.458620][    T1]  #13
[    0.418558][    T0] kvm-clock: cpu 13, msr 1db9801341, secondary cpu clock
[    4.462525][   T87] kvm-guest: stealtime: cpu 13, msr 8dfb400080
[    4.466723][    T1]  #14
[    0.418558][    T0] kvm-clock: cpu 14, msr 1db9801381, secondary cpu clock
[    4.468808][   T93] kvm-guest: stealtime: cpu 14, msr 8dfb800080
[    4.474693][    T1]  #15
[    0.418558][    T0] kvm-clock: cpu 15, msr 1db98013c1, secondary cpu clock
[    4.476805][   T99] kvm-guest: stealtime: cpu 15, msr 8dfbc00080
[    4.483375][    T1]  #16
[    0.418558][    T0] kvm-clock: cpu 16, msr 1db9801401, secondary cpu clock
[    4.487317][  T105] kvm-guest: stealtime: cpu 16, msr 8dfc000080
[    4.490861][    T1]  #17
[    0.418558][    T0] kvm-clock: cpu 17, msr 1db9801441, secondary cpu clock
[    4.495568][  T111] kvm-guest: stealtime: cpu 17, msr 8dfc400080
[    4.498639][    T1]  #18
[    0.418558][    T0] kvm-clock: cpu 18, msr 1db9801481, secondary cpu clock
[    4.502914][  T117] kvm-guest: stealtime: cpu 18, msr 8dfc800080
[    4.506661][    T1]  #19
[    0.418558][    T0] kvm-clock: cpu 19, msr 1db98014c1, secondary cpu clock
[    4.511762][  T123] kvm-guest: stealtime: cpu 19, msr 8dfcc00080
[    4.518456][    T1]  #20
[    0.418558][    T0] kvm-clock: cpu 20, msr 1db9801501, secondary cpu clock
[    4.519970][  T129] kvm-guest: stealtime: cpu 20, msr 8dfd000080
[    4.522670][    T1]  #21
[    0.418558][    T0] kvm-clock: cpu 21, msr 1db9801541, secondary cpu clock
[    4.526443][  T135] kvm-guest: stealtime: cpu 21, msr 8dfd400080
[    4.530664][    T1]  #22
[    0.418558][    T0] kvm-clock: cpu 22, msr 1db9801581, secondary cpu clock
[    4.531901][  T141] kvm-guest: stealtime: cpu 22, msr 8dfd800080
[    4.535094][    T1]  #23
[    0.418558][    T0] kvm-clock: cpu 23, msr 1db98015c1, secondary cpu clock
[    4.539238][  T147] kvm-guest: stealtime: cpu 23, msr 8dfdc00080
[    4.542639][    T1]  #24
[    0.418558][    T0] kvm-clock: cpu 24, msr 1db9801601, secondary cpu clock
[    4.548100][  T153] kvm-guest: stealtime: cpu 24, msr 8dfe000080
[    4.554658][    T1]  #25
[    0.418558][    T0] kvm-clock: cpu 25, msr 1db9801641, secondary cpu clock
[    4.556732][  T159] kvm-guest: stealtime: cpu 25, msr 8dfe400080
[    4.562839][    T1]  #26
[    0.418558][    T0] kvm-clock: cpu 26, msr 1db9801681, secondary cpu clock
[    4.564706][  T165] kvm-guest: stealtime: cpu 26, msr 8dfe800080
[    4.570823][    T1]  #27
[    0.418558][    T0] kvm-clock: cpu 27, msr 1db98016c1, secondary cpu clock
[    4.572791][  T171] kvm-guest: stealtime: cpu 27, msr 8dfec00080
[    4.578609][    T1]  #28
[    0.418558][    T0] kvm-clock: cpu 28, msr 1db9801701, secondary cpu clock
[    4.580790][  T177] kvm-guest: stealtime: cpu 28, msr 8dff000080
[    4.586595][    T1]  #29
[    0.418558][    T0] kvm-clock: cpu 29, msr 1db9801741, secondary cpu clock
[    4.588185][  T183] kvm-guest: stealtime: cpu 29, msr 8dff400080
[    4.594729][    T1]  #30
[    0.418558][    T0] kvm-clock: cpu 30, msr 1db9801781, secondary cpu clock
[    4.596663][  T189] kvm-guest: stealtime: cpu 30, msr 8dff800080
[    4.603092][    T1]  #31
[    0.418558][    T0] kvm-clock: cpu 31, msr 1db98017c1, secondary cpu clock
[    4.605261][  T195] kvm-guest: stealtime: cpu 31, msr 8dffc00080
[    4.611138][    T1] smp: Brought up 1 node, 32 CPUs
[    4.614402][    T1] smpboot: Max logical packages: 1
[    4.615789][    T1] smpboot: Total of 32 processors activated (153599.87 BogoMIPS)
[    4.644314][    T1] devtmpfs: initialized
[    4.644314][    T1] x86/mm: Memory block size: 1024MB
[    4.658562][    T1] clocksource: jiffies: mask: 0xffffffff max_cycles: 0xffffffff, max_idle_ns: 7645041785100000 ns
[    4.660709][    T1] futex hash table entries: 8192 (order: 8, 1048576 bytes, linear)
[    4.663055][    T1] pinctrl core: initialized pinctrl subsystem
[    4.664358][    T1] PM: RTC time: 05:54:53, date: 2023-05-10
[    4.666209][    T1] NET: Registered protocol family 16
[    4.667870][    T1] DMA: preallocated 4096 KiB GFP_KERNEL pool for atomic allocations
[    4.670213][    T1] DMA: preallocated 4096 KiB GFP_KERNEL|GFP_DMA pool for atomic allocations
[    4.671308][    T1] DMA: preallocated 4096 KiB GFP_KERNEL|GFP_DMA32 pool for atomic allocations
[    4.672985][    T1] audit: initializing netlink subsys (disabled)
[    4.674436][  T206] audit: type=2000 audit(1683698093.221:1): state=initialized audit_enabled=0 res=1
[    4.678143][    T1] thermal_sys: Registered thermal governor 'fair_share'
[    4.678144][    T1] thermal_sys: Registered thermal governor 'bang_bang'
[    4.678394][    T1] thermal_sys: Registered thermal governor 'step_wise'
[    4.679665][    T1] thermal_sys: Registered thermal governor 'user_space'
[    4.680858][    T1] thermal_sys: Registered thermal governor 'power_allocator'
[    4.682413][    T1] EISA bus registered
[    4.683186][    T1] cpuidle: using governor ladder
[    4.684097][    T1] cpuidle: using governor menu
[    4.685671][    T1] ACPI: bus type PCI registered
[    4.686394][    T1] acpiphp: ACPI Hot Plug PCI Controller Driver version: 0.5
[    4.687855][    T1] PCI: Using configuration type 1 for base access
[    4.694776][    T1] HugeTLB registered 1.00 GiB page size, pre-allocated 0 pages
[    4.695988][    T1] HugeTLB registered 2.00 MiB page size, pre-allocated 0 pages
[    4.719937][    T1] ACPI: Added _OSI(Module Device)
[    4.722413][    T1] ACPI: Added _OSI(Processor Device)
[    4.723619][    T1] ACPI: Added _OSI(3.0 _SCP Extensions)
[    4.724868][    T1] ACPI: Added _OSI(Processor Aggregator Device)
[    4.726229][    T1] ACPI: Added _OSI(Linux-Dell-Video)
[    4.726441][    T1] ACPI: Added _OSI(Linux-Lenovo-NV-HDMI-Audio)
[    4.727778][    T1] ACPI: Added _OSI(Linux-HPI-Hybrid-Graphics)
[    4.731528][    T1] ACPI: 1 ACPI AML tables successfully acquired and loaded
[    4.735068][    T1] ACPI: Interpreter enabled
[    4.736070][    T1] ACPI: (supports S0 S3 S4 S5)
[    4.737026][    T1] ACPI: Using IOAPIC for interrupt routing
[    4.738269][    T1] PCI: Using host bridge windows from ACPI; if necessary, use "pci=nocrs" and report a bug
[    4.742640][    T1] ACPI: Enabled 2 GPEs in block 00 to 0F
[    4.750618][    T1] ACPI: PCI Root Bridge [PCI0] (domain 0000 [bus 00-ff])
[    4.752016][    T1] acpi PNP0A03:00: _OSC: OS supports [ASPM ClockPM Segments MSI HPX-Type3]
[    4.753710][    T1] acpi PNP0A03:00: fail to add MMCONFIG information, can't access extended PCI configuration space under this bridge.
[    4.754854][    T1] acpiphp: Slot [3] registered
[    4.755875][    T1] acpiphp: Slot [4] registered
[    4.756879][    T1] acpiphp: Slot [5] registered
[    4.757894][    T1] acpiphp: Slot [6] registered
[    4.758419][    T1] acpiphp: Slot [7] registered
[    4.759412][    T1] acpiphp: Slot [8] registered
[    4.760418][    T1] acpiphp: Slot [9] registered
[    4.761417][    T1] acpiphp: Slot [10] registered
[    4.762419][    T1] acpiphp: Slot [11] registered
[    4.763486][    T1] acpiphp: Slot [12] registered
[    4.764518][    T1] acpiphp: Slot [13] registered
[    4.765587][    T1] acpiphp: Slot [14] registered
[    4.766417][    T1] acpiphp: Slot [15] registered
[    4.767458][    T1] acpiphp: Slot [16] registered
[    4.768513][    T1] acpiphp: Slot [17] registered
[    4.769535][    T1] acpiphp: Slot [18] registered
[    4.770418][    T1] acpiphp: Slot [19] registered
[    4.771408][    T1] acpiphp: Slot [20] registered
[    4.772447][    T1] acpiphp: Slot [21] registered
[    4.773490][    T1] acpiphp: Slot [22] registered
[    4.774418][    T1] acpiphp: Slot [23] registered
[    4.786450][    T1] acpiphp: Slot [24] registered
[    4.787531][    T1] acpiphp: Slot [25] registered
[    4.788542][    T1] acpiphp: Slot [26] registered
[    4.789564][    T1] acpiphp: Slot [27] registered
[    4.790428][    T1] acpiphp: Slot [28] registered
[    4.791587][    T1] acpiphp: Slot [29] registered
[    4.793003][    T1] acpiphp: Slot [30] registered
[    4.794234][    T1] acpiphp: Slot [31] registered
[    4.794410][    T1] PCI host bridge to bus 0000:00
[    4.795424][    T1] pci_bus 0000:00: root bus resource [io  0x0000-0x0cf7 window]
[    4.796953][    T1] pci_bus 0000:00: root bus resource [io  0x0d00-0xffff window]
[    4.798393][    T1] pci_bus 0000:00: root bus resource [mem 0x000a0000-0x000bffff window]
[    4.799997][    T1] pci_bus 0000:00: root bus resource [mem 0xc0000000-0xfebfffff window]
[    4.801596][    T1] pci_bus 0000:00: root bus resource [mem 0x9040000000-0x90bfffffff window]
[    4.802393][    T1] pci_bus 0000:00: root bus resource [bus 00-ff]
[    4.803607][    T1] pci 0000:00:00.0: [8086:1237] type 00 class 0x060000
[    4.806183][    T1] pci 0000:00:01.0: [8086:7000] type 00 class 0x060100
[    4.807123][    T1] pci 0000:00:01.1: [8086:7010] type 00 class 0x010180
[    4.811328][    T1] pci 0000:00:01.1: reg 0x20: [io  0xc060-0xc06f]
[    4.813799][    T1] pci 0000:00:01.1: legacy IDE quirk: reg 0x10: [io  0x01f0-0x01f7]
[    4.818400][    T1] pci 0000:00:01.1: legacy IDE quirk: reg 0x14: [io  0x03f6]
[    4.819856][    T1] pci 0000:00:01.1: legacy IDE quirk: reg 0x18: [io  0x0170-0x0177]
[    4.821407][    T1] pci 0000:00:01.1: legacy IDE quirk: reg 0x1c: [io  0x0376]
[    4.822666][    T1] pci 0000:00:01.3: [8086:7113] type 00 class 0x068000
[    4.824464][    T1] pci 0000:00:01.3: quirk: [io  0x0600-0x063f] claimed by PIIX4 ACPI
[    4.826047][    T1] pci 0000:00:01.3: quirk: [io  0x0700-0x070f] claimed by PIIX4 SMB
[    4.827238][    T1] pci 0000:00:02.0: [1234:1111] type 00 class 0x030000
[    4.835205][    T1] pci 0000:00:02.0: reg 0x10: [mem 0xfd000000-0xfdffffff pref]
[    4.839809][    T1] pci 0000:00:02.0: reg 0x18: [mem 0xfebd2000-0xfebd2fff]
[    4.847950][    T1] pci 0000:00:02.0: reg 0x30: [mem 0xfebc0000-0xfebcffff pref]
[    4.850655][    T1] pci 0000:00:03.0: [1af4:1000] type 00 class 0x020000
[    4.853083][    T1] pci 0000:00:03.0: reg 0x10: [io  0xc040-0xc05f]
[    4.854992][    T1] pci 0000:00:03.0: reg 0x14: [mem 0xfebd3000-0xfebd3fff]
[    4.861657][    T1] pci 0000:00:03.0: reg 0x20: [mem 0xfe000000-0xfe003fff 64bit pref]
[    4.863598][    T1] pci 0000:00:03.0: reg 0x30: [mem 0xfeb80000-0xfebbffff pref]
[    4.866665][    T1] pci 0000:00:04.0: [1af4:1004] type 00 class 0x010000
[    4.870255][    T1] pci 0000:00:04.0: reg 0x10: [io  0xc000-0xc03f]
[    4.876428][    T1] pci 0000:00:04.0: reg 0x14: [mem 0xfebd4000-0xfebd4fff]
[    4.894411][    T1] pci 0000:00:04.0: reg 0x20: [mem 0xfe004000-0xfe007fff 64bit pref]
[    4.902542][    T1] pci 0000:00:05.0: [8086:5845] type 00 class 0x010802
[    4.905117][    T1] pci 0000:00:05.0: reg 0x10: [mem 0xfebd0000-0xfebd1fff 64bit]
[    4.908688][    T1] pci 0000:00:05.0: reg 0x20: [mem 0xfebd5000-0xfebd5fff]
[    4.928739][    T1] ACPI: PCI Interrupt Link [LNKA] (IRQs 5 *10 11)
[    4.930400][    T1] ACPI: PCI Interrupt Link [LNKB] (IRQs 5 *10 11)
[    4.932078][    T1] ACPI: PCI Interrupt Link [LNKC] (IRQs 5 10 *11)
[    4.933740][    T1] ACPI: PCI Interrupt Link [LNKD] (IRQs 5 10 *11)
[    4.938466][    T1] ACPI: PCI Interrupt Link [LNKS] (IRQs *9)
[    4.942746][    T1] iommu: Default domain type: Translated 
[    4.943937][    T1] pci 0000:00:02.0: vgaarb: setting as boot VGA device
[    4.944240][    T1] pci 0000:00:02.0: vgaarb: VGA device added: decodes=io+mem,owns=io+mem,locks=none
[    4.946399][    T1] pci 0000:00:02.0: vgaarb: bridge control possible
[    4.948090][    T1] vgaarb: loaded
[    4.949550][    T1] SCSI subsystem initialized
[    4.950673][    T1] ACPI: bus type USB registered
[    4.951814][    T1] usbcore: registered new interface driver usbfs
[    4.953343][    T1] usbcore: registered new interface driver hub
[    4.958416][    T1] usbcore: registered new device driver usb
[    4.958416][    T1] pps_core: LinuxPPS API ver. 1 registered
[    4.958416][    T1] pps_core: Software ver. 5.3.6 - Copyright 2005-2007 Rodolfo Giometti <giometti@linux.it>
[    4.960780][    T1] PTP clock support registered
[    4.966408][    T1] EDAC MC: Ver: 3.0.0
[    4.966751][    T1] NetLabel: Initializing
[    4.967633][    T1] NetLabel:  domain hash size = 128
[    4.967633][    T1] NetLabel:  protocols = UNLABELED CIPSOv4 CALIPSO
[    4.967652][    T1] NetLabel:  unlabeled traffic allowed by default
[    4.969030][    T1] PCI: Using ACPI for IRQ routing
[    4.973799][    T1] hpet0: at MMIO 0xfed00000, IRQs 2, 8, 0
[    4.978408][    T1] hpet0: 3 comparators, 64-bit 100.000000 MHz counter
[    4.986797][    T1] clocksource: Switched to clocksource kvm-clock
[    5.026070][    T1] VFS: Disk quotas dquot_6.6.0
[    5.027277][    T1] VFS: Dquot-cache hash table entries: 512 (order 0, 4096 bytes)
[    5.029311][    T1] AppArmor: AppArmor Filesystem Enabled
[    5.030659][    T1] pnp: PnP ACPI init
[    5.032213][    T1] pnp: PnP ACPI: found 6 devices
[    5.042598][    T1] clocksource: acpi_pm: mask: 0xffffff max_cycles: 0xffffff, max_idle_ns: 2085701024 ns
[    5.044895][    T1] NET: Registered protocol family 2
[    5.051309][    T1] tcp_listen_portaddr_hash hash table entries: 65536 (order: 10, 5767168 bytes, vmalloc)
[    5.057061][    T1] TCP established hash table entries: 524288 (order: 10, 4194304 bytes, linear)
[    5.062283][    T1] TCP bind hash table entries: 65536 (order: 10, 5242880 bytes, vmalloc)
[    5.065417][    T1] TCP: Hash tables configured (established 524288 bind 65536)
[    5.070869][    T1] MPTCP token hash table entries: 65536 (order: 10, 6291456 bytes, vmalloc)
[    5.081508][    T1] UDP hash table entries: 65536 (order: 11, 12582912 bytes, vmalloc)
[    5.093291][    T1] UDP-Lite hash table entries: 65536 (order: 11, 12582912 bytes, vmalloc)
[    5.098604][    T1] NET: Registered protocol family 1
[    5.099770][    T1] NET: Registered protocol family 44
[    5.100883][    T1] pci_bus 0000:00: resource 4 [io  0x0000-0x0cf7 window]
[    5.102326][    T1] pci_bus 0000:00: resource 5 [io  0x0d00-0xffff window]
[    5.103866][    T1] pci_bus 0000:00: resource 6 [mem 0x000a0000-0x000bffff window]
[    5.105483][    T1] pci_bus 0000:00: resource 7 [mem 0xc0000000-0xfebfffff window]
[    5.107312][    T1] pci_bus 0000:00: resource 8 [mem 0x9040000000-0x90bfffffff window]
[    5.109307][    T1] pci 0000:00:01.0: PIIX3: Enabling Passive Release
[    5.110821][    T1] pci 0000:00:00.0: Limiting direct PCI/PCI transfers
[    5.112446][    T1] pci 0000:00:01.0: Activating ISA DMA hang workarounds
[    5.114045][    T1] pci 0000:00:02.0: Video device with shadowed ROM at [mem 0x000c0000-0x000dffff]
[    5.116080][    T1] PCI: CLS 0 bytes, default 64
[    5.117200][    T1] Trying to unpack rootfs image as initramfs...
[    5.509312][    T1] Freeing initrd memory: 92428K
[    5.510619][    T1] PCI-DMA: Using software bounce buffering for IO (SWIOTLB)
[    5.512202][    T1] software IO TLB: mapped [mem 0x00000000bbfd4000-0x00000000bffd4000] (64MB)
[    5.514238][    T1] clocksource: tsc: mask: 0xffffffffffffffff max_cycles: 0x229835b7123, max_idle_ns: 440795242976 ns
[    5.516769][    T1] check: Scanning for low memory corruption every 60 seconds
[    5.520637][    T1] Initialise system trusted keyrings
[    5.521878][    T1] Key type blacklist registered
[    5.523464][    T1] workingset: timestamp_bits=36 max_order=28 bucket_order=0
[    5.527524][    T1] zbud: loaded
[    5.529028][    T1] squashfs: version 4.0 (2009/01/31) Phillip Lougher
[    5.531336][    T1] fuse: init (API version 7.32)
[    5.534255][    T1] integrity: Platform Keyring initialized
[    5.547585][    T1] Key type asymmetric registered
[    5.548994][    T1] Asymmetric key parser 'x509' registered
[    5.550274][    T1] Block layer SCSI generic (bsg) driver version 0.4 loaded (major 243)
[    5.552778][    T1] io scheduler mq-deadline registered
[    5.560749][    T1] shpchp: Standard Hot Plug PCI Controller Driver version: 0.4
[    5.562882][    T1] input: Power Button as /devices/LNXSYSTM:00/LNXPWRBN:00/input/input0
[    5.564781][    T1] ACPI: Power Button [PWRF]
[    5.616198][    T1] PCI Interrupt Link [LNKC] enabled at IRQ 11
[    5.666657][    T1] PCI Interrupt Link [LNKD] enabled at IRQ 10
[    5.669925][    T1] Serial: 8250/16550 driver, 32 ports, IRQ sharing enabled
[    5.696369][    T1] 00:04: ttyS0 at I/O 0x3f8 (irq = 4, base_baud = 115200) is a 16550A
[    5.703239][    T1] Linux agpgart interface v0.103
[    5.730625][    T1] loop: module loaded
[    5.734528][    T1] scsi host0: ata_piix
[    5.735788][    T1] scsi host1: ata_piix
[    5.736598][    T1] ata1: PATA max MWDMA2 cmd 0x1f0 ctl 0x3f6 bmdma 0xc060 irq 14
[    5.737962][    T1] ata2: PATA max MWDMA2 cmd 0x170 ctl 0x376 bmdma 0xc068 irq 15
[    5.739613][    T1] libphy: Fixed MDIO Bus: probed
[    5.740664][    T1] tun: Universal TUN/TAP device driver, 1.6
[    5.741777][    T1] PPP generic driver version 2.4.2
[    5.742752][    T1] VFIO - User Level meta-driver version: 0.3
[    5.744169][    T1] ehci_hcd: USB 2.0 'Enhanced' Host Controller (EHCI) Driver
[    5.745426][    T1] ehci-pci: EHCI PCI platform driver
[    5.746339][    T1] ehci-platform: EHCI generic platform driver
[    5.747377][    T1] ohci_hcd: USB 1.1 'Open' Host Controller (OHCI) Driver
[    5.748572][    T1] ohci-pci: OHCI PCI platform driver
[    5.749521][    T1] ohci-platform: OHCI generic platform driver
[    5.750609][    T1] uhci_hcd: USB Universal Host Controller Interface driver
[    5.751939][    T1] i8042: PNP: PS/2 Controller [PNP0303:KBD,PNP0f13:MOU] at 0x60,0x64 irq 1,12
[    5.763228][    T1] serio: i8042 KBD port at 0x60,0x64 irq 1
[    5.766079][    T1] serio: i8042 AUX port at 0x60,0x64 irq 12
[    5.769628][    T1] mousedev: PS/2 mouse device common for all mice
[    5.773521][    T1] rtc_cmos 00:05: RTC can wake from S4
[    5.775719][  T290] input: AT Translated Set 2 keyboard as /devices/platform/i8042/serio0/input/input1
[    5.777518][    T1] rtc_cmos 00:05: registered as rtc0
[    5.779792][    T1] rtc_cmos 00:05: setting system clock to 2023-05-10T05:54:54 UTC (1683698094)
[    5.782931][    T1] rtc_cmos 00:05: alarms up to one day, y3k, 242 bytes nvram, hpet irqs
[    5.786169][    T1] i2c /dev entries driver
[    5.787688][    T1] device-mapper: uevent: version 1.0.3
[    5.788999][    T1] device-mapper: ioctl: 4.43.0-ioctl (2020-10-01) initialised: dm-devel@redhat.com
[    5.790800][    T1] platform eisa.0: Probing EISA bus 0
[    5.791763][    T1] platform eisa.0: EISA: Cannot allocate resource for mainboard
[    5.793074][    T1] platform eisa.0: Cannot allocate resource for EISA slot 1
[    5.794291][    T1] platform eisa.0: Cannot allocate resource for EISA slot 2
[    5.795627][    T1] platform eisa.0: Cannot allocate resource for EISA slot 3
[    5.796914][    T1] platform eisa.0: Cannot allocate resource for EISA slot 4
[    5.798193][    T1] platform eisa.0: Cannot allocate resource for EISA slot 5
[    5.799488][    T1] platform eisa.0: Cannot allocate resource for EISA slot 6
[    5.800768][    T1] platform eisa.0: Cannot allocate resource for EISA slot 7
[    5.802033][    T1] platform eisa.0: Cannot allocate resource for EISA slot 8
[    5.803332][    T1] platform eisa.0: EISA: Detected 0 cards
[    5.804368][    T1] intel_pstate: CPU model not supported
[    5.809430][    T1] ledtrig-cpu: registered to indicate activity on CPUs
[    5.810982][    T1] drop_monitor: Initializing network drop monitor service
[    5.812464][    T1] NET: Registered protocol family 10
[    5.817090][  T315] iterate_dir 15366 ns supermagic 858458f6 fstype rootfs 	 path modprobe.d 	 file_inode 15846 
[    5.821954][  T315] iterate_dir 2456 ns supermagic 858458f6 fstype rootfs 	 path modprobe.d 	 file_inode 15846 
[    5.824940][  T315] iterate_dir 4436 ns supermagic 858458f6 fstype rootfs 	 path modprobe.d 	 file_inode 17133 
[    5.826828][  T315] iterate_dir 575 ns supermagic 858458f6 fstype rootfs 	 path modprobe.d 	 file_inode 17133 
[    5.832687][  T316] iterate_dir 10527 ns supermagic 858458f6 fstype rootfs 	 path modprobe.d 	 file_inode 15846 
[    5.836668][  T316] iterate_dir 1791 ns supermagic 858458f6 fstype rootfs 	 path modprobe.d 	 file_inode 15846 
[    5.840578][  T316] iterate_dir 6487 ns supermagic 858458f6 fstype rootfs 	 path modprobe.d 	 file_inode 17133 
[    5.844028][  T316] iterate_dir 564 ns supermagic 858458f6 fstype rootfs 	 path modprobe.d 	 file_inode 17133 
[    5.850240][  T319] iterate_dir 12819 ns supermagic 858458f6 fstype rootfs 	 path modprobe.d 	 file_inode 15846 
[    5.855128][  T319] iterate_dir 2320 ns supermagic 858458f6 fstype rootfs 	 path modprobe.d 	 file_inode 15846 
[    5.859765][  T319] iterate_dir 2925 ns supermagic 858458f6 fstype rootfs 	 path modprobe.d 	 file_inode 17133 
[    5.861640][  T319] iterate_dir 364 ns supermagic 858458f6 fstype rootfs 	 path modprobe.d 	 file_inode 17133 
[    5.865118][  T320] iterate_dir 5137 ns supermagic 858458f6 fstype rootfs 	 path modprobe.d 	 file_inode 15846 
[    5.867037][  T320] iterate_dir 795 ns supermagic 858458f6 fstype rootfs 	 path modprobe.d 	 file_inode 15846 
[    5.868903][  T320] iterate_dir 2792 ns supermagic 858458f6 fstype rootfs 	 path modprobe.d 	 file_inode 17133 
[    5.870808][  T320] iterate_dir 613 ns supermagic 858458f6 fstype rootfs 	 path modprobe.d 	 file_inode 17133 
[    5.874365][    T1] Segment Routing with IPv6
[    5.876572][    T1] NET: Registered protocol family 17
[    5.879193][    T1] Key type dns_resolver registered
[    5.892960][    T1] IPI shorthand broadcast: enabled
[    5.894780][    T1] sched_clock: Marking stable (5480155552, 414558815)->(5916438197, -21723830)
[    5.898796][    T1] registered taskstats version 1
[    5.900527][    T1] Loading compiled-in X.509 certificates
[    5.904052][    T1] Loaded X.509 cert 'Build time autogenerated kernel key: 1638963207dd2a188f923d72cb8c969d633327a8'
[    5.907257][    T1] zswap: loaded using pool lzo/zbud
[    5.909853][    T1] Key type ._fscrypt registered
[    5.910866][    T1] Key type .fscrypt registered
[    5.911845][    T1] Key type fscrypt-provisioning registered
[    5.915594][  T328] iterate_dir 11021 ns supermagic 858458f6 fstype rootfs 	 path modprobe.d 	 file_inode 15846 
[    5.919947][  T328] iterate_dir 2525 ns supermagic 858458f6 fstype rootfs 	 path modprobe.d 	 file_inode 15846 
[    5.923786][  T328] iterate_dir 3933 ns supermagic 858458f6 fstype rootfs 	 path modprobe.d 	 file_inode 17133 
[    5.925828][  T328] iterate_dir 381 ns supermagic 858458f6 fstype rootfs 	 path modprobe.d 	 file_inode 17133 
[    5.930431][  T329] iterate_dir 7943 ns supermagic 858458f6 fstype rootfs 	 path modprobe.d 	 file_inode 15846 
[    5.933460][  T329] iterate_dir 1326 ns supermagic 858458f6 fstype rootfs 	 path modprobe.d 	 file_inode 15846 
[    5.936201][  T329] iterate_dir 3051 ns supermagic 858458f6 fstype rootfs 	 path modprobe.d 	 file_inode 17133 
[    5.938167][  T329] iterate_dir 376 ns supermagic 858458f6 fstype rootfs 	 path modprobe.d 	 file_inode 17133 
[    5.941627][    T1] Key type encrypted registered
[    5.943576][    T1] AppArmor: AppArmor sha1 policy hashing enabled
[    5.945889][    T1] ima: No TPM chip found, activating TPM-bypass!
[    5.948349][    T1] ima: Allocated hash algorithm: sha1
[    5.950751][    T1] ima: No architecture policies found
[    5.953167][    T1] evm: Initialising EVM extended attributes:
[    5.955599][    T1] evm: security.selinux
[    5.956433][    T1] evm: security.SMACK64
[    5.957240][    T1] evm: security.SMACK64EXEC
[    5.958102][    T1] evm: security.SMACK64TRANSMUTE
[    5.959032][    T1] evm: security.SMACK64MMAP
[    5.959915][    T1] evm: security.apparmor
[    5.960783][    T1] evm: security.ima
[    5.961563][    T1] evm: security.capability
[    5.962465][    T1] evm: HMAC attrs: 0x1
[    5.964332][    T1] PM:   Magic number: 7:164:921
[    5.965358][    T1] clockevents clockevent14: hash matches
[    5.968508][    T1] RAS: Correctable Errors collector initialized.
[    5.978941][    T1] Freeing unused decrypted memory: 2036K
[    5.981769][    T1] Freeing unused kernel image (initmem) memory: 4488K
[    5.998560][    T1] Write protecting the kernel read-only data: 24576k
[    6.002061][    T1] Freeing unused kernel image (text/rodata gap) memory: 2036K
[    6.004825][    T1] Freeing unused kernel image (rodata/data gap) memory: 604K
[    6.020484][    T1] x86/mm: Checked W+X mappings: passed, no W+X pages found.
[    6.021885][    T1] Run /init as init process
Loading, please wait...
[    6.039272][    T1] iterate_dir 2617 ns supermagic 858458f6 fstype rootfs 	 path conf.d 	 file_inode 15796 
[    6.042534][    T1] iterate_dir 1882 ns supermagic 858458f6 fstype rootfs 	 path conf.d 	 file_inode 15796 
Starting version 245.4-4ubuntu3.20
[    6.069767][  T352] iterate_dir 18155 ns supermagic 858458f6 fstype rootfs 	 path modprobe.d 	 file_inode 15846 
[    6.074833][  T353] iterate_dir 83746 ns supermagic 62656572 fstype sysfs 	 path module 	 file_inode 13884 
[    6.075017][  T352] iterate_dir 2688 ns supermagic 858458f6 fstype rootfs 	 path modprobe.d 	 file_inode 15846 
[    6.083941][  T352] iterate_dir 6468 ns supermagic 858458f6 fstype rootfs 	 path modprobe.d 	 file_inode 17133 
[    6.084733][  T353] iterate_dir 3067 ns supermagic 62656572 fstype sysfs 	 path module 	 file_inode 13884 
[    6.085934][  T352] iterate_dir 448 ns supermagic 858458f6 fstype rootfs 	 path modprobe.d 	 file_inode 17133 
[    6.088347][  T353] iterate_dir 27923 ns supermagic 62656572 fstype sysfs 	 path bus 	 file_inode 8 
[    6.090781][  T352] iterate_dir 2890 ns supermagic 858458f6 fstype rootfs 	 path network 	 file_inode 18999 
[    6.094201][  T353] iterate_dir 1884 ns supermagic 62656572 fstype sysfs 	 path bus 	 file_inode 8 
[    6.094440][  T352] iterate_dir 710 ns supermagic 858458f6 fstype rootfs 	 path network 	 file_inode 18999 
[    6.096662][  T353] iterate_dir 8912 ns supermagic 62656572 fstype sysfs 	 path bus 	 file_inode 8 
[    6.098761][  T352] iterate_dir 18720 ns supermagic 858458f6 fstype rootfs 	 path rules.d 	 file_inode 19008 
[    6.100647][  T353] iterate_dir 744 ns supermagic 62656572 fstype sysfs 	 path drivers 	 file_inode 11959 
[    6.102675][  T352] iterate_dir 950 ns supermagic 858458f6 fstype rootfs 	 path rules.d 	 file_inode 19008 
[    6.104470][  T353] iterate_dir 1500 ns supermagic 62656572 fstype sysfs 	 path drivers 	 file_inode 11959 
[    6.108307][  T353] iterate_dir 652 ns supermagic 62656572 fstype sysfs 	 path drivers 	 file_inode 12029 
[    6.110187][  T353] iterate_dir 490 ns supermagic 62656572 fstype sysfs 	 path drivers 	 file_inode 12029 
[    6.112144][  T353] iterate_dir 618 ns supermagic 62656572 fstype sysfs 	 path drivers 	 file_inode 18418 
[    6.114030][  T353] iterate_dir 482 ns supermagic 62656572 fstype sysfs 	 path drivers 	 file_inode 18418 
[    6.115841][  T353] iterate_dir 1462 ns supermagic 62656572 fstype sysfs 	 path drivers 	 file_inode 18610 
[    6.117744][  T353] iterate_dir 487 ns supermagic 62656572 fstype sysfs 	 path drivers 	 file_inode 18610 
[    6.119659][  T353] iterate_dir 629 ns supermagic 62656572 fstype sysfs 	 path drivers 	 file_inode 11700 
[    6.121544][  T353] iterate_dir 458 ns supermagic 62656572 fstype sysfs 	 path drivers 	 file_inode 11700 
[    6.123480][  T353] iterate_dir 2475 ns supermagic 62656572 fstype sysfs 	 path drivers 	 file_inode 18524 
[    6.125493][  T353] iterate_dir 485 ns supermagic 62656572 fstype sysfs 	 path drivers 	 file_inode 18524 
[    6.127513][  T353] iterate_dir 44169 ns supermagic 62656572 fstype sysfs 	 path drivers 	 file_inode 28 
[    6.133282][  T353] iterate_dir 1870 ns supermagic 62656572 fstype sysfs 	 path drivers 	 file_inode 28 
[    6.135253][  T353] iterate_dir 870 ns supermagic 62656572 fstype sysfs 	 path drivers 	 file_inode 26005 
[    6.145472][  T353] iterate_dir 1332 ns supermagic 62656572 fstype sysfs 	 path drivers 	 file_inode 26005 
[    6.147462][  T353] iterate_dir 12723 ns supermagic 62656572 fstype sysfs 	 path drivers 	 file_inode 11902 
[    6.150326][  T353] iterate_dir 501 ns supermagic 62656572 fstype sysfs 	 path drivers 	 file_inode 11902 
[    6.152270][  T353] iterate_dir 659 ns supermagic 62656572 fstype sysfs 	 path drivers 	 file_inode 18412 
[    6.154121][  T353] iterate_dir 504 ns supermagic 62656572 fstype sysfs 	 path drivers 	 file_inode 18412 
[    6.156070][  T353] iterate_dir 1746 ns supermagic 62656572 fstype sysfs 	 path drivers 	 file_inode 34 
[    6.157958][  T353] iterate_dir 465 ns supermagic 62656572 fstype sysfs 	 path drivers 	 file_inode 34 
[    6.159832][  T353] iterate_dir 610 ns supermagic 62656572 fstype sysfs 	 path drivers 	 file_inode 33663 
[    6.161696][  T353] iterate_dir 446 ns supermagic 62656572 fstype sysfs 	 path drivers 	 file_inode 33663 
[    6.163601][  T353] iterate_dir 567 ns supermagic 62656572 fstype sysfs 	 path drivers 	 file_inode 18549 
[    6.165501][  T353] iterate_dir 440 ns supermagic 62656572 fstype sysfs 	 path drivers 	 file_inode 18549 
[    6.167430][  T353] iterate_dir 596 ns supermagic 62656572 fstype sysfs 	 path drivers 	 file_inode 18680 
[    6.169346][  T353] iterate_dir 439 ns supermagic 62656572 fstype sysfs 	 path drivers 	 file_inode 18680 
[    6.171276][  T353] iterate_dir 604 ns supermagic 62656572 fstype sysfs 	 path drivers 	 file_inode 18658 
[    6.173196][  T353] iterate_dir 454 ns supermagic 62656572 fstype sysfs 	 path drivers 	 file_inode 18658 
[    6.175109][  T353] iterate_dir 1620 ns supermagic 62656572 fstype sysfs 	 path drivers 	 file_inode 18557 
[    6.177102][  T353] iterate_dir 473 ns supermagic 62656572 fstype sysfs 	 path drivers 	 file_inode 18557 
[    6.179031][  T353] iterate_dir 2873 ns supermagic 62656572 fstype sysfs 	 path drivers 	 file_inode 18568 
[    6.181080][  T353] iterate_dir 467 ns supermagic 62656572 fstype sysfs 	 path drivers 	 file_inode 18568 
[    6.183004][  T353] iterate_dir 3947 ns supermagic 62656572 fstype sysfs 	 path drivers 	 file_inode 12009 
[    6.185098][  T353] iterate_dir 470 ns supermagic 62656572 fstype sysfs 	 path drivers 	 file_inode 12009 
[    6.187041][  T353] iterate_dir 622 ns supermagic 62656572 fstype sysfs 	 path drivers 	 file_inode 18626 
[    6.188947][  T353] iterate_dir 474 ns supermagic 62656572 fstype sysfs 	 path drivers 	 file_inode 18626 
[    6.190854][  T353] iterate_dir 2578 ns supermagic 62656572 fstype sysfs 	 path drivers 	 file_inode 11909 
[    6.192965][  T353] iterate_dir 486 ns supermagic 62656572 fstype sysfs 	 path drivers 	 file_inode 11909 
[    6.194889][  T353] iterate_dir 4127 ns supermagic 62656572 fstype sysfs 	 path drivers 	 file_inode 18394 
[    6.197085][  T353] iterate_dir 462 ns supermagic 62656572 fstype sysfs 	 path drivers 	 file_inode 18394 
[    6.199008][  T353] iterate_dir 608 ns supermagic 62656572 fstype sysfs 	 path drivers 	 file_inode 11612 
[    6.200914][  T353] iterate_dir 474 ns supermagic 62656572 fstype sysfs 	 path drivers 	 file_inode 11612 
[    6.202839][  T353] iterate_dir 593 ns supermagic 62656572 fstype sysfs 	 path drivers 	 file_inode 20450 
[    6.204744][  T353] iterate_dir 472 ns supermagic 62656572 fstype sysfs 	 path drivers 	 file_inode 20450 
[    6.206658][  T353] iterate_dir 587 ns supermagic 62656572 fstype sysfs 	 path drivers 	 file_inode 11916 
[    6.208442][  T353] iterate_dir 468 ns supermagic 62656572 fstype sysfs 	 path drivers 	 file_inode 11916 
[    6.210241][  T353] iterate_dir 2122 ns supermagic 62656572 fstype sysfs 	 path drivers 	 file_inode 18582 
[    6.212185][  T353] iterate_dir 1637 ns supermagic 62656572 fstype sysfs 	 path drivers 	 file_inode 18582 
[    6.213984][  T353] iterate_dir 585 ns supermagic 62656572 fstype sysfs 	 path drivers 	 file_inode 20995 
[    6.215782][  T353] iterate_dir 1004 ns supermagic 62656572 fstype sysfs 	 path drivers 	 file_inode 20995 
[    6.217563][  T353] iterate_dir 568 ns supermagic 62656572 fstype sysfs 	 path drivers 	 file_inode 18686 
[    6.219478][  T353] iterate_dir 540 ns supermagic 62656572 fstype sysfs 	 path drivers 	 file_inode 18686 
[    6.221376][  T353] iterate_dir 559 ns supermagic 62656572 fstype sysfs 	 path drivers 	 file_inode 18665 
[    6.223297][  T353] iterate_dir 958 ns supermagic 62656572 fstype sysfs 	 path drivers 	 file_inode 18665 
[    6.225200][  T353] iterate_dir 563 ns supermagic 62656572 fstype sysfs 	 path drivers 	 file_inode 11950 
[    6.227101][  T353] iterate_dir 827 ns supermagic 62656572 fstype sysfs 	 path drivers 	 file_inode 11950 
[    6.229015][  T353] iterate_dir 576 ns supermagic 62656572 fstype sysfs 	 path drivers 	 file_inode 11943 
[    6.230912][  T353] iterate_dir 861 ns supermagic 62656572 fstype sysfs 	 path drivers 	 file_inode 11943 
[    6.232833][  T353] iterate_dir 5808 ns supermagic 62656572 fstype sysfs 	 path drivers 	 file_inode 15887 
[    6.235096][  T353] iterate_dir 969 ns supermagic 62656572 fstype sysfs 	 path drivers 	 file_inode 15887 
[    6.237003][  T353] iterate_dir 618 ns supermagic 62656572 fstype sysfs 	 path drivers 	 file_inode 20411 
[    6.238908][  T353] iterate_dir 904 ns supermagic 62656572 fstype sysfs 	 path drivers 	 file_inode 20411 
[    6.240744][  T353] iterate_dir 577 ns supermagic 62656572 fstype sysfs 	 path drivers 	 file_inode 11977 
[    6.242611][  T353] iterate_dir 873 ns supermagic 62656572 fstype sysfs 	 path drivers 	 file_inode 11977 
[    6.244441][  T353] iterate_dir 2758 ns supermagic 62656572 fstype sysfs 	 path drivers 	 file_inode 11706 
[    6.246370][  T353] iterate_dir 470 ns supermagic 62656572 fstype sysfs 	 path drivers 	 file_inode 11706 
[    6.248192][  T353] iterate_dir 575 ns supermagic 62656572 fstype sysfs 	 path drivers 	 file_inode 11631 
[    6.249975][  T353] iterate_dir 496 ns supermagic 62656572 fstype sysfs 	 path drivers 	 file_inode 11631 
[    6.251825][  T353] iterate_dir 18131 ns supermagic 62656572 fstype sysfs 	 path drivers 	 file_inode 12017 
[    6.255970][  T353] iterate_dir 805 ns supermagic 62656572 fstype sysfs 	 path drivers 	 file_inode 12017 
[    6.257886][  T353] iterate_dir 713 ns supermagic 62656572 fstype sysfs 	 path drivers 	 file_inode 69 
[    6.259759][  T353] iterate_dir 1645 ns supermagic 62656572 fstype sysfs 	 path drivers 	 file_inode 69 
[    6.261637][  T353] iterate_dir 517 ns supermagic 62656572 fstype sysfs 	 path bus 	 file_inode 8 
[    6.275631][  T363] iterate_dir 78921 ns supermagic 62656572 fstype sysfs 	 path bus 	 file_inode 8 
[    6.278496][  T363] iterate_dir 12783 ns supermagic 62656572 fstype sysfs 	 path devices 	 file_inode 11958 
[    6.281678][  T363] iterate_dir 969 ns supermagic 62656572 fstype sysfs 	 path devices 	 file_inode 11958 
[    6.284917][  T363] iterate_dir 8312 ns supermagic 62656572 fstype sysfs 	 path devices 	 file_inode 12028 
[    6.288055][  T363] iterate_dir 2787 ns supermagic 62656572 fstype sysfs 	 path devices 	 file_inode 12028 
[    6.290605][  T363] iterate_dir 697 ns supermagic 62656572 fstype sysfs 	 path devices 	 file_inode 18417 
[    6.293173][  T363] iterate_dir 533 ns supermagic 62656572 fstype sysfs 	 path devices 	 file_inode 18417 
[    6.295718][  T363] iterate_dir 1820 ns supermagic 62656572 fstype sysfs 	 path devices 	 file_inode 18609 
[    6.298608][  T363] iterate_dir 1643 ns supermagic 62656572 fstype sysfs 	 path devices 	 file_inode 18609 
[    6.301165][  T363] iterate_dir 818 ns supermagic 62656572 fstype sysfs 	 path devices 	 file_inode 11699 
[    6.303698][  T363] iterate_dir 1324 ns supermagic 62656572 fstype sysfs 	 path devices 	 file_inode 11699 
[    6.306230][  T363] iterate_dir 649 ns supermagic 62656572 fstype sysfs 	 path devices 	 file_inode 18523 
[    6.308775][  T363] iterate_dir 1100 ns supermagic 62656572 fstype sysfs 	 path devices 	 file_inode 18523 
[    6.311314][  T363] iterate_dir 7751 ns supermagic 62656572 fstype sysfs 	 path devices 	 file_inode 27 
[    6.314562][  T363] iterate_dir 1330 ns supermagic 62656572 fstype sysfs 	 path devices 	 file_inode 27 
[    6.317062][  T363] iterate_dir 781 ns supermagic 62656572 fstype sysfs 	 path devices 	 file_inode 26004 
[    6.319634][  T363] iterate_dir 1284 ns supermagic 62656572 fstype sysfs 	 path devices 	 file_inode 26004 
[    6.322192][  T363] iterate_dir 4456 ns supermagic 62656572 fstype sysfs 	 path devices 	 file_inode 11901 
[    6.325377][  T363] iterate_dir 1214 ns supermagic 62656572 fstype sysfs 	 path devices 	 file_inode 11901 
[    6.327927][  T363] iterate_dir 761 ns supermagic 62656572 fstype sysfs 	 path devices 	 file_inode 18411 
[    6.330426][  T363] iterate_dir 545 ns supermagic 62656572 fstype sysfs 	 path devices 	 file_inode 18411 
[    6.332969][  T363] iterate_dir 22608 ns supermagic 62656572 fstype sysfs 	 path devices 	 file_inode 33 
[    6.338417][  T363] iterate_dir 1835 ns supermagic 62656572 fstype sysfs 	 path devices 	 file_inode 33 
[    6.340965][  T363] iterate_dir 17247 ns supermagic 62656572 fstype sysfs 	 path devices 	 file_inode 33662 
[    6.345808][  T363] iterate_dir 1785 ns supermagic 62656572 fstype sysfs 	 path devices 	 file_inode 33662 
[    6.348201][  T363] iterate_dir 890 ns supermagic 62656572 fstype sysfs 	 path devices 	 file_inode 18548 
[    6.350053][  T363] iterate_dir 486 ns supermagic 62656572 fstype sysfs 	 path devices 	 file_inode 18548 
[    6.351954][  T363] iterate_dir 611 ns supermagic 62656572 fstype sysfs 	 path devices 	 file_inode 18679 
[    6.353824][  T363] iterate_dir 495 ns supermagic 62656572 fstype sysfs 	 path devices 	 file_inode 18679 
[    6.355746][  T363] iterate_dir 622 ns supermagic 62656572 fstype sysfs 	 path devices 	 file_inode 18657 
[    6.365889][  T363] iterate_dir 1412 ns supermagic 62656572 fstype sysfs 	 path devices 	 file_inode 18657 
[    6.367804][  T363] iterate_dir 1270 ns supermagic 62656572 fstype sysfs 	 path devices 	 file_inode 18556 
[    6.369919][  T363] iterate_dir 554 ns supermagic 62656572 fstype sysfs 	 path devices 	 file_inode 18556 
[    6.371916][  T363] iterate_dir 625 ns supermagic 62656572 fstype sysfs 	 path devices 	 file_inode 18567 
[    6.373832][  T363] iterate_dir 498 ns supermagic 62656572 fstype sysfs 	 path devices 	 file_inode 18567 
[    6.375823][  T363] iterate_dir 610 ns supermagic 62656572 fstype sysfs 	 path devices 	 file_inode 12008 
[    6.377695][  T363] iterate_dir 472 ns supermagic 62656572 fstype sysfs 	 path devices 	 file_inode 12008 
[    6.379832][  T363] iterate_dir 1223 ns supermagic 62656572 fstype sysfs 	 path devices 	 file_inode 18625 
[    6.381782][  T363] iterate_dir 498 ns supermagic 62656572 fstype sysfs 	 path devices 	 file_inode 18625 
[    6.383658][  T363] iterate_dir 642 ns supermagic 62656572 fstype sysfs 	 path devices 	 file_inode 11908 
[    6.385482][  T363] iterate_dir 452 ns supermagic 62656572 fstype sysfs 	 path devices 	 file_inode 11908 
[    6.387347][  T363] iterate_dir 3688 ns supermagic 62656572 fstype sysfs 	 path devices 	 file_inode 18393 
[    6.389593][  T363] iterate_dir 469 ns supermagic 62656572 fstype sysfs 	 path devices 	 file_inode 18393 
[    6.391540][  T363] iterate_dir 1872 ns supermagic 62656572 fstype sysfs 	 path devices 	 file_inode 11611 
[    6.393490][  T363] iterate_dir 451 ns supermagic 62656572 fstype sysfs 	 path devices 	 file_inode 11611 
[    6.396656][  T363] iterate_dir 14625 ns supermagic 62656572 fstype sysfs 	 path devices 	 file_inode 20449 
[    6.400756][  T363] iterate_dir 642 ns supermagic 62656572 fstype sysfs 	 path devices 	 file_inode 20449 
[    6.402601][  T363] iterate_dir 763 ns supermagic 62656572 fstype sysfs 	 path devices 	 file_inode 11915 
[    6.404428][  T363] iterate_dir 464 ns supermagic 62656572 fstype sysfs 	 path devices 	 file_inode 11915 
[    6.406248][  T363] iterate_dir 586 ns supermagic 62656572 fstype sysfs 	 path devices 	 file_inode 18581 
[    6.408093][  T363] iterate_dir 1562 ns supermagic 62656572 fstype sysfs 	 path devices 	 file_inode 18581 
[    6.409936][  T363] iterate_dir 4308 ns supermagic 62656572 fstype sysfs 	 path devices 	 file_inode 20994 
[    6.412198][  T363] iterate_dir 1131 ns supermagic 62656572 fstype sysfs 	 path devices 	 file_inode 20994 
[    6.414032][  T363] iterate_dir 1056 ns supermagic 62656572 fstype sysfs 	 path devices 	 file_inode 18685 
[    6.415940][  T363] iterate_dir 504 ns supermagic 62656572 fstype sysfs 	 path devices 	 file_inode 18685 
[    6.417748][  T363] iterate_dir 585 ns supermagic 62656572 fstype sysfs 	 path devices 	 file_inode 18664 
[    6.419565][  T363] iterate_dir 1020 ns supermagic 62656572 fstype sysfs 	 path devices 	 file_inode 18664 
[    6.421392][  T363] iterate_dir 586 ns supermagic 62656572 fstype sysfs 	 path devices 	 file_inode 11949 
[    6.423192][  T363] iterate_dir 640 ns supermagic 62656572 fstype sysfs 	 path devices 	 file_inode 11949 
[    6.424996][  T363] iterate_dir 580 ns supermagic 62656572 fstype sysfs 	 path devices 	 file_inode 11942 
[    6.426803][  T363] iterate_dir 870 ns supermagic 62656572 fstype sysfs 	 path devices 	 file_inode 11942 
[    6.428646][  T363] iterate_dir 34073 ns supermagic 62656572 fstype sysfs 	 path devices 	 file_inode 15886 
[    6.437580][  T363] iterate_dir 1670 ns supermagic 62656572 fstype sysfs 	 path devices 	 file_inode 15886 
[    6.439445][  T363] iterate_dir 1477 ns supermagic 62656572 fstype sysfs 	 path devices 	 file_inode 20410 
[    6.441339][  T363] iterate_dir 489 ns supermagic 62656572 fstype sysfs 	 path devices 	 file_inode 20410 
[    6.443176][  T363] iterate_dir 1053 ns supermagic 62656572 fstype sysfs 	 path devices 	 file_inode 11976 
[    6.445091][  T363] iterate_dir 505 ns supermagic 62656572 fstype sysfs 	 path devices 	 file_inode 11976 
[    6.446965][  T363] iterate_dir 1641 ns supermagic 62656572 fstype sysfs 	 path devices 	 file_inode 11705 
[    6.448958][  T363] iterate_dir 490 ns supermagic 62656572 fstype sysfs 	 path devices 	 file_inode 11705 
[    6.450818][  T363] iterate_dir 2175 ns supermagic 62656572 fstype sysfs 	 path devices 	 file_inode 11630 
[    6.452952][  T363] iterate_dir 490 ns supermagic 62656572 fstype sysfs 	 path devices 	 file_inode 11630 
[    6.454725][  T363] iterate_dir 594 ns supermagic 62656572 fstype sysfs 	 path devices 	 file_inode 12016 
[    6.456516][  T363] iterate_dir 524 ns supermagic 62656572 fstype sysfs 	 path devices 	 file_inode 12016 
[    6.458525][  T363] iterate_dir 239758 ns supermagic 62656572 fstype sysfs 	 path devices 	 file_inode 68 
[    6.501515][  T363] iterate_dir 647 ns supermagic 62656572 fstype sysfs 	 path devices 	 file_inode 68 
[    6.504519][  T363] iterate_dir 1125 ns supermagic 62656572 fstype sysfs 	 path bus 	 file_inode 8 
[    6.507651][  T363] iterate_dir 37540 ns supermagic 62656572 fstype sysfs 	 path class 	 file_inode 10 
[    6.509383][  T363] iterate_dir 585 ns supermagic 62656572 fstype sysfs 	 path pwm 	 file_inode 15824 
[    6.511097][  T363] iterate_dir 1465 ns supermagic 62656572 fstype sysfs 	 path pwm 	 file_inode 15824 
[    6.512827][  T363] iterate_dir 14576 ns supermagic 62656572 fstype sysfs 	 path thermal 	 file_inode 12025 
[    6.516634][  T363] iterate_dir 1455 ns supermagic 62656572 fstype sysfs 	 path thermal 	 file_inode 12025 
[    6.518462][  T363] iterate_dir 626 ns supermagic 62656572 fstype sysfs 	 path powercap 	 file_inode 20219 
[    6.520260][  T363] iterate_dir 502 ns supermagic 62656572 fstype sysfs 	 path powercap 	 file_inode 20219 
[    6.522054][  T363] iterate_dir 561 ns supermagic 62656572 fstype sysfs 	 path vfio 	 file_inode 32920 
[    6.523781][  T363] iterate_dir 1189 ns supermagic 62656572 fstype sysfs 	 path vfio 	 file_inode 32920 
[    6.525505][  T363] iterate_dir 561 ns supermagic 62656572 fstype sysfs 	 path scsi_generic 	 file_inode 32231 
[    6.527353][  T363] iterate_dir 951 ns supermagic 62656572 fstype sysfs 	 path scsi_generic 	 file_inode 32231 
[    6.529175][  T363] iterate_dir 1119 ns supermagic 62656572 fstype sysfs 	 path vtconsole 	 file_inode 11922 
[    6.531058][  T363] iterate_dir 915 ns supermagic 62656572 fstype sysfs 	 path vtconsole 	 file_inode 11922 
[    6.532839][  T363] iterate_dir 557 ns supermagic 62656572 fstype sysfs 	 path pci_epc 	 file_inode 26001 
[    6.534557][  T363] iterate_dir 903 ns supermagic 62656572 fstype sysfs 	 path pci_epc 	 file_inode 26001 
[    6.536264][  T363] iterate_dir 1149 ns supermagic 62656572 fstype sysfs 	 path dma_heap 	 file_inode 18552 
[    6.538046][  T363] iterate_dir 535 ns supermagic 62656572 fstype sysfs 	 path dma_heap 	 file_inode 18552 
[    6.539784][  T363] iterate_dir 5145 ns supermagic 62656572 fstype sysfs 	 path wakeup 	 file_inode 11955 
[    6.542236][  T363] iterate_dir 505 ns supermagic 62656572 fstype sysfs 	 path wakeup 	 file_inode 11955 
[    6.543944][  T363] iterate_dir 1309 ns supermagic 62656572 fstype sysfs 	 path graphics 	 file_inode 15826 
[    6.545738][  T363] iterate_dir 488 ns supermagic 62656572 fstype sysfs 	 path graphics 	 file_inode 15826 
[    6.547462][  T363] iterate_dir 621 ns supermagic 62656572 fstype sysfs 	 path scsi_device 	 file_inode 18560 
[    6.549263][  T363] iterate_dir 467 ns supermagic 62656572 fstype sysfs 	 path scsi_device 	 file_inode 18560 
[    6.551076][  T363] iterate_dir 629 ns supermagic 62656572 fstype sysfs 	 path intel_scu_ipc 	 file_inode 18673 
[    6.552920][  T363] iterate_dir 499 ns supermagic 62656572 fstype sysfs 	 path intel_scu_ipc 	 file_inode 18673 
[    6.554765][  T363] iterate_dir 4684 ns supermagic 62656572 fstype sysfs 	 path mem 	 file_inode 18930 
[    6.557032][  T363] iterate_dir 500 ns supermagic 62656572 fstype sysfs 	 path mem 	 file_inode 18930 
[    6.558755][  T363] iterate_dir 2744 ns supermagic 62656572 fstype sysfs 	 path gpio 	 file_inode 11893 
[    6.560496][  T363] iterate_dir 464 ns supermagic 62656572 fstype sysfs 	 path gpio 	 file_inode 11893 
[    6.562201][  T363] iterate_dir 590 ns supermagic 62656572 fstype sysfs 	 path nd 	 file_inode 18527 
[    6.563888][  T363] iterate_dir 1413 ns supermagic 62656572 fstype sysfs 	 path nd 	 file_inode 18527 
[    6.565591][  T363] iterate_dir 1167 ns supermagic 62656572 fstype sysfs 	 path devcoredump 	 file_inode 30944 
[    6.567440][  T363] iterate_dir 876 ns supermagic 62656572 fstype sysfs 	 path devcoredump 	 file_inode 30944 
[    6.569276][  T363] iterate_dir 575 ns supermagic 62656572 fstype sysfs 	 path devlink 	 file_inode 11953 
[    6.571039][  T363] iterate_dir 986 ns supermagic 62656572 fstype sysfs 	 path devlink 	 file_inode 11953 
[    6.572842][  T363] iterate_dir 9797 ns supermagic 62656572 fstype sysfs 	 path misc 	 file_inode 18421 
[    6.575805][  T363] iterate_dir 1176 ns supermagic 62656572 fstype sysfs 	 path misc 	 file_inode 18421 
[    6.577583][  T363] iterate_dir 1097 ns supermagic 62656572 fstype sysfs 	 path regulator 	 file_inode 11709 
[    6.580179][  T363] iterate_dir 1798 ns supermagic 62656572 fstype sysfs 	 path regulator 	 file_inode 11709 
[    6.582041][  T363] iterate_dir 1775 ns supermagic 62656572 fstype sysfs 	 path ata_link 	 file_inode 18561 
[    6.584011][  T363] iterate_dir 1315 ns supermagic 62656572 fstype sysfs 	 path ata_link 	 file_inode 18561 
[    6.585827][  T363] iterate_dir 559 ns supermagic 62656572 fstype sysfs 	 path dma 	 file_inode 12035 
[    6.587562][  T363] iterate_dir 570 ns supermagic 62656572 fstype sysfs 	 path dma 	 file_inode 12035 
[    6.589351][  T363] iterate_dir 580 ns supermagic 62656572 fstype sysfs 	 path backlight 	 file_inode 11920 
[    6.599468][  T363] iterate_dir 974 ns supermagic 62656572 fstype sysfs 	 path backlight 	 file_inode 11920 
[    6.601373][  T363] iterate_dir 560 ns supermagic 62656572 fstype sysfs 	 path pps 	 file_inode 18619 
[    6.603248][  T363] iterate_dir 906 ns supermagic 62656572 fstype sysfs 	 path pps 	 file_inode 18619 
[    6.605124][  T363] iterate_dir 551 ns supermagic 62656572 fstype sysfs 	 path tpmrm 	 file_inode 18423 
[    6.607035][  T363] iterate_dir 923 ns supermagic 62656572 fstype sysfs 	 path tpmrm 	 file_inode 18423 
[    6.608965][  T363] iterate_dir 2615 ns supermagic 62656572 fstype sysfs 	 path ata_device 	 file_inode 18563 
[    6.611832][  T363] iterate_dir 1832 ns supermagic 62656572 fstype sysfs 	 path ata_device 	 file_inode 18563 
[    6.615321][  T363] iterate_dir 1063 ns supermagic 62656572 fstype sysfs 	 path leds 	 file_inode 18668 
[    6.617205][  T363] iterate_dir 471 ns supermagic 62656572 fstype sysfs 	 path leds 	 file_inode 18668 
[    6.619082][  T363] iterate_dir 631 ns supermagic 62656572 fstype sysfs 	 path dax 	 file_inode 18545 
[    6.620949][  T363] iterate_dir 497 ns supermagic 62656572 fstype sysfs 	 path dax 	 file_inode 18545 
[    6.622806][  T363] iterate_dir 585 ns supermagic 62656572 fstype sysfs 	 path extcon 	 file_inode 33460 
[    6.624750][  T363] iterate_dir 489 ns supermagic 62656572 fstype sysfs 	 path extcon 	 file_inode 33460 
[    6.626673][  T363] iterate_dir 572 ns supermagic 62656572 fstype sysfs 	 path devfreq-event 	 file_inode 18676 
[    6.628702][  T363] iterate_dir 492 ns supermagic 62656572 fstype sysfs 	 path devfreq-event 	 file_inode 18676 
[    6.630743][  T363] iterate_dir 583 ns supermagic 62656572 fstype sysfs 	 path virtio-ports 	 file_inode 28760 
[    6.632745][  T363] iterate_dir 462 ns supermagic 62656572 fstype sysfs 	 path virtio-ports 	 file_inode 28760 
[    6.634761][  T363] iterate_dir 1084 ns supermagic 62656572 fstype sysfs 	 path net 	 file_inode 18689 
[    6.636728][  T363] iterate_dir 515 ns supermagic 62656572 fstype sysfs 	 path net 	 file_inode 18689 
[    6.638600][  T363] iterate_dir 600 ns supermagic 62656572 fstype sysfs 	 path rapidio_port 	 file_inode 11912 
[    6.640597][  T363] iterate_dir 479 ns supermagic 62656572 fstype sysfs 	 path rapidio_port 	 file_inode 11912 
[    6.642591][  T363] iterate_dir 1099 ns supermagic 62656572 fstype sysfs 	 path mdio_bus 	 file_inode 18564 
[    6.644633][  T363] iterate_dir 500 ns supermagic 62656572 fstype sysfs 	 path mdio_bus 	 file_inode 18564 
[    6.646464][  T363] iterate_dir 544 ns supermagic 62656572 fstype sysfs 	 path remoteproc 	 file_inode 18674 
[    6.648315][  T363] iterate_dir 608 ns supermagic 62656572 fstype sysfs 	 path remoteproc 	 file_inode 18674 
[    6.650174][  T363] iterate_dir 1111 ns supermagic 62656572 fstype sysfs 	 path pci_bus 	 file_inode 11898 
[    6.652062][  T363] iterate_dir 1635 ns supermagic 62656572 fstype sysfs 	 path pci_bus 	 file_inode 11898 
[    6.653903][  T363] iterate_dir 553 ns supermagic 62656572 fstype sysfs 	 path i2c-adapter 	 file_inode 12020 
[    6.655794][  T363] iterate_dir 662 ns supermagic 62656572 fstype sysfs 	 path i2c-adapter 	 file_inode 12020 
[    6.657753][  T363] iterate_dir 577 ns supermagic 62656572 fstype sysfs 	 path spi_slave 	 file_inode 12013 
[    6.659696][  T363] iterate_dir 967 ns supermagic 62656572 fstype sysfs 	 path spi_slave 	 file_inode 12013 
[    6.661635][  T363] iterate_dir 562 ns supermagic 62656572 fstype sysfs 	 path usb_role 	 file_inode 18606 
[    6.663572][  T363] iterate_dir 671 ns supermagic 62656572 fstype sysfs 	 path usb_role 	 file_inode 18606 
[    6.665497][  T363] iterate_dir 579 ns supermagic 62656572 fstype sysfs 	 path rfkill 	 file_inode 18777 
[    6.667402][  T363] iterate_dir 889 ns supermagic 62656572 fstype sysfs 	 path rfkill 	 file_inode 18777 
[    6.669309][  T363] iterate_dir 555 ns supermagic 62656572 fstype sysfs 	 path spi_master 	 file_inode 12012 
[    6.671300][  T363] iterate_dir 915 ns supermagic 62656572 fstype sysfs 	 path spi_master 	 file_inode 12012 
[    6.673280][  T363] iterate_dir 1510 ns supermagic 62656572 fstype sysfs 	 path ata_port 	 file_inode 18562 
[    6.675402][  T363] iterate_dir 898 ns supermagic 62656572 fstype sysfs 	 path ata_port 	 file_inode 18562 
[    6.677358][  T363] iterate_dir 588 ns supermagic 62656572 fstype sysfs 	 path scsi_disk 	 file_inode 32221 
[    6.679311][  T363] iterate_dir 911 ns supermagic 62656572 fstype sysfs 	 path scsi_disk 	 file_inode 32221 
[    6.681267][  T363] iterate_dir 571 ns supermagic 62656572 fstype sysfs 	 path devfreq 	 file_inode 18675 
[    6.683174][  T363] iterate_dir 876 ns supermagic 62656572 fstype sysfs 	 path devfreq 	 file_inode 18675 
[    6.685107][  T363] iterate_dir 1295 ns supermagic 62656572 fstype sysfs 	 path firmware 	 file_inode 20217 
[    6.687096][  T363] iterate_dir 852 ns supermagic 62656572 fstype sysfs 	 path firmware 	 file_inode 20217 
[    6.689073][  T363] iterate_dir 45749 ns supermagic 62656572 fstype sysfs 	 path tty 	 file_inode 11921 
[    6.697920][  T363] iterate_dir 1888 ns supermagic 62656572 fstype sysfs 	 path tty 	 file_inode 11921 
[    6.700149][  T363] iterate_dir 5157 ns supermagic 62656572 fstype sysfs 	 path bdi 	 file_inode 11891 
[    6.702587][  T363] iterate_dir 565 ns supermagic 62656572 fstype sysfs 	 path bdi 	 file_inode 11891 
[    6.704439][  T363] iterate_dir 591 ns supermagic 62656572 fstype sysfs 	 path power_supply 	 file_inode 18621 
[    6.706487][  T363] iterate_dir 1585 ns supermagic 62656572 fstype sysfs 	 path power_supply 	 file_inode 18621 
[    6.708533][  T363] iterate_dir 613 ns supermagic 62656572 fstype sysfs 	 path i2c-dev 	 file_inode 33320 
[    6.710510][  T363] iterate_dir 1096 ns supermagic 62656572 fstype sysfs 	 path i2c-dev 	 file_inode 33320 
[    6.712474][  T363] iterate_dir 4196 ns supermagic 62656572 fstype sysfs 	 path block 	 file_inode 15768 
[    6.714972][  T363] iterate_dir 947 ns supermagic 62656572 fstype sysfs 	 path block 	 file_inode 15768 
[    6.716900][  T363] iterate_dir 600 ns supermagic 62656572 fstype sysfs 	 path phy 	 file_inode 25939 
[    6.718758][  T363] iterate_dir 887 ns supermagic 62656572 fstype sysfs 	 path phy 	 file_inode 25939 
[    6.722052][  T363] iterate_dir 3976 ns supermagic 62656572 fstype sysfs 	 path input 	 file_inode 18613 
[    6.724440][  T363] iterate_dir 1833 ns supermagic 62656572 fstype sysfs 	 path input 	 file_inode 18613 
[    6.726330][  T363] iterate_dir 766 ns supermagic 62656572 fstype sysfs 	 path iommu 	 file_inode 11946 
[    6.728137][  T363] iterate_dir 526 ns supermagic 62656572 fstype sysfs 	 path iommu 	 file_inode 11946 
[    6.729923][  T363] iterate_dir 602 ns supermagic 62656572 fstype sysfs 	 path ptp 	 file_inode 18620 
[    6.731691][  T363] iterate_dir 1133 ns supermagic 62656572 fstype sysfs 	 path ptp 	 file_inode 18620 
[    6.733451][  T363] iterate_dir 579 ns supermagic 62656572 fstype sysfs 	 path bsg 	 file_inode 25928 
[    6.735223][  T363] iterate_dir 615 ns supermagic 62656572 fstype sysfs 	 path bsg 	 file_inode 25928 
[    6.736984][  T363] iterate_dir 1216 ns supermagic 62656572 fstype sysfs 	 path dmi 	 file_inode 12040 
[    6.738837][  T363] iterate_dir 953 ns supermagic 62656572 fstype sysfs 	 path dmi 	 file_inode 12040 
[    6.740710][  T363] iterate_dir 1459 ns supermagic 62656572 fstype sysfs 	 path scsi_host 	 file_inode 18553 
[    6.742841][  T363] iterate_dir 945 ns supermagic 62656572 fstype sysfs 	 path scsi_host 	 file_inode 18553 
[    6.744808][  T363] iterate_dir 1193 ns supermagic 62656572 fstype sysfs 	 path ppp 	 file_inode 32886 
[    6.746745][  T363] iterate_dir 924 ns supermagic 62656572 fstype sysfs 	 path ppp 	 file_inode 32886 
[    6.748589][  T363] iterate_dir 1129 ns supermagic 62656572 fstype sysfs 	 path rtc 	 file_inode 18614 
[    6.750449][  T363] iterate_dir 923 ns supermagic 62656572 fstype sysfs 	 path rtc 	 file_inode 18614 
[    6.752221][  T363] iterate_dir 577 ns supermagic 62656572 fstype sysfs 	 path hwmon 	 file_inode 18622 
[    6.754009][  T363] iterate_dir 474 ns supermagic 62656572 fstype sysfs 	 path hwmon 	 file_inode 18622 
[    6.755889][  T363] iterate_dir 3306 ns supermagic 62656572 fstype sysfs 	 path vc 	 file_inode 19111 
[    6.758195][  T363] iterate_dir 505 ns supermagic 62656572 fstype sysfs 	 path vc 	 file_inode 19111 
[    6.760070][  T363] iterate_dir 646 ns supermagic 62656572 fstype sysfs 	 path watchdog 	 file_inode 18794 
[    6.762014][  T363] iterate_dir 476 ns supermagic 62656572 fstype sysfs 	 path watchdog 	 file_inode 18794 
[    6.763973][  T363] iterate_dir 607 ns supermagic 62656572 fstype sysfs 	 path mmc_host 	 file_inode 18661 
[    6.765851][  T363] iterate_dir 462 ns supermagic 62656572 fstype sysfs 	 path mmc_host 	 file_inode 18661 
[    6.767709][  T363] iterate_dir 581 ns supermagic 62656572 fstype sysfs 	 path tpm 	 file_inode 18422 
[    6.769460][  T363] iterate_dir 441 ns supermagic 62656572 fstype sysfs 	 path tpm 	 file_inode 18422 
[    6.771256][  T363] iterate_dir 1129 ns supermagic 62656572 fstype sysfs 	 path class 	 file_inode 10 
[    6.802254][  T371] piix4_smbus 0000:00:01.3: SMBus Host Controller at 0x700, revision 0
[    6.809532][  T375] Floppy drive(s): fd0 is 2.88M AMI BIOS
[    6.816603][  T298] input: VirtualPS/2 VMware VMMouse as /devices/platform/i8042/serio1/input/input4
[    6.820620][  T298] input: VirtualPS/2 VMware VMMouse as /devices/platform/i8042/serio1/input/input3
[    6.825325][  T381] scsi host2: Virtio SCSI HBA
[    6.836060][  T375] FDC 0 is a S82078B
[    6.836879][  T276] scsi 2:0:0:0: Direct-Access     QEMU     QEMU HARDDISK    2.5+ PQ: 0 ANSI: 5
[    6.841787][  T380] nvme nvme0: pci function 0000:00:05.0
[    6.842182][  T360] cryptd: max_cpu_qlen set to 1000
[    6.859104][  T427] iterate_dir 68552 ns supermagic 9fa0 fstype proc 	 path fd 	 file_inode 46088 
[    6.859331][  T428] iterate_dir 71851 ns supermagic 9fa0 fstype proc 	 path fd 	 file_inode 1043 
[    6.859467][  T429] iterate_dir 83618 ns supermagic 9fa0 fstype proc 	 path fd 	 file_inode 39942 
[    6.859499][  T429] iterate_dir 1341 ns supermagic 9fa0 fstype proc 	 path fd 	 file_inode 39942 
[    6.860949][  T430] iterate_dir 67845 ns supermagic 9fa0 fstype proc 	 path fd 	 file_inode 23565 
[    6.860983][  T430] iterate_dir 771 ns supermagic 9fa0 fstype proc 	 path fd 	 file_inode 23565 
[    6.861098][  T431] iterate_dir 46956 ns supermagic 9fa0 fstype proc 	 path fd 	 file_inode 38920 
[    6.861116][  T431] iterate_dir 456 ns supermagic 9fa0 fstype proc 	 path fd 	 file_inode 38920 
[    6.861232][  T427] iterate_dir 1190 ns supermagic 9fa0 fstype proc 	 path fd 	 file_inode 46088 
[    6.861475][  T432] iterate_dir 55551 ns supermagic 9fa0 fstype proc 	 path fd 	 file_inode 34823 
[    6.861498][  T432] iterate_dir 445 ns supermagic 9fa0 fstype proc 	 path fd 	 file_inode 34823 
[    6.862121][  T435] iterate_dir 44173 ns supermagic 9fa0 fstype proc 	 path fd 	 file_inode 2055 
[    6.862140][  T435] iterate_dir 495 ns supermagic 9fa0 fstype proc 	 path fd 	 file_inode 2055 
[    6.862222][  T434] iterate_dir 73384 ns supermagic 9fa0 fstype proc 	 path fd 	 file_inode 47110 
[    6.862247][  T434] iterate_dir 745 ns supermagic 9fa0 fstype proc 	 path fd 	 file_inode 47110 
[    6.863388][  T436] iterate_dir 71320 ns supermagic 9fa0 fstype proc 	 path fd 	 file_inode 43021 
[    6.863415][  T436] iterate_dir 664 ns supermagic 9fa0 fstype proc 	 path fd 	 file_inode 43021 
[    6.865419][  T428] iterate_dir 1766 ns supermagic 9fa0 fstype proc 	 path fd 	 file_inode 1043 
[    6.867266][  T437] iterate_dir 109695 ns supermagic 9fa0 fstype proc 	 path fd 	 file_inode 29702 
[    6.867300][  T437] iterate_dir 693 ns supermagic 9fa0 fstype proc 	 path fd 	 file_inode 29702 
[    6.867586][  T436] iterate_dir 2220 ns supermagic 62656572 fstype sysfs 	 path slaves 	 file_inode 31591 
[    6.867591][  T436] iterate_dir 1384 ns supermagic 62656572 fstype sysfs 	 path slaves 	 file_inode 31591 
[    6.869854][  T439] iterate_dir 102568 ns supermagic 9fa0 fstype proc 	 path fd 	 file_inode 30730 
[    6.870510][  T440] iterate_dir 79415 ns supermagic 9fa0 fstype proc 	 path fd 	 file_inode 47129 
[    6.870541][  T440] iterate_dir 669 ns supermagic 9fa0 fstype proc 	 path fd 	 file_inode 47129 
[    6.871085][  T437] iterate_dir 2091 ns supermagic 62656572 fstype sysfs 	 path slaves 	 file_inode 31881 
[    6.871795][  T440] iterate_dir 1349 ns supermagic 62656572 fstype sysfs 	 path slaves 	 file_inode 31446 
[    6.871798][  T440] iterate_dir 443 ns supermagic 62656572 fstype sysfs 	 path slaves 	 file_inode 31446 
[    6.873820][  T443] iterate_dir 71339 ns supermagic 9fa0 fstype proc 	 path fd 	 file_inode 1060 
[    6.873917][  T439] iterate_dir 1705 ns supermagic 9fa0 fstype proc 	 path fd 	 file_inode 30730 
[    6.875972][  T439] iterate_dir 1444 ns supermagic 62656572 fstype sysfs 	 path slaves 	 file_inode 31301 
[    6.875976][  T439] iterate_dir 512 ns supermagic 62656572 fstype sysfs 	 path slaves 	 file_inode 31301 
[    6.876348][  T437] iterate_dir 2830 ns supermagic 62656572 fstype sysfs 	 path slaves 	 file_inode 31881 
[    6.878050][  T441] iterate_dir 53777 ns supermagic 9fa0 fstype proc 	 path fd 	 file_inode 37896 
[    6.878482][  T444] iterate_dir 96340 ns supermagic 9fa0 fstype proc 	 path fd 	 file_inode 38937 
[    6.878509][  T444] iterate_dir 625 ns supermagic 9fa0 fstype proc 	 path fd 	 file_inode 38937 
[    6.881437][  T444] iterate_dir 1225 ns supermagic 62656572 fstype sysfs 	 path slaves 	 file_inode 32026 
[    6.881440][  T444] iterate_dir 396 ns supermagic 62656572 fstype sysfs 	 path slaves 	 file_inode 32026 
[    6.882329][  T445] iterate_dir 57831 ns supermagic 9fa0 fstype proc 	 path fd 	 file_inode 40993 
[    6.882353][  T445] iterate_dir 583 ns supermagic 9fa0 fstype proc 	 path fd 	 file_inode 40993 
[    6.882770][  T441] iterate_dir 1450 ns supermagic 9fa0 fstype proc 	 path fd 	 file_inode 37896 
[    6.883474][  T445] iterate_dir 1202 ns supermagic 62656572 fstype sysfs 	 path slaves 	 file_inode 31156 
[    6.883477][  T445] iterate_dir 446 ns supermagic 62656572 fstype sysfs 	 path slaves 	 file_inode 31156 
[    6.888653][  T442] iterate_dir 37566 ns supermagic 62656572 fstype sysfs 	 path slots 	 file_inode 15825 
[    6.888804][  T443] iterate_dir 1101 ns supermagic 9fa0 fstype proc 	 path fd 	 file_inode 1060 
[    6.889901][  T443] iterate_dir 1335 ns supermagic 62656572 fstype sysfs 	 path slaves 	 file_inode 31011 
