[FEMU] Err: zone_size_log2 : 17 (64MB : 2^26, 512B = 2^9)
[FEMU] Log: ===========================================
[FEMU] Log: |        ConfZNS HW Configuration()       |
[FEMU] Log: ===========================================
[FEMU] Log: | nchnl       : 16   | nway      : 1   |
[FEMU] Log: | nchnl/zone  : 8   | nway/zone : 1   |
[FEMU] Log: | die/chip    : 1   |           :       |
[FEMU] Log: | plane/die   : 1   |           :       |
[FEMU] Log: | block       :       |           :       |
[FEMU] Log: | page        : 16KiB|           :       |
[FEMU] Log: ===========================================
[FEMU] Err: zns.c:1820 znssd_init(): nplanes 16 spp->ways 1 spp->planes_per_die 1             spp->dies_per_chip 1              spp->nchnls 16 
 [FEMU] Err: [TEST] zns.c:1767 slba:0  ppa:0 plane:0 chidx:0 chnnl:0 
[FEMU] Err: [TEST] zns.c:1767 slba:16  ppa:0 plane:0 chidx:0 chnnl:0 
[FEMU] Err: [TEST] zns.c:1767 slba:32  ppa:1 plane:1 chidx:1 chnnl:1 
[FEMU] Err: [TEST] zns.c:1767 slba:48  ppa:1 plane:1 chidx:1 chnnl:1 
[FEMU] Err: [TEST] zns.c:1767 slba:64  ppa:2 plane:2 chidx:2 chnnl:2 
[FEMU] Err: [TEST] zns.c:1767 slba:80  ppa:2 plane:2 chidx:2 chnnl:2 
[FEMU] Err: [TEST] zns.c:1767 slba:96  ppa:3 plane:3 chidx:3 chnnl:3 
[FEMU] Err: [TEST] zns.c:1767 slba:112  ppa:3 plane:3 chidx:3 chnnl:3 
[FEMU] Err: [TEST] zns.c:1767 slba:128  ppa:4 plane:4 chidx:4 chnnl:4 
[FEMU] Err: [TEST] zns.c:1767 slba:144  ppa:4 plane:4 chidx:4 chnnl:4 
[FEMU] Err: [TEST] zns.c:1767 slba:160  ppa:5 plane:5 chidx:5 chnnl:5 
[FEMU] Err: [TEST] zns.c:1767 slba:176  ppa:5 plane:5 chidx:5 chnnl:5 
[FEMU] Err: [TEST] zns.c:1767 slba:192  ppa:6 plane:6 chidx:6 chnnl:6 
[FEMU] Err: [TEST] zns.c:1767 slba:208  ppa:6 plane:6 chidx:6 chnnl:6 
[FEMU] Err: [TEST] zns.c:1767 slba:224  ppa:7 plane:7 chidx:7 chnnl:7 
[FEMU] Err: [TEST] zns.c:1767 slba:240  ppa:7 plane:7 chidx:7 chnnl:7 
[FEMU] Err: [TEST] zns.c:1767 slba:256  ppa:16 plane:0 chidx:0 chnnl:0 
[FEMU] Err: [TEST] zns.c:1767 slba:272  ppa:16 plane:0 chidx:0 chnnl:0 
[FEMU] Err: [TEST] zns.c:1767 slba:288  ppa:17 plane:1 chidx:1 chnnl:1 
[FEMU] Err: [TEST] zns.c:1767 slba:304  ppa:17 plane:1 chidx:1 chnnl:1 
[FEMU] Err: [TEST] zns.c:1767 slba:320  ppa:18 plane:2 chidx:2 chnnl:2 
[FEMU] Err: [TEST] zns.c:1767 slba:336  ppa:18 plane:2 chidx:2 chnnl:2 
[FEMU] Err: [TEST] zns.c:1767 slba:352  ppa:19 plane:3 chidx:3 chnnl:3 
[FEMU] Err: [TEST] zns.c:1767 slba:368  ppa:19 plane:3 chidx:3 chnnl:3 
[FEMU] Err: [TEST] zns.c:1767 slba:384  ppa:20 plane:4 chidx:4 chnnl:4 
[FEMU] Err: [TEST] zns.c:1767 slba:400  ppa:20 plane:4 chidx:4 chnnl:4 
[FEMU] Err: [TEST] zns.c:1767 slba:416  ppa:21 plane:5 chidx:5 chnnl:5 
[FEMU] Err: [TEST] zns.c:1767 slba:432  ppa:21 plane:5 chidx:5 chnnl:5 
[FEMU] Err: [TEST] zns.c:1767 slba:448  ppa:22 plane:6 chidx:6 chnnl:6 
[FEMU] Err: [TEST] zns.c:1767 slba:464  ppa:22 plane:6 chidx:6 chnnl:6 
[FEMU] Err: [TEST] zns.c:1767 slba:480  ppa:23 plane:7 chidx:7 chnnl:7 
[FEMU] Err: [TEST] zns.c:1767 slba:496  ppa:23 plane:7 chidx:7 chnnl:7 
[FEMU] Err: [TEST] zns.c:1767 slba:512  ppa:32 plane:0 chidx:0 chnnl:0 
[FEMU] Err: [TEST] zns.c:1767 slba:528  ppa:32 plane:0 chidx:0 chnnl:0 
[FEMU] Err: [TEST] zns.c:1767 slba:544  ppa:33 plane:1 chidx:1 chnnl:1 
[FEMU] Err: [TEST] zns.c:1767 slba:560  ppa:33 plane:1 chidx:1 chnnl:1 
[FEMU] Err: [TEST] zns.c:1767 slba:576  ppa:34 plane:2 chidx:2 chnnl:2 
[FEMU] Err: [TEST] zns.c:1767 slba:592  ppa:34 plane:2 chidx:2 chnnl:2 
[FEMU] Err: [TEST] zns.c:1767 slba:608  ppa:35 plane:3 chidx:3 chnnl:3 
[FEMU] Err: [TEST] zns.c:1767 slba:624  ppa:35 plane:3 chidx:3 chnnl:3 
[FEMU] Err: [TEST] zns.c:1767 slba:640  ppa:36 plane:4 chidx:4 chnnl:4 
[FEMU] Err: [TEST] zns.c:1767 slba:656  ppa:36 plane:4 chidx:4 chnnl:4 
[FEMU] Err: [TEST] zns.c:1767 slba:672  ppa:37 plane:5 chidx:5 chnnl:5 
[FEMU] Err: [TEST] zns.c:1767 slba:688  ppa:37 plane:5 chidx:5 chnnl:5 
[FEMU] Err: [TEST] zns.c:1767 slba:704  ppa:38 plane:6 chidx:6 chnnl:6 
[FEMU] Err: [TEST] zns.c:1767 slba:720  ppa:38 plane:6 chidx:6 chnnl:6 
[FEMU] Err: [TEST] zns.c:1767 slba:736  ppa:39 plane:7 chidx:7 chnnl:7 
[FEMU] Err: [TEST] zns.c:1767 slba:752  ppa:39 plane:7 chidx:7 chnnl:7 
[FEMU] Err: [TEST] zns.c:1767 slba:768  ppa:48 plane:0 chidx:0 chnnl:0 
[FEMU] Err: [TEST] zns.c:1767 slba:784  ppa:48 plane:0 chidx:0 chnnl:0 
[FEMU] Err: [TEST] zns.c:1767 slba:800  ppa:49 plane:1 chidx:1 chnnl:1 
[FEMU] Err: [TEST] zns.c:1767 slba:816  ppa:49 plane:1 chidx:1 chnnl:1 
[FEMU] Err: [TEST] zns.c:1767 slba:832  ppa:50 plane:2 chidx:2 chnnl:2 
[FEMU] Err: [TEST] zns.c:1767 slba:848  ppa:50 plane:2 chidx:2 chnnl:2 
[FEMU] Err: [TEST] zns.c:1767 slba:864  ppa:51 plane:3 chidx:3 chnnl:3 
[FEMU] Err: [TEST] zns.c:1767 slba:880  ppa:51 plane:3 chidx:3 chnnl:3 
[FEMU] Err: [TEST] zns.c:1767 slba:896  ppa:52 plane:4 chidx:4 chnnl:4 
[FEMU] Err: [TEST] zns.c:1767 slba:912  ppa:52 plane:4 chidx:4 chnnl:4 
[FEMU] Err: [TEST] zns.c:1767 slba:928  ppa:53 plane:5 chidx:5 chnnl:5 
[FEMU] Err: [TEST] zns.c:1767 slba:944  ppa:53 plane:5 chidx:5 chnnl:5 
[FEMU] Err: [TEST] zns.c:1767 slba:960  ppa:54 plane:6 chidx:6 chnnl:6 
[FEMU] Err: [TEST] zns.c:1767 slba:976  ppa:54 plane:6 chidx:6 chnnl:6 
[FEMU] Err: [TEST] zns.c:1767 slba:992  ppa:55 plane:7 chidx:7 chnnl:7 
[FEMU] Err: [TEST] zns.c:1767 slba:1008  ppa:55 plane:7 chidx:7 chnnl:7 
[FEMU] Err: [TEST] zns.c:1767 slba:1024  ppa:64 plane:0 chidx:0 chnnl:0 
[FEMU] Err: [TEST] zns.c:1767 slba:1040  ppa:64 plane:0 chidx:0 chnnl:0 
[FEMU] Err: [TEST] zns.c:1767 slba:1056  ppa:65 plane:1 chidx:1 chnnl:1 
[FEMU] Err: [TEST] zns.c:1767 slba:1072  ppa:65 plane:1 chidx:1 chnnl:1 
[FEMU] Err: [TEST] zns.c:1767 slba:1088  ppa:66 plane:2 chidx:2 chnnl:2 
[FEMU] Err: [TEST] zns.c:1767 slba:1104  ppa:66 plane:2 chidx:2 chnnl:2 
[FEMU] Err: [TEST] zns.c:1767 slba:1120  ppa:67 plane:3 chidx:3 chnnl:3 
[FEMU] Err: [TEST] zns.c:1767 slba:1136  ppa:67 plane:3 chidx:3 chnnl:3 
[FEMU] Err: [TEST] zns.c:1767 slba:1152  ppa:68 plane:4 chidx:4 chnnl:4 
[FEMU] Err: [TEST] zns.c:1767 slba:1168  ppa:68 plane:4 chidx:4 chnnl:4 
[FEMU] Err: [TEST] zns.c:1767 slba:1184  ppa:69 plane:5 chidx:5 chnnl:5 
[FEMU] Err: [TEST] zns.c:1767 slba:1200  ppa:69 plane:5 chidx:5 chnnl:5 
[FEMU] Err: [TEST] zns.c:1767 slba:1216  ppa:70 plane:6 chidx:6 chnnl:6 
[FEMU] Err: [TEST] zns.c:1767 slba:1232  ppa:70 plane:6 chidx:6 chnnl:6 
[FEMU] Err: [TEST] zns.c:1767 slba:1248  ppa:71 plane:7 chidx:7 chnnl:7 
[FEMU] Err: [TEST] zns.c:1767 slba:1264  ppa:71 plane:7 chidx:7 chnnl:7 
[FEMU] Err: [TEST] zns.c:1767 slba:1280  ppa:80 plane:0 chidx:0 chnnl:0 
[FEMU] Err: [TEST] zns.c:1767 slba:1296  ppa:80 plane:0 chidx:0 chnnl:0 
[FEMU] Err: [TEST] zns.c:1767 slba:1312  ppa:81 plane:1 chidx:1 chnnl:1 
[FEMU] Err: [TEST] zns.c:1767 slba:1328  ppa:81 plane:1 chidx:1 chnnl:1 
[FEMU] Err: [TEST] zns.c:1767 slba:1344  ppa:82 plane:2 chidx:2 chnnl:2 
[FEMU] Err: [TEST] zns.c:1767 slba:1360  ppa:82 plane:2 chidx:2 chnnl:2 
[FEMU] Err: [TEST] zns.c:1767 slba:1376  ppa:83 plane:3 chidx:3 chnnl:3 
[FEMU] Err: [TEST] zns.c:1767 slba:1392  ppa:83 plane:3 chidx:3 chnnl:3 
[FEMU] Err: [TEST] zns.c:1767 slba:1408  ppa:84 plane:4 chidx:4 chnnl:4 
[FEMU] Err: [TEST] zns.c:1767 slba:1424  ppa:84 plane:4 chidx:4 chnnl:4 
[FEMU] Err: [TEST] zns.c:1767 slba:1440  ppa:85 plane:5 chidx:5 chnnl:5 
[FEMU] Err: [TEST] zns.c:1767 slba:1456  ppa:85 plane:5 chidx:5 chnnl:5 
[FEMU] Err: [TEST] zns.c:1767 slba:1472  ppa:86 plane:6 chidx:6 chnnl:6 
[FEMU] Err: [TEST] zns.c:1767 slba:1488  ppa:86 plane:6 chidx:6 chnnl:6 
[FEMU] Err: [TEST] zns.c:1767 slba:1504  ppa:87 plane:7 chidx:7 chnnl:7 
[FEMU] Err: [TEST] zns.c:1767 slba:1520  ppa:87 plane:7 chidx:7 chnnl:7 
[FEMU] Err: [TEST] zns.c:1767 slba:1536  ppa:96 plane:0 chidx:0 chnnl:0 
[FEMU] Err: [TEST] zns.c:1767 slba:1552  ppa:96 plane:0 chidx:0 chnnl:0 
[FEMU] Err: [TEST] zns.c:1767 slba:1568  ppa:97 plane:1 chidx:1 chnnl:1 
[FEMU] Err: [TEST] zns.c:1767 slba:1584  ppa:97 plane:1 chidx:1 chnnl:1 
c[?7l[2J[0mSeaBIOS (version rel-1.16.0-0-gd239552ce722-prebuilt.qemu.org)
[FEMU] Err: NVMe sq priority 0 qflags 1 nvme-admin.c:129


iPXE (http://ipxe.org) 00:03.0 CA00 PCI2.10 PnP PMM+BFF910C0+BFEF10C0 CA00
Press Ctrl-B to configure iPXE (PCI 00:03.0)...                                                                               


Booting from Hard Disk...
[H[J[1;1H[?25l[m[H[J[1;1H[2;30HGNU GRUB  version 2.04

[m[4;2H+----------------------------------------------------------------------------+[5;2H|[5;79H|[6;2H|[6;79H|[7;2H|[7;79H|[8;2H|[8;79H|[9;2H|[9;79H|[10;2H|[10;79H|[11;2H|[11;79H|[12;2H|[12;79H|[13;2H|[13;79H|[14;2H|[14;79H|[15;2H|[15;79H|[16;2H|[16;79H|[17;2H+----------------------------------------------------------------------------+[m[18;2H[19;2H[m     Use the ^ and v keys to select which entry is highlighted.          
      Press enter to boot the selected OS, `e' to edit the commands       
      before booting or `c' for a command-line.                           [5;80H [m[5;3H Ubuntu                                                                     [m[5;78H[m[7m[6;3H*Advanced options for Ubuntu                                                [m[6;78H[m[m[7;3H                                                                            [m[7;78H[m[m[8;3H                                                                            [m[8;78H[m[m[9;3H                                                                            [m[9;78H[m[m[10;3H                                                                            [m[10;78H[m[m[11;3H                                                                            [m[11;78H[m[m[12;3H                                                                            [m[12;78H[m[m[13;3H                                                                            [m[13;78H[m[m[14;3H                                                                            [m[14;78H[m[m[15;3H                                                                            [m[15;78H[m[m[16;3H                                                                            [m[16;78H[m[16;80H [6;78H[22;1H   The highlighted entry will be executed automatically in 5s.                 [6;78H[22;1H   The highlighted entry will be executed automatically in 4s.                 [6;78H[22;1H   The highlighted entry will be executed automatically in 3s.                 [6;78H[22;1H   The highlighted entry will be executed automatically in 2s.                 [6;78H[22;1H   The highlighted entry will be executed automatically in 1s.                 [6;78H[22;1H   The highlighted entry will be executed automatically in 0s.                 [6;78H[?25h[H[J[1;1H[H[J[1;1HLoading Linux 5.10.2 ...
Loading initial ramdisk ...
[    0.000000] Linux version 5.10.2 (root@inhoinnofemu) (gcc (Ubuntu 9.4.0-1ubuntu1~20.04.1) 9.4.0, GNU ld (GNU Binutils for Ubuntu) 2.34) #8 SMP Mon May 15 12:44:40 UTC 2023
[    0.000000] Command line: BOOT_IMAGE=/vmlinuz-5.10.2 root=/dev/mapper/ubuntu--vg-ubuntu--lv ro ip=dhcp console=ttyS0, 38400 console=tty console=ttyS0 maybe-ubiquity
[    0.000000] KERNEL supported cpus:
[    0.000000]   Intel GenuineIntel
[    0.000000]   AMD AuthenticAMD
[    0.000000]   Hygon HygonGenuine
[    0.000000]   Centaur CentaurHauls
[    0.000000]   zhaoxin   Shanghai  
[    0.000000] x86/fpu: Supporting XSAVE feature 0x001: 'x87 floating point registers'
[    0.000000] x86/fpu: Supporting XSAVE feature 0x002: 'SSE registers'
[    0.000000] x86/fpu: Supporting XSAVE feature 0x004: 'AVX registers'
[    0.000000] x86/fpu: Supporting XSAVE feature 0x020: 'AVX-512 opmask'
[    0.000000] x86/fpu: Supporting XSAVE feature 0x040: 'AVX-512 Hi256'
[    0.000000] x86/fpu: Supporting XSAVE feature 0x080: 'AVX-512 ZMM_Hi256'
[    0.000000] x86/fpu: Supporting XSAVE feature 0x200: 'Protection Keys User registers'
[    0.000000] x86/fpu: xstate_offset[2]:  576, xstate_sizes[2]:  256
[    0.000000] x86/fpu: xstate_offset[5]:  832, xstate_sizes[5]:   64
[    0.000000] x86/fpu: xstate_offset[6]:  896, xstate_sizes[6]:  512
[    0.000000] x86/fpu: xstate_offset[7]: 1408, xstate_sizes[7]: 1024
[    0.000000] x86/fpu: xstate_offset[9]: 2432, xstate_sizes[9]:    8
[    0.000000] x86/fpu: Enabled xstate features 0x2e7, context size is 2440 bytes, using 'compacted' format.
[    0.000000] BIOS-provided physical RAM map:
[    0.000000] BIOS-e820: [mem 0x0000000000000000-0x000000000009fbff] usable
[    0.000000] BIOS-e820: [mem 0x000000000009fc00-0x000000000009ffff] reserved
[    0.000000] BIOS-e820: [mem 0x00000000000f0000-0x00000000000fffff] reserved
[    0.000000] BIOS-e820: [mem 0x0000000000100000-0x00000000bffd3fff] usable
[    0.000000] BIOS-e820: [mem 0x00000000bffd4000-0x00000000bfffffff] reserved
[    0.000000] BIOS-e820: [mem 0x00000000feffc000-0x00000000feffffff] reserved
[    0.000000] BIOS-e820: [mem 0x00000000fffc0000-0x00000000ffffffff] reserved
[    0.000000] BIOS-e820: [mem 0x0000000100000000-0x000000903fffffff] usable
[    0.000000] NX (Execute Disable) protection: active
[    0.000000] SMBIOS 2.8 present.
[    0.000000] DMI: QEMU Standard PC (i440FX + PIIX, 1996), BIOS rel-1.16.0-0-gd239552ce722-prebuilt.qemu.org 04/01/2014
[    0.000000] Hypervisor detected: KVM
[    0.000000] kvm-clock: Using msrs 4b564d01 and 4b564d00
[    0.000000] kvm-clock: cpu 0, msr 3735201001, primary cpu clock
[    0.000000] kvm-clock: using sched offset of 8483777245 cycles
[    0.000003] clocksource: kvm-clock: mask: 0xffffffffffffffff max_cycles: 0x1cd42e4dffb, max_idle_ns: 881590591483 ns
[    0.000006] tsc: Detected 2399.998 MHz processor
[    0.001268] last_pfn = 0x9040000 max_arch_pfn = 0x10000000000
[    0.001390] x86/PAT: Configuration [0-7]: WB  WC  UC- UC  WB  WP  UC- WT  
[    0.001407] last_pfn = 0xbffd4 max_arch_pfn = 0x10000000000
[    0.008539] found SMP MP-table at [mem 0x000f5b90-0x000f5b9f]
[    0.008937] check: Scanning 1 areas for low memory corruption
[    0.008995] Using GB pages for direct mapping
[    0.009196] RAMDISK: [mem 0x2ce81000-0x32737fff]
[    0.009224] ACPI: Early table checksum verification disabled
[    0.009228] ACPI: RSDP 0x00000000000F5B50 000014 (v00 BOCHS )
[    0.009233] ACPI: RSDT 0x00000000BFFE1B33 000034 (v01 BOCHS  BXPC     00000001 BXPC 00000001)
[    0.009241] ACPI: FACP 0x00000000BFFE18EF 000074 (v01 BOCHS  BXPC     00000001 BXPC 00000001)
[    0.009248] ACPI: DSDT 0x00000000BFFDF700 0021EF (v01 BOCHS  BXPC     00000001 BXPC 00000001)
[    0.009252] ACPI: FACS 0x00000000BFFDF6C0 000040
[    0.009256] ACPI: APIC 0x00000000BFFE1963 000170 (v01 BOCHS  BXPC     00000001 BXPC 00000001)
[    0.009260] ACPI: HPET 0x00000000BFFE1AD3 000038 (v01 BOCHS  BXPC     00000001 BXPC 00000001)
[    0.009264] ACPI: WAET 0x00000000BFFE1B0B 000028 (v01 BOCHS  BXPC     00000001 BXPC 00000001)
[    0.009705] No NUMA configuration found
[    0.009707] Faking a node at [mem 0x0000000000000000-0x000000903fffffff]
[    0.009715] NODE_DATA(0) allocated [mem 0x903ffd6000-0x903fffffff]
[    0.011292] Zone ranges:
[    0.011294]   DMA      [mem 0x0000000000001000-0x0000000000ffffff]
[    0.011296]   DMA32    [mem 0x0000000001000000-0x00000000ffffffff]
[    0.011298]   Normal   [mem 0x0000000100000000-0x000000903fffffff]
[    0.011300]   Device   empty
[    0.011301] Movable zone start for each node
[    0.011305] Early memory node ranges
[    0.011306]   node   0: [mem 0x0000000000001000-0x000000000009efff]
[    0.011308]   node   0: [mem 0x0000000000100000-0x00000000bffd3fff]
[    0.011309]   node   0: [mem 0x0000000100000000-0x000000903fffffff]
[    0.012599] Zeroed struct page in unavailable ranges: 142 pages
[    0.012600] Initmem setup node 0 [mem 0x0000000000001000-0x000000903fffffff]
[    2.098377] ACPI: PM-Timer IO Port: 0x608
[    2.098398] ACPI: LAPIC_NMI (acpi_id[0xff] dfl dfl lint[0x1])
[    2.098440] IOAPIC[0]: apic_id 0, version 17, address 0xfec00000, GSI 0-23
[    2.098442] ACPI: INT_SRC_OVR (bus 0 bus_irq 0 global_irq 2 dfl dfl)
[    2.098443] ACPI: INT_SRC_OVR (bus 0 bus_irq 5 global_irq 5 high level)
[    2.098445] ACPI: INT_SRC_OVR (bus 0 bus_irq 9 global_irq 9 high level)
[    2.098446] ACPI: INT_SRC_OVR (bus 0 bus_irq 10 global_irq 10 high level)
[    2.098447] ACPI: INT_SRC_OVR (bus 0 bus_irq 11 global_irq 11 high level)
[    2.098453] Using ACPI (MADT) for SMP configuration information
[    2.098454] ACPI: HPET id: 0x8086a201 base: 0xfed00000
[    2.098458] TSC deadline timer available
[    2.098460] smpboot: Allowing 32 CPUs, 0 hotplug CPUs
[    2.098474] kvm-guest: KVM setup pv remote TLB flush
[    2.098483] kvm-guest: setup PV sched yield
[    2.098490] PM: hibernation: Registered nosave memory: [mem 0x00000000-0x00000fff]
[    2.098491] PM: hibernation: Registered nosave memory: [mem 0x0009f000-0x0009ffff]
[    2.098492] PM: hibernation: Registered nosave memory: [mem 0x000a0000-0x000effff]
[    2.098492] PM: hibernation: Registered nosave memory: [mem 0x000f0000-0x000fffff]
[    2.098493] PM: hibernation: Registered nosave memory: [mem 0xbffd4000-0xbfffffff]
[    2.098494] PM: hibernation: Registered nosave memory: [mem 0xc0000000-0xfeffbfff]
[    2.098495] PM: hibernation: Registered nosave memory: [mem 0xfeffc000-0xfeffffff]
[    2.098495] PM: hibernation: Registered nosave memory: [mem 0xff000000-0xfffbffff]
[    2.098496] PM: hibernation: Registered nosave memory: [mem 0xfffc0000-0xffffffff]
[    2.098498] [mem 0xc0000000-0xfeffbfff] available for PCI devices
[    2.098499] Booting paravirtualized kernel on KVM
[    2.098501] clocksource: refined-jiffies: mask: 0xffffffff max_cycles: 0xffffffff, max_idle_ns: 7645519600211568 ns
[    2.098511] setup_percpu: NR_CPUS:8192 nr_cpumask_bits:32 nr_cpu_ids:32 nr_node_ids:1
[    2.100284] percpu: Embedded 56 pages/cpu s192512 r8192 d28672 u262144
[    2.100328] kvm-guest: stealtime: cpu 0, msr 8dff62e080
[    2.100333] kvm-guest: PV spinlocks enabled
[    2.100336] PV qspinlock hash table entries: 256 (order: 0, 4096 bytes, linear)
[    2.100345] Built 1 zonelists, mobility grouping on.  Total pages: 148635485
[    2.100346] Policy zone: Normal
[    2.100348] Kernel command line: BOOT_IMAGE=/vmlinuz-5.10.2 root=/dev/mapper/ubuntu--vg-ubuntu--lv ro ip=dhcp console=ttyS0, 38400 console=tty console=ttyS0 maybe-ubiquity
[    2.148032] Dentry cache hash table entries: 33554432 (order: 16, 268435456 bytes, linear)
[    2.171956] Inode-cache hash table entries: 16777216 (order: 15, 134217728 bytes, linear)
[    2.172401] mem auto-init: stack:off, heap alloc:on, heap free:off
[    3.179485] Memory: 593948184K/603979208K available (14345K kernel code, 3490K rwdata, 5336K rodata, 2664K init, 5992K bss, 10030820K reserved, 0K cma-reserved)
[    3.179494] random: get_random_u64 called from __kmem_cache_create+0x31/0x430 with crng_init=0
[    3.179595] SLUB: HWalign=64, Order=0-3, MinObjects=0, CPUs=32, Nodes=1
[    3.179605] ftrace: allocating 47861 entries in 187 pages
[    3.192071] ftrace: allocated 187 pages with 6 groups
[    3.192584] rcu: Hierarchical RCU implementation.
[    3.192586] rcu: 	RCU restricting CPUs from NR_CPUS=8192 to nr_cpu_ids=32.
[    3.192587] 	Rude variant of Tasks RCU enabled.
[    3.192588] 	Tracing variant of Tasks RCU enabled.
[    3.192589] rcu: RCU calculated value of scheduler-enlistment delay is 25 jiffies.
[    3.192589] rcu: Adjusting geometry for rcu_fanout_leaf=16, nr_cpu_ids=32
[    3.195426] NR_IRQS: 524544, nr_irqs: 680, preallocated irqs: 16
[    3.195626] random: crng done (trusting CPU's manufacturer)
[    3.208302] Console: colour VGA+ 80x25
[    3.241110] printk: console [tty0] enabled
[    3.316169] printk: console [ttyS0] enabled
[    3.316809] ACPI: Core revision 20200925
[    3.317507] clocksource: hpet: mask: 0xffffffff max_cycles: 0xffffffff, max_idle_ns: 19112604467 ns
[    3.318868] APIC: Switch to symmetric I/O mode setup
[    3.319966] x2apic enabled
[    3.320680] Switched APIC routing to physical x2apic.
[    3.321411] kvm-guest: setup PV IPIs
[    3.323051] ..TIMER: vector=0x30 apic1=0 pin1=2 apic2=-1 pin2=-1
[    3.323949] clocksource: tsc-early: mask: 0xffffffffffffffff max_cycles: 0x229835b7123, max_idle_ns: 440795242976 ns
[    3.325426] Calibrating delay loop (skipped) preset value.. 4799.99 BogoMIPS (lpj=9599992)
[    3.326632] pid_max: default: 32768 minimum: 301
[    3.329454] LSM: Security Framework initializing
[    3.330162] Yama: becoming mindful.
[    3.330737] AppArmor: AppArmor initialized
[    3.332205] Mount-cache hash table entries: 524288 (order: 10, 4194304 bytes, linear)
[    3.334239] Mountpoint-cache hash table entries: 524288 (order: 10, 4194304 bytes, linear)
[    3.335736] x86/cpu: User Mode Instruction Prevention (UMIP) activated
[    3.336739] Last level iTLB entries: 4KB 0, 2MB 0, 4MB 0
[    3.337426] Last level dTLB entries: 4KB 0, 2MB 0, 4MB 0, 1GB 0
[    3.338240] Spectre V1 : Mitigation: usercopy/swapgs barriers and __user pointer sanitization
[    3.339399] Spectre V2 : Mitigation: Enhanced IBRS
[    3.340018] Spectre V2 : Spectre v2 / SpectreRSB mitigation: Filling RSB on context switch
[    3.341426] Spectre V2 : mitigation: Enabling conditional Indirect Branch Prediction Barrier
[    3.342462] Speculative Store Bypass: Mitigation: Speculative Store Bypass disabled via prctl and seccomp
[    3.343910] Freeing SMP alternatives memory: 40K
[    3.346308] smpboot: CPU0: Intel(R) Xeon(R) Silver 4314 CPU @ 2.40GHz (family: 0x6, model: 0x6a, stepping: 0x6)
[    3.347609] Performance Events: Icelake events, Intel PMU driver.
[    3.348446] ... version:                2
[    3.349424] ... bit width:              48
[    3.349428] ... generic registers:      8
[    3.349988] ... value mask:             0000ffffffffffff
[    3.350689] ... max period:             000000007fffffff
[    3.351406] ... fixed-purpose events:   4
[    3.351974] ... event mask:             0000000f000000ff
[    3.352759] rcu: Hierarchical SRCU implementation.
[    3.353947] smp: Bringing up secondary CPUs ...
[    3.354668] x86: Booting SMP configuration:
[    3.357429] .... node  #0, CPUs:        #1
[    0.129831] kvm-clock: cpu 1, msr 3735201041, secondary cpu clock
[    3.360262] kvm-guest: stealtime: cpu 1, msr 8dff66e080
[    3.365953]   #2
[    0.129831] kvm-clock: cpu 2, msr 3735201081, secondary cpu clock
[    3.367325] kvm-guest: stealtime: cpu 2, msr 8dff6ae080
[    3.369547]   #3
[    0.129831] kvm-clock: cpu 3, msr 37352010c1, secondary cpu clock
[    3.373731] kvm-guest: stealtime: cpu 3, msr 8dff6ee080
[    3.377582]   #4
[    0.129831] kvm-clock: cpu 4, msr 3735201101, secondary cpu clock
[    3.378549] kvm-guest: stealtime: cpu 4, msr 8dff72e080
[    3.381568]   #5
[    0.129831] kvm-clock: cpu 5, msr 3735201141, secondary cpu clock
[    3.385892] kvm-guest: stealtime: cpu 5, msr 8dff76e080
[    3.389589]   #6
[    0.129831] kvm-clock: cpu 6, msr 3735201181, secondary cpu clock
[    3.393840] kvm-guest: stealtime: cpu 6, msr 8dff7ae080
[    3.397612]   #7
[    0.129831] kvm-clock: cpu 7, msr 37352011c1, secondary cpu clock
[    3.401482] kvm-guest: stealtime: cpu 7, msr 8dff7ee080
[    3.405617]   #8
[    0.129831] kvm-clock: cpu 8, msr 3735201201, secondary cpu clock
[    3.407586] kvm-guest: stealtime: cpu 8, msr 8dff82e080
[    3.413573]   #9
[    0.129831] kvm-clock: cpu 9, msr 3735201241, secondary cpu clock
[    3.414822] kvm-guest: stealtime: cpu 9, msr 8dff86e080
[    3.417584]  #10
[    0.129831] kvm-clock: cpu 10, msr 3735201281, secondary cpu clock
[    3.423218] kvm-guest: stealtime: cpu 10, msr 8dff8ae080
[    3.429483]  #11
[    0.129831] kvm-clock: cpu 11, msr 37352012c1, secondary cpu clock
[    3.431146] kvm-guest: stealtime: cpu 11, msr 8dff8ee080
[    3.433604]  #12
[    0.129831] kvm-clock: cpu 12, msr 3735201301, secondary cpu clock
[    3.438476] kvm-guest: stealtime: cpu 12, msr 8dff92e080
[    3.441554]  #13
[    0.129831] kvm-clock: cpu 13, msr 3735201341, secondary cpu clock
[    3.442601] kvm-guest: stealtime: cpu 13, msr 8dff96e080
[    3.445549]  #14
[    0.129831] kvm-clock: cpu 14, msr 3735201381, secondary cpu clock
[    3.449481] kvm-guest: stealtime: cpu 14, msr 8dff9ae080
[    3.453579]  #15
[    0.129831] kvm-clock: cpu 15, msr 37352013c1, secondary cpu clock
[    3.455265] kvm-guest: stealtime: cpu 15, msr 8dff9ee080
[    3.457757]  #16
[    0.129831] kvm-clock: cpu 16, msr 3735201401, secondary cpu clock
[    3.462218] kvm-guest: stealtime: cpu 16, msr 8dffa2e080
[    3.465750]  #17
[    0.129831] kvm-clock: cpu 17, msr 3735201441, secondary cpu clock
[    3.467624] kvm-guest: stealtime: cpu 17, msr 8dffa6e080
[    3.473611]  #18
[    0.129831] kvm-clock: cpu 18, msr 3735201481, secondary cpu clock
[    3.475470] kvm-guest: stealtime: cpu 18, msr 8dffaae080
[    3.481594]  #19
[    0.129831] kvm-clock: cpu 19, msr 37352014c1, secondary cpu clock
[    3.483322] kvm-guest: stealtime: cpu 19, msr 8dffaee080
[    3.485698]  #20
[    0.129831] kvm-clock: cpu 20, msr 3735201501, secondary cpu clock
[    3.490412] kvm-guest: stealtime: cpu 20, msr 8dffb2e080
[    3.493591]  #21
[    0.129831] kvm-clock: cpu 21, msr 3735201541, secondary cpu clock
[    3.495433] kvm-guest: stealtime: cpu 21, msr 8dffb6e080
[    3.502048]  #22
[    0.129831] kvm-clock: cpu 22, msr 3735201581, secondary cpu clock
[    3.503722] kvm-guest: stealtime: cpu 22, msr 8dffbae080
[    3.509706]  #23
[    0.129831] kvm-clock: cpu 23, msr 37352015c1, secondary cpu clock
[    3.511684] kvm-guest: stealtime: cpu 23, msr 8dffbee080
[    3.517779]  #24
[    0.129831] kvm-clock: cpu 24, msr 3735201601, secondary cpu clock
[    3.519560] kvm-guest: stealtime: cpu 24, msr 8dffc2e080
[    3.521741]  #25
[    0.129831] kvm-clock: cpu 25, msr 3735201641, secondary cpu clock
[    3.526167] kvm-guest: stealtime: cpu 25, msr 8dffc6e080
[    3.528336]  #26
[    0.129831] kvm-clock: cpu 26, msr 3735201681, secondary cpu clock
[    3.531127] kvm-guest: stealtime: cpu 26, msr 8dffcae080
[    3.533598]  #27
[    0.129831] kvm-clock: cpu 27, msr 37352016c1, secondary cpu clock
[    3.537465] kvm-guest: stealtime: cpu 27, msr 8dffcee080
[    3.540302]  #28
[    0.129831] kvm-clock: cpu 28, msr 3735201701, secondary cpu clock
[    3.541996] kvm-guest: stealtime: cpu 28, msr 8dffd2e080
[    3.545455]  #29
[    0.129831] kvm-clock: cpu 29, msr 3735201741, secondary cpu clock
[    3.547026] kvm-guest: stealtime: cpu 29, msr 8dffd6e080
[    3.549610]  #30
[    0.129831] kvm-clock: cpu 30, msr 3735201781, secondary cpu clock
[    3.553847] kvm-guest: stealtime: cpu 30, msr 8dffdae080
[    3.557625]  #31
[    0.129831] kvm-clock: cpu 31, msr 37352017c1, secondary cpu clock
[    3.558627] kvm-guest: stealtime: cpu 31, msr 8dffdee080
[    3.561963] smp: Brought up 1 node, 32 CPUs
[    3.565433] smpboot: Max logical packages: 1
[    3.566712] smpboot: Total of 32 processors activated (153599.87 BogoMIPS)
[    3.587031] devtmpfs: initialized
[    3.587031] x86/mm: Memory block size: 1024MB
[    3.597476] clocksource: jiffies: mask: 0xffffffff max_cycles: 0xffffffff, max_idle_ns: 7645041785100000 ns
[    3.597875] futex hash table entries: 8192 (order: 7, 524288 bytes, linear)
[    3.601463] pinctrl core: initialized pinctrl subsystem
[    3.601553] PM: RTC time: 11:32:22, date: 2023-05-16
[    3.603425] NET: Registered protocol family 16
[    3.605468] DMA: preallocated 4096 KiB GFP_KERNEL pool for atomic allocations
[    3.607636] DMA: preallocated 4096 KiB GFP_KERNEL|GFP_DMA pool for atomic allocations
[    3.609952] DMA: preallocated 4096 KiB GFP_KERNEL|GFP_DMA32 pool for atomic allocations
[    3.611577] audit: initializing netlink subsys (disabled)
[    3.613471] audit: type=2000 audit(1684236742.426:1): state=initialized audit_enabled=0 res=1
[    3.613664] thermal_sys: Registered thermal governor 'fair_share'
[    3.617429] thermal_sys: Registered thermal governor 'bang_bang'
[    3.618569] thermal_sys: Registered thermal governor 'step_wise'
[    3.619680] thermal_sys: Registered thermal governor 'user_space'
[    3.620720] thermal_sys: Registered thermal governor 'power_allocator'
[    3.621435] EISA bus registered
[    3.625509] cpuidle: using governor ladder
[    3.626262] cpuidle: using governor menu
[    3.626262] ACPI: bus type PCI registered
[    3.626746] acpiphp: ACPI Hot Plug PCI Controller Driver version: 0.5
[    3.628034] PCI: Using configuration type 1 for base access
[    3.634121] HugeTLB registered 1.00 GiB page size, pre-allocated 0 pages
[    3.637437] HugeTLB registered 2.00 MiB page size, pre-allocated 0 pages
[    3.654178] ACPI: Added _OSI(Module Device)
[    3.654178] ACPI: Added _OSI(Processor Device)
[    3.657463] ACPI: Added _OSI(3.0 _SCP Extensions)
[    3.657463] ACPI: Added _OSI(Processor Aggregator Device)
[    3.661442] ACPI: Added _OSI(Linux-Dell-Video)
[    3.663243] ACPI: Added _OSI(Linux-Lenovo-NV-HDMI-Audio)
[    3.665461] ACPI: Added _OSI(Linux-HPI-Hybrid-Graphics)
[    3.666800] ACPI: 1 ACPI AML tables successfully acquired and loaded
[    3.669585] ACPI: Interpreter enabled
[    3.670331] ACPI: (supports S0 S3 S4 S5)
[    3.671087] ACPI: Using IOAPIC for interrupt routing
[    3.672084] PCI: Using host bridge windows from ACPI; if necessary, use "pci=nocrs" and report a bug
[    3.673599] ACPI: Enabled 2 GPEs in block 00 to 0F
[    3.678907] ACPI: PCI Root Bridge [PCI0] (domain 0000 [bus 00-ff])
[    3.680026] acpi PNP0A03:00: _OSC: OS supports [ASPM ClockPM Segments MSI HPX-Type3]
[    3.681441] acpi PNP0A03:00: fail to add MMCONFIG information, can't access extended PCI configuration space under this bridge.
[    3.683737] acpiphp: Slot [3] registered
[    3.684514] acpiphp: Slot [4] registered
[    3.685290] acpiphp: Slot [5] registered
[    3.685446] acpiphp: Slot [6] registered
[    3.686236] acpiphp: Slot [7] registered
[    3.687041] acpiphp: Slot [8] registered
[    3.687848] acpiphp: Slot [9] registered
[    3.688680] acpiphp: Slot [10] registered
[    3.689446] acpiphp: Slot [11] registered
[    3.690293] acpiphp: Slot [12] registered
[    3.691108] acpiphp: Slot [13] registered
[    3.691956] acpiphp: Slot [14] registered
[    3.692787] acpiphp: Slot [15] registered
[    3.693446] acpiphp: Slot [16] registered
[    3.694299] acpiphp: Slot [17] registered
[    3.695118] acpiphp: Slot [18] registered
[    3.695950] acpiphp: Slot [19] registered
[    3.696801] acpiphp: Slot [20] registered
[    3.697446] acpiphp: Slot [21] registered
[    3.698291] acpiphp: Slot [22] registered
[    3.699147] acpiphp: Slot [23] registered
[    3.699988] acpiphp: Slot [24] registered
[    3.700784] acpiphp: Slot [25] registered
[    3.705447] acpiphp: Slot [26] registered
[    3.706284] acpiphp: Slot [27] registered
[    3.707052] acpiphp: Slot [28] registered
[    3.707830] acpiphp: Slot [29] registered
[    3.708634] acpiphp: Slot [30] registered
[    3.709446] acpiphp: Slot [31] registered
[    3.710288] PCI host bridge to bus 0000:00
[    3.711163] pci_bus 0000:00: root bus resource [io  0x0000-0x0cf7 window]
[    3.712464] pci_bus 0000:00: root bus resource [io  0x0d00-0xffff window]
[    3.713429] pci_bus 0000:00: root bus resource [mem 0x000a0000-0x000bffff window]
[    3.714947] pci_bus 0000:00: root bus resource [mem 0xc0000000-0xfebfffff window]
[    3.716497] pci_bus 0000:00: root bus resource [mem 0x9040000000-0x90bfffffff window]
[    3.717429] pci_bus 0000:00: root bus resource [bus 00-ff]
[    3.718598] pci 0000:00:00.0: [8086:1237] type 00 class 0x060000
[    3.720871] pci 0000:00:01.0: [8086:7000] type 00 class 0x060100
[    3.722058] pci 0000:00:01.1: [8086:7010] type 00 class 0x010180
[    3.725995] pci 0000:00:01.1: reg 0x20: [io  0xc060-0xc06f]
[    3.728315] pci 0000:00:01.1: legacy IDE quirk: reg 0x10: [io  0x01f0-0x01f7]
[    3.729430] pci 0000:00:01.1: legacy IDE quirk: reg 0x14: [io  0x03f6]
[    3.731456] pci 0000:00:01.1: legacy IDE quirk: reg 0x18: [io  0x0170-0x0177]
[    3.732775] pci 0000:00:01.1: legacy IDE quirk: reg 0x1c: [io  0x0376]
[    3.733643] pci 0000:00:01.3: [8086:7113] type 00 class 0x068000
[    3.735310] pci 0000:00:01.3: quirk: [io  0x0600-0x063f] claimed by PIIX4 ACPI
[    3.736821] pci 0000:00:01.3: quirk: [io  0x0700-0x070f] claimed by PIIX4 SMB
[    3.738186] pci 0000:00:02.0: [1234:1111] type 00 class 0x030000
[    3.742117] pci 0000:00:02.0: reg 0x10: [mem 0xfd000000-0xfdffffff pref]
[    3.746265] pci 0000:00:02.0: reg 0x18: [mem 0xfebd2000-0xfebd2fff]
[    3.756972] pci 0000:00:02.0: reg 0x30: [mem 0xfebc0000-0xfebcffff pref]
[    3.758405] pci 0000:00:03.0: [1af4:1000] type 00 class 0x020000
[    3.761423] pci 0000:00:03.0: reg 0x10: [io  0xc040-0xc05f]
[    3.762643] pci 0000:00:03.0: reg 0x14: [mem 0xfebd3000-0xfebd3fff]
[    3.767582] pci 0000:00:03.0: reg 0x20: [mem 0xfe000000-0xfe003fff 64bit pref]
[    3.774260] pci 0000:00:03.0: reg 0x30: [mem 0xfeb80000-0xfebbffff pref]
[    3.778880] pci 0000:00:04.0: [1af4:1004] type 00 class 0x010000
[    3.782508] pci 0000:00:04.0: reg 0x10: [io  0xc000-0xc03f]
[    3.785438] pci 0000:00:04.0: reg 0x14: [mem 0xfebd4000-0xfebd4fff]
[    3.793433] pci 0000:00:04.0: reg 0x20: [mem 0xfe004000-0xfe007fff 64bit pref]
[    3.800808] pci 0000:00:05.0: [8086:5845] type 00 class 0x010802
[    3.810334] pci 0000:00:05.0: reg 0x10: [mem 0xfebd0000-0xfebd1fff 64bit]
[    3.813774] pci 0000:00:05.0: reg 0x20: [mem 0xfebd5000-0xfebd5fff]
[    3.834281] ACPI: PCI Interrupt Link [LNKA] (IRQs 5 *10 11)
[    3.835636] ACPI: PCI Interrupt Link [LNKB] (IRQs 5 *10 11)
[    3.836970] ACPI: PCI Interrupt Link [LNKC] (IRQs 5 10 *11)
[    3.837540] ACPI: PCI Interrupt Link [LNKD] (IRQs 5 10 *11)
[    3.838813] ACPI: PCI Interrupt Link [LNKS] (IRQs *9)
[    3.842132] iommu: Default domain type: Translated 
[    3.845525] pci 0000:00:02.0: vgaarb: setting as boot VGA device
[    3.846737] pci 0000:00:02.0: vgaarb: VGA device added: decodes=io+mem,owns=io+mem,locks=none
[    3.849434] pci 0000:00:02.0: vgaarb: bridge control possible
[    3.850689] vgaarb: loaded
[    3.851642] SCSI subsystem initialized
[    3.853595] ACPI: bus type USB registered
[    3.853595] usbcore: registered new interface driver usbfs
[    3.855054] usbcore: registered new interface driver hub
[    3.857473] usbcore: registered new device driver usb
[    3.857473] pps_core: LinuxPPS API ver. 1 registered
[    3.861447] pps_core: Software ver. 5.3.6 - Copyright 2005-2007 Rodolfo Giometti <giometti@linux.it>
[    3.861483] PTP clock support registered
[    3.866161] EDAC MC: Ver: 3.0.0
[    3.869697] NetLabel: Initializing
[    3.871944] NetLabel:  domain hash size = 128
[    3.873055] NetLabel:  protocols = UNLABELED CIPSOv4 CALIPSO
[    3.873458] NetLabel:  unlabeled traffic allowed by default
[    3.874755] PCI: Using ACPI for IRQ routing
[    3.880877] hpet0: at MMIO 0xfed00000, IRQs 2, 8, 0
[    3.881444] hpet0: 3 comparators, 64-bit 100.000000 MHz counter
[    3.890568] clocksource: Switched to clocksource kvm-clock
[    3.914050] VFS: Disk quotas dquot_6.6.0
[    3.914932] VFS: Dquot-cache hash table entries: 512 (order 0, 4096 bytes)
[    3.916483] AppArmor: AppArmor Filesystem Enabled
[    3.917506] pnp: PnP ACPI init
[    3.918664] pnp: PnP ACPI: found 6 devices
[    3.925758] clocksource: acpi_pm: mask: 0xffffff max_cycles: 0xffffff, max_idle_ns: 2085701024 ns
[    3.927896] NET: Registered protocol family 2
[    3.930496] tcp_listen_portaddr_hash hash table entries: 65536 (order: 8, 1048576 bytes, linear)
[    3.933764] TCP established hash table entries: 524288 (order: 10, 4194304 bytes, linear)
[    3.936572] TCP bind hash table entries: 65536 (order: 8, 1048576 bytes, linear)
[    3.938177] TCP: Hash tables configured (established 524288 bind 65536)
[    3.940407] MPTCP token hash table entries: 65536 (order: 8, 1572864 bytes, linear)
[    3.943018] UDP hash table entries: 65536 (order: 9, 2097152 bytes, linear)
[    3.945407] UDP-Lite hash table entries: 65536 (order: 9, 2097152 bytes, linear)
[    3.947272] NET: Registered protocol family 1
[    3.948186] NET: Registered protocol family 44
[    3.949100] pci_bus 0000:00: resource 4 [io  0x0000-0x0cf7 window]
[    3.950277] pci_bus 0000:00: resource 5 [io  0x0d00-0xffff window]
[    3.951450] pci_bus 0000:00: resource 6 [mem 0x000a0000-0x000bffff window]
[    3.952704] pci_bus 0000:00: resource 7 [mem 0xc0000000-0xfebfffff window]
[    3.953977] pci_bus 0000:00: resource 8 [mem 0x9040000000-0x90bfffffff window]
[    3.955441] pci 0000:00:01.0: PIIX3: Enabling Passive Release
[    3.956515] pci 0000:00:00.0: Limiting direct PCI/PCI transfers
[    3.957643] pci 0000:00:01.0: Activating ISA DMA hang workarounds
[    3.958968] pci 0000:00:02.0: Video device with shadowed ROM at [mem 0x000c0000-0x000dffff]
[    3.960653] PCI: CLS 0 bytes, default 64
[    3.961558] Trying to unpack rootfs image as initramfs...
[    4.218410] Freeing initrd memory: 90844K
[    4.219296] PCI-DMA: Using software bounce buffering for IO (SWIOTLB)
[    4.220466] software IO TLB: mapped [mem 0x00000000bbfd4000-0x00000000bffd4000] (64MB)
[    4.222030] clocksource: tsc: mask: 0xffffffffffffffff max_cycles: 0x229835b7123, max_idle_ns: 440795242976 ns
[    4.223946] check: Scanning for low memory corruption every 60 seconds
[    4.226362] Initialise system trusted keyrings
[    4.228734] Key type blacklist registered
[    4.230780] workingset: timestamp_bits=36 max_order=28 bucket_order=0
[    4.235290] zbud: loaded
[    4.236614] squashfs: version 4.0 (2009/01/31) Phillip Lougher
[    4.239633] fuse: init (API version 7.32)
[    4.241774] integrity: Platform Keyring initialized
[    4.254767] Key type asymmetric registered
[    4.255669] Asymmetric key parser 'x509' registered
[    4.256650] Block layer SCSI generic (bsg) driver version 0.4 loaded (major 243)
[    4.258772] io scheduler mq-deadline registered
[    4.265154] shpchp: Standard Hot Plug PCI Controller Driver version: 0.4
[    4.266696] input: Power Button as /devices/LNXSYSTM:00/LNXPWRBN:00/input/input0
[    4.268192] ACPI: Power Button [PWRF]
[    4.299682] PCI Interrupt Link [LNKC] enabled at IRQ 11
[    4.331415] PCI Interrupt Link [LNKD] enabled at IRQ 10
[    4.334243] Serial: 8250/16550 driver, 32 ports, IRQ sharing enabled
[    4.361287] 00:04: ttyS0 at I/O 0x3f8 (irq = 4, base_baud = 115200) is a 16550A
[    4.364045] Linux agpgart interface v0.103
[    4.381619] loop: module loaded
[    4.384261] scsi host0: ata_piix
[    4.386122] scsi host1: ata_piix
[    4.387106] ata1: PATA max MWDMA2 cmd 0x1f0 ctl 0x3f6 bmdma 0xc060 irq 14
[    4.388705] ata2: PATA max MWDMA2 cmd 0x170 ctl 0x376 bmdma 0xc068 irq 15
[    4.390508] libphy: Fixed MDIO Bus: probed
[    4.391859] tun: Universal TUN/TAP device driver, 1.6
[    4.393304] PPP generic driver version 2.4.2
[    4.394493] VFIO - User Level meta-driver version: 0.3
[    4.395975] ehci_hcd: USB 2.0 'Enhanced' Host Controller (EHCI) Driver
[    4.397276] ehci-pci: EHCI PCI platform driver
[    4.398209] ehci-platform: EHCI generic platform driver
[    4.399289] ohci_hcd: USB 1.1 'Open' Host Controller (OHCI) Driver
[    4.400523] ohci-pci: OHCI PCI platform driver
[    4.401454] ohci-platform: OHCI generic platform driver
[    4.402534] uhci_hcd: USB Universal Host Controller Interface driver
[    4.404030] i8042: PNP: PS/2 Controller [PNP0303:KBD,PNP0f13:MOU] at 0x60,0x64 irq 1,12
[    4.407049] serio: i8042 KBD port at 0x60,0x64 irq 1
[    4.409421] serio: i8042 AUX port at 0x60,0x64 irq 12
[    4.412362] mousedev: PS/2 mouse device common for all mice
[    4.414164] rtc_cmos 00:05: RTC can wake from S4
[    4.415803] input: AT Translated Set 2 keyboard as /devices/platform/i8042/serio0/input/input1
[    4.417768] rtc_cmos 00:05: registered as rtc0
[    4.419381] rtc_cmos 00:05: setting system clock to 2023-05-16T11:32:22 UTC (1684236742)
[    4.421349] rtc_cmos 00:05: alarms up to one day, y3k, 242 bytes nvram, hpet irqs
[    4.423202] i2c /dev entries driver
[    4.424160] device-mapper: uevent: version 1.0.3
[    4.425453] device-mapper: ioctl: 4.43.0-ioctl (2020-10-01) initialised: dm-devel@redhat.com
[    4.427365] platform eisa.0: Probing EISA bus 0
[    4.428384] platform eisa.0: EISA: Cannot allocate resource for mainboard
[    4.429835] platform eisa.0: Cannot allocate resource for EISA slot 1
[    4.431351] platform eisa.0: Cannot allocate resource for EISA slot 2
[    4.432820] platform eisa.0: Cannot allocate resource for EISA slot 3
[    4.434022] platform eisa.0: Cannot allocate resource for EISA slot 4
[    4.435244] platform eisa.0: Cannot allocate resource for EISA slot 5
[    4.436454] platform eisa.0: Cannot allocate resource for EISA slot 6
[    4.437718] platform eisa.0: Cannot allocate resource for EISA slot 7
[    4.439009] platform eisa.0: Cannot allocate resource for EISA slot 8
[    4.440318] platform eisa.0: EISA: Detected 0 cards
[    4.441329] intel_pstate: CPU model not supported
[    4.446153] ledtrig-cpu: registered to indicate activity on CPUs
[    4.447929] drop_monitor: Initializing network drop monitor service
[    4.449305] NET: Registered protocol family 10
[    4.465571] Segment Routing with IPv6
[    4.467463] NET: Registered protocol family 17
[    4.469776] Key type dns_resolver registered
[    4.480758] IPI shorthand broadcast: enabled
[    4.481870] sched_clock: Marking stable (4356022056, 125831455)->(4493588709, -11735198)
[    4.484586] registered taskstats version 1
[    4.485880] Loading compiled-in X.509 certificates
[    4.487875] Loaded X.509 cert 'Build time autogenerated kernel key: 1638963207dd2a188f923d72cb8c969d633327a8'
[    4.490854] zswap: loaded using pool lzo/zbud
[    4.493019] Key type ._fscrypt registered
[    4.493968] Key type .fscrypt registered
[    4.494861] Key type fscrypt-provisioning registered
[    4.504236] Key type encrypted registered
[    4.505268] AppArmor: AppArmor sha1 policy hashing enabled
[    4.506624] ima: No TPM chip found, activating TPM-bypass!
[    4.507949] ima: Allocated hash algorithm: sha1
[    4.509050] ima: No architecture policies found
[    4.510192] evm: Initialising EVM extended attributes:
[    4.511429] evm: security.selinux
[    4.512274] evm: security.SMACK64
[    4.513122] evm: security.SMACK64EXEC
[    4.514063] evm: security.SMACK64TRANSMUTE
[    4.515047] evm: security.SMACK64MMAP
[    4.515868] evm: security.apparmor
[    4.516603] evm: security.ima
[    4.517290] evm: security.capability
[    4.518150] evm: HMAC attrs: 0x1
[    4.519736] PM:   Magic number: 7:838:529
[    4.520717] memory memory538: hash matches
[    4.522821] RAS: Correctable Errors collector initialized.
[    4.566914] Freeing unused decrypted memory: 2036K
[    4.569163] Freeing unused kernel image (initmem) memory: 2664K
[    4.570325] Write protecting the kernel read-only data: 22528k
[    4.573130] Freeing unused kernel image (text/rodata gap) memory: 2036K
[    4.575230] Freeing unused kernel image (rodata/data gap) memory: 808K
[    4.596812] x86/mm: Checked W+X mappings: passed, no W+X pages found.
[    4.598081] Run /init as init process
Loading, please wait...
Starting version 245.4-4ubuntu3.20
[    4.720640] piix4_smbus 0000:00:01.3: SMBus Host Controller at 0x700, revision 0
[    4.731086] input: VirtualPS/2 VMware VMMouse as /devices/platform/i8042/serio1/input/input4
[    4.733444] input: VirtualPS/2 VMware VMMouse as /devices/platform/i8042/serio1/input/input3
[    4.740854] scsi host2: Virtio SCSI HBA
[    4.747646] Floppy drive(s): fd0 is 2.88M AMI BIOS
[    4.751660] scsi 2:0:0:0: Direct-Access     QEMU     QEMU HARDDISK    2.5+ PQ: 0 ANSI: 5
[    4.757177] nvme nvme0: pci function 0000:00:05.0
[    4.757328] cryptd: max_cpu_qlen set to 1000
[    4.768732] AVX2 version of gcm_enc/dec engaged.
[    4.770422] AES CTR mode by8 optimization enabled
[    4.771964] FDC 0 is a S82078B
[    4.785037] virtio_net virtio0 ens3: renamed from eth0
[    4.792180] bochs-drm 0000:00:02.0: vgaarb: deactivate vga console
[FEMU] Err: NVMe sq priority 0 qflags 1 nvme-admin.c:129
[FEMU] Err: NVMe sq priority 0 qflags 1 nvme-admin.c:129
[FEMU] Err: NVMe sq priority 0 qflags 1 nvme-admin.c:129
[FEMU] Err: NVMe sq priority 0 qflags 1 nvme-admin.c:129
[FEMU] Err: NVMe sq priority 0 qflags 1 nvme-admin.c:129
[FEMU] Err: NVMe sq priority 0 qflags 1 nvme-admin.c:129
[    4.7981[FEMU] Err: NVMe sq priority 0 qflags 1 nvme-admin.c:129
[FEMU] Err: NVMe sq priority 0 qflags 1 nvme-admin.c:129
4[FEMU] Err: NVMe sq priority 0 qflags 1 nvme-admin.c:129
[FEMU] Err: NVMe sq priority 0 qflags 1 nvme-admin.c:129
[FEMU] Err: NVMe sq priority 0 qflags 1 nvme-admin.c:129
6] sd [FEMU] Err: NVMe sq priority 0 qflags 1 nvme-admin.c:129
2:0:[FEMU] Err: NVMe sq priority 0 qflags 1 nvme-admin.c:129
0[FEMU] Err: NVMe sq priority 0 qflags 1 nvme-admin.c:129
:0[FEMU] Err: NVMe sq priority 0 qflags 1 nvme-admin.c:129
: Power[FEMU] Err: NVMe sq priority 0 qflags 1 nvme-admin.c:129
-on or device reset occurred
[    4.798175] sd 2:0:0:0: Attached scsi generic sg0 type 0
[    4.79843[FEMU] Log: Inho, nvme-io.c : 620 Cmd->opcode 122 7a Entering ZNS
1] PCI Interrupt Link [LNKA] enabled at IRQ 10
[    4.798435] sd 2:0:0:0: [sda] 251658240 512-byte logical blocks: (129 GB/120 GiB)
[    4.798463] sd 2:0:0:0: [sda] Write Protect is off
[    4.798505] sd 2:0:0:0: [sda] Write cache: enabled, read cache: enabled, doesn't support DPO or FUA
[    4.799229] [inho] get WRR arbitration mechanism selected :c03aa845
[    4.799231] [inho] nvme_pci_get_ams : device support WRR, WRR has setted 
[    4.799231] [inho] core.c:2377 ctrl->ops->get_ams (in nvme_enable_ctrl() )
[    4.800754] [inho pci.c:2168] nvme_calc_irq_sets, [16/0/2/2/2/2/1] nr_total/nr/nr_read/low/medium/high/urgent (pci.c:2168)
[    4.804966]  sda: sda1 sda2 sda3
[    4.808749] Console: switching to colour dummy device 80x25
[    4.836605] sd 2:0:0:0: [sda] Attached SCSI disk
[    4.837914] nvme nvme0: 9/0/0/2/2/2/1 default/read/poll/low/medium/high/urgent queues
[    4.841630] nvme nvme0: [inho] conv to zidx 0
[    4.848314] [drm] Found bochs VGA, ID 0xb0c5.
[    4.850607] nvme nvme0: [inho] conv to zidx 1
[    4.851521] [drm] Framebuffer size 16384 kB @ 0xfd000000, mmio @ 0xfebd2000.
[    4.854818] nvme nvme0: [inho] conv to zidx 2
[    4.855448] [TTM] Zone  kernel: Available graphics memory: 297023408 KiB
[    4.856029] nvme nvme0: [inho] conv to zidx 3
[    4.856664] [TTM] Zone   dma32: Available graphics memory: 2097152 KiB
[    4.857799] nvme nvme0: [inho] conv to zidx 4
[    4.858375] [TTM] Initializing pool allocator
[    4.858968] nvme nvme0: [inho] conv to zidx 5
[    4.859555] [TTM] Initializing DMA pool allocator
[    4.860480] nvme nvme0: [inho] conv to zidx 6
[    4.862949] [drm] Found EDID data blob.
[    4.863653] nvme nvme0: [inho] conv to zidx 7
[    4.864340] [drm] Initialized bochs-drm 1.0.0 20130925 for 0000:00:02.0 on minor 0
[    4.864821] nvme nvme0: [inho] conv to zidx 8
[    4.869259] nvme nvme0: [inho] conv to zidx 9
[    4.869260] nvme nvme0: [inho] conv to zidx a
[    4.869260] nvme nvme0: [inho] conv to zidx b
[    4.869261] nvme nvme0: [inho] conv to zidx c
[    4.869262] nvme nvme0: [inho] conv to zidx d
[    4.869262] nvme nvme0: [inho] conv to zidx e
[    4.869263] nvme nvme0: [inho] conv to zidx f
[    4.869264] nvme nvme0: [inho] conv to zidx 10
[    4.869264] nvme nvme0: [inho] conv to zidx 11
[    4.869265] nvme nvme0: [inho] conv to zidx 12
[    4.869265] nvme nvme0: [inho] conv to zidx 13
[    4.869266] nvme nvme0: [inho] conv to zidx 14
[    4.869267] nvme nvme0: [inho] conv to zidx 15
[    4.869267] nvme nvme0: [inho] conv to zidx 16
[    4.869268] nvme nvme0: [inho] conv to zidx 17
[    4.869270] nvme nvme0: [inho] conv to zidx 18
[FEMU] Log: Inho, nvme-io.c : 620 Cmd->opcode 122 7a Entering ZNS
[FEMU] Log: Inho, nvme-io.c : 620 Cmd->opcode 2 2 Entering ZNS
[FEMU] Log: ZNS READ cmd->opcode 2 2
[FEMU] Err: read success?? slba 0
[FEMU] Log: Inho, nvme-io.c : 620 Cmd->opcode 2 2 Entering ZNS
[FEMU] Log: ZNS READ cmd->opcode 2 2
[FEMU] Err: read success?? slba 1
[FEMU] Log: Inho, nvme-io.c : 620 Cmd->opcode 2 2 Entering ZNS
[FEMU] Log: ZNS READ cmd->opcode 2 2
[FEMU] Err: read success?? slba 2
[FEMU] Log: Inho, nvme-io.c : 620 Cmd->opcode 2 2 Entering ZNS
[FEMU] Log: ZNS READ cmd->opcode 2 2
[FEMU] Err: read success?? slba 3
[FEMU] Log: Inho, nvme-io.c : 620 Cmd->opcode 2 2 Entering ZNS
[FEMU] Log: ZNS READ cmd->opcode 2 2
[FEMU] Err: read success?? slba 4
[FEMU] Log: Inho, nvme-io.c : 620 Cmd->opcode 2 2 Entering ZNS
[FEMU] Log: ZNS READ cmd->opcode 2 2
[FEMU] Err: read success?? slba 5
[FEMU] Log: Inho, nvme-io.c : 620 Cmd->opcode 2 2 Entering ZNS
[FEMU] Log: ZNS READ cmd->opcode 2 2
[FEMU] Err: read success?? slba 6
[FEMU] Log: Inho, nvme-io.c : 620 Cmd->opcode 2 2 Entering ZNS
[FEMU] Log: ZNS READ cmd->opcode 2 2
[FEMU] Err: read success?? slba 7
[FEMU] Log: Inho, nvme-io.c : 620 Cmd->opcode 2 2 Entering ZNS
[FEMU] Log: ZNS READ cmd->opcode 2 2
[FEMU] Err: read success?? slba 8
[FEMU] Log: Inho, nvme-io.c : 620 Cmd->opcode 2 2 Entering ZNS
[FEMU] Log: ZNS READ cmd->opcode 2 2
[FEMU] Err: read success?? slba 9
[FEMU] Log: Inho, nvme-io.c : 620 Cmd->opcode 2 2 Entering ZNS
[FEMU] Log: ZNS READ cmd->opcode 2 2
[FEMU] Err: read success?? slba 10
[FEMU] Log: Inho, nvme-io.c : 620 Cmd->opcode 2 2 Entering ZNS
[FEMU] Log: ZNS READ cmd->opcode 2 2
[FEMU] Err: read success?? slba 11
[FEMU] Log: Inho, nvme-io.c : 620 Cmd->opcode 2 2 Entering ZNS
[FEMU] Log: ZNS READ cmd->opcode 2 2
[FEMU] Err: read success?? slba 12
[FEMU] Log: Inho, nvme-io.c : 620 Cmd->opcode 2 2 Entering ZNS
[FEMU] Log: ZNS READ cmd->opcode 2 2
[FEMU] Err: read success?? slba 13
[FEMU] Log: Inho, nvme-io.c : 620 Cmd->opcode 2 2 Entering ZNS
[FEMU] Log: ZNS READ cmd->opcode 2 2
[FEMU] Err: read success?? slba 14
[FEMU] Log: Inho, nvme-io.c : 620 Cmd->opcode 2 2 Entering ZNS
[FEMU] Log: ZNS READ cmd->opcode 2 2
[FEMU] Err: read success?? slba 15
[FEMU] Log: Inho, nvme-io.c : 620 Cmd->opcode 2 2 Entering ZNS
[FEMU] Log: ZNS READ cmd->opcode 2 2
[FEMU] Err: read success?? slba 24
[FEMU] Log: Inho, nvme-io.c : 620 Cmd->opcode 2 2 Entering ZNS
[FEMU] Log: ZNS READ cmd->opcode 2 2
[FEMU] Err: read success?? slba 25
[FEMU] Log: Inho, nvme-io.c : 620 Cmd->opcode 2 2 Entering ZNS
[FEMU] Log: ZNS READ cmd->opcode 2 2
[FEMU] Err: read success?? slba 26
[FEMU] Log: Inho, nvme-io.c : 620 Cmd->opcode 2 2 Entering ZNS
[FEMU] Log: ZNS READ cmd->opcode 2 2
[FEMU] Err: read success?? slba 27
[FEMU] Log: Inho, nvme-io.c : 620 Cmd->opcode 2 2 Entering ZNS
[FEMU] Log: ZNS READ cmd->opcode 2 2
[FEMU] Err: read success?? slba 28
[FEMU] Log: Inho, nvme-io.c : 620 Cmd->opcode 2 2 Entering ZNS
[FEMU] Log: ZNS READ cmd->opcode 2 2
[FEMU] Err: read success?? slba 29
[FEMU] Log: Inho, nvme-io.c : 620 Cmd->opcode 2 2 Entering ZNS
[FEMU] Log: ZNS READ cmd->opcode 2 2
[FEMU] Err: read success?? slba 30
[FEMU] Log: Inho, nvme-io.c : 620 Cmd->opcode 2 2 Entering ZNS
[FEMU] Log: ZNS READ cmd->opcode 2 2
[FEMU] Err: read success?? slba 31
[    4.878532] nvme nvme0: [inho][FEMU] Log: Inho, nvme-io.c : 620 Cmd->opcode 2 2 Entering ZNS
[FEMU] Log: ZNS READ cmd->opcode 2 2
[FEMU] Err: read success?? slba 1073741696
 conv to zidx 19[FEMU] Log: Inho, nvme-io.c : 620 Cmd->opcode 2 2 Entering ZNS
[FEMU] Log: ZNS READ cmd->opcode 2 2
[FEMU] Err: read success?? slba 1073741808

[FEMU] Log: Inho, nvme-io.c : 620 Cmd->opcode 2 2 Entering ZNS
[FEMU] Log: ZNS READ cmd->opcode 2 2
[FEMU] Err: read success?? slba 0
[FEMU] Log: Inho, nvme-io.c : 620 Cmd->opcode 2 2 Entering ZNS
[FEMU] Log: ZNS READ cmd->opcode 2 2
[FEMU] Err: read success?? slba 8
[    4.878533] nvme nvme0: [inho] conv to zidx 1a
[FEMU] Log: Inho, nvme-io.c : 620 Cmd->opcode 2 2 Entering ZNS
[FEMU] Log: ZNS READ cmd->opcode 2 2
[FEMU] Err: read success?? slba 1073741816
[    4.878534] nvme nvme0: [inho] conv to zidx 1b
[    4.87853[FEMU] Log: Inho, nvme-io.c : 620 Cmd->opcode 2 2 Entering ZNS
[FEMU] Log: ZNS READ cmd->opcode 2 2
[FEMU] Err: read success?? slba 1073741560
4] nvme n[FEMU] Log: Inho, nvme-io.c : 620 Cmd->opcode 2 2 Entering ZNS
[FEMU] Log: ZNS READ cmd->opcode 2 2
[FEMU] Err: read success?? slba 1073741760
vme0:[FEMU] Log: Inho, nvme-io.c : 620 Cmd->opcode 2 2 Entering ZNS
[FEMU] Log: ZNS READ cmd->opcode 2 2
[FEMU] Err: read success?? slba 1073741568
 [inho[FEMU] Log: Inho, nvme-io.c : 620 Cmd->opcode 2 2 Entering ZNS
[FEMU] Log: ZNS READ cmd->opcode 2 2
[FEMU] Err: read success?? slba 1073741424
] con[FEMU] Log: Inho, nvme-io.c : 620 Cmd->opcode 2 2 Entering ZNS
[FEMU] Log: ZNS READ cmd->opcode 2 2
[FEMU] Err: read success?? slba 1073741232
v to z[FEMU] Log: Inho, nvme-io.c : 620 Cmd->opcode 2 2 Entering ZNS
[FEMU] Log: ZNS READ cmd->opcode 2 2
[FEMU] Err: read success?? slba 1073741144
idx [FEMU] Log: Inho, nvme-io.c : 620 Cmd->opcode 2 2 Entering ZNS
[FEMU] Log: ZNS READ cmd->opcode 2 2
[FEMU] Err: read success?? slba 1073741088
1c
[FEMU] Log: Inho, nvme-io.c : 620 Cmd->opcode 2 2 Entering ZNS
[FEMU] Log: ZNS READ cmd->opcode 2 2
[FEMU] Err: read success?? slba 1073740912
[ [FEMU] Log: Inho, nvme-io.c : 620 Cmd->opcode 2 2 Entering ZNS
[FEMU] Log: ZNS READ cmd->opcode 2 2
[FEMU] Err: read success?? slba 1073740848
   4.[FEMU] Log: Inho, nvme-io.c : 620 Cmd->opcode 2 2 Entering ZNS
[FEMU] Log: ZNS READ cmd->opcode 2 2
[FEMU] Err: read success?? slba 1073740832
8785[FEMU] Log: Inho, nvme-io.c : 620 Cmd->opcode 2 2 Entering ZNS
[FEMU] Log: ZNS READ cmd->opcode 2 2
[FEMU] Err: read success?? slba 1073740872
35] n[FEMU] Log: Inho, nvme-io.c : 620 Cmd->opcode 2 2 Entering ZNS
[FEMU] Log: ZNS READ cmd->opcode 2 2
[FEMU] Err: read success?? slba 1073738736
vme nv[FEMU] Log: Inho, nvme-io.c : 620 Cmd->opcode 2 2 Entering ZNS
[FEMU] Log: ZNS READ cmd->opcode 2 2
[FEMU] Err: read success?? slba 32
me0:[FEMU] Log: Inho, nvme-io.c : 620 Cmd->opcode 2 2 Entering ZNS
[FEMU] Log: ZNS READ cmd->opcode 2 2
[FEMU] Err: read success?? slba 64
 [inh[FEMU] Log: Inho, nvme-io.c : 620 Cmd->opcode 2 2 Entering ZNS
[FEMU] Log: ZNS READ cmd->opcode 2 2
[FEMU] Err: read success?? slba 128
o] co[FEMU] Log: Inho, nvme-io.c : 620 Cmd->opcode 2 2 Entering ZNS
[FEMU] Log: ZNS READ cmd->opcode 2 2
[FEMU] Err: read success?? slba 256
nv to[FEMU] Log: Inho, nvme-io.c : 620 Cmd->opcode 2 2 Entering ZNS
[FEMU] Log: ZNS READ cmd->opcode 2 2
[FEMU] Err: read success?? slba 512
 zidx[FEMU] Log: Inho, nvme-io.c : 620 Cmd->opcode 2 2 Entering ZNS
[FEMU] Log: ZNS READ cmd->opcode 2 2
[FEMU] Err: read success?? slba 1024
 1d[FEMU] Log: Inho, nvme-io.c : 620 Cmd->opcode 2 2 Entering ZNS
[FEMU] Log: ZNS READ cmd->opcode 2 2
[FEMU] Err: read success?? slba 2048

[[FEMU] Log: Inho, nvme-io.c : 620 Cmd->opcode 2 2 Entering ZNS
[FEMU] Log: ZNS READ cmd->opcode 2 2
[FEMU] Err: read success?? slba 4096
    4[FEMU] Log: Inho, nvme-io.c : 620 Cmd->opcode 2 2 Entering ZNS
[FEMU] Log: ZNS READ cmd->opcode 2 2
[FEMU] Err: read success?? slba 8192
.87853[FEMU] Log: Inho, nvme-io.c : 620 Cmd->opcode 2 2 Entering ZNS
[FEMU] Log: ZNS READ cmd->opcode 2 2
[FEMU] Err: read success?? slba 24
6] nvme nvme0: [inho] conv to zidx 1e
[[FEMU] Log: Inho, nvme-io.c : 620 Cmd->opcode 2 2 Entering ZNS
[FEMU] Log: ZNS READ cmd->opcode 2 2
[FEMU] Err: read success?? slba 56
    4[FEMU] Log: Inho, nvme-io.c : 620 Cmd->opcode 2 2 Entering ZNS
.[FEMU] Log: ZNS READ cmd->opcode 2 2
[FEMU] Err: read success?? slba 120
87853[FEMU] Log: Inho, nvme-io.c : 620 Cmd->opcode 2 2 Entering ZNS
[FEMU] Log: ZNS READ cmd->opcode 2 2
6[FEMU] Err: read success?? slba 16
][FEMU] Log: Inho, nvme-io.c : 620 Cmd->opcode 2 2 Entering ZNS
[FEMU] Log: ZNS READ cmd->opcode 2 2
[FEMU] Err: read success?? slba 40
 [FEMU] Log: Inho, nvme-io.c : 620 Cmd->opcode 2 2 Entering ZNS
[FEMU] Log: ZNS READ cmd->opcode 2 2
n[FEMU] Err: read success?? slba 72
vme[FEMU] Log: Inho, nvme-io.c : 620 Cmd->opcode 2 2 Entering ZNS
[FEMU] Log: ZNS READ cmd->opcode 2 2
[FEMU] Err: read success?? slba 136
 nvme[FEMU] Log: Inho, nvme-io.c : 620 Cmd->opcode 2 2 Entering ZNS
[FEMU] Log: ZNS READ cmd->opcode 2 2
[FEMU] Err: read success?? slba 264
0: [inho] conv to zid[FEMU] Log: Inho, nvme-io.c : 620 Cmd->opcode 2 2 Entering ZNS
[FEMU] Log: ZNS READ cmd->opcode 2 2
[FEMU] Err: read success?? slba 520
x 1f
[    4.878604] fbcon: bochs-drmdrmfb (fb0) is primary device
[  [FEMU] Log: Inho, nvme-io.c : 620 Cmd->opcode 2 2 Entering ZNS
 [FEMU] Log: ZNS READ cmd->opcode 2 2
[FEMU] Err: read success?? slba 1073740800
 4[FEMU] Log: Inho, nvme-io.c : 620 Cmd->opcode 2 2 Entering ZNS
[FEMU] Log: ZNS READ cmd->opcode 2 2
[FEMU] Err: read success?? slba 1073740840
.88[FEMU] Log: Inho, nvme-io.c : 620 Cmd->opcode 2 2 Entering ZNS
[FEMU] Log: ZNS READ cmd->opcode 2 2
[FEMU] Err: read success?? slba 1073740856
32[FEMU] Log: Inho, nvme-io.c : 620 Cmd->opcode 2 2 Entering ZNS
7[FEMU] Log: ZNS READ cmd->opcode 2 2
[FEMU] Err: read success?? slba 1073740880
2] Conso[FEMU] Log: Inho, nvme-io.c : 620 Cmd->opcode 2 2 Entering ZNS
[FEMU] Log: ZNS READ cmd->opcode 2 2
[FEMU] Err: read success?? slba 1073740920
le: [FEMU] Log: Inho, nvme-io.c : 620 Cmd->opcode 2 2 Entering ZNS
[FEMU] Log: ZNS READ cmd->opcode 2 2
[FEMU] Err: read success?? slba 1073741096
swit[FEMU] Log: Inho, nvme-io.c : 620 Cmd->opcode 2 2 Entering ZNS
[FEMU] Log: ZNS READ cmd->opcode 2 2
c[FEMU] Err: read success?? slba 1073741152
hing [FEMU] Log: Inho, nvme-io.c : 620 Cmd->opcode 2 2 Entering ZNS
[FEMU] Log: ZNS READ cmd->opcode 2 2
[FEMU] Err: read success?? slba 1073741240
to colour frame buffer device 160x5[FEMU] Log: Inho, nvme-io.c : 620 Cmd->opcode 2 2 Entering ZNS
[FEMU] Log: ZNS READ cmd->opcode 2 2
[FEMU] Err: read success?? slba 1073741312
0
[FEMU] Log: Inho, nvme-io.c : 620 Cmd->opcode 2 2 Entering ZNS
[FEMU] Log: ZNS READ cmd->opcode 2 2
[FEMU] Err: read success?? slba 1073741432
[FEMU] Log: Inho, nvme-io.c : 620 Cmd->opcode 2 2 Entering ZNS
[FEMU] Log: ZNS READ cmd->opcode 2 2
[FEMU] Err: read success?? slba 1073741576
[FEMU] Log: Inho, nvme-io.c : 620 Cmd->opcode 2 2 Entering ZNS
[FEMU] Log: ZNS READ cmd->opcode 2 2
[FEMU] Err: read success?? slba 1073741704
[FEMU] Log: Inho, nvme-io.c : 620 Cmd->opcode 2 2 Entering ZNS
[FEMU] Log: ZNS READ cmd->opcode 2 2
[FEMU] Err: read success?? slba 1073741768
[    4.898353] bochs-drm 0000:00:02.0: [drm] fb0: bochs-drmdrmfb frame buffer device
Begin: Loading essential drivers ... [    5.249472] raid6: avx512x4 gen() 26614 MB/s
[    5.317477] raid6: avx512x4 xor()  6346 MB/s
[    5.385482] raid6: avx512x2 gen() 19129 MB/s
[    5.453480] raid6: avx512x2 xor() 20712 MB/s
[    5.521491] raid6: avx512x1 gen() 18799 MB/s
[    5.589481] raid6: avx512x1 xor() 18940 MB/s
[    5.657480] raid6: avx2x4   gen() 17252 MB/s
[    5.725474] raid6: avx2x4   xor()  4568 MB/s
[    5.793491] raid6: avx2x2   gen() 17715 MB/s
[    5.861490] raid6: avx2x2   xor() 15464 MB/s
[    5.929477] raid6: avx2x1   gen() 10641 MB/s
[    5.997482] raid6: avx2x1   xor() 13208 MB/s
[    6.065476] raid6: sse2x4   gen()  7668 MB/s
[    6.133480] raid6: sse2x4   xor()  4172 MB/s
[    6.201470] raid6: sse2x2   gen()  5442 MB/s
[    6.269472] raid6: sse2x2   xor()  5487 MB/s
[    6.337489] raid6: sse2x1   gen()  3488 MB/s
[    6.405474] raid6: sse2x1   xor()  4377 MB/s
[    6.406338] raid6: using algorithm avx512x4 gen() 26614 MB/s
[    6.407371] raid6: .... xor() 6346 MB/s, rmw enabled
[    6.408278] raid6: using avx512x2 recovery algorithm
[    6.413075] xor: automatically using best checksumming function   avx       
[    6.419774] async_tx: api initialized (async)
done.
Begin: Running /scripts/init-premount ... done.
Begin: Mounting root file system ... Begin: Running /scripts/local-top ... [FEMU] Log: Inho, nvme-io.c : 620 Cmd->opcode 2 2 Entering ZNS
[FEMU] Log: ZNS READ cmd->opcode 2 2
[FEMU] Err: read success?? slba 0
done.
Begin: Running /scripts/local-premount ... [    6.618024] Btrfs loaded, crc32c=crc32c-intel
Scanning for Btrfs filesystems
[    6.725599] blk_update_request: I/O error, dev fd0, sector 0 op 0x0:(READ) flags 0x0 phys_seg 1 prio class 0
[    6.729560] floppy: error 10 while reading block 0
[FEMU] Log: Inho, nvme-io.c : 620 Cmd->opcode 2 2 Entering ZNS
[FEMU] Log: ZNS READ cmd->opcode 2 2
[FEMU] Err: read success?? slba 1073741696
[FEMU] Log: Inho, nvme-io.c : 620 Cmd->opcode 2 2 Entering ZNS
[FEMU] Log: ZNS READ cmd->opcode 2 2
[FEMU] Err: read success?? slba 1073741808
[FEMU] Log: Inho, nvme-io.c : 620 Cmd->opcode 2 2 Entering ZNS
[FEMU] Log: ZNS READ cmd->opcode 2 2
[FEMU] Err: read success?? slba 0
[FEMU] Log: Inho, nvme-io.c : 620 Cmd->opcode 2 2 Entering ZNS
[FEMU] Log: ZNS READ cmd->opcode 2 2
[FEMU] Err: read success?? slba 8
[FEMU] Log: Inho, nvme-io.c : 620 Cmd->opcode 2 2 Entering ZNS
[FEMU] Log: ZNS READ cmd->opcode 2 2
[FEMU] Err: read success?? slba 1073741816
[FEMU] Log: Inho, nvme-io.c : 620 Cmd->opcode 2 2 Entering ZNS
[FEMU] Log: ZNS READ cmd->opcode 2 2
[FEMU] Err: read success?? slba 1073741560
[FEMU] Log: Inho, nvme-io.c : 620 Cmd->opcode 2 2 Entering ZNS
[FEMU] Log: ZNS READ cmd->opcode 2 2
[FEMU] Err: read success?? slba 1073741760
[FEMU] Log: Inho, nvme-io.c : 620 Cmd->opcode 2 2 Entering ZNS
[FEMU] Log: ZNS READ cmd->opcode 2 2
[FEMU] Err: read success?? slba 1073741568
[FEMU] Log: Inho, nvme-io.c : 620 Cmd->opcode 2 2 Entering ZNS
[FEMU] Log: ZNS READ cmd->opcode 2 2
[FEMU] Err: read success?? slba 1073741424
[FEMU] Log: Inho, nvme-io.c : 620 Cmd->opcode 2 2 Entering ZNS
[FEMU] Log: ZNS READ cmd->opcode 2 2
[FEMU] Err: read success?? slba 1073741232
[FEMU] Log: Inho, nvme-io.c : 620 Cmd->opcode 2 2 Entering ZNS
[FEMU] Log: ZNS READ cmd->opcode 2 2
[FEMU] Err: read success?? slba 1073741144
[FEMU] Log: Inho, nvme-io.c : 620 Cmd->opcode 2 2 Entering ZNS
[FEMU] Log: ZNS READ cmd->opcode 2 2
[FEMU] Err: read success?? slba 1073741088
[FEMU] Log: Inho, nvme-io.c : 620 Cmd->opcode 2 2 Entering ZNS
[FEMU] Log: ZNS READ cmd->opcode 2 2
[FEMU] Err: read success?? slba 1073740912
[FEMU] Log: Inho, nvme-io.c : 620 Cmd->opcode 2 2 Entering ZNS
[FEMU] Log: ZNS READ cmd->opcode 2 2
[FEMU] Err: read success?? slba 1073740848
[FEMU] Log: Inho, nvme-io.c : 620 Cmd->opcode 2 2 Entering ZNS
[FEMU] Log: ZNS READ cmd->opcode 2 2
[FEMU] Err: read success?? slba 1073740832
[FEMU] Log: Inho, nvme-io.c : 620 Cmd->opcode 2 2 Entering ZNS
[FEMU] Log: ZNS READ cmd->opcode 2 2
[FEMU] Err: read success?? slba 1073740872
[FEMU] Log: Inho, nvme-io.c : 620 Cmd->opcode 2 2 Entering ZNS
[FEMU] Log: ZNS READ cmd->opcode 2 2
[FEMU] Err: read success?? slba 1073738736
[FEMU] Log: Inho, nvme-io.c : 620 Cmd->opcode 2 2 Entering ZNS
[FEMU] Log: ZNS READ cmd->opcode 2 2
[FEMU] Err: read success?? slba 32
[FEMU] Log: Inho, nvme-io.c : 620 Cmd->opcode 2 2 Entering ZNS
[FEMU] Log: ZNS READ cmd->opcode 2 2
[FEMU] Err: read success?? slba 64
[FEMU] Log: Inho, nvme-io.c : 620 Cmd->opcode 2 2 Entering ZNS
[FEMU] Log: ZNS READ cmd->opcode 2 2
[FEMU] Err: read success?? slba 128
[FEMU] Log: Inho, nvme-io.c : 620 Cmd->opcode 2 2 Entering ZNS
[FEMU] Log: ZNS READ cmd->opcode 2 2
[FEMU] Err: read success?? slba 256
[FEMU] Log: Inho, nvme-io.c : 620 Cmd->opcode 2 2 Entering ZNS
[FEMU] Log: ZNS READ cmd->opcode 2 2
[FEMU] Err: read success?? slba 512
[FEMU] Log: Inho, nvme-io.c : 620 Cmd->opcode 2 2 Entering ZNS
[FEMU] Log: ZNS READ cmd->opcode 2 2
[FEMU] Err: read success?? slba 1024
[FEMU] Log: Inho, nvme-io.c : 620 Cmd->opcode 2 2 Entering ZNS
[FEMU] Log: ZNS READ cmd->opcode 2 2
[FEMU] Err: read success?? slba 2048
[FEMU] Log: Inho, nvme-io.c : 620 Cmd->opcode 2 2 Entering ZNS
[FEMU] Log: ZNS READ cmd->opcode 2 2
[FEMU] Err: read success?? slba 4096
[FEMU] Log: Inho, nvme-io.c : 620 Cmd->opcode 2 2 Entering ZNS
[FEMU] Log: ZNS READ cmd->opcode 2 2
[FEMU] Err: read success?? slba 8192
[FEMU] Log: Inho, nvme-io.c : 620 Cmd->opcode 2 2 Entering ZNS
[FEMU] Log: ZNS READ cmd->opcode 2 2
[FEMU] Err: read success?? slba 24
[FEMU] Log: Inho, nvme-io.c : 620 Cmd->opcode 2 2 Entering ZNS
[FEMU] Log: ZNS READ cmd->opcode 2 2
[FEMU] Err: read success?? slba 56
[FEMU] Log: Inho, nvme-io.c : 620 Cmd->opcode 2 2 Entering ZNS
[FEMU] Log: ZNS READ cmd->opcode 2 2
[FEMU] Err: read success?? slba 120
[FEMU] Log: Inho, nvme-io.c : 620 Cmd->opcode 2 2 Entering ZNS
[FEMU] Log: ZNS READ cmd->opcode 2 2
[FEMU] Err: read success?? slba 16
[FEMU] Log: Inho, nvme-io.c : 620 Cmd->opcode 2 2 Entering ZNS
[FEMU] Log: ZNS READ cmd->opcode 2 2
[FEMU] Err: read success?? slba 40
[FEMU] Log: Inho, nvme-io.c : 620 Cmd->opcode 2 2 Entering ZNS
[FEMU] Log: ZNS READ cmd->opcode 2 2
[FEMU] Err: read success?? slba 72
[FEMU] Log: Inho, nvme-io.c : 620 Cmd->opcode 2 2 Entering ZNS
[FEMU] Log: ZNS READ cmd->opcode 2 2
[FEMU] Err: read success?? slba 136
[FEMU] Log: Inho, nvme-io.c : 620 Cmd->opcode 2 2 Entering ZNS
[FEMU] Log: ZNS READ cmd->opcode 2 2
[FEMU] Err: read success?? slba 264
[FEMU] Log: Inho, nvme-io.c : 620 Cmd->opcode 2 2 Entering ZNS
[FEMU] Log: ZNS READ cmd->opcode 2 2
[FEMU] Err: read success?? slba 520
[FEMU] Log: Inho, nvme-io.c : 620 Cmd->opcode 2 2 Entering ZNS
[FEMU] Log: ZNS READ cmd->opcode 2 2
[FEMU] Err: read success?? slba 1073740800
[FEMU] Log: Inho, nvme-io.c : 620 Cmd->opcode 2 2 Entering ZNS
[FEMU] Log: ZNS READ cmd->opcode 2 2
[FEMU] Err: read success?? slba 1073740840
[FEMU] Log: Inho, nvme-io.c : 620 Cmd->opcode 2 2 Entering ZNS
[FEMU] Log: ZNS READ cmd->opcode 2 2
[FEMU] Err: read success?? slba 1073740856
[FEMU] Log: Inho, nvme-io.c : 620 Cmd->opcode 2 2 Entering ZNS
[FEMU] Log: ZNS READ cmd->opcode 2 2
[FEMU] Err: read success?? slba 1073740880
[FEMU] Log: Inho, nvme-io.c : 620 Cmd->opcode 2 2 Entering ZNS
[FEMU] Log: ZNS READ cmd->opcode 2 2
[FEMU] Err: read success?? slba 1073740920
[FEMU] Log: Inho, nvme-io.c : 620 Cmd->opcode 2 2 Entering ZNS
[FEMU] Log: ZNS READ cmd->opcode 2 2
[FEMU] Err: read success?? slba 1073741096
[FEMU] Log: Inho, nvme-io.c : 620 Cmd->opcode 2 2 Entering ZNS
[FEMU] Log: ZNS READ cmd->opcode 2 2
[FEMU] Err: read success?? slba 1073741152
[FEMU] Log: Inho, nvme-io.c : 620 Cmd->opcode 2 2 Entering ZNS
[FEMU] Log: ZNS READ cmd->opcode 2 2
[FEMU] Err: read success?? slba 1073741240
[FEMU] Log: Inho, nvme-io.c : 620 Cmd->opcode 2 2 Entering ZNS
[FEMU] Log: ZNS READ cmd->opcode 2 2
[FEMU] Err: read success?? slba 1073741312
[FEMU] Log: Inho, nvme-io.c : 620 Cmd->opcode 2 2 Entering ZNS
[FEMU] Log: ZNS READ cmd->opcode 2 2
[FEMU] Err: read success?? slba 1073741432
[FEMU] Log: Inho, nvme-io.c : 620 Cmd->opcode 2 2 Entering ZNS
[FEMU] Log: ZNS READ cmd->opcode 2 2
[FEMU] Err: read success?? slba 1073741576
[FEMU] Log: Inho, nvme-io.c : 620 Cmd->opcode 2 2 Entering ZNS
[FEMU] Log: ZNS READ cmd->opcode 2 2
[FEMU] Err: read success?? slba 1073741704
[FEMU] Log: Inho, nvme-io.c : 620 Cmd->opcode 2 2 Entering ZNS
[FEMU] Log: ZNS READ cmd->opcode 2 2
[FEMU] Err: read success?? slba 1073741768
done.
Begin: Will now check root file system ... fsck from util-linux 2.34
[/usr/sbin/fsck.ext4 (1) -- /dev/mapper/ubuntu--vg-ubuntu--lv] fsck.ext4 -a -C0 /dev/mapper/ubuntu--vg-ubuntu--lv 
/dev/mapper/ubuntu--vg-ubuntu--lv: recovering journal
/dev/mapper/ubuntu--vg-ubuntu--lv: Clearing orphaned inode 131098 (uid=122, gid=131, mode=0100600, size=0)
/dev/mapper/ubuntu--vg-ubuntu--lv: Clearing orphaned inode 131097 (uid=122, gid=131, mode=0100600, size=0)
/dev/mapper/ubuntu--vg-ubuntu--lv: Clearing orphaned inode 131096 (uid=122, gid=131, mode=0100600, size=0)
/dev/mapper/ubuntu--vg-ubuntu--lv: Clearing orphaned inode 131095 (uid=122, gid=131, mode=0100600, size=0)
/dev/mapper/ubuntu--vg-ubuntu--lv: clean, 1144751/7798784 files, 29699730/31194112 blocks
done.
[    8.298609] EXT4-fs (dm-0): mounted filesystem with ordered data mode. Opts: (null)
done.
Begin: Running /scripts/local-bottom ... done.
Begin: Running /scripts/init-bottom ... Internet Systems Consortium DHCP Client 4.4.1
Copyright 2004-2018 Internet Systems Consortium.
All rights reserved.
For info, please visit https://www.isc.org/software/dhcp/

Listening on LPF/ens3/52:54:00:12:34:56
Sending on   LPF/ens3/52:54:00:12:34:56
Sending on   Socket/fallback
DHCPDISCOVER on ens3 to 255.255.255.255 port 67 interval 3 (xid=0x6f49342d)
DHCPOFFER of 10.0.2.15 from 10.0.2.2
DHCPREQUEST for 10.0.2.15 on ens3 to 255.255.255.255 port 67 (xid=0x2d34496f)
DHCPACK of 10.0.2.15 from 10.0.2.2 (xid=0x6f49342d)
bound to 10.0.2.15 -- renewal in 34364 seconds.
done.
[    8.810056] systemd[1]: Inserted module 'autofs4'
[    8.839889] systemd[1]: systemd 245.4-4ubuntu3.20 running in system mode. (+PAM +AUDIT +SELINUX +IMA +APPARMOR +SMACK +SYSVINIT +UTMP +LIBCRYPTSETUP +GCRYPT +GNUTLS +ACL +XZ +LZ4 +SECCOMP +BLKID +ELFUTILS +KMOD +IDN2 -IDN +PCRE2 default-hierarchy=hybrid)
[    8.847400] systemd[1]: Detected virtualization kvm.
[    8.849455] systemd[1]: Detected architecture x86-64.

Welcome to [1mUbuntu 20.04.5 LTS[0m!

[    8.881342] systemd[1]: Set hostname to <inhoinnofemu>.
[    9.053508] blk_update_request: I/O error, dev fd0, sector 0 op 0x0:(READ) flags 0x0 phys_seg 1 prio class 0
[    9.058906] floppy: error 10 while reading block 0
[FEMU] Log: Inho, nvme-io.c : 620 Cmd->opcode 2 2 Entering ZNS
[FEMU] Log: ZNS READ cmd->opcode 2 2
[FEMU] Err: read success?? slba 1073741696
[FEMU] Log: Inho, nvme-io.c : 620 Cmd->opcode 2 2 Entering ZNS
[FEMU] Log: ZNS READ cmd->opcode 2 2
[FEMU] Err: read success?? slba 1073741808
[FEMU] Log: Inho, nvme-io.c : 620 Cmd->opcode 2 2 Entering ZNS
[FEMU] Log: ZNS READ cmd->opcode 2 2
[FEMU] Err: read success?? slba 0
[FEMU] Log: Inho, nvme-io.c : 620 Cmd->opcode 2 2 Entering ZNS
[FEMU] Log: ZNS READ cmd->opcode 2 2
[FEMU] Err: read success?? slba 8
[FEMU] Log: Inho, nvme-io.c : 620 Cmd->opcode 2 2 Entering ZNS
[FEMU] Log: ZNS READ cmd->opcode 2 2
[FEMU] Err: read success?? slba 1073741816
[FEMU] Log: Inho, nvme-io.c : 620 Cmd->opcode 2 2 Entering ZNS
[FEMU] Log: ZNS READ cmd->opcode 2 2
[FEMU] Err: read success?? slba 1073741560
[FEMU] Log: Inho, nvme-io.c : 620 Cmd->opcode 2 2 Entering ZNS
[FEMU] Log: ZNS READ cmd->opcode 2 2
[FEMU] Err: read success?? slba 1073741760
[FEMU] Log: Inho, nvme-io.c : 620 Cmd->opcode 2 2 Entering ZNS
[FEMU] Log: ZNS READ cmd->opcode 2 2
[FEMU] Err: read success?? slba 1073741568
[FEMU] Log: Inho, nvme-io.c : 620 Cmd->opcode 2 2 Entering ZNS
[FEMU] Log: ZNS READ cmd->opcode 2 2
[FEMU] Err: read success?? slba 1073741424
[FEMU] Log: Inho, nvme-io.c : 620 Cmd->opcode 2 2 Entering ZNS
[FEMU] Log: ZNS READ cmd->opcode 2 2
[FEMU] Err: read success?? slba 1073741232
[FEMU] Log: Inho, nvme-io.c : 620 Cmd->opcode 2 2 Entering ZNS
[FEMU] Log: ZNS READ cmd->opcode 2 2
[FEMU] Err: read success?? slba 1073741144
[FEMU] Log: Inho, nvme-io.c : 620 Cmd->opcode 2 2 Entering ZNS
[FEMU] Log: ZNS READ cmd->opcode 2 2
[FEMU] Err: read success?? slba 1073741088
[FEMU] Log: Inho, nvme-io.c : 620 Cmd->opcode 2 2 Entering ZNS
[FEMU] Log: ZNS READ cmd->opcode 2 2
[FEMU] Err: read success?? slba 1073740912
[FEMU] Log: Inho, nvme-io.c : 620 Cmd->opcode 2 2 Entering ZNS
[FEMU] Log: ZNS READ cmd->opcode 2 2
[FEMU] Err: read success?? slba 1073740848
[FEMU] Log: Inho, nvme-io.c : 620 Cmd->opcode 2 2 Entering ZNS
[FEMU] Log: ZNS READ cmd->opcode 2 2
[FEMU] Err: read success?? slba 1073740832
[FEMU] Log: Inho, nvme-io.c : 620 Cmd->opcode 2 2 Entering ZNS
[FEMU] Log: ZNS READ cmd->opcode 2 2
[FEMU] Err: read success?? slba 1073740872
[FEMU] Log: Inho, nvme-io.c : 620 Cmd->opcode 2 2 Entering ZNS
[FEMU] Log: ZNS READ cmd->opcode 2 2
[FEMU] Err: read success?? slba 1073738736
[FEMU] Log: Inho, nvme-io.c : 620 Cmd->opcode 2 2 Entering ZNS
[FEMU] Log: ZNS READ cmd->opcode 2 2
[FEMU] Err: read success?? slba 32
[FEMU] Log: Inho, nvme-io.c : 620 Cmd->opcode 2 2 Entering ZNS
[FEMU] Log: ZNS READ cmd->opcode 2 2
[FEMU] Err: read success?? slba 64
[FEMU] Log: Inho, nvme-io.c : 620 Cmd->opcode 2 2 Entering ZNS
[FEMU] Log: ZNS READ cmd->opcode 2 2
[FEMU] Err: read success?? slba 128
[FEMU] Log: Inho, nvme-io.c : 620 Cmd->opcode 2 2 Entering ZNS
[FEMU] Log: ZNS READ cmd->opcode 2 2
[FEMU] Err: read success?? slba 256
[FEMU] Log: Inho, nvme-io.c : 620 Cmd->opcode 2 2 Entering ZNS
[FEMU] Log: ZNS READ cmd->opcode 2 2
[FEMU] Err: read success?? slba 512
[FEMU] Log: Inho, nvme-io.c : 620 Cmd->opcode 2 2 Entering ZNS
[FEMU] Log: ZNS READ cmd->opcode 2 2
[FEMU] Err: read success?? slba 1024
[FEMU] Log: Inho, nvme-io.c : 620 Cmd->opcode 2 2 Entering ZNS
[FEMU] Log: ZNS READ cmd->opcode 2 2
[FEMU] Err: read success?? slba 2048
[FEMU] Log: Inho, nvme-io.c : 620 Cmd->opcode 2 2 Entering ZNS
[FEMU] Log: ZNS READ cmd->opcode 2 2
[FEMU] Err: read success?? slba 4096
[FEMU] Log: Inho, nvme-io.c : 620 Cmd->opcode 2 2 Entering ZNS
[FEMU] Log: ZNS READ cmd->opcode 2 2
[FEMU] Err: read success?? slba 8192
[FEMU] Log: Inho, nvme-io.c : 620 Cmd->opcode 2 2 Entering ZNS
[FEMU] Log: ZNS READ cmd->opcode 2 2
[FEMU] Err: read success?? slba 24
[FEMU] Log: Inho, nvme-io.c : 620 Cmd->opcode 2 2 Entering ZNS
[FEMU] Log: ZNS READ cmd->opcode 2 2
[FEMU] Err: read success?? slba 56
[FEMU] Log: Inho, nvme-io.c : 620 Cmd->opcode 2 2 Entering ZNS
[FEMU] Log: ZNS READ cmd->opcode 2 2
[FEMU] Err: read success?? slba 120
[FEMU] Log: Inho, nvme-io.c : 620 Cmd->opcode 2 2 Entering ZNS
[FEMU] Log: ZNS READ cmd->opcode 2 2
[FEMU] Err: read success?? slba 16
[FEMU] Log: Inho, nvme-io.c : 620 Cmd->opcode 2 2 Entering ZNS
[FEMU] Log: ZNS READ cmd->opcode 2 2
[FEMU] Err: read success?? slba 40
[FEMU] Log: Inho, nvme-io.c : 620 Cmd->opcode 2 2 Entering ZNS
[FEMU] Log: ZNS READ cmd->opcode 2 2
[FEMU] Err: read success?? slba 72
[FEMU] Log: Inho, nvme-io.c : 620 Cmd->opcode 2 2 Entering ZNS
[FEMU] Log: ZNS READ cmd->opcode 2 2
[FEMU] Err: read success?? slba 136
[FEMU] Log: Inho, nvme-io.c : 620 Cmd->opcode 2 2 Entering ZNS
[FEMU] Log: ZNS READ cmd->opcode 2 2
[FEMU] Err: read success?? slba 264
[FEMU] Log: Inho, nvme-io.c : 620 Cmd->opcode 2 2 Entering ZNS
[FEMU] Log: ZNS READ cmd->opcode 2 2
[FEMU] Err: read success?? slba 520
[FEMU] Log: Inho, nvme-io.c : 620 Cmd->opcode 2 2 Entering ZNS
[FEMU] Log: ZNS READ cmd->opcode 2 2
[FEMU] Err: read success?? slba 1073740800
[FEMU] Log: Inho, nvme-io.c : 620 Cmd->opcode 2 2 Entering ZNS
[FEMU] Log: ZNS READ cmd->opcode 2 2
[FEMU] Err: read success?? slba 1073740840
[FEMU] Log: Inho, nvme-io.c : 620 Cmd->opcode 2 2 Entering ZNS
[FEMU] Log: ZNS READ cmd->opcode 2 2
[FEMU] Err: read success?? slba 1073740856
[FEMU] Log: Inho, nvme-io.c : 620 Cmd->opcode 2 2 Entering ZNS
[FEMU] Log: ZNS READ cmd->opcode 2 2
[FEMU] Err: read success?? slba 1073740880
[FEMU] Log: Inho, nvme-io.c : 620 Cmd->opcode 2 2 Entering ZNS
[FEMU] Log: ZNS READ cmd->opcode 2 2
[FEMU] Err: read success?? slba 1073740920
[FEMU] Log: Inho, nvme-io.c : 620 Cmd->opcode 2 2 Entering ZNS
[FEMU] Log: ZNS READ cmd->opcode 2 2
[FEMU] Err: read success?? slba 1073741096
[FEMU] Log: Inho, nvme-io.c : 620 Cmd->opcode 2 2 Entering ZNS
[FEMU] Log: ZNS READ cmd->opcode 2 2
[FEMU] Err: read success?? slba 1073741152
[FEMU] Log: Inho, nvme-io.c : 620 Cmd->opcode 2 2 Entering ZNS
[FEMU] Log: ZNS READ cmd->opcode 2 2
[FEMU] Err: read success?? slba 1073741240
[FEMU] Log: Inho, nvme-io.c : 620 Cmd->opcode 2 2 Entering ZNS
[FEMU] Log: ZNS READ cmd->opcode 2 2
[FEMU] Err: read success?? slba 1073741312
[FEMU] Log: Inho, nvme-io.c : 620 Cmd->opcode 2 2 Entering ZNS
[FEMU] Log: ZNS READ cmd->opcode 2 2
[FEMU] Err: read success?? slba 1073741432
[FEMU] Log: Inho, nvme-io.c : 620 Cmd->opcode 2 2 Entering ZNS
[FEMU] Log: ZNS READ cmd->opcode 2 2
[FEMU] Err: read success?? slba 1073741576
[FEMU] Log: Inho, nvme-io.c : 620 Cmd->opcode 2 2 Entering ZNS
[FEMU] Log: ZNS READ cmd->opcode 2 2
[FEMU] Err: read success?? slba 1073741704
[FEMU] Log: Inho, nvme-io.c : 620 Cmd->opcode 2 2 Entering ZNS
[FEMU] Log: ZNS READ cmd->opcode 2 2
[FEMU] Err: read success?? slba 1073741768
[    9.257380] systemd[1]: Created slice system-modprobe.slice.
[[0;32m  OK  [0m] Created slice [0;1;39msystem-modprobe.slice[0m.
[    9.261065] systemd[1]: Created slice system-serial\x2dgetty.slice.
[[0;32m  OK  [0m] Created slice [0;1;39msystem-serial\x2dgetty.slice[0m.
[    9.264011] systemd[1]: Created slice system-systemd\x2dfsck.slice.
[[0;32m  OK  [0m] Created slice [0;1;39msystem-systemd\x2dfsck.slice[0m.
[    9.266759] systemd[1]: Created slice User and Session Slice.
[[0;32m  OK  [0m] Created slice [0;1;39mUser and Session Slice[0m.
[    9.269164] systemd[1]: Started Forward Password Requests to Wall Directory Watch.
[[0;32m  OK  [0m] Started [0;1;39mForward Password R…uests to Wall Directory Watch[0m.
[    9.272249] systemd[1]: Set up automount Arbitrary Executable File Formats File System Automount Point.
[[0;32m  OK  [0m] Set up automount [0;1;39mArbitrary…s File System Automount Point[0m.
[    9.275476] systemd[1]: Reached target User and Group Name Lookups.
[[0;32m  OK  [0m] Reached target [0;1;39mUser and Group Name Lookups[0m.
[    9.278024] systemd[1]: Reached target Slices.
[[0;32m  OK  [0m] Reached target [0;1;39mSlices[0m.
[    9.280242] systemd[1]: Listening on Device-mapper event daemon FIFOs.
[[0;32m  OK  [0m] Listening on [0;1;39mDevice-mapper event daemon FIFOs[0m.
[    9.282937] systemd[1]: Listening on LVM2 poll daemon socket.
[[0;32m  OK  [0m] Listening on [0;1;39mLVM2 poll daemon socket[0m.
[    9.285422] systemd[1]: Listening on multipathd control socket.
[[0;32m  OK  [0m] Listening on [0;1;39mmultipathd control socket[0m.
[    9.289482] systemd[1]: Listening on Syslog Socket.
[[0;32m  OK  [0m] Listening on [0;1;39mSyslog Socket[0m.
[    9.291845] systemd[1]: Listening on fsck to fsckd communication Socket.
[[0;32m  OK  [0m] Listening on [0;1;39mfsck to fsckd communication Socket[0m.
[    9.294480] systemd[1]: Listening on initctl Compatibility Named Pipe.
[[0;32m  OK  [0m] Listening on [0;1;39minitctl Compatibility Named Pipe[0m.
[    9.297201] systemd[1]: Listening on Journal Audit Socket.
[[0;32m  OK  [0m] Listening on [0;1;39mJournal Audit Socket[0m.
[    9.299720] systemd[1]: Listening on Journal Socket (/dev/log).
[[0;32m  OK  [0m] Listening on [0;1;39mJournal Socket (/dev/log)[0m.
[    9.302311] systemd[1]: Listening on Journal Socket.
[[0;32m  OK  [0m] Listening on [0;1;39mJournal Socket[0m.
[    9.305882] systemd[1]: Listening on Network Service Netlink Socket.
[[0;32m  OK  [0m] Listening on [0;1;39mNetwork Service Netlink Socket[0m.
[    9.308565] systemd[1]: Listening on udev Control Socket.
[[0;32m  OK  [0m] Listening on [0;1;39mudev Control Socket[0m.
[    9.311078] systemd[1]: Listening on udev Kernel Socket.
[[0;32m  OK  [0m] Listening on [0;1;39mudev Kernel Socket[0m.
[    9.314241] systemd[1]: Mounting Huge Pages File System...
         Mounting [0;1;39mHuge Pages File System[0m...
[    9.317522] systemd[1]: Mounting POSIX Message Queue File System...
         Mounting [0;1;39mPOSIX Message Queue File System[0m...
[    9.321010] systemd[1]: Mounting Kernel Debug File System...
         Mounting [0;1;39mKernel Debug File System[0m...
[    9.325246] systemd[1]: Mounting Kernel Trace File System...
         Mounting [0;1;39mKernel Trace File System[0m...
[    9.330314] systemd[1]: Starting Journal Service...
         Starting [0;1;39mJournal Service[0m...
[    9.333679] systemd[1]: Starting Set the console keyboard layout...
         Starting [0;1;39mSet the console keyboard layout[0m...
[    9.339006] systemd[1]: Starting Create list of static device nodes for the current kernel...
         Starting [0;1;39mCreate list of st…odes for the current kernel[0m...
[    9.345970] systemd[1]: Starting Monitoring of LVM2 mirrors, snapshots etc. using dmeventd or progress polling...
         Starting [0;1;39mMonitoring of LVM…meventd or progress polling[0m...
[    9.351197] systemd[1]: Starting Load Kernel Module chromeos_pstore...
         Starting [0;1;39mLoad Kernel Module chromeos_pstore[0m...
[    9.354098] systemd[1]: Condition check resulted in Load Kernel Module drm being skipped.
[    9.358028] systemd[1]: Starting Load Kernel Module efi_pstore...
         Starting [0;1;39mLoad Kernel Module efi_pstore[0m...
[    9.361850] systemd[1]: Starting Load Kernel Module pstore_blk...
         Starting [0;1;39mLoad Kernel Module pstore_blk[0m...
[    9.365251] systemd[1]: Starting Load Kernel Module pstore_zone...
         Starting [0;1;39mLoad Kernel Module pstore_zone[0m...
[    9.368721] systemd[1]: Starting Load Kernel Module ramoops...
         Starting [0;1;39mLoad Kernel Module ramoops[0m...
[    9.372054] systemd[1]: Condition check resulted in OpenVSwitch configuration for cleanup being skipped.
[    9.375329] systemd[1]: Condition check resulted in Set Up Additional Binary Formats being skipped.
[    9.377509] systemd[1]: Condition check resulted in File System Check on Root Device being skipped.
[    9.383067] systemd[1]: Starting Load Kernel Modules...
         Starting [0;1;39mLoad Kernel Modules[0m...
[    9.388736] systemd[1]: Starting Remount Root and Kernel File Systems...
         Starting [0;1;39mRemount Root and Kernel File Systems[0m...
[    9.392739] systemd[1]: Starting udev Coldplug all Devices...
         Starting [0;1;39mudev Coldplug all Devices[0m...
[    9.396521] systemd[1]: Starting Uncomplicated firewall...
         Starting [0;1;39mUncomplicated firewall[0m...
[    9.400421] systemd[1]: Mounted Huge Pages File System.
[    9.402670] EXT4-fs (dm-0): re-mounted. Opts: (null)
[[0;32m  OK  [0m] Mounted [0;1;39mHuge Pages File System[0m.
[    9.408664] systemd[1]: Mounted POSIX Message Queue File System.
[[0;32m  OK  [0m] Mounted [0;1;39mPOSIX Message Queue File System[0m.
[    9.411858] systemd[1]: Mounted Kernel Debug File System.
[[0;32m  OK  [0m] Mounted [0;1;39mKernel Debug File System[0m.
[    9.414356] systemd[1]: Mounted Kernel Trace File System.
[[0;32m  OK  [0m] Mounted [0;1;39mKernel Trace File System[0m.
[    9.417173] systemd[1]: Finished Set the console keyboard layout.
[[0;32m  OK  [0m] Finished [0;1;39mSet the console keyboard layout[0m.
[    9.420391] systemd[1]: Finished Create list of static device nodes for the current kernel.
[[0;32m  OK  [0m] Finished [0;1;39mCreate list of st… nodes for the current kernel[0m.
[    9.423937] systemd[1]: Finished Monitoring of LVM2 mirrors, snapshots etc. using dmeventd or progress polling.
[[0;32m  OK  [0m] Finished [0;1;39mMonitoring of LVM… dmeventd or progress polling[0m.
[    9.427405] systemd[1]: modprobe@chromeos_pstore.service: Succeeded.
[    9.429467] systemd[1]: Finished Load Kernel Module chromeos_pstore.
[[0;32m  OK  [0m] Finished [0;1;39mLoad Kernel Module chromeos_pstore[0m.
[    9.432192] systemd[1]: modprobe@efi_pstore.service: Succeeded.
[    9.434317] systemd[1]: Finished Load Kernel Module efi_pstore.
[[0;32m  OK  [0m] Finished [0;1;39mLoad Kernel Module efi_pstore[0m.
[    9.437161] systemd[1]: Started Journal Service.
[[0;32m  OK  [0m] Started [0;1;39mJournal Service[0m.
[[0;32m  OK  [0m] Finished [0;1;39mLoad Kernel Module pstore_blk[0m.
[[0;32m  OK  [0m] Finished [0;1;39mLoad Kernel Module pstore_zone[0m.
[[0;32m  OK  [0m] Finished [0;1;39mLoad Kernel Module ramoops[0m.
[[0;32m  OK  [0m] Finished [0;1;39mRemount Root and Kernel File Systems[0m.
[[0;32m  OK  [0m] Finished [0;1;39mUncomplicated firewall[0m.
         Activating swap [0;1;39m/swap.img[0m...
         Starting [0;1;39mFlush Journal to Persistent Storage[0m...
[    9.454177] bridge: filtering via arp/ip/ip6tables is no longer available by default. Update your scripts to load br_netfilter if you need this.
         Starting [0;1;39mLoad/Save Random Seed[0m...
         Starting [0;1;39mCreate System Users[0m...
[    9.459942] systemd-journald[671]: Received client request to flush runtime journal.
[    9.463519] Bridge firewalling registered
[[0;32m  OK  [0m] Finished [0;1;39mCreate System Users[0m.
         Starting [0;1;39mCreate Static Device Nodes in /dev[0m...
[    9.497493] Adding 4194300k swap on /swap.img.  Priority:-2 extents:6 across:4726780k FS
[[0;32m  OK  [0m] Finished [0[    9.504073] systemd-journald[671]: File /var/log/journal/ae22bc31d4cc49a5b05e4203c7927874/system.journal corrupted or uncleanly shut down, renaming and replacing.
;1;39mLoad/Save Random Seed[0m.
[[0;32m  OK  [0m] Activated swap [0;1;39m/swap.img[0m.
[[0;32m  OK  [0m] Finished [0;1;39mudev Coldplug all Devices[0m.
[[0;32m  OK  [0m] Finished [0;1;39mCreate Static Device Nodes in /dev[0m.
[[0;32m  OK  [0m] Reached target [0;1;39mSwap[0m.
         Starting [0;1;39mudev Wait for Complete Device Initialization[0m...
         Starting [0;1;39mudev Kernel Device Manager[0m...
[    9.612887] IPVS: Registered protocols (TCP, UDP, SCTP, AH, ESP)
[    9.615430] IPVS: Connection hash table configured (size=4096, memory=64Kbytes)
[    9.617584] IPVS: ipvs loaded.
[    9.623117] IPVS: [rr] scheduler registered.
[    9.627445] IPVS: [sh] scheduler registered.
[    9.630937] IPVS: [wrr] scheduler registered.
[[0;32m  OK  [0m] Finished [0;1;39mLoad Kernel Modules[0m.
         Mounting [0;1;39mFUSE Control File System[0m...
         Mounting [0;1;39mKernel Configuration File System[0m...
         Starting [0;1;39mApply Kernel Variables[0m...
[[0;32m  OK  [0m] Mounted [0;1;39mFUSE Control File System[0m.
[[0;32m  OK  [0m] Mounted [0;1;39mKernel Configuration File System[0m.
[[0;32m  OK  [0m] Finished [0;1;39mApply Kernel Variables[0m.
[[0;32m  OK  [0m] Started [0;1;39mudev Kernel Device Manager[0m.
[[0;32m  OK  [0m] Started [0;1;39mDispatch Password …ts to Console Directory Watch[0m.
[[0;32m  OK  [0m] Reached target [0;1;39mLocal Encrypted Volumes[0m.
[[0;32m  OK  [0m] Found device [0;1;39m/dev/ttyS0[0m.
[[0;32m  OK  [0m] Finished [0;1;39mFlush Journal to Persistent Storage[0m.
[FEMU] Log: Inho, nvme-io.c : 620 Cmd->opcode 2 2 Entering ZNS
[FEMU] Log: ZNS READ cmd->opcode 2 2
[FEMU] Err: read success?? slba 1073741696
[FEMU] Log: Inho, nvme-io.c : 620 Cmd->opcode 2 2 Entering ZNS
[FEMU] Log: ZNS READ cmd->opcode 2 2
[FEMU] Err: read success?? slba 1073741808
[FEMU] Log: Inho, nvme-io.c : 620 Cmd->opcode 2 2 Entering ZNS
[FEMU] Log: ZNS READ cmd->opcode 2 2
[FEMU] Err: read success?? slba 0
[FEMU] Log: Inho, nvme-io.c : 620 Cmd->opcode 2 2 Entering ZNS
[FEMU] Log: ZNS READ cmd->opcode 2 2
[FEMU] Err: read success?? slba 8
[FEMU] Log: Inho, nvme-io.c : 620 Cmd->opcode 2 2 Entering ZNS
[FEMU] Log: ZNS READ cmd->opcode 2 2
[FEMU] Err: read success?? slba 1073741816
[FEMU] Log: Inho, nvme-io.c : 620 Cmd->opcode 2 2 Entering ZNS
[FEMU] Log: ZNS READ cmd->opcode 2 2
[FEMU] Err: read success?? slba 1073741560
[FEMU] Log: Inho, nvme-io.c : 620 Cmd->opcode 2 2 Entering ZNS
[FEMU] Log: ZNS READ cmd->opcode 2 2
[FEMU] Err: read success?? slba 1073741760
[FEMU] Log: Inho, nvme-io.c : 620 Cmd->opcode 2 2 Entering ZNS
[FEMU] Log: ZNS READ cmd->opcode 2 2
[FEMU] Err: read success?? slba 1073741568
[FEMU] Log: Inho, nvme-io.c : 620 Cmd->opcode 2 2 Entering ZNS
[FEMU] Log: ZNS READ cmd->opcode 2 2
[FEMU] Err: read success?? slba 1073741424
[FEMU] Log: Inho, nvme-io.c : 620 Cmd->opcode 2 2 Entering ZNS
[FEMU] Log: ZNS READ cmd->opcode 2 2
[FEMU] Err: read success?? slba 1073741232
[FEMU] Log: Inho, nvme-io.c : 620 Cmd->opcode 2 2 Entering ZNS
[FEMU] Log: ZNS READ cmd->opcode 2 2
[FEMU] Err: read success?? slba 1073741144
[FEMU] Log: Inho, nvme-io.c : 620 Cmd->opcode 2 2 Entering ZNS
[FEMU] Log: ZNS READ cmd->opcode 2 2
[FEMU] Err: read success?? slba 1073741088
[FEMU] Log: Inho, nvme-io.c : 620 Cmd->opcode 2 2 Entering ZNS
[FEMU] Log: ZNS READ cmd->opcode 2 2
[FEMU] Err: read success?? slba 1073740912
[FEMU] Log: Inho, nvme-io.c : 620 Cmd->opcode 2 2 Entering ZNS
[FEMU] Log: ZNS READ cmd->opcode 2 2
[FEMU] Err: read success?? slba 1073740848
[FEMU] Log: Inho, nvme-io.c : 620 Cmd->opcode 2 2 Entering ZNS
[FEMU] Log: ZNS READ cmd->opcode 2 2
[FEMU] Err: read success?? slba 1073740832
[FEMU] Log: Inho, nvme-io.c : 620 Cmd->opcode 2 2 Entering ZNS
[FEMU] Log: ZNS READ cmd->opcode 2 2
[FEMU] Err: read success?? slba 1073740872
[FEMU] Log: Inho, nvme-io.c : 620 Cmd->opcode 2 2 Entering ZNS
[FEMU] Log: ZNS READ cmd->opcode 2 2
[FEMU] Err: read success?? slba 1073738736
[FEMU] Log: Inho, nvme-io.c : 620 Cmd->opcode 2 2 Entering ZNS
[FEMU] Log: ZNS READ cmd->opcode 2 2
[FEMU] Err: read success?? slba 32
[FEMU] Log: Inho, nvme-io.c : 620 Cmd->opcode 2 2 Entering ZNS
[FEMU] Log: ZNS READ cmd->opcode 2 2
[FEMU] Err: read success?? slba 64
[FEMU] Log: Inho, nvme-io.c : 620 Cmd->opcode 2 2 Entering ZNS
[FEMU] Log: ZNS READ cmd->opcode 2 2
[FEMU] Err: read success?? slba 128
[FEMU] Log: Inho, nvme-io.c : 620 Cmd->opcode 2 2 Entering ZNS
[FEMU] Log: ZNS READ cmd->opcode 2 2
[FEMU] Err: read success?? slba 256
[FEMU] Log: Inho, nvme-io.c : 620 Cmd->opcode 2 2 Entering ZNS
[FEMU] Log: ZNS READ cmd->opcode 2 2
[FEMU] Err: read success?? slba 512
[FEMU] Log: Inho, nvme-io.c : 620 Cmd->opcode 2 2 Entering ZNS
[FEMU] Log: ZNS READ cmd->opcode 2 2
[FEMU] Err: read success?? slba 1024
[FEMU] Log: Inho, nvme-io.c : 620 Cmd->opcode 2 2 Entering ZNS
[FEMU] Log: ZNS READ cmd->opcode 2 2
[FEMU] Err: read success?? slba 2048
[FEMU] Log: Inho, nvme-io.c : 620 Cmd->opcode 2 2 Entering ZNS
[FEMU] Log: ZNS READ cmd->opcode 2 2
[FEMU] Err: read success?? slba 4096
[FEMU] Log: Inho, nvme-io.c : 620 Cmd->opcode 2 2 Entering ZNS
[FEMU] Log: ZNS READ cmd->opcode 2 2
[FEMU] Err: read success?? slba 8192
[FEMU] Log: Inho, nvme-io.c : 620 Cmd->opcode 2 2 Entering ZNS
[FEMU] Log: ZNS READ cmd->opcode 2 2
[FEMU] Err: read success?? slba 24
[FEMU] Log: Inho, nvme-io.c : 620 Cmd->opcode 2 2 Entering ZNS
[FEMU] Log: ZNS READ cmd->opcode 2 2
[FEMU] Err: read success?? slba 56
[FEMU] Log: Inho, nvme-io.c : 620 Cmd->opcode 2 2 Entering ZNS
[FEMU] Log: ZNS READ cmd->opcode 2 2
[FEMU] Err: read success?? slba 120
[FEMU] Log: Inho, nvme-io.c : 620 Cmd->opcode 2 2 Entering ZNS
[FEMU] Log: ZNS READ cmd->opcode 2 2
[FEMU] Err: read success?? slba 16
[FEMU] Log: Inho, nvme-io.c : 620 Cmd->opcode 2 2 Entering ZNS
[FEMU] Log: ZNS READ cmd->opcode 2 2
[FEMU] Err: read success?? slba 40
[FEMU] Log: Inho, nvme-io.c : 620 Cmd->opcode 2 2 Entering ZNS
[FEMU] Log: ZNS READ cmd->opcode 2 2
[FEMU] Err: read success?? slba 72
[FEMU] Log: Inho, nvme-io.c : 620 Cmd->opcode 2 2 Entering ZNS
[FEMU] Log: ZNS READ cmd->opcode 2 2
[FEMU] Err: read success?? slba 136
[FEMU] Log: Inho, nvme-io.c : 620 Cmd->opcode 2 2 Entering ZNS
[FEMU] Log: ZNS READ cmd->opcode 2 2
[FEMU] Err: read success?? slba 264
[FEMU] Log: Inho, nvme-io.c : 620 Cmd->opcode 2 2 Entering ZNS
[FEMU] Log: ZNS READ cmd->opcode 2 2
[FEMU] Err: read success?? slba 520
[FEMU] Log: Inho, nvme-io.c : 620 Cmd->opcode 2 2 Entering ZNS
[FEMU] Log: ZNS READ cmd->opcode 2 2
[FEMU] Err: read success?? slba 1073740800
[FEMU] Log: Inho, nvme-io.c : 620 Cmd->opcode 2 2 Entering ZNS
[FEMU] Log: ZNS READ cmd->opcode 2 2
[FEMU] Err: read success?? slba 1073740840
[FEMU] Log: Inho, nvme-io.c : 620 Cmd->opcode 2 2 Entering ZNS
[FEMU] Log: ZNS READ cmd->opcode 2 2
[FEMU] Err: read success?? slba 1073740856
[FEMU] Log: Inho, nvme-io.c : 620 Cmd->opcode 2 2 Entering ZNS
[FEMU] Log: ZNS READ cmd->opcode 2 2
[FEMU] Err: read success?? slba 1073740880
[FEMU] Log: Inho, nvme-io.c : 620 Cmd->opcode 2 2 Entering ZNS
[FEMU] Log: ZNS READ cmd->opcode 2 2
[FEMU] Err: read success?? slba 1073740920
[FEMU] Log: Inho, nvme-io.c : 620 Cmd->opcode 2 2 Entering ZNS
[FEMU] Log: ZNS READ cmd->opcode 2 2
[FEMU] Err: read success?? slba 1073741096
[FEMU] Log: Inho, nvme-io.c : 620 Cmd->opcode 2 2 Entering ZNS
[FEMU] Log: ZNS READ cmd->opcode 2 2
[FEMU] Err: read success?? slba 1073741152
[FEMU] Log: Inho, nvme-io.c : 620 Cmd->opcode 2 2 Entering ZNS
[FEMU] Log: ZNS READ cmd->opcode 2 2
[FEMU] Err: read success?? slba 1073741240
[FEMU] Log: Inho, nvme-io.c : 620 Cmd->opcode 2 2 Entering ZNS
[FEMU] Log: ZNS READ cmd->opcode 2 2
[FEMU] Err: read success?? slba 1073741312
[FEMU] Log: Inho, nvme-io.c : 620 Cmd->opcode 2 2 Entering ZNS
[FEMU] Log: ZNS READ cmd->opcode 2 2
[FEMU] Err: read success?? slba 1073741432
[FEMU] Log: Inho, nvme-io.c : 620 Cmd->opcode 2 2 Entering ZNS
[FEMU] Log: ZNS READ cmd->opcode 2 2
[FEMU] Err: read success?? slba 1073741576
[FEMU] Log: Inho, nvme-io.c : 620 Cmd->opcode 2 2 Entering ZNS
[FEMU] Log: ZNS READ cmd->opcode 2 2
[FEMU] Err: read success?? slba 1073741704
[FEMU] Log: Inho, nvme-io.c : 620 Cmd->opcode 2 2 Entering ZNS
[FEMU] Log: ZNS READ cmd->opcode 2 2
[FEMU] Err: read success?? slba 1073741768
         Mounting [0;1;39mArbitrary Executable File Formats File System[0m...
[[0;32m  OK  [0m] Mounted [0;1;39mArbitrary Executable File Formats File System[0m.
[[0;32m  OK  [0m] Listening on [0;1;39mLoad/Save RF …itch Status /dev/rfkill Watch[0m.
[[0;32m  OK  [0m] Created slice [0;1;39msystem-lvm2\x2dpvscan.slice[0m.
         Starting [0;1;39mLVM event activation on device 8:3[0m...
[[0;32m  OK  [0m] Found device [0;1;39mQEMU_HARDDISK 2[0m.
[[0;32m  OK  [0m] Finished [0;1;39mLVM event activation on device 8:3[0m.
[[0m[0;31m*     [0m] A start job is running for udev Wai… Device Initialization (3s / 3min)
M[K[[0;1;31m*[0m[0;31m*    [0m] A start job is running for udev Wai… Device Initialization (3s / 3min)
M[K[[0;32m  OK  [0m] Finished [0;1;39mudev Wait for Complete Device Initialization[0m.
[K         Starting [0;1;39mDevice-Mapper Multipath Device Controller[0m...
[[0;32m  OK  [0m] Started [0;1;39mDevice-Mapper Multipath Device Controller[0m.
[[0;32m  OK  [0m] Reached target [0;1;39mLocal File Systems (Pre)[0m.
         Mounting [0;1;39mMount unit for core18, revision 2721[0m...
         Mounting [0;1;39mMount unit for core18, revision 2745[0m...
         Mounting [0;1;39mMount unit for core20, revision 1879[0m...
         Mounting [0;1;39mMount unit for core20, revision 1891[0m...
         Mounting [0;1;39mMount unit for core22, revision 634[0m...
         Mounting [0;1;39mMount unit for docker, revision 2746[0m...
         Mounting [0;1;39mMount unit for docker, revision 2856[0m...
         Mounting [0;1;39mMount unit for lxd, revision 23991[0m...
         Mounting [0;1;39mMount unit for lxd, revision 24061[0m...
         Mounting [0;1;39mMount unit for microk8s, revision 4549[0m...
         Mounting [0;1;39mMount unit for microk8s, revision 4916[0m...
         Mounting [0;1;39mMount unit for snapd, revision 18933[0m...
         Mounting [0;1;39mMount unit for snapd, revision 19122[0m...
         Starting [0;1;39mFile System Check…e72d-4f51-ba47-71a8059660b3[0m...
[[0;32m  OK  [0m] Started [0;1;39mFile System Check Daemon to report status[0m.
[[0;32m  OK  [0m] Mounted [0;1;39mMount unit for core18, revision 2721[0m.
[[0;32m  OK  [0m] Mounted [0;1;39mMount unit for core18, revision 2745[0m.
[[0;32m  OK  [0m] Mounted [0;1;39mMount unit for core20, revision 1879[0m.
[[0;32m  OK  [0m] Mounted [0;1;39mMount unit for core22, revision 634[0m.
[[0;32m  OK  [0m] Mounted [0;1;39mMount unit for docker, revision 2746[0m.
[[0;32m  OK  [0m] Finished [0;1;39mFile System Check…e-e72d-4f51-ba47-71a8059660b3[0m.
         Mounting [0;1;39m/boot[0m...
[[0;32m  OK  [0m] Mounted [0;1;39mMount unit for docker, revision 2856[0m.
[[0;32m  OK  [0m] Mounted [0;1;39m/boot[0m.
[[0;32m  OK  [0m] Mounted [0;1;39mMount unit for core20, revision 1891[0m.
[[0;32m  OK  [0m] Mounted [0;1;39mMount unit for lxd, revision 23991[0m.
[[0;32m  OK  [0m] Mounted [0;1;39mMount unit for microk8s, revision 4916[0m.
[[0;32m  OK  [0m] Mounted [0;1;39mMount unit for snapd, revision 19122[0m.
[[0;32m  OK  [0m] Mounted [0;1;39mMount unit for microk8s, revision 4549[0m.
[[0;32m  OK  [0m] Mounted [0;1;39mMount unit for snapd, revision 18933[0m.
[[0;32m  OK  [0m] Mounted [0;1;39mMount unit for lxd, revision 24061[0m.
[[0;32m  OK  [0m] Reached target [0;1;39mLocal File Systems[0m.
         Starting [0;1;39mLoad AppArmor profiles[0m...
         Starting [0;1;39mSet console font and keymap[0m...
         Starting [0;1;39mCreate final runt…dir for shutdown pivot root[0m...
         Starting [0;1;39mTell Plymouth To Write Out Runtime Data[0m...
         Starting [0;1;39mCreate Volatile Files and Directories[0m...
[[0;32m  OK  [0m] Finished [0;1;39mSet console font and keymap[0m.
[[0;32m  OK  [0m] Finished [0;1;39mCreate final runt…e dir for shutdown pivot root[0m.
[[0;32m  OK  [0m] Finished [0;1;39mTell Plymouth To Write Out Runtime Data[0m.
[[0;32m  OK  [0m] Finished [0;1;39mLoad AppArmor profiles[0m.
         Starting [0;1;39mLoad AppArmor pro…managed internally by snapd[0m...
[[0;32m  OK  [0m] Finished [0;1;39mCreate Volatile Files and Directories[0m.
         Starting [0;1;39mNetwork Time Synchronization[0m...
         Starting [0;1;39mUpdate UTMP about System Boot/Shutdown[0m...
         Starting [0;1;39mInitial cloud-init job (pre-networking)[0m...
[[0;32m  OK  [0m] Finished [0;1;39mUpdate UTMP about System Boot/Shutdown[0m.
[[0;32m  OK  [0m] Finished [0;1;39mLoad AppArmor pro…s managed internally by snapd[0m.
[[0;32m  OK  [0m] Started [0;1;39mNetwork Time Synchronization[0m.
[[0;32m  OK  [0m] Reached target [0;1;39mSystem Time Set[0m.
[[0;32m  OK  [0m] Reached target [0;1;39mSystem Time Synchronized[0m.
[   16.132167] cloud-init[1153]: Cloud-init v. 23.1.2-0ubuntu0~20.04.1 running 'init-local' at Tue, 16 May 2023 11:32:33 +0000. Up 15.62 seconds.
[[0;32m  OK  [0m] Finished [0;1;39mInitial cloud-init job (pre-networking)[0m.
[[0;32m  OK  [0m] Reached target [0;1;39mNetwork (Pre)[0m.
         Starting [0;1;39mNetwork Service[0m...
[[0;32m  OK  [0m] Started [0;1;39mNetwork Service[0m.
         Starting [0;1;39mWait for Network to be Configured[0m...
         Starting [0;1;39mNetwork Name Resolution[0m...
[[0;32m  OK  [0m] Finished [0;1;39mWait for Network to be Configured[0m.
         Starting [0;1;39mInitial cloud-ini… (metadata service crawler)[0m...
[[0;32m  OK  [0m] Started [0;1;39mNetwork Name Resolution[0m.
[[0;32m  OK  [0m] Reached target [0;1;39mHost and Network Name Lookups[0m.
[   16.884136] cloud-init[1180]: Cloud-init v. 23.1.2-0ubuntu0~20.04.1 running 'init' at Tue, 16 May 2023 11:32:34 +0000. Up 16.70 seconds.
[   16.887925] cloud-init[1180]: ci-info: ++++++++++++++++++++++++++++++++++++++Net device info++++++++++++++++++++++++++++++++++++++
[   16.891937] cloud-init[1180]: ci-info: +--------+------+----------------------------+---------------+--------+-------------------+
[   16.895833] cloud-init[1180]: ci-info: | Device |  Up  |          Address           |      Mask     | Scope  |     Hw-Address    |
[   16.898310] cloud-init[1180]: ci-info: +--------+------+----------------------------+---------------+--------+-------------------+
[   16.899886] cloud-init[1180]: ci-info: |  ens3  | True |         10.0.2.15          | 255.255.255.0 | global | 52:54:00:12:34:56 |
